; This file is encoded as ANSI/GBK, please open it in this format
; If non ASCII characters (such as Chinese) are used
; modifying the file with incorrect encoding will result in garbled characters

; Map created with FinalAlert 2(tm) Mission Editor
; Get it at http://www.westwood.com
; note that all comments were truncated

; This FA2 uses FA2sp created by secsome, modified by Handama & E1Elite
; Get the lastest dll at https://github.com/handama/FA2sp
; Current version : 1.6.3, HDM Edition 1.5.0

[Header]
NumberStartingPoints=0

[Preview]
Size=0,0,1,1

[PreviewPack]
1=BwADABQAAAARAAA=

[01000000]
Max=5
Full=no
Name=2 Conscripts
Group=-1
House=Player
Script=0A99854C
Whiner=no
Droppod=no
Suicide=no
Loadable=no
Prebuild=no
Priority=5
Waypoint=BK
Annoyance=no
IonImmune=no
Recruiter=no
Reinforce=no
TaskForce=08A70A40
TechLevel=0
Aggressive=no
Autocreate=no
GuardSlower=no
OnTransOnly=no
AvoidThreats=no
LooseRecruit=no
VeteranLevel=1
IsBaseDefense=no
UseTransportOrigin=no
MindControlDecision=0
OnlyTargetHouseEnemy=no
TransportsReturnOnUnload=no
AreTeamMembersRecruitable=no

[076E35A0]
0=3,78
1=3,79
2=3,80
3=3,81
4=3,82
5=3,83
6=6,1
Name=CivCar3Path

[076E41E0]
Max=1
Full=no
Name=CivCar3Team
Group=3
House=Other1
Script=076E35A0
Whiner=no
Droppod=no
Suicide=yes
Loadable=no
Prebuild=no
Priority=20
Waypoint=CA
Annoyance=no
IonImmune=no
Recruiter=no
Reinforce=no
TaskForce=092AC620
TechLevel=0
Aggressive=no
Autocreate=no
GuardSlower=no
OnTransOnly=no
AvoidThreats=no
LooseRecruit=no
VeteranLevel=1
IsBaseDefense=no
UseTransportOrigin=no
OnlyTargetHouseEnemy=no
TransportsReturnOnUnload=no
AreTeamMembersRecruitable=no

[076E4560]
Max=1
Full=no
Name=CivCar2Team
Group=2
House=Other1
Script=0844E980
Whiner=no
Droppod=no
Suicide=yes
Loadable=no
Prebuild=no
Priority=20
Waypoint=BF
Annoyance=no
IonImmune=no
Recruiter=no
Reinforce=no
TaskForce=092AC620
TechLevel=0
Aggressive=no
Autocreate=no
GuardSlower=no
OnTransOnly=no
AvoidThreats=no
LooseRecruit=no
VeteranLevel=1
IsBaseDefense=no
UseTransportOrigin=no
OnlyTargetHouseEnemy=no
TransportsReturnOnUnload=no
AreTeamMembersRecruitable=no

[07701760]
Max=1
Tag=089BA130
Full=no
Name=Suicide GI
Group=0
House=BadGuy1
Script=089DADC0
Whiner=no
Droppod=no
Suicide=no
Loadable=no
Prebuild=no
Priority=20
Waypoint=B
Annoyance=no
IonImmune=no
Recruiter=no
Reinforce=no
TaskForce=089DD810
TechLevel=0
Aggressive=no
Autocreate=no
GuardSlower=no
OnTransOnly=no
AvoidThreats=no
LooseRecruit=no
VeteranLevel=1
IsBaseDefense=no
UseTransportOrigin=no
OnlyTargetHouseEnemy=no
TransportsReturnOnUnload=no
AreTeamMembersRecruitable=yes

[077DC4A0]
0=1,SAPC
1=6,SHK
Name=RE_Full Transport
Group=-1

[083C465C]
0=1,SHK
Name=1 Tesla Trooper
Group=-1

[083D089C]
Max=1
Full=no
Name=1 Tesla Trooper Team
Group=-1
House=Player
Script=084C3DBC
Whiner=no
Droppod=no
Suicide=no
Loadable=no
Prebuild=no
Priority=20
Waypoint=BI
Annoyance=no
IonImmune=no
Recruiter=no
Reinforce=no
TaskForce=083C465C
TechLevel=0
Aggressive=no
Autocreate=no
GuardSlower=no
OnTransOnly=no
AvoidThreats=no
LooseRecruit=no
VeteranLevel=1
IsBaseDefense=no
UseTransportOrigin=no
OnlyTargetHouseEnemy=no
TransportsReturnOnUnload=no
AreTeamMembersRecruitable=no

[083FB0AC]
0=1,HTK
Name=1 Flak Trak
Group=-1

[0843F29C]
0=6,E1
1=2,MTNK
Name=Re_6GIs_2 Tanks
Group=-1

[084404FC]
0=3,FV
Name=Re_3 IFVs
Group=-1

[084413FC]
Max=4
Full=no
Name=Re_6 GIs_2 Tanks Team
Group=-1
House=BadGuy1
Script=08444DBC
Whiner=no
Droppod=yes
Suicide=no
Loadable=no
Prebuild=no
Priority=7
Waypoint=G
Annoyance=no
IonImmune=no
Recruiter=no
Reinforce=no
TaskForce=0843F29C
TechLevel=0
Aggressive=yes
Autocreate=no
GuardSlower=no
OnTransOnly=no
AvoidThreats=no
LooseRecruit=no
VeteranLevel=1
IsBaseDefense=no
UseTransportOrigin=no
OnlyTargetHouseEnemy=no
TransportsReturnOnUnload=no
AreTeamMembersRecruitable=yes

[08444A1C]
Max=4
Full=no
Name=Re_3 IFV Team
Group=-1
House=BadGuy1
Script=08444DBC
Whiner=yes
Droppod=yes
Suicide=no
Loadable=no
Prebuild=no
Priority=7
Waypoint=BG
Annoyance=no
IonImmune=no
Recruiter=no
Reinforce=no
TaskForce=084404FC
TechLevel=0
Aggressive=yes
Autocreate=no
GuardSlower=no
OnTransOnly=no
AvoidThreats=no
LooseRecruit=no
VeteranLevel=1
IsBaseDefense=no
UseTransportOrigin=no
OnlyTargetHouseEnemy=no
TransportsReturnOnUnload=no
AreTeamMembersRecruitable=yes

[08444DBC]
0=11,11
Name=Guard Area

[0844E980]
0=3,52
1=3,53
2=3,54
3=3,55
4=3,56
5=3,57
6=6,1
Name=CivCar2Path

[084C3DBC]
0=20,20
Name=Change to Other3

[088B124C]
Max=1
Full=yes
Name=Full Trak Team
Group=-1
House=Other3
Script=0A99854C
Whiner=no
Droppod=no
Suicide=no
Loadable=no
Prebuild=no
Priority=20
Annoyance=no
IonImmune=no
Recruiter=no
Reinforce=no
TaskForce=0AF56B7C
TechLevel=0
Aggressive=no
Autocreate=no
GuardSlower=no
OnTransOnly=no
AvoidThreats=no
LooseRecruit=no
VeteranLevel=1
IsBaseDefense=no
UseTransportOrigin=no
OnlyTargetHouseEnemy=no
TransportsReturnOnUnload=no
AreTeamMembersRecruitable=no

[089311C0]
0=3,26
1=3,27
2=3,28
3=3,29
4=3,30
5=3,31
6=3,32
7=3,33
8=3,34
9=3,35
10=6,1
Name=CivCar1Path

[089DADC0]
0=3,3
1=0,1
Name=Suicide Run

[089DD810]
0=1,E1
Name=Suicide GI TF
Group=-1

[08A70A40]
0=2,E2
Name=2 Conscripts
Group=-1

[08A70B40]
0=4,E2
Name=4 Conscripts
Group=-1

[08A70C40]
0=6,E2
Name=6 Conscripts
Group=-1

[08A70D40]
0=8,E2
Name=8 Conscripts
Group=-1

[08A72790]
0=10,E2
Name=10 Conscripts
Group=-1

[08AB64E0]
Max=1
Full=no
Name=CivCar1Team
Group=1
House=Other1
Script=089311C0
Whiner=no
Droppod=no
Suicide=yes
Loadable=no
Prebuild=no
Priority=20
Waypoint=AA
Annoyance=no
IonImmune=no
Recruiter=no
Reinforce=no
TaskForce=092AC620
TechLevel=0
Aggressive=no
Autocreate=no
GuardSlower=no
OnTransOnly=no
AvoidThreats=no
LooseRecruit=no
VeteranLevel=1
IsBaseDefense=no
UseTransportOrigin=no
OnlyTargetHouseEnemy=no
TransportsReturnOnUnload=no
AreTeamMembersRecruitable=no

[092AC620]
0=1,PICK
Name=CivCar1
Group=-1

[09ED733C]
0=3,SHK
Name=3 Tesla Troopers
Group=-1

[09ED76CC]
0=6,SHK
Name=6 Tesla Troopers
Group=-1

[09FF1DBC]
0=16,51
1=16,50
2=6,1
Name=AZ AY Patrol

[09FF31AC]
Max=2
Full=no
Name=GI Patrol 5
Group=-1
House=BadGuy1
Script=09FF1DBC
Whiner=yes
Droppod=no
Suicide=no
Loadable=no
Prebuild=no
Priority=7
Waypoint=AV
Annoyance=no
IonImmune=no
Recruiter=no
Reinforce=no
TaskForce=0B45562C
TechLevel=0
Aggressive=yes
Autocreate=no
GuardSlower=no
OnTransOnly=no
AvoidThreats=no
LooseRecruit=no
VeteranLevel=1
IsBaseDefense=no
UseTransportOrigin=no
OnlyTargetHouseEnemy=no
TransportsReturnOnUnload=no
AreTeamMembersRecruitable=no

[0A090DBC]
0=16,59
1=16,58
2=6,1
Name=BH BG Patrol

[0A0912DC]
Max=2
Full=no
Name=GI Patrol 6
Group=-1
House=BadGuy1
Script=0A090DBC
Whiner=yes
Droppod=no
Suicide=no
Loadable=no
Prebuild=no
Priority=7
Waypoint=BG
Annoyance=no
IonImmune=no
Recruiter=no
Reinforce=no
TaskForce=0B45562C
TechLevel=0
Aggressive=yes
Autocreate=no
GuardSlower=no
OnTransOnly=no
AvoidThreats=no
LooseRecruit=no
VeteranLevel=1
IsBaseDefense=no
UseTransportOrigin=no
OnlyTargetHouseEnemy=no
TransportsReturnOnUnload=no
AreTeamMembersRecruitable=no

[0A0EC38C]
Max=1
Full=no
Name=1 Flak Trak Team
Group=-1
House=Other3
Script=0A1C903C
Whiner=no
Droppod=no
Suicide=no
Loadable=no
Prebuild=no
Priority=7
Waypoint=R
Annoyance=no
IonImmune=no
Recruiter=no
Reinforce=no
TaskForce=083FB0AC
TechLevel=0
Aggressive=no
Autocreate=no
GuardSlower=no
OnTransOnly=no
AvoidThreats=no
LooseRecruit=no
VeteranLevel=1
IsBaseDefense=no
UseTransportOrigin=no
OnlyTargetHouseEnemy=no
TransportsReturnOnUnload=no
AreTeamMembersRecruitable=no

[0A0EC4BC]
0=1,SAPC
Name=1 Transport
Group=-1

[0A1C903C]
0=20,13
Name=Change to Player

[0A99854C]
0=11,13
Name=Just Sit There Really

[0AF56B7C]
0=3,SHK
1=1,HTK
Name=Full Trak
Group=-1

[0B45562C]
0=2,E1
Name=2 GIs
Group=-1

[0B4582FC]
0=16,83
1=16,41
2=16,79
3=16,78
4=6,1
Name=CF AP CB CA Patrol

[0B45856C]
Max=2
Full=no
Name=GI Patrol 2
Group=-1
House=BadGuy1
Script=0B4582FC
Whiner=yes
Droppod=no
Suicide=no
Loadable=no
Prebuild=no
Priority=7
Waypoint=CA
Annoyance=no
IonImmune=no
Recruiter=no
Reinforce=no
TaskForce=0B45562C
TechLevel=0
Aggressive=yes
Autocreate=no
GuardSlower=no
OnTransOnly=no
AvoidThreats=no
LooseRecruit=no
VeteranLevel=1
IsBaseDefense=no
UseTransportOrigin=no
OnlyTargetHouseEnemy=no
TransportsReturnOnUnload=no
AreTeamMembersRecruitable=no

[0B4586BC]
Max=2
Full=no
Name=GI Patrol 3
Group=-1
House=BadGuy1
Script=0B459C1C
Whiner=yes
Droppod=no
Suicide=no
Loadable=no
Prebuild=no
Priority=7
Waypoint=AU
Annoyance=no
IonImmune=no
Recruiter=no
Reinforce=no
TaskForce=0B45562C
TechLevel=0
Aggressive=yes
Autocreate=no
GuardSlower=no
OnTransOnly=no
AvoidThreats=no
LooseRecruit=no
VeteranLevel=1
IsBaseDefense=no
UseTransportOrigin=no
OnlyTargetHouseEnemy=no
TransportsReturnOnUnload=no
AreTeamMembersRecruitable=no

[0B458BAC]
0=16,38
1=16,39
2=16,40
3=16,37
4=6,1
Name=AM AN AO AL Patrol

[0B458E1C]
Max=2
Full=no
Name=GI Patrol 1
Group=-1
House=BadGuy1
Script=0B458BAC
Whiner=yes
Droppod=no
Suicide=no
Loadable=no
Prebuild=no
Priority=7
Waypoint=AL
Annoyance=no
IonImmune=no
Recruiter=no
Reinforce=no
TaskForce=0B45562C
TechLevel=0
Aggressive=yes
Autocreate=no
GuardSlower=no
OnTransOnly=no
AvoidThreats=no
LooseRecruit=no
VeteranLevel=1
IsBaseDefense=no
UseTransportOrigin=no
OnlyTargetHouseEnemy=no
TransportsReturnOnUnload=no
AreTeamMembersRecruitable=no

[0B4596AC]
0=16,43
1=16,42
2=16,45
3=16,44
4=6,1
Name=AR AQ AT AS Patrol

[0B45991C]
Max=2
Full=no
Name=GI Patrol 4
Group=-1
House=BadGuy1
Script=0B4596AC
Whiner=yes
Droppod=no
Suicide=no
Loadable=no
Prebuild=no
Priority=7
Waypoint=AS
Annoyance=no
IonImmune=no
Recruiter=no
Reinforce=no
TaskForce=0B45562C
TechLevel=0
Aggressive=yes
Autocreate=no
GuardSlower=no
OnTransOnly=no
AvoidThreats=no
LooseRecruit=no
VeteranLevel=1
IsBaseDefense=no
UseTransportOrigin=no
OnlyTargetHouseEnemy=no
TransportsReturnOnUnload=no
AreTeamMembersRecruitable=no

[0B459C1C]
0=16,49
1=16,48
2=16,47
3=16,46
4=6,1
Name=AX AW AV AU Patrol

[0EBF5DBC]
0=3,61
1=8,1
2=20,13
Name=Just Sit There

[0EBF61CC]
Max=1
Full=yes
Name=Full Transport Team
Group=-1
House=Other3
Script=0EBF5DBC
Whiner=no
Droppod=no
Suicide=no
Loadable=no
Prebuild=no
Priority=20
Annoyance=no
IonImmune=no
Recruiter=no
Reinforce=no
TaskForce=077DC4A0
TechLevel=0
Aggressive=no
Autocreate=no
GuardSlower=no
OnTransOnly=no
AvoidThreats=no
LooseRecruit=no
VeteranLevel=1
IsBaseDefense=no
UseTransportOrigin=no
OnlyTargetHouseEnemy=no
TransportsReturnOnUnload=no
AreTeamMembersRecruitable=no

[ADOG]
Name=Allied Attack Dog
TechLevel=-1

[AITriggerTypesEnable]
0A31295C-G=yes
0A44F17C-G=yes
0A44F2CC-G=yes
0A452C6C-G=yes
0A452E5C-G=yes
0AA845AC-G=yes
0AA846FC-G=yes
0AD2BAEC-G=yes
0C0C7AEC-G=yes
0C0D184C-G=yes
0C0D251C-G=yes
0C1245AC-G=yes
0C1246FC-G=yes
0C32599C-G=yes
0C32D84C-G=yes
0C87B45C-G=yes
0C87B99C-G=yes
0C87E5AC-G=yes
0C8B81BC-G=yes
0C8BC5AC-G=yes
0C8C2AEC-G=yes
0C8C2C3C-G=yes
0C8C430C-G=yes
0C8C4C3C-G=yes
0C8C51BC-G=yes
0C8C56FC-G=yes
0C8C645C-G=yes
0C8C6EDC-G=yes
0C8C71BC-G=yes
0C8E2C3C-G=yes
0C8EE1BC-G=yes
0C8EEAEC-G=yes
0C8EEEDC-G=yes
0C91D45C-G=yes
0C92C1BC-G=yes
0C92C45C-G=yes
0C955AEC-G=yes
0C955C3C-G=yes
0C9561BC-G=yes
0C9565AC-G=yes
0C96F45C-G=yes
0C96F5AC-G=yes
0CA1F84C-G=yes
0CA24D8C-G=yes
0CA2A04C-G=yes
0CA2B06C-G=yes
0CA2D99C-G=yes
0CA2FEDC-G=yes
0CA5945C-G=yes
0CA6621C-G=yes
0CA6AEDC-G=yes
0CAD0B2C-G=yes
0CAD0C7C-G=yes
0CAD0DCC-G=yes
0CAD130C-G=yes
0CAD145C-G=yes
0CAD25AC-G=yes
0CAD2AEC-G=yes
0CAD2C3C-G=yes
0CAD5AEC-G=yes
0CADD99C-G=yes
0CADDEDC-G=yes
0CB29EDC-G=yes
0CB2CEDC-G=yes
0CDF899C-G=yes
0CDF8D8C-G=yes
0CDF8EDC-G=yes
0CE2395C-G=yes
0CE23AAC-G=yes
0CE26B5C-G=yes
0CE26CAC-G=yes
0CE2E8DC-G=yes
0CE2EA2C-G=yes
0CE44D0C-G=yes
0D022B1C-G=yes
0D022C6C-G=yes
0D052AEC-G=yes
0D0803CC-G=yes
0D08461C-G=yes
0D0848BC-G=yes
0D084A0C-G=yes
0D084B5C-G=yes
0D0873DC-G=yes
0D087D8C-G=yes
0D0B3B9C-G=yes
0D2769BC-G=yes
0D2C41EC-G=yes
0D2C448C-G=yes
0D2C45DC-G=yes
0D53099C-G=yes
0D53130C-G=yes
0D53430C-G=yes
0D535EDC-G=yes
0D62145C-G=yes
0D6215AC-G=yes
0D6216FC-G=yes
0D62199C-G=yes
0ECCB2BC-G=yes
0ECCB40C-G=yes
0ECCB55C-G=yes
0ECCB7FC-G=yes
0ECCBC3C-G=yes
0ECCF14C-G=yes
0ECCF29C-G=yes
0ECCF68C-G=yes
0ECCFA7C-G=yes
0ECCFCAC-G=yes

[Aboreus]
Value=50

[Actions]
078D8320=1,17,0,14,0,0,0,0,O
078D86A0=1,17,0,13,0,0,0,0,N
078D9C90=1,17,0,16,0,0,0,0,Q
078D9F40=1,17,0,15,0,0,0,0,P
078DF210=1,17,0,12,0,0,0,0,M
083B646C=1,114,0,2,0,0,0,0,A
0843CCA0=7,80,1,088B124C,0,0,0,0,R,80,1,01000000,0,0,0,0,R,17,0,17,0,0,0,0,A,55,0,2,0,0,0,0,R,19,7,FlakTroopAttackCommand,0,0,0,0,A,53,2,09EEBF3C,0,0,0,0,A,21,6,EVA_ReinforcementsHaveArrived,0,0,0,0,A
08445BEC=3,54,2,08445BEC,0,0,0,0,A,53,2,08445DBC,0,0,0,0,A,21,6,EVA_EnemyAirArmadaDetected,0,0,0,0,A
08445DBC=5,7,1,08444A1C,0,0,0,0,A,7,1,084413FC,0,0,0,0,A,54,2,08445DBC,0,0,0,0,A,53,2,08445BEC,0,0,0,0,A,11,4,MISSION:Sov05a,0,0,0,0,A
0844F520=1,4,1,076E4560,0,0,0,0,A
084AFE9C=2,54,2,084AFE9C,0,0,0,0,A,53,2,0A0ACC3C,0,0,0,0,A
0857BEFC=2,11,4,MISSION:Sov05c,0,0,0,0,A,6,0,14,0,0,0,0,A
087D3A80=1,53,2,0915F590,0,0,0,0,A
088601B0=1,17,0,0,0,0,0,0,A
088D00E0=1,17,0,5,0,0,0,0,F
088D0A90=1,17,0,4,0,0,0,0,E
08930180=1,4,1,08AB64E0,0,0,0,0,A
08978F40=3,6,0,14,0,0,0,0,A,11,4,MISSION:Sov05c,0,0,0,0,A,53,2,0857BEFC,0,0,0,0,A
0897D490=8,53,2,08978F40,0,0,0,0,A,11,4,MISSION:Objective1,0,0,0,0,A,53,2,08B82CBC,0,0,0,0,A,53,2,08AB8750,0,0,0,0,A,54,2,08445DBC,0,0,0,0,A,54,2,08445BEC,0,0,0,0,A,53,2,0AD6A15C,0,0,0,0,A,54,2,087D3A80,0,0,0,0,A
089BA6A0=1,17,0,1,0,0,0,0,B
089C1F40=1,4,1,076E41E0,0,0,0,0,A
089D6140=1,17,0,2,0,0,0,0,C
089DE250=1,4,1,07701760,0,0,0,0,A
089F31A0=5,80,1,0EBF61CC,0,0,0,0,L,17,0,11,0,0,0,0,L,55,0,2,0,0,0,0,L,19,7,GenSovWaterSelect,0,0,0,0,A,21,6,EVA_ReinforcementsHaveArrived,0,0,0,0,A
08A11920=1,17,0,18,0,0,0,0,S
08A67270=5,17,0,10,0,0,0,0,K,14,0,13,0,0,0,0,A,55,0,2,0,0,0,0,Z,19,7,FlakTroopAttackCommand,0,0,0,0,A,21,6,EVA_ReinforcementsHaveArrived,0,0,0,0,A
08A82380=1,17,0,20,0,0,0,0,U
08A829A0=1,17,0,19,0,0,0,0,T
08AB8750=4,53,2,0CB2164C,0,0,0,0,A,11,4,MISSION:Objective2,0,0,0,0,A,54,2,0857BEFC,0,0,0,0,A,11,4,MISSION:Objective3,0,0,0,0,A
08AB8D40=1,2,0,13,0,0,0,0,A
08B37710=1,17,0,24,0,0,0,0,Y
08B4B0F0=2,17,0,22,0,0,0,0,W,17,0,23,0,0,0,0,X
08B4BB20=1,17,0,21,0,0,0,0,V
08B82CBC=1,11,4,MISSION:Sov05b,0,0,0,0,A
08B8375C=1,11,4,MISSION:Sov05a,0,0,0,0,A
08DFF090=4,100,0,116,0,0,0,0,A,114,0,2,0,0,0,0,A,115,9,371,0,0,0,0,120,11,4,mission:sov05d,0,0,0,0,A
0915F590=1,21,6,Mis_S5_TeslaGuy,0,0,0,0,A
092CB280=5,17,0,8,0,0,0,0,I,14,0,13,0,0,0,0,A,55,0,2,0,0,0,0,AK,19,7,FlakTroopAttackCommand,0,0,0,0,A,21,6,EVA_ReinforcementsHaveArrived,0,0,0,0,A
092CF430=3,17,0,7,0,0,0,0,H,17,0,6,0,0,0,0,G,17,0,53,0,0,0,0,BB
092CFE40=1,17,0,6,0,0,0,0,G
09EEBF3C=1,4,1,0A0EC38C,0,0,0,0,A
0A0ACC3C=3,54,2,0A0ACC3C,0,0,0,0,A,4,1,083D089C,0,0,0,0,A,53,2,084AFE9C,0,0,0,0,A
0A1201BC=6,99,7,_Amb_OceanLight,0,0,0,0,BA,99,7,_Amb_BirdsHarbor,0,0,0,0,BA,99,7,_Amb_OceanLight,0,0,0,0,BF,99,7,_Amb_BirdsHarbor,0,0,0,0,BF,99,7,_Amb_OceanLight,0,0,0,0,N,99,7,_Amb_BirdsHarbor,0,0,0,0,N
0A12A7AC=6,99,7,_Amb_UrbanMurmur1,0,0,0,0,CC,99,7,_Amb_UrbanMurmur2,0,0,0,0,CF,99,7,_Amb_UrbanMurmur1,0,0,0,0,AC,99,7,_Amb_UrbanMurmur2,0,0,0,0,C,99,7,_Amb_UrbanMurmur1,0,0,0,0,AA,99,7,_Amb_UrbanMurmur2,0,0,0,0,R
0A67A58C=1,113,0,13,0,0,0,0,A
0A67AC6C=1,1,0,13,0,0,0,0,A
0A70764C=1,2,0,13,0,0,0,0,A
0AD6A15C=3,14,0,20,0,0,0,0,A,53,2,0A70764C,0,0,0,0,A,54,2,0AD6A15C,0,0,0,0,A
0AD6F19C=2,2,0,13,0,0,0,0,A,54,2,0AD6F19C,0,0,0,0,A
0B00823C=1,100,0,91,0,0,0,0,A
0B009B0C=1,100,0,92,0,0,0,0,A
0B49294C=6,7,1,0B458E1C,0,0,0,0,A,7,1,0B45856C,0,0,0,0,A,7,1,0B4586BC,0,0,0,0,A,7,1,0B45991C,0,0,0,0,A,7,1,09FF31AC,0,0,0,0,A,7,1,0A0912DC,0,0,0,0,A
0CB2164C=2,53,2,0A67AC6C,0,0,0,0,A,53,2,0A67A58C,0,0,0,0,A

[BadGuy1]
Name=BadGuy1
Side=GDI
Color=DarkRed
Prefix=B
Suffix=Soviet
SmartAI=yes
CostUnitsMult=1
ParentCountry=Americans

[BadGuy1 House]
IQ=2
Edge=North
Color=DarkBlue
Allies=BadGuy1 House,BadGuy2 House,BadGuy3 House,Civie1 House,Other1 House,Other2 House
Country=BadGuy1
Credits=100
NodeCount=0
TechLevel=10
PercentBuilt=0
PlayerControl=no

[BadGuy2]
Name=BadGuy2
Side=GDI
Color=DarkRed
Prefix=B
Suffix=Soviet
SmartAI=yes
CostUnitsMult=1
ParentCountry=Americans

[BadGuy2 House]
IQ=1
Edge=North
Color=DarkBlue
Allies=BadGuy1 House,BadGuy2 House,Civie1 House,Other1 House,Other2 House
Country=BadGuy2
Credits=100
NodeCount=0
TechLevel=10
PercentBuilt=0
PlayerControl=no

[BadGuy3]
Name=BadGuy3
Side=GDI
Color=DarkRed
Prefix=B
Suffix=Soviet
SmartAI=yes
CostUnitsMult=1
ParentCountry=Americans

[BadGuy3 House]
IQ=0
Edge=North
Color=DarkRed
Allies=Player House,BadGuy3 House
Country=BadGuy3
Credits=0
NodeCount=0
TechLevel=5
PercentBuilt=0
PlayerControl=yes

[BarrelExplosion]
Anim=RING1
Damage=50
Warhead=OilExplosionWH
Projectile=Invisible

[Basic]
Win=<none>
Lose=<none>
Name=
Brief=S05_f00e
Intro=<none>
Theme=Motorized
Action=<none>
Player=Player House
Percent=0
Briefing=Brief:Sov03
GameMode=standard
HomeCell=98
InitTime=10000
Official=yes
EndOfGame=no
FillSilos=no
FreeRadar=yes
MaxPlayer=8
MinPlayer=2
PostScore=<none>
SkipScore=no
TrainCrate=no
TruckCrate=no
AltHomeCell=98
OneTimeOnly=no
CarryOverCap=0
NewINIFormat=4
NextScenario=GDI2A.map
PreMapSelect=<none>
TimerInherit=no
SkipMapSelect=no
CarryOverMoney=0.000000
AltNextScenario=GDI9C.MAP
MultiplayerOnly=0
IceGrowthEnabled=no
StartingDropships=0
VeinGrowthEnabled=no
TiberiumGrowthEnabled=no
IgnoreGlobalAITriggers=yes
TiberiumDeathToVisceroid=no

[CAMISC01]
Name=RA2 Barrels
Strength=2

[CAMISC02]
Name=RA2 Barrel
Strength=1

[CAPARS01]
Name=RA2 Paris Tower
Armor=concrete
Power=-100
Points=5
UIName=Name:CAPARS01
Nominal=yes
Powered=Yes
Primary=EiffelBolt
Bombable=no
Strength=30000
Explosion=TWLT070,S_BANG48,S_BRNL58,S_CLSN58,S_TUMU60
MaxDebris=0
TechLevel=-1
BaseNormal=no
Insignificant=yes
Overpowerable=true
RadarInvisible=no

[CMIN]
Storage=10

[CellTags]
24036=0B009A2C
25036=0B009A2C
25037=0B009A2C
26036=0B009A2C
26037=0B009A2C
27036=0B009A2C
27037=0B009A2C
31045=0897DA60
31046=0897DA60
31047=0897DA60
31048=0897DA60
31049=0897DA60
31050=0897DA60
32045=0897DA60
32050=0897DA60
33045=0897DA60
33050=0897DA60
34045=0897DA60
34050=0897DA60
35045=0897DA60
35050=0897DA60
36045=0897DA60
36046=0897DA60
36047=0897DA60
36048=0897DA60
36049=0897DA60
36050=0897DA60
37067=0B009A2C
38067=0B009A2C
39067=0B009A2C
40067=0B009A2C
41067=0B009A2C
42049=0B009A2C
42050=0B009A2C
42051=0B009A2C
42052=0B009A2C
42058=0B009A2C
42059=0B009A2C
42060=0B009A2C
42061=0B009A2C
42067=0B009A2C
43039=0B009A2C
43040=0B009A2C
43041=0B009A2C
43042=0B009A2C
43043=0B009A2C
43044=0B009A2C
43045=0B009A2C
43046=0B009A2C
43047=0B009A2C
43048=0B009A2C
43049=0B009A2C
43052=0B009A2C
43053=0B009A2C
43054=0B009A2C
43055=0B009A2C
43056=0B009A2C
43057=0B009A2C
43058=0B009A2C
43061=0B009A2C
43062=0B009A2C
43063=0B009A2C
43064=0B009A2C
43065=0B009A2C
43066=0B009A2C
43067=0B009A2C
44037=0B009A2C
44038=0B009A2C
44039=0B009A2C

[Civie1 House]
IQ=0
Edge=South
Color=Grey
Allies=Civie1 House
Country=Civilian1
Credits=0
NodeCount=0
TechLevel=1
PercentBuilt=0
PlayerControl=no

[Civilian1]
Name=Civilian1
Side=Civilian
Color=LightGold
Prefix=C
Suffix=CIV
SmartAI=yes
ParentCountry=Civie1 House
MultiplayPassive=true

[Countries]
0=Player
1=BadGuy1
2=BadGuy2
3=BadGuy3
4=Civilian1
5=Other1
6=Other2
7=Other3

[Cruentus]
Value=100

[ENGINEER]
Name=Engineer
TechLevel=-1

[Events]
078D8320=1,4,0,0
078D86A0=1,4,0,0
078D9C90=1,4,0,0
078D9F40=1,4,0,0
078DF210=1,4,0,0
083B646C=1,47,0,1
0843CCA0=1,4,0,0
08445BEC=1,13,0,2
08445DBC=1,9,0,14
0844F520=1,47,0,2
084AFE9C=1,21,0,2
0857BEFC=1,13,0,100
087D3A80=1,33,0,0
088601B0=1,4,0,0
088D00E0=1,4,0,0
088D0A90=1,4,0,0
08930180=1,47,0,3
08978F40=1,13,0,10
0897D490=1,1,0,20
089BA6A0=1,48,0,0
089C1F40=1,47,0,2
089D6140=1,4,0,0
089DE250=1,47,0,20
089F31A0=1,4,0,0
08A11920=1,4,0,0
08A67270=1,4,0,0
08A82380=1,4,0,0
08A829A0=1,4,0,0
08AB8750=1,9,0,14
08AB8D40=2,11,0,20,57,0,11
08B37710=1,4,0,0
08B4B0F0=1,4,0,0
08B4BB20=1,4,0,0
08B82CBC=1,13,0,2
08B8375C=1,47,0,3
08DFF090=1,33,0,0
0915F590=1,13,0,2
092CB280=1,4,0,0
092CF430=1,4,0,0
092CFE40=1,4,0,0
09EEBF3C=1,13,0,2
0A0ACC3C=1,13,0,2
0A1201BC=1,13,0,0
0A12A7AC=1,47,0,0
0A67A58C=1,13,0,3
0A67AC6C=1,13,0,10
0A70764C=1,57,0,104
0AD6A15C=1,13,0,1
0AD6F19C=1,48,0,0
0B00823C=1,47,0,0
0B009B0C=1,1,0,20
0B49294C=1,47,0,0
0CB2164C=1,13,0,15

[FA2spVersionControl]
Version=7
LastPreviewOption=2

[HARV]
Storage=20

[Houses]
0=Player House
1=BadGuy1 House
2=BadGuy2 House
3=BadGuy3 House
4=Civie1 House
5=Other1 House
6=Other2 House
7=Other3 House

[INBLULMP]
Name=Invisible Blue Light Post
LightRedTint=0.01
LightBlueTint=0.7
LightGreenTint=0,01
LightIntensity=0.01
LightVisibility=3000

[INGALITE]
Name=Invisible Light Post
LightRedTint=0.5
LightBlueTint=0.5
LightGreenTint=0.5
LightIntensity=0.01
LightVisibility=4000

[INGRNLMP]
Name=Invisible Green Light Post
LightRedTint=1.5
LightBlueTint=0.01
LightGreenTint=0.01
LightIntensity=0.01
LightVisibility=4000

[INPURPLAMP]
Name=Invisible Purple Light Post
LightRedTint=1.5
LightBlueTint=0.01
LightGreenTint=0.01
LightIntensity=0.01
LightVisibility=4000

[INREDLMP]
Name=Invisible Red Light Post
LightRedTint=0.4
LightBlueTint=0.01
LightGreenTint=0.2
LightIntensity=0.01
LightVisibility=2000

[INYELWLAMP]
Name=Invisible Yellow Light Post
LightRedTint=0.5
LightBlueTint=0.0
LightGreenTint=0.5
LightIntensity=0.01
LightVisibility=4000

[IVAN]
Name=Crazy Ivan
Prerequisite=NAHAND

[Infantry]
0=Player House,IVAN,256,83,76,2,Guard,96,08E000A0,0,-1,0,1,1
1=Player House,IVAN,256,83,76,3,Guard,160,08E000A0,0,-1,0,1,1
2=Other3 House,SHK,256,81,79,3,Guard,0,087D3730,0,-1,0,1,1
3=Other3 House,SHK,256,81,78,4,Guard,224,087D3730,0,-1,0,1,1
4=Other3 House,SHK,256,79,78,4,Guard,64,087D3730,0,-1,0,1,1
5=BadGuy1 House,E1,256,69,79,4,Guard,32,None,0,-1,0,1,1
6=BadGuy1 House,E1,256,69,77,3,Guard,64,None,0,-1,0,1,1
7=BadGuy1 House,E1,256,69,78,3,Guard,32,None,0,-1,0,1,1
8=BadGuy1 House,E1,256,67,75,4,Guard,64,None,0,0,0,1,1
9=BadGuy1 House,E1,256,66,63,4,Guard,128,None,0,-1,0,1,1
10=BadGuy1 House,E1,256,67,65,4,Guard,96,None,0,-1,0,1,1
11=BadGuy1 House,E1,256,67,61,3,Guard,128,None,0,-1,0,1,1
12=BadGuy1 House,E1,256,68,63,4,Guard,128,None,0,-1,0,1,1
13=BadGuy1 House,E1,256,85,57,4,Guard,160,None,0,-1,0,1,1
14=BadGuy1 House,E1,256,81,60,2,Guard,128,None,0,-1,0,1,1
15=BadGuy1 House,E1,256,54,36,3,Guard,64,092CF9A0,0,-1,0,1,1
16=BadGuy1 House,E1,256,53,30,2,Guard,64,092CF9A0,0,-1,0,1,1
17=BadGuy1 House,E1,256,69,86,3,Guard,0,None,0,-1,0,1,1
18=BadGuy1 House,E1,256,68,86,3,Guard,0,None,0,-1,0,1,1
19=BadGuy1 House,E1,256,68,88,4,Guard,0,None,0,-1,0,1,1
20=BadGuy1 House,E1,256,69,87,4,Guard,64,None,0,-1,0,1,1
21=BadGuy1 House,E1,256,59,79,3,Guard,0,None,0,-1,0,1,1
22=BadGuy1 House,E1,256,63,81,3,Guard,0,None,0,-1,0,1,1
23=BadGuy1 House,E1,256,43,64,4,Guard,64,None,0,-1,0,1,1
24=BadGuy1 House,E1,256,46,64,3,Guard,64,None,0,-1,0,1,1
25=BadGuy1 House,E1,256,45,66,3,Guard,32,None,0,-1,0,1,1
26=BadGuy1 House,E1,256,46,66,3,Guard,96,None,0,-1,0,1,1
27=BadGuy1 House,E1,256,44,42,3,Guard,0,None,0,-1,0,1,1
28=BadGuy1 House,E1,256,43,40,2,Guard,96,None,0,-1,0,1,1
29=BadGuy1 House,E1,256,27,32,4,Guard,64,None,0,-1,0,1,1
30=BadGuy2 House,E1,256,42,34,2,Area Guard,192,None,0,-1,0,1,1
31=BadGuy2 House,E1,256,43,35,2,Area Guard,160,None,0,-1,0,1,1
32=BadGuy2 House,E1,256,43,33,3,Area Guard,192,None,0,-1,0,1,1
33=BadGuy2 House,E1,256,42,32,3,Area Guard,224,None,0,-1,0,1,1
34=BadGuy2 House,E1,256,43,32,3,Area Guard,192,None,0,-1,0,1,1
35=Player House,E2,256,81,74,2,Guard,128,None,0,-1,0,1,1
36=Player House,E2,256,79,74,4,Guard,32,None,0,-1,0,1,1
37=Player House,E2,256,80,74,2,Guard,128,None,0,-1,0,1,1
38=Player House,E2,256,79,73,2,Guard,128,None,0,-1,0,1,1
39=Player House,E2,256,79,73,4,Guard,128,None,0,-1,0,1,1
40=Player House,E2,256,80,73,4,Guard,128,None,0,-1,0,1,1
41=Player House,E2,256,78,73,2,Guard,128,None,0,-1,0,1,1
42=Player House,E2,256,81,73,4,Guard,128,None,0,-1,0,1,1
43=Player House,E2,256,81,74,4,Guard,128,None,0,-1,0,1,1
44=Player House,E2,256,80,73,2,Guard,128,None,0,-1,0,1,1
45=Player House,E2,256,81,73,2,Guard,128,None,0,-1,0,1,1
46=Player House,E2,256,81,75,3,Guard,32,None,0,-1,0,1,1
47=Other3 House,SHK,256,79,77,2,Guard,128,087D3730,0,-1,0,1,1
48=Player House,SENGINEER,256,78,76,2,Guard,64,None,0,-1,0,1,1
49=Player House,SENGINEER,256,76,74,4,Guard,96,None,0,-1,0,1,1
50=Player House,E2,256,38,19,3,Guard,64,None,0,-1,0,0,0

[IsoMapPack5]
1=QQ4AIAkBACIAJQEAAAIGAAIqKAAEIQAlAQAAAXQCByMA//8AAAAGAAMoggADACeDAAMAII
2=wFgAQprQAk+AYCBAAlAJhACEEEBCgFAQQoBQEEKAcBBAAfKNgAJzIBBAAnMwEFACaQCQED
3=AgAF3ApRFAUoBQEFKIkBBSiJAQUoXwEFAB7qDAUAJ4kBBSiJAQbKDAICRxYnADxcIEwjAg
4=YAHQBHtRgGwA9ZAwYo4QEGKOEBBijhAQYotQEGKogBJ+EBBihlAgfAD08bBwAogA+IAawQ
5=BQECAAcAHABDuREH2BFRHwfYEYgBJzUHBygNAgcokQIHKDkCByg5AgcqDAInZQII2BFcIA
6=IIACcAOqEPCEQTaAGXAikAO1QCURQIRRM/SAGWAhsAaAFNJgjQFEElCNAUiAEnwQgIKJEC
7=CCj5BAgokQIIKIYGCAAnaQgIKOkCCdAUTRAJxBOIAbwVTCYCCQApAD6mEwkApBOWAioA0R
8=QJyBeZBhr9KwnIF1EqCcgXiAEn6QIJKL0CCSgVAwkovgIJACeeCQkAJ+kCCSjpAgrIF00m
9=Cl0rPVAUTRAKVBh8FVAUAQoAGQBoAUcpCgAaiAGMBaAajAW0GI4FKwBgGpQCuByZBhyUAp
10=gGJ/0KCsAaTTEKKGkICigVAwoobgMKACfpAgoobgMKACdtAwooQQMLwBpMEAELACoAYBpP
11=EAsAK4gBTBABCwAsAMEaC0QeaAGUAqwbmAakHkEaCyixBgtIImwbkAmgGo4FKQB0AoYIGA
12=DeYgsAuBxRNQvYHIgBJ10MCyiZAwso8gMLACeaAwsAJ20DCypsAyddDAzYHEEPDExHZGCK
13=ARsAaAFRFAzEHlEUDNwgQRoMxB6WAi0AcB+IAagigQQYlAKRCReIAZIJKAB4HIAEpB6ZBh
14=qUAo0FGYgBjAWwH0E7DNAfiAEn8QMMKPEDDCjyAwwAJ8YDDAAnHQQMKLkHDCgdBA3QH0wQ
15=AQ0ALQDFgQ1MGycpACyUAlkRDVw2yiINALQjVRgNzCaGCC4AJ4AArIlBGg1YJ3CuigEqAG
16=gBkAmoIoQIoCWECLAflAKoIpUCFv1BDSg9CA3IIl1BDSgdBA0orQsNKEkEDSgdBA0odQQN
17=KEkEDShJBA5dCp9nwwIADlQjfCBZEQ5MXScoAKAlRRMOwCWJARqQH1kcDkB93SAOzCaECL
18=QjiAG0I5kGL5gGiAG0I4EEK4AllgIWAHBLnQocKCkAG4gBRykOABUoKgAYAHBLjQUXiAGD
19=BB4AQmEaBkMaJACl6wEdAKnrASEAFlmVBmEEI4kBDGkBIIkBA2kBIokBCWkBH4gBQlEPAL
20=wKXRUPWCd8CogBvAqIAbAJAg0CAA8AuAaUAqAlTRsPwCWWAiwAxYwPUCppAQJ5Bi2UAokB
21=JogBQhoPAKgihAiwH4YILgBgJYAEtCOVAigoVAC4J5kGL5QCnAq8r4oBMAB4J4QIuCeECL
22=AqmQYlgASMBay1jAWstZUCFOVVD0xScioHBlAfpSkEaAGkKQEKBgAQRFViBAsCSAGhBAVo
23=Aa0xCGgBrCZdChBEVW0FDnUCHIBylQIViAFNEBBIInhTlQIbKFUAGJBLlQIXiAGMBagtTR
24=sQyC1NGxBMXXQulAK0LpQCoCWJAR7vJhAAGigoAKi8nAqkKYwFtC6QCbgyiQEdmAaMBbgn
25=lAK4J5kGFP4rEACsMYEEMZQCgQQTiAGFCCSIAYAEuDJABAERAC8A3SARyCKUAqgiTgURAL
26=gnlQIojAVTCREAKYgBQyURAC6IAZQCvCuZBiOUAoEEIogBgQQxkCqUAqgtnAqoLZkGKyiB
27=ACqIAZkGMCgpACWIAYUIJIgBgQQfiAGWAi0AaKaJASyIAYEEICgpACYoKQAhiAGNBTKIAY
28=wFJMAplAKgMIQTtDmcFbQ5iAG0OYAErDGUArQulgISAMnzEswmQwQSAB6IIkkMEkCeYDBN
29=BRLMMYEEGiiBAB2IAUUTElRabAWABLQumQYZKIAAqC2UAqQpjAWgJZQCoCWUArwrlAKwKp
30=UCFOUpEkRKdLKBBBOUAowQqDiMBagtiAGsJokBM4QpiAGoLYQIoDCIAagtiAGgMIwFsDWV
31=AhvllxJMtXBsgQ8clAKNJhYoKAC44oAEuOKBBBKMXYkBEYgBQgQTALAqVg0TALAqVQ0TTK
32=pwKooBNABoAYwFpDSMBbAfgAS0I5QCsBSWAikAcBRVDRNMaGgBgAS8FYkBKIAEnQoviAGN
33=BSMoKQAiiAGBBBWIAZ0KLogBlgIwAM21E1jtaAGECKQeiQwrgASUAqgihQgklAKFCCooKQ
34=AxiAGNBR8oKQAtgCWVAiaIAZkGICgpACeIAYEELIgBgASoLYwQqC2BDzIogQAziAGZBiEo
35=KQAQ/2IUABf3LhQAGIgBTwUUADWIAV4KFAC4Ml8KFAAR41EUABKIAY0FFohOiQEcKCkAFY
36=gBUxQUABMoKQAUiAGNBRuIAYAEqDiUDawxlA28NogBrDGJAR2YMo0FGYgBhAi0OZQCrDyJ
37=ARqABJQNpDSUAqAwiAGgMIgBpIyIDLg9iAGoOIgBqDiJASWcNpgGqC2UArwrlAK8NpUCD5
38=QukBSsMYAEqDiABKA7lAKwQIgBsECBBBCECFcYFQAxmDKIAbw2QwQVACqUAksMFQAfiAGA
39=BLQ5UQkVUFZka5QCpGuNBTCMBYkBK4gBgQQkiAGVAjKMPIkBJ4gBgQQtKCgAsECJDDMoVQ
40=AgiAGYBqBGkRQmKFUALCgpACGIAZwKoEaNBSOIQ5QCoEaIDKBGgQQugASJDB2IAYwFJNhC
41=lQIilAKIAbhThQgvlAKMBaxSkAmwVoEEKSiBADSMR4QIvEyNBTWUAoQIsEuZBjacQYwFsD
42=WUAqQ/mQYO/W0WzDFBBBbQNYgBtC5OBRYArDGUArA1lAKwNYgBsECBBBSQNVkRFtBAgQQT
43=lAJaERYAvDaMBbw2iAGgMIwFrDyJAQ+MMZgGuDKMBaA7iAGgO4wFJEQ1lAKgO5UCEIQImB
44=GsMZQCsCqMBaA7iAG8NokBEZQugA+kNJUCGShUAKQ0kQkalAKJDBIoKAC8QYAEpD+IAbA1
45=kQkXnDaIDKA7gQQYlAKRCTeIOIwFtDmCBBYAIogtgQQViAGFCA6IAZUCDYgBVgIXAKwxRQ
46=gXQJ58bUYIFwCwKogBtCOABKgXiAGgGogBvCCMBbAfiAEnM0MXACScFZUNHigpADAoKAAn
47=t0MXADYoVQAfiAFdFRdUvWTknAqwH4EPMSiBACUoKQA3KCgAJMhAhQg4gCWNECGIAZUCII
48=gBlQIyKCkAM4gBgAQkjDOJASaUAowFJPxBiQEnlAKABCTQQZUCI5wrlQI0iAGVAiIoKQA1
49=iAGBBB0oKQAvKCgAvDaEHiQEQ4wFqDiQHyRQR5wKtDmNBS6ECJQCsECNBQz9eBhA4Gw8UQ
50=kYWOJoAU0FGFBAItQmlQINkGGUAiQMI4kBDpQCgQQViAGVAhaIAZUCEPVaGFA1IjAtgQQP
51=lAKJARiIAYwFpDRFExhUhmA7iAGgRlYYGACkP5QCsJiIAaxHgAS4PZQCsEuUAqRKiAGoQ4
52=AEpEqUArBAiAG8NoAErDyIAaw8gAS8QYgBvEGBBDmYPYgBsECABLxMlAKwS4gBsEuBBBqY
53=BogBvDaIAbBAjAWkP4gBqDiABKxHiAGwS4gBsEuMBaxHiAG0RIoBCwB4f5UuDIgBlC60T0
54=QIBRkAHwAXAQAAQwQZACOIAQMIAgAZADj+rxkAJCg3WQYZSLF0RIkBEYAEhAgkdEaUAiSA
55=LJAJJxtLGQA5jAWBBDKIAYEEJigpADOIAYEEEogBShcZACSgRpQCoFGWDToAeFOFCCgoKA
56=AkfEeMBaBRhAgnty0ZADQorQA1iAGMBbRanAoksEidChyABIkBHYgBjAW4XpwKuF6ZBh6I
57=WYwFoJ6NBTYoVACwYZkGJZQCgQQXiAGECLxiiQEklAKQCSQ8So0FMChUAKBnkQk3lAKABC
58=QYS5kGMShUAKQ/nAqkP5oGCgAlOzkZACCaPQIGWT0iiQEGaQEhiAEBBAYAGl38lGVDAkgB
59=sDVQCQEaABYA0UAawDtdChpQxHQCThAaALBAjAUkPD+UAqQ/lAKgRpoGEAB4BlUYGii+Tx
60=oAqE6ABKhDiAEkTGKIAbhTkAmkP5QCrDyUAqhDiAGgO4gBpEqMBSTcJ4APpEqABKhDggQ7
61=AHxMiQEMiAGNBQuIAYAaJNBBgAQkjCiUAqxHkAkk3CeYBqhDjQUNhDSMBaA7jAWgO4gBpD
62=+MBaw8iAEksCeZBg6ECJwKpD+YBqQ/jAW0T5YCCgB4f40FCYgBhwgdAE5BOwBvPB4AVuoB
63=JAB4PZQCpYEJYAS1RANoAamFAWgBoUYHaAGgRgMFBgAbACaGCAUCSQEPgDtOEBsAsECIAa
64=xHUhQbAKQ/iAGsMYgBqC2IAbAqmAa0LogBsCqABLwgiAGwKoAEoCWIASTYTUUeG0ASbMtf
65=IBsAMiNMIJQCJNhNlQI5lAKJATiIAYEEJ4gBlAIkrCyVAjMoVQA0kLmUAiQwTowFJNxTlQ
66=I7gASVAjqIAZQCJLROiAEktE6IASToT4wFJAg+iQE1mAaIASSwXogBJIxUmQY24jsbACQM
67=T5QCpD+UIyS8T5kGN4wFiAG8QYAlJLxPlAIkmFCFCDyMBYkBCPSGAhsAHQBKoUYb3INKQx
68=sAJzl7G1iKIuh7WkgbACfiZBsAJ15kGwAntWQbRM4lbnwbACeJehxcCiU/YBwADZhITxAc
69=AA6IAVIUHAAknCqIASehMBxESmR2lgIJAGgBmQYKiAGUAiQgK5QCJPQqlAIkyCqVAguEa4
70=kBDIgBgASwQEYpHAAkzEYIAwIAHAAVAD0BAAARAADaDQAgCQMCABwAGgA9AQAAAWoBJgAn
71=KQAziAGBBDKIAYEELCgpAC2IAYEEOIgBgQQ5iAGXAjsAPlwKiQEciAGBBDWIAZUCOogBlQ
72=IuKCkAF4gBgQQ0iAGBBCmIAZUCFogBlQIoKCkAL4gBgwQHAD9BDwBhGjGIAZUCGSgpACqI
73=AYUIPCgpAD2IAY0FNogBgQQwKCkAK4gBgQQYiAGBBAiJAQJ1DTeIAYAEAR4ApQBBAAZdKy
74=QoKwAdAKlRAgB3AiIAFlEUCWkBIYkBBmkBI4kBDGkBIIkBA2kBH4gBWgYdALAJQg8dAKgM
75=iAG8CogBpAgCDQIAHQC4BpcCLwA6VA1RFB1AEmgBVyMdAA2UAoEENYgBgQQ6iAGBBBSIAU
76=MaHQATiAGNBTuIAY0FNIgBjQUOiAGNBSmIAYEEFogBgQQoKCkAF4gBgQQuiAGDBCoAO1AU
77=iQEKiAGRCRmIAY0FJSgpADEoKQAJiAGFEzyIAYUIEIgBhQgwiAGVAj2IAZEJKygpAA+IAY
78=UINogBjQUYKCkAN4gBmwYyADzxFBuIAZUCJygpABKIAYEPFYgBgQQ4iAGdCiYoKQAMiAGN
79=BQuIAY0QGogBjQU5iAGFCC0oKQA+iAGBBCwoKQARiAGFCDOIAZgGuFOIDLxigwQGAEP0GL
80=ZPBwZARq1SCmgBtk8EBlRMuEhSCR4AtgIFAlQCuQYIaAGpTg5oAaUIC2gBrDxCDx4AoEaI
81=Abg9ThAeAKxSlQIR8kAeALRPgAS4SIEEHYAEiQESiAGYEbBLjAWgUYgBvEyIAbRamQYcmA
82=aUArQ5lAKoTpQCuD2IAbxMgQQThD+IAaxHiAG0T4gBoEaYBqRKlAKwVogBWB9ILYEEJJAJ
83=iAGkVYgBuFOIAaRKmAaoOIgBrEeABKhDiAGkP4gBvEyMBbhTlQIUkECIAaxHgASkVYgBoF
84=GABLxMlQI/mAaIAbxMggQNAGTDS04eAA6IAYEwB4gBlQIIiAGWAhAAYL+JAQooKQAPiAGN
85=BQkoKgAFAM21HlibaAGZBgsoVQAMiAFXAh8AQIg4RggfALBAUhQfAKxHUBQBHwAdAHAUjQ
86=UvKCkAFygpAByIAYUIFigpAC4oKQAjiAGECKQenAqkHpUNIoAEhAikHpUCKChVACmIAYQI
87=tCOFCDDnHh8APYgBgQQYiAGRCSuIAZUCHogBlQIqKCkAMYgBgQQfKCkAJIgBjQUTiAGBBC
88=UoKQAZKCgAoDCYEbgyiBewNYgBuDKBBDyYBp0KGoAwiQE/iAGJDBUoKQAmiAGBBBuIAYAE
89=qDiQCaw8iQEhKIEABogBgQ8yiAGFCCAoKQAtiAGRCSyIAYEEFCgpAD4oKQAniAGMBaBGnQ
90=oE9ZwfSpAnBEvvAgAfRYwo6gE3ACcpADkoKQA2KCkAOCgpADUoKQA0KCsAMwApswkgAAn5
91=UyDEVUceIAAKlAJHEyAAD4gBVxggABCIAZUCQYgBXRUgRGBg4JUCC4iFjQUMiAGVAgWIAZ
92=UCB5h0iQEOiAGBBAgoKQANiAGABKxSiAyoZIgBvGKIAbxXnBW8YogBrGiBBBGUWogBtGWA
93=BLhpiAGgZ4AEqGSUAqRVlAK8V4kBEpBLgAS4U5QCvFeIAbRPgASgXIgBvGKIAaBcjAWoZJ
94=QCuGmIAbBsgASob5QCsGyUAqBRiAGoWYgBvFeIAaRKiAGkYIQIrF2KAQMAeJWcK6BRlAKo
95=WYgBtGWECLxXlAK0WpUCBIQInDa4XoAEoFyLATMAIvNLOwAm6AEBNQD//4tZIAA0KCkAOi
96=gpADkoKQA4KCkANygpADbqASEAQO5U01cYIQAwgFGIASSwJ0YTIQBcZUAEiQElgASIAbRa
97=VxghACqUApgGoFxJFyFUnCKUKYwFrF2MBbi2jAW0ZY0FMYQIjQUrKCkAPIgBjQUkKCkAPu
98=dgIQAtiAGYBrxikQk/KFUAJygpACyIAZEJFCgpACGIAYUIJogBgQQyKCgAtHCdChWUAo0F
99=IIgBjQUGiAGMG7h0iAEkJCaNBSj3cCEAIigoAKR2jQUdlAKMBaR2lA28eIEELyiAAKx+gQ
100=QWlAKNECmIAYUIIygpAC6IAYEEQZB3gQRAiAGWAkIAdPSIAahZnAqsUoEPAvSnAiEAOAC/
101=8UA3iAGNBTaIAYQIJ6QKSCrkVQEhABwA064hABrrpiEAGygpABgoKQAZKCkAF+2qISiBCy
102=FYttpeIQAnBgwhACetCyIlhDJKFyIApEqIAbBWiAGoWYgBuF5WGCIAsEuKAQgA0VYizLVM
103=JlQ2lAKABCTANEQeTJyUApAJpGCABLxXlAK4aZQCuF6IASSUNJ0KB4QIkAkkuDOUArhTjA
104=WsUogBuF6IAaBRigwEAN7FIgCsXZUCA5QCnAqwYZQCtGWIAaBckAkk7DSMBUQ3TDyABKBc
105=gASgZ4gBtFqABLRPlAK0T5QCSCVECJYCBQAlljQiACSMM4wbrFKABLRamAawVokBBpgGjQ
106=UQiAGMBahkgAQklDScFaRrgASgXIAEoFyVAkOAXJQCrF2UAidXCyIAAeBcAiIAGACHShcE
107=AlF0NYkBCGkBNIgBlQIZiAGXAjoAiO8FOQD+SAGZERooKAABNgAXAoO0IgA3iAGBDziIAY
108=0bF/66IgAn4gwiACeLFyIAHO9oIgAb7bUjzFJCGiMArEddCiMoEj8jALxXgAS8TIgBsEuI
109=Abg9mAa0RIgBuEiABLwrlAKoOIgBuDKABLQ5iQES7YkjUMQl4C1MOShVACWIAUceIwAeiA
110=FBJSNEwyetAEOUAoEEQogBgQQTiAGVAjEoKQArKCkAJIgBjQUwKCkAKigqABUAaJuFCCCI
111=AY0FPigpAC2IAYEEJygpACEoKQAyiAGZBiYoKQAUKCkAP4gBhQgsiAGNBUQoKgAQACV7IC
112=MAFigpAC4oKQAoKCkAHYgBkQkRKCkAIygpAEEoKQBAiAGVDSmIAZkGIogBlQIviAGUAiet
113=CyPAXAEFAgAjTKpsXYkBG4hZiAG0WogBJ04KIwAnpQojKHkKIyh5CiNdrx1KXQADXgoaAC
114=coALVlCXQCuGmIAcRgdALcYmgB1WUDQ7E9ADJQCUtOJAAeKCgAVBBQbEhvAiQAHwAXSAFZ
115=HCR0BUgBjAW0RE1SJE3APVQCiAGgRogBpFWMBbxMiAGsR4gBoFGMBbBWiAEkBDiIAbBLjg
116=UMAGgMiAG4PYgBqE6MBaRKiAGgRoIERQBsUpQCoFGUArhIlQIOgASUAqhOiAGkVYAEvEyV
117=Ag+MBZYCCgDeTCQAvEGUArRPjAWkSpQCJEw2SkMkAKRKlAKgRogBuFOYBrhTiAGoTokBCZ
118=QNhQgF45MkAAYoKQAIKCkABygpAAMoKQAEKCsAOQAdWj0ABEw5zEdoAa1HCmgBrEeIAcBG
119=dALYSGgBzEdoAaa4BgVQCbi2iwE6AIldQQB1AhsoKQA8kEtZFiREEGhOiwEyAE15EQZFCB
120=YoKQAgiU4CdQIhiQEEaQEiiQEGaQEzhMOBBBcoKQA7lA2VAhzpASXUcAIHBQAlAK0bC2gB
121=vBWUArAflAK9FQFgBLQYiwEaAP+hGiVIbycoANwgbAXUI2gBzCZrARYAUa0bJUgfJysAEg
122=BTVgIBBlkRPygpACqIAUkiJUwAJ4EABShVAAyIAZkGKIgBXQQlXNBsBYkBCpQCgQQEKCkA
123=DigpAC0oKQAmiAGZBi+IAZkGB4gBlQIxiAGVAkEoKQA+iAGBBEWIAYEEQygpACUoKQAkiA
124=GNBSmIAY0FRogBlQJCKCkALigpAEQoKQAUiAGZBjCIAZkGJ4gBlQIIKCkAECgpAAuIAY0F
125=EygpABEoKQAJKCkAQCgpACwoKQAPKCkAK4gBlw0VAFZcNp0KPSgpAB4oKwAdAFfhBDwoKA
126=CxVgd4PaCpkAm5qwl0Aq1dA2gBrV0FaQEzpHZpARcoKQAcKCkAO+kBJkFJJnhTAwYAJgBC
127=ACcpAD0oKQAeKCkAQSgpAEAoKQAmKCkAGygpAA0oKQA+KCkADCgpAC0oKQAoKCkAKigpAB
128=0oKQALKCkAPygpAAooKQASKCkACSgpADAoKQAIKCkAKygpABQoKQAnKCkAFSgpACQoKQAp
129=KCkABygpAC8oKABIKOUpBShVABcoKQBHKCkAGCgpABooKQAfKCkALCgpAEUoKQBEKCkALi
130=gpABkoKQA1KCkAHCgpADwoKwAhAChQFENGJgAgiQEAWhYAIogBUKMCJgA3ACvhBDaIAYEE
131=OIgBgwQjAC1ABIsBOwA4SQEMZQgRKCkAMogBU64mABaIAYEENCgpAA+IAYEEDogBiQw5iA
132=GVAhCJAQh9CjMoKQBGiAGRCUOIAZkGOogBjQUxiAGVAhOIAUwFSfsAdFpCZycAoEaIAaBR
133=iAFYDFQYiQEgKKwAuFOUArwriAG4U4gBvEGIAawxiAGoWYgBqEOIAaBGiQEiKIgBsEuUAq
134=BRiAGsXYgBsFaIAaQ/iAGgXIkBISgwAaRglAKgZ4gBsHeIAbBhiAGkSokBJSgEAbB3lAKg
135=fYgBsIKIAbhTiAG8V4gBoHKIAbCCiAGoTokBSCiIAaxSlAK0hogBpGCIAahkiAGkYIgBrH
136=OIAbhpiAG8eIgBuJWIAbyOiAGwYYgBqHqIAbRaiAG0WlmrJ9heVk8nAKBclAK8TIwFtE8C
137=DQYAJwCwS4gBqE6ABKBclAK8V0G0J0j+aGRVsifQYYAEtGWIAbxXjAWsXYgBrGiYBrBsBQ
138=0GACcADwA4EQAAzg0AIAgBAAAFBgAnAA4AOEgBBQEGACgABwAmSQECaQEIKCkAHSgpAAko
139=KQAeKCkAHygpAAooKQAkKCkAJSgpACYoKQALKCkAJygpADUoKQAUKCkAKCgpAAwoKQApKC
140=kAKigpACsoKQAsKCkALSgpAA0oKQAuKCkALygpABcoKQAwKCkAPCgpAD0oKQASKCkAPigp
141=ABUoKQA/KCkAQCgpAEEoKQBCKCkARCgpAEUoKQBHKCkASCgpAEkoKQAYKCkAGSgpABooKQ
142=AbKCkAHCgrACEAKFk9BXs9NwAr6QE2iAGRQDiJAQhjBCIALeEEI4gBlQIgiAGNBQ+ZSAZt
143=BUaJAQ5pARCJAQppATMoKQA7iAGBBBMoKQAWKCkAESgpADGIAYkMNIgBmAawVpUCOpQCiQ
144=wyiAGNEEOIAYEEOYgBVAIBKQBCAIAAAgYAKQBBhQEAaQFGKCkAQCgpAD8oKQA+KCkAPSgp
145=AEcoKQBDKCgArRAHfAqgD4gBsR8LdAKgJZQCqBeUAqAliwEgALVILUsXKQAhiQEJeQYiiQ
146=EQaQEjiQEXawETAPZMBZUYCigpABwoKQAmKCkACygpABcoKQAJKCkAGSgpAAwoKQAYKCkA
147=KSgpAA0oKQAaKCkAJygpAB4oKQAbKCkAKCgpACsoKQAtKCkAKigpABIoKQAlKCkAHSgpAC
148=woKwARAPf9ICQoKwA2APj1AjUoKQA3KCsAFgD54QQwKCkANCgpAAgoKQBJKCsAMQD6+QYf
149=KCkASigpAA4oKwAUAPztBS4oKQA4KCsAOwD94AQBSABZA0RJYzs8AFroAQEVAP//1QJFKC
150=kALygpAETrASoAOEAFSAACBgAqADBcAEgAaQE3XABIAGkBNlwASABpAS9cAEgAawFLAOVE
151=AVhIAioADwDm6QEQiQEEYQQ6KCkAOYgBjQUyKCkAM4gBjAW5UxV4BqhZjAW8V1F3KtRaRG
152=ACKgBIALZQH5UCR4gBlQJGiAGbBj0At+EEPogBnQo8iAGPBUIA2UAEjQVBKCkAQCgpAEMo
153=KQBEKCsAPwDa+wZFAN3rASgA7ekBKygpAB0oKQAZKCkADSgpAB4oKQAMKCkAGigpAAsoKQ
154=AKKCkAJygpACYoKQAbKCkAKigpABwoKQAlKCkAKSgpACwoKQAYKCsAJADv4RoXKCsAEgDw
155=9wIRAPHpAQkoKwAfAPL1Ai0oKQAOKCsAEwD04wRKAPXpATEoKQBJ61kqADvqWSoAJysLKg
156=AUKNEKLigpADQoKQAWKCkANesBKwATcVMAWj0rACf9CisorwsrAEyIWVLaKwC0WgIBBgAr
157=ALBWiAG0WoAErF2UAqBclAKoWYgBoFyABLVaFnAJtLJC4CsAoFyABKFcD2AEvFeUAqBclQ
158=JJlFqECKxdhQg7iFmMBaBcgASgXIAEpGCHCEQAuUktFGkMP4gBnSBBiAGNBUKJAQxhBEWJ
159=ARhpAUOJARBpAUCIAVp0KwAnwQgrVOHaXisAJwUMK1QmJ1QAJyIKKwAnMgwrACcyDCsAJ4
160=ILKwAn/gorACdWCysAJ/4KKwAn/gorACemCisAJ7YMKwAnOg0rACeKDCsAJ/4KKwAnVwsr
161=AAzrWSsADSgpAArqWSsAJ/4KKwAnVwsrAA7/VysANffIKwA06scrACeSGCsAJxUZK1irwL
162=8BKwBKAM+1KwARKHkKEigpADEoKAAnKQsrKNkLKygyDCsAJwUMLEAPhVwGXDMnBRcsVA0n
163=VAAn2QssRB4nVQAMhAFdQSxcFYwBZQgOhAGUArFhAnQCqWQGaAGwYYgBsGGABLRliAG8Yo
164=AEsGGUAqhklAKxYQlwCbBhgASwYUpOLAChZxdgBLxigASwYZQCqGSMBbxikAmwYYAEpGCA
165=BLxigASgZ5AJsGFOaCwAoFxSdywAvGKMBb1iDWwQvWIZaAG9YhFoAaVrFWgBJyEKLCitCy
166=woTQosKCkLLCj9CiwoDQ0sKAUMLCg5DSwoMQwsKGUNLFU87Uh6hDQnkQ0sKNkLLCiRDSwo
167=4QwsKDEMLCgxDCxdV/HwCSfZCywo2QssTV304QQL7bUsVVr19AInzSUsVVr39QITJjgjAi
168=wATQD79QIxKCgAKfwKJ10XLCiCCywAJwUMLSjRCi0orQstKIELLSj9Ci1EE4FYBld4HQBm
169=TQEDaQEciAFNJi1VhnlUAooBGwBoAV1BLc3AB2wFuF6YBrxXiAGgXIgBoFyMBbRaiAGwYY
170=AEqGSUArVaEXwKuV4KaAG4XowFrF1Sri0AqFmABKBcmAakYIwFpGCMBaBcgAS0WoAErF2E
171=CLBhjAWkVVHELcxdVXAtzF2MBa1dDmQToVwSaAGoZJQjpWAadAIngxYtABIm0SAtKFULLV
172=xM2VMtKNEKLSh5Ci0o2QstTDQnrAAnKQstKIELLSgNDS0oKQstKIELLSi1DC0oVQstSU7v
173=qU4tTFInKQAT970tADEmXSItKK4LLQAnQS8tVU/55QhO6VktTMDJWS1cryWRLi1AtCcpAA
174=wmZS4tQGclDS4tKFYLLQAnDS4tSG/BBC5cg2RVVZEuQIhoAVntLsRVlAKkVU08Ll0VfFxX
175=WTIuVCNoAUlZLtxXmAa8V5QCrFKIAbxXiAG4U4wFqFmIAahZiAG4XowFrlILBlwdrFJKQy
176=4ArFKMBa1SGWAEqE6IAbhTjAW4U4wFuFOQCbCuSmQuALxMjBu8r4AErVIPfAqtUhNoAalZ
177=F2gBrVIbaAEnTSAuKO0ILihpCC4oyQkuKE0KLih5FS4ocQkuKHMJLgBO4lwuACd5Ci4oKQ
178=suKMkJLijJCS5FYO+tRy5VT/HoAScpLC5ZXvL1AhImVSEuTFLNqi5VnPbgBCetIS5UnCdU
179=ACfZIS5Ro/ntBU/lVS5ZoPr1AjAmVSEuKCEKLigjCi4AICiBABMoKQAjKCgAJ4MWLgAhKF
180=QAJ4MWLgAiKFUASigoACeJFy8oDS4vUGxYVyI5Li9MECcoAKy1UfAv0GFBXC/AXEVgL9he
181=VUQvXWJ/fQYGXgcbAGgBjAUkiCKECKRgmAakYIgBuF6ABKxdiAGsXYAEsGGUArRllAKhXB
182=p0DbFhDGgBpGCMBbxiWlMvAKRgjAWkYJQCpGCMBaRghAgntTgvKKUKLyghFS8onQkvKE0K
183=LyhNCi8oTQovKCsLLwBP8VYvKFULLygFDC8oiQwvKNEKLygpCy8o/QovUZjwuUgvVE8nKQ
184=A34akvUJjBXC8oVQsvVE8l0SAvSKbXWi8AQyYXRS8AQigpAEAoKQBEKCkAQSgpAD8mF0Uv
185=AFDjXC8ARSY4RAIvAEoAWCThQy8oKQsvWGnZqy9UcCcoACcpCy9IvCdUACmkCifZCy8otQ
186=wvKIELLygFDC9A4MUIMER2aFJLpjAAOIQBiAEn4S0wKNkLMEQphQQGTwIdAHVMAVGjMFhe
187=aAFJTjBZXn5UAoYIHwBoAUFcMNhegAS4XlFhMCXEOoAEpGBS+zAArF2IAbRaiAG4XogBvG
188=KYBqRgiAG4XogBtVoUcBSsXZgGpWANdAKoWYgBuF5KsTAAuF6YBieaRTAAJxVFMFBAJfJF
189=MAAn8kUwACfxRTBYwSWZRTBMPCWZRTAoKQswKAUMMCgpCzAotQwwKF0MMChdDDBNR+2pWT
190=AoOQ0wKDkYMCiJDDAoQQ4wKDkNMChtDjAo4QwwKOEMMCjhDDAoMQwwVU/34Q9R/VcwTUf6
191=9QJKJlUsMFFW+/cCSQBYtFoCMAA7AFvoASf9CjAorQswVHAnIAon/QowKIELMCj9CjBIsS
192=esACdtRTAoVQswRP0ngAAnFkUxACfpWjFcNnRTWVMxXAonKAAnHVwxUAknVAAnSVwxTH4n
193=VQAjhAGFCByEYEpOMQCwYV2kMcRgTV0xQL9kYE1dMSWSIwcGWCSovJQCtFqUArheiAGoWY
194=AEoFyIAbBhgQQm8ZgxUEvJmzFQQCcpAC0ogQAaKCkAKigpACsoKQAsKCkAJygpABcoKQBP
195=KCkATigpABgoKQAbKCkAUCgpABkoKAAnB04xAFEoVQAoKCkATSYFQzFITtWyMVhTJykASi
196=atITFBKPS9TDFJvPjpARPxrjFcmSdUACcyQzEAJ0FbMUhOJdkhMVxMJygAJwYtMQAnvVox
197=KIMsMQBS+bYxXEwl2iwxACdAWwExAEgA2F4BMQA8ANleMVSGzVIxUP4nKAAnFVsxSIUnVQ
198=A+JgUiMSiJDDFAkyeBAEYogAAnBQwyVRjId1IGADJceGgBTVIyRIwnKgBCAGgBUVYyWBFo
199=AYEEKyhXADkAzOUITIgBgQQyiAGZBksoKQAziAGBBDooKwARAAWtMTJcg2gBgQRHKFUAE4
200=gBXcUyVN5gBFWyMlwrJykAG4AEmQZAKCkAFYgBjQVFiAGFCEkoKQAaiAGRFB2IAY0FGIgB
201=jQUxiAGVAjaIAZUCHCgpACeIAYEPTigpAE+IAY0FLygpADiIAZEJU4gBgQQ8iAGFCC2IAZ
202=kRNCgpAESIAYEENSgpAD2IAYUIO4gBmQY+iAGJDFAoKQBNiAGBBFEoKQBIiAGdChmIAZkG
203=LogBlQIwiAGVAikoKQA/iAGRCSYoKQAoiAGZETeIAZkGUogBkQlGiAGVAkGIAY8FIQAGRD
204=+VAh6IAZ0KI4gBmQYiiAGVAiCIAZkGJYgBmQYfiAGNBSSIAYMEKgALXApZBjPUWlmgM8xd
205=WaszyFmUAqhZlQIslFqUAghCAMgAAAABBgAzABEAALgNACAJOQDMAAAAAQYAMwBLKCkATI
206=kBA3UCOigpADKJAQF1AjOIAYAEBFAABQEAAAd1Ak2IAYEEHYgBlQIwKCkANygpABkoKQAo
207=iQEFZQhKiAGZBjgoKQA2iAGBBFMoKQAbiAGNEBIoKQATiAGNBUEoKQBAiAGNBRSIAYkMSI
208=gBlQI9iAGZBhWIAYEEPigpABiIAYEERSgpADWIAYUIGogBkR8viAGNBSeIAYEESYgBlQI0
209=iAGNBRyIAZUCTygpAD+IAYEEKYgBmRE8iAGRCS4oKQBSKCkAJogBmQYtKCkAVIgBhQhRiA
210=GBBDsoKQBGiAGBBE6IAYkMR4gBjQUxiAGBBESIAYMEIQAG5T8lKCkAJIgBgRogKCkAI4gB
211=mQYfKCkAIogBiQweKCsAKgALXApUAgE0ABkAgAACBgA0ABqFAQBpASMoKQAcKCkAGygpAC
212=AoKwAzAOVRAQR5BkwoKQBLiAGRCTIoKwArAOZMBZUCLIgBmQY5iAGVAjqIAZcCQwDpTAWR
213=FEKIAYMEFwDq9QIWiAGXAhQA9kAaiQFJKCkAPCgpAB4oKQBAKCkANigpACYoKQBGKCkANy
214=gpAEUoKQBHKCkALigpADUoKQBOKCkAJSgpAEgoKwBUAPf9FTQoKQA/KCkALSgpAE0oKQBE
215=KCkAJCgpACEoKQBRKCkAHSgpADsoKwAnAPjhDy8oKQAoKCkAMCgpACkoKwATAPn7Bh8A+u
216=kBFSgpAEEoKQA4KCkAVSgpAFIoKQAxKCkATygpACIoKQBKKCkAPSgrACoA/OAPAVAA//9U
217=QGlOPigpABgoKQBT6gE1ACf/CjUAJ0wGSAABBgA1ACeuCzUAJ68LNQApVANIAGEEL1wASA
218=BoASevCzUAMEgCSAB0AiczDDUAKEgCSAB1AipcAEgAaQEW+141ABeIAVVaNVTAdGVSdzUA
219=tGWIAbRlTl01ALRliAGwYYAEoGeUArRliQFClGVbXjUAQ4gBiAyka5sGSQDtryY1AEUoKQ
220=A8KCkAVSgpAEcoKQBGKCkAVCgpADcoKQBAKCkASCgpACUoKQBOKCkANSgpADYoKQBSKCkA
221=HigrADsA7/0VPygpAEQoKQAtKCkAJCgpACEoKQA0KCkAHSgpAE0oKwBRAPHpDBQoKwAVAP
222=L1AiIoKQAmKCkAQSgpAB8oKQBKKCkAOCgpAC4oKwAxAPP/Cj0A9OkBTygpAFPzgjUAVu1d
223=NVSywlw1ACdWCzUAJ64LNQAnBgw2ACd5CjYo/wo2AFFUUEgAAgYANgBPXABIAGgBJ9EKNk
224=QITQIATUc2XAonKAAngws2AD2QAoAEJ1ULNijhDDYoOQ02KA4NNgAn4Qw2KOkNNiiJDDbQ
225=YVlTNsVgBmQTpWACaAGgypQCrGhNXTbcYoAEvGKABLBhlAKoZJwVpGBSYTYAqGSECKhkgQ
226=9W6k42ACcGDDYAJ64LNgAnBgw2ACddDDYoDg02ACfSCjYAJ9oLNgAnXww2AFMoiAEnIgo2
227=ACdWCzYAJ9MKNgBS+lM2ACdWCzYAJ64LNgAnBAwCNgA3APC5SDZIOycpAEgoVQA1KCkASS
228=gpAE3vXTYAOygpADQoKAAn2gs2ACeCCzYAJ1YLNgAnBgw2ACdeDDYAJ64LNgAnrws2AE7j
229=XDYASigpADwoKwAVAPX1GFf5XjYorQs2KAUMNyiBCzcocgk3ACdNCjcoIwo3AEjzVjcASS
230=gpAEooKAAnMQw3KAUMNyjhDDco4Qw3KP4KNwAn4Qw3KLUMNygxDDdYMo0MBkABJw0NNyjZ
231=CzcoiQw3XDYnrACgXF1XN9xiVVo30cQHcAmwxIgBqWQDdAKwxIgBpGCIAaRgTV032F6cCr
232=BhWV430MSIDKxonAonrQs3KIELNygxDDcoiQw3TJTDyjcAV+FcNygxDDco2Qs3KDEMNyiJ
233=DDco2Qs3KIELNyiBCzcoMQw3KLUMNyheDDcAJzkNNyhNCjco0Qo3KHkKN1B33bo3KKYKNw
234=AnrQs3QFzBtDco/wo3AFjtUjdIWcmxNypNCjUmgyE3ADQoKQA8KCkATSgpAD0oKAAnMRc3
235=VHDdCjgo/Qo4KPUJOCj1CTgoBQw4KNEKOCj1CTgoTQo4KHEJOCi1DDgoIQo4KDoYOAAnVQ
236=s4KDkNOERY2VM4KF0MOCg5GDgoFSQ4KFULOFB3J9gAJ1ExONi2TVI41L1VsjjMXVZPOAC0
237=Wlm2ONheRVU4xFWABKRVlAKoWV5XOAC4XpwKuF5NXTjYXlFhOCgFFzhQQNFWOCilCjgoVQ
238=s4KK0LOCj9CjgoMQw4KP0KOCghCjgo/Qo4KFULOCgpCzgopQo4KFULOEBn2bY4WGknKQBA
239=7bU4VE8nVQA/4bQ4KIELOCj9CjgoVQs4KNkLOCgpCzhIZCXZIThMXdGuOFCjJcE0OEimJy
240=gAJ6IwOAAn1TE4QFwlszI4ADX9YjhcYiUdMDhIvCcpADwogQBZJr0uOShFCTkoIQo5KHkK
241=OUgizUc5KFULOSjZCzlIIieBADaEAUFGOUByjQEGVUFahAGUAicVLzkoTQo5KDkNOVwgkA
242=V5Bj+EAZgGJ78jOQBZKFQAJ3UwOSiRDTkotQw5KPEOOShdDDlAO4gIaAwnkQ05wFxdVznY
243=Xl1XOchkXVc5yGROXTkAtFpJWTnUWpAUJAwjTmg5ALxikAm8YlVlOUQhIoQ9kQlI4bQ5UD
244=XFYDlAUScoACfhIjlcQSdUACfhIjkotQw5KIkMOSg5DTkoMQw5KDEMOUxHJRUvOSgFDDlA
245=ctVaOURrJygAJwUiOUSiJWUuOUxoJykAIeVgOUR20bk5KK0LOVRPJ1QAJzEiOSi1DDkoMg
246=w5ACcFIjlMaN1iOVRaJygAJwE9OVyk1Vo5TGjNtTlcrycpAED9ujpQCdk9OijJFDoocRQ6
247=KPUJOiiVCDoo2Qs6KIELOij2CToAJ1ULOkwmJ4kBRoQBXUE6KE0KOii1DDooDQ06KHkKOi
248=jRCjooBQw6KG0OOlCYgQsGSEsnSTs6KJENOigNGDoo6Rg6KK0LOshZUVY6yFlZUzrMXU1S
249=OsRgRVU61FpGYDoAvFdVWjrAv0VgOshZkAmwYYQeuF6ECCf9CjpQmN1XOiilCjooMRc6KC
250=kLOiitCzooMQw6KIkMOijRCjpc8clZOlheJygAJ5EuOiitCzpIsdVaOlBh3Vc6KNEKOijR
251=CjpQS9FWOij9Cjoo0Qo6UFbOtToAJ8JKOgAnhUg6TFLYUwI6AFsA+yQxLTpMqiWTRDoANi
252=h5CkQoKQA7KCgAJw0jOlxi1Vo6VL0nKAAnkTk7KHEJOyhxCTso9Qk7VHvNRztADycpAFeE
253=AV02OygxDDsoGQk7KIELOyhFCTsoTQo7KOEMO01Hy1gJWUg7XExoAZ0KLCOgXJUCK4gBlA
254=IkVCFNRzvAUUFGO9BLTVI71E+YBiQoIZgGsEtBUTtUOSLUXYAEJHxdmAYk4FmABCT8V5oG
255=MQAiPFWLASoADEwxjQUniAGVAimIAZkGKIgBnAon/Qo7KHoKOwAncQk7KCEKO1hT0Us7XE
256=EnKAAn2Tc7VFonVQBUJikhO1RPJ1UAUyhVAFIoKAAngSE7SFnRVjtMXScoACe9RDtcTCdU
257=ACcFODso0Qo7SFnBqTtAXCcpAEEm2Tc7UEslKSE7VL0nKAAnAVM7WKAlo1E7AEQmzVE7WK
258=vNXTtMtScoACetITtcmcVgO1SnxWA7SKYnKQBWJjMiOwBcKCgAJ4ELPCh5CjwoIQo8UGxE
259=TiKRRDwoIQo8VHAnVQBAhAFNPDwoiQw8VS7IXAJNPDxUkWgBgwRCAMlUAokBQ4gBggQzAG
260=hZRVU81FpFojxIpiLUaIwFtFqUAiTUaJgGuF6YBrxXgAS8V1WnPEwxfFdBUTxQgmgBlgJN
261=AGgBnAok9GGIASetYzxcNmAERVU8QNVoAUFnPEDVaAGVAl0oBQFciAGIDLBhjRBblAKNBV
262=qIAZ0VWYgBlQ1YiAGYBiRoa4kBSJQCjAUkBGSNBVYoVAAkdGecCiSMaogBJLxljAUkmGaE
263=CCQAaYgBJOhljAUk6GWUAqR2nBW4dIgBsHeEHqR2jCakdogtJy1TPEimxc48KPIOPAAnSQ
264=88VOndxTwoSQ88KEkPPFBhJ4AAJ91TPEhZxcM8WF4nKAAnSUY8KBUZPFykJekuPEyqJygA
265=J1VjPEC01WU9VIZwT0ElPSghID0otSI9KFULPSgxDD0oVQs9KDEMPSgVLz0oXQw92F5BJT
266=3YXlEqPVCueF6UAqRglAKoWZQCJ1l0PURgInRckBQkFFBdNj0lICBeNj0AJCAgmAasXU5H
267=PQAk/CBeNj0AuFOKDF4AcFaMBaxHVTk9SJt0AoAEJy10PVjXdAKABKhkgASgRoUIT5AJgA
268=SwVpQNtE+MBahOjAWgUYgBpFWYBqhZlAKgXJkGVyhcAaRggASoZIgMoGeMBbhpgASwbJwK
269=tHCMBSd6Cj0AJyEKPVzxxVU9QEYnKAAnAVM9TEcnVAAnbUU9KHkKPSj9Cj0oVQs9RGDNyz
270=1QucXDPSj9Cj0o/Qo9QFHJWT0ovRg9KCkLPVjt3lc9ACftaz1IkCW5aj1QmCcoACcDaT0A
271=JyY5Iz4opQo+KP8KPgBflF5FSj4o2Qs+KNkLPihVCz4oiQw+KIELPkwbiQgGTBgnbVs+KL
272=UMPlAUJ4MAVQDkTAEKBAYAPgBUAOQAAAAABhEAADMOACAIAD4ATADlAAAABgZIAQQzAOUA
273=AAAFaQFLiQECaQEyiQEBawFDAObhBCuJAQB1AjmJAQNpASyJAQRpATqJAQdpAUKIAYQIAS
274=UA7QFICHUCHigrACQA7/UCLSgpACEoKwA1APDhBDYoKQA3KCsAPQDx4QQ0KCkAHSgrACYA
275=8uEEHygpACIoKQA+KCkALigrADEA8/sGOAD06wFHAPbpAVcoKQBOKCkAXSgpAFwoKQBbKC
276=kAUigpAEYoKQBFKCsAVgD36QxaKCkARCgpAFEoKQBNKCsAUwD6+QZIKCkATygpAF4oKQBY
277=KCsASgD7+AYBPABZA8Q0AVAA///JAVkoKQBJKCkAJ+sBPwBAQAVIAAIGAD8AI1wASABpAS
278=hcAEgAaQEpXABIAGkBMFwASABpASBcAEgAaQEqXABIAGkBQVwASABpAT9cAEgAaQEvXABI
279=AGsBOwCyRAFXTz8APIgBRFUCPwAzAMlUAokBMogBgwQ6AMz1AjmIAZcCVADkVAJPUj8AVY
280=gBWl4/ALheSVk/3GJeVz8AuF5KZD8AuF6YBqxdmAagXIMPNQAFRCmJATaIAVNhPwA3iAGF
281=CDSIAY8QOAALTAWJAVLzYT8ARygoACe3DD8ATihVAEUoKQBGKCkAXCgpAFsoKQBdKCkAXi
282=gpAETmaz8AJ5MNPwBNKFQAJxcOPwBX82w/AB77aT8AJCgpAFEoKQBaKCkAVigpAFP6aT8A
283=J2YNPwAnQg4/ACcWDj8AJ78NPwBK628/AE/rbz8AHygpAFgoKQBIKCsAPgD18Spf+2k/AG
284=DvXT8APeJcPwAnKgs/ACkoCyfaCz8AJ9kLQEwQXUUAUTVASFwnKAAngwtAAEiQAoAEJwYM
285=QAAn2gtAACf9CkBAD5EFBlhmJwYMQAAn2gtAACcxDEBIBCetAFGEAYkMUCgoAKRgUlZAAL
286=xiWVNA0GGVAjKQYZQCsGGUArBhlAKkYFpTQAC8Yl1XQMRgXVdA3GKAD7hejAWwYYwFqGRW
287=ZUAAsGGLDD0A91gUhAiwYVZlQACkYIAPvGKYBqBnmAa8YoAEJ/4KQAAnrQtAVDnWyEAAJ1
288=YLQAAnBwxAAF/uXUAAJ7YMQAAn2wtAAFLuXUAAJ68LQABbKFUAJf1XQEhkzctASGQnKAAn
289=KQtAUFbNy0AoVQtAXHgnVAAnBQxAXHjVyEBYXicpAErzVkAAMPO5QABh8VZAXG3VskBc9C
290=crAB8AWq+1QABa6bFARHbbtkAAWChUACeDC0AAVihUACeBC0Eo9QlBKIELQSjaC0EAJ8kJ
291=QSj9CkFUGEg8fmJBACd6CkEAJ1ULQShdDEEoKQtBKIELQSiJDEEo6RhBVC4nXQFKhAFVT0
292=HYU1VEQdi2TUdBxFVRS0FYXiIMI0lOQdBWWkhBACQMI4QIvFeYBiSIIowFqFmcCiQ4I48F
293=QwDoSA9BXEFUWmgBlQI8lFqdCj6KAQkGUCesXY0QYPVPQSgiCkEAJykLQSilCkEo/QpBUK
294=PVWkEorQtBKP0KQVxBJ4AAJykLQSjRCkEoVQtBKFULQURKJfEkQShOCkEAJ00KQVxXwVFB
295=XFfXp0EANfWnQURKJb0jQUxHJV0iQVx4JysALwD4s65BAGLzVkEANigoACevIUEAOCavIU
296=EAJemxQUFcW6lZQVCYJyoAJwAnKQAo8VZBKFUWQVhpzV1BTOwnKAAnMQxBRHbVAkIo/QpC
297=KJ0JQihVFkIorQtCKCkLQlQjTEBhXEJEKScoALykXUFCwFFZSELITkFGQsBRXUFC1E9BRk
298=LEVVanQgC8TJQCoFGNBSuITpwKtE9NUkLUT40FLIAEiQw/lk8OBlgDtE+cCq1SCnUCV+FR
299=QlgyzUdCKCEKQij1CUIopQpCRD8nrAAnMSJCKNEVQliKJ4EAYSiIASf9FUJURCVBL0IoeQ
300=pCKP0VQkxHJ4AAJ/0VQlhexVVCWF4nKQBS6bFCKNEKQlRl2atCREolkS5CSE7JWUJcjtFW
301=QliVJygAJ60sQkWM+bFWQlhIJdssQgBK81ZCAGMoKQAiKCkAWSgpADvpWUJcVyUELQJCAC
302=cA/f0KQSgqAEAA2bZCUGwnKQA84VxCUGHPXUIAKChVACr5XkJcpCcpCzcoVAAnrQtDKFUL
303=Qyj9CkNIItFWQ1yDJygAJw0uQ0BnJ1UAMYQBVU9DKFwMAkMAQwC5XAJJTkNETWgBgAQk0C
304=BRVkPUsllTQ9heQVFD2F6YBiddLUPEYF6vQwCkYIAEpGCYBqBcWl5DALBhnAq2WgsGURFA
305=mF5dbUNA1SKBIQ90AichIENYldlTQ0A7JykASOVVQyitC0MoXQxDKIELQyilFUNMRycFAV
306=goBAEnrQtDKDkNQyjRFUMoBQxDKAUMQ1WR76tDQwA7Jq0hQygxDENAtCeAACeJLUNAns1d
307=QyjZC0NEVSdVADUmiS1DSGTRYUMoXQxDSFndYkNA9sm8Q0ByJykAT/W9Q1yk02FDADztXU
308=NYUydVACj1WkNc3slZQ1heJyoAPQDJWUNMXScpACkoVAAnVQtDKOEiQ0x+wVxDRIHJAUQo
309=IQpEKIELRCgpC0QoVRZEKCkLRCjZFkQoMQxEKDEMREBJaFldTETUWl1MREEazkxdlAKovF
310=lTRMi8WVNEwFxdV0TIWUFRRMC/XWJEKNkLRMBckAmgXJsGLADsSAydCiuIAZgGsLmMEKBc
311=RWtEQDDVT0QorRZEKFULRCgpFkQoVQtEKCkLRFDaJwUBSf1XRCiBC0RcpCeAACe9GEQoiS
312=JEKIELRCj9CkQogQtEKNEKRCgFDEQo2gtEACetC0RYSCUFLURYXicpAFn9V0QoVQtEQFHB
313=XEQo2QtEKIELRCiBC0RM1sFcREh6JykAJvxXAkQAPQD8qW9EQKnBtERErdFWRES4JyoAPg
314=DTVkQAKigoACcxIkQopQpEKqQKJykWRERr3VdFQARUPSL9IEVMECcpAFKEAUU/RSilCkVc
315=mZkCBkAMJ4EWRShVC0Uo/wpFAD6IBYQIJ2U5RdxXTVJFVFpoWUhOAUUAQABoAVFLRcy1TV
316=JF1FqBBEwjkE9JTkXAXIQIuLaYBicGLUUAqFmABKS4jBC0WpwKJ50JRShxCUUolQhFKJUI
317=RVRa3fxFSE4nKQBfJtFBRUBcJ1UAYChVAFAoKAAngUJFXGInrQBdKIEATygpAE0mKSFFQJ
318=PVT0VIWScpAFsogQA7KCgAJ603RSh5CkUo9QlFQLTJTkVEaycpADwmVUJFUFbFrUVIQyXZ
319=IUVIps2qRUA+JykAUeVVRVRPxVVFUFbZU0VMaCcpACT7U0UAKygoACf9IEVUnCcgCid5Ck
320=VIbydVADUmKSFGKEUJRiidCUYo0QpGKHkKRihNCkZNn8lpUQZFXUwjpEFJm0ZQSyXZTUZI
321=TmgBVURGzVIIbQVBjFJJTkbITogBvExJTkbUp4gBqE6BBEP1/0ZVnARIekFRRkyfaAGCD1
322=4AaAGWDVoAIjBOiQFTiAFFuEZYiidVAFkoVQBWiAGNBU6IAZEJXIgBiQxYKCkAW4gBgQRX
323=KCkAT4gBjQVRiAGBBE2IAZ0KXYgBjRBSiAGNBS31skZIZMmxRkCeJykASP9XRgBJKCkAJ/
324=lTRkxH3VdGKHkKRih7CkYALPH7Rkw0JSksRlzmJykALyiCACsA2VNGQJPNUkZcpCcqACoA
325=1U9GSFknKQAmKFUAQONRRgAlKCgAJ/cfRgA7KMgJKfUJPChVADTpAUconQlHKHkKRyh5Ck
326=coTQpHUI18UEktR0AlJykAPYQBlQJLmFNFSkdM93BWWZVH2FOVAlUjgFiUAiQwZFE1RyhF
327=H0fMn5QCrJ9NPEdQbCIYKllTR0giagEJBk05QoRVnAqsUokBX5hTiAy8QV6vRwCkVYAEqE
328=6QCbxMjAW8TIgBuFOIAbxXhghQAHRahAioWYgBsFaQCbhTiAGsUoAEoFGUAqhkkAm8V4kM
329=MPtTRwAvKCgAJ9EKRyilCkdQS8FRR0hOJykAKOVVR1AixfpHUEsnKQA4JqVXR1xX3aRHVE
330=QleUFHWJXNUkdYoMJRRwAncSpHXNsl9zVHADX1p0dYq9lTR1CjJygAVLUkpEEBRwAmAN38
331=R0StJykAQfUCSCidCUgoIQpIUBSJSgZATicRHkhQASdUACfRYkgo9RRIKE0KSEV20FAFXS
332=tIXKQiIGJFSkhAUWgBRUpIWFMlGUtIWKtoAV1XSMBRmAa4U1I1SACgUZQCvKSVAkSVTwpw
333=FKimiAwnCQdIWH/FjEgoCQdIRCklAjJIACcBHEhA9tU5SEAwJykAMSbVJkgosRFIWDLB4E
334=hYPdU5SEBc0o1IACfua0gAJ0VsSEz3J4AAJ/ZsSAAn9WxIVPTeQUgAJ+5rSAAnPT9IUPDV
335=REhUOddESABBJgkoSFDwJ1QAJ0dsSABX40ZIAF4oKgAoAMFGSFRaJykALChUACc1KEhQ2s
336=1HSFxMJygAJ2kTSETO2u1IACdFVkhUWtUCSSjtCEkowQhJKGkTSSghCkkoGRRJKE0KSShx
337=CUlIkHBLVXtJSBdoAV1BSchORc5J3ExBRknUT4AEJwkoSchOhAi8TJgGvExBUUnYoJcCMg
338=A5UPBBiElQNcVKSUw8JykAW/WGSShxCUlcNt1MSUhDJykAMP3bSV1B8FwKlQ0vKFUAQSgo
339=ACfdaUlYPc1SSUhZJygAJ4VTSSh5CklcjttTSQBdJn4mSQAnhWlJXEzRVklAO8FGSUx+xY
340=xJTDwlJTFJXGLJQ0lcYicqACwA0UBJXOYnKAAnURtJSGQn5AcnLRxJQFEnVQBH4eBJKMEI
341=SUibJ4AAJ91eSShxCUlc0MEESijBCEoolQhKUGFYjggAAAYASgBDAL4AABEAAEQNAh4KAA
342=AGAEoARgDQAAAACGoBRQBpAQVpAUSJAQJrAVQA5EAEjQVViQEEdwJMAOVVAgZpATOIAZkG
343=S4gBmwY6AOZABJUCOYkBAW8FRwD2VAKECAEpACYBTAF1AiooKQArKCkALygpAC4oKQAsKC
344=sAMQA5RAidCjAoKQAtKCkAMogBkxRbAO1NBQB3DVIA7+kBWigrAEoA8vUCUygrADgA8/cC
345=XAD06QFAKCsAQgD19QJNKCsAPQD29QI/KCkAPCgpAD4oKwA7APfvBTQA+ekBSSgrADUA/P
346=QCAUgAWQPMJgFYAP//yQFPKCkAVigpAFAoKQBZKCkAVygpAFEoKQBO6wFLADdQCkgAAgYA
347=SwBBXABIAGkBQlwASABpAUBcAEgAaQE2XABIAGsBRAC+RQEDaQFDiAFaMksAoEZSQEsAuE
348=iUAq1HB2wFrEddQUtcDWRKhAisR142SwCsR0dKSwBIjUcJeQZGiAGQCaRKigwtAGRKlAK4
349=SIkBMChUAKRKlAKkSogBpEqIAaBRiAGwS4APuEidFT77SEsAPSgpADwoKQA75kpLACeeCU
350=sAJ54JSwAncwlLAD/+TEsAJ58JSwBb80tLAErkSgJLAFYA+7BAAUsASQDSQEsAJ+YHSwAp
351=CQdNKDQHJ48HSwA0KFUARSgpADUoKAAnRglLACfCCEsAJ8IISwAnRQlMKJYITAAnPQhMKM
352=IITAAnaQhMQTu5SEMBAAYATEQAaAFRKkzIQ008TMhDlQJEgIiUAqhDQztMAEOUAoAEvEFW
353=REwAtERZMkxIInmKDmgMvEGECKFGCnQCsECECLBAiAGkP4gBoEaIAahDiAGkSogBsEBepE
354=wAqEOMECc9CEwoPghMACc+CEwAJz0ITEg43Y5MKGkITCgRCEwoaQhMKD0ITExH345MAFj1
355=hkxENMWMTEQ0JykATe2JTF1B+qNGTABF70dMAEIoKwBGAFutiUwoGglMACfCCEwAJ2kITC
356=jtCExMUt2OTCg9CE0ouQdNKGkITShpCE0oaQhN0EBZJ03IQ11tTV0KzlRElAKohYgBoIhN
357=PE3QQJQCqENOPE0AoEaABLxBTolNALRESU5N1IYBCwYATdVED2gBtDlNiU1AJcXDTUQpJy
358=kAWOl6TSjdBk1NCO+wKgJNAD4A8OkBPSgpADwoKQBSKCsAOwDx7QVFKCgAJyUQTSi5B01A
359=O9k9TUhDJygAJ5sZTQAv80BNAC0oKQBPKCkAMCgpAFAoKQAuKCsAUQD4+REs+cxNTDzRz0
360=1AXM9HTQBG8c9NXEHf0E0AR+1HTihhB04o5QdOKD0ITigRCE7MPEU0TkQ/eD1dNk5YMmgB
361=UUBOxIFdNk7cg4wFrDyIAaSBgQQyI1QhiQEziAGABLBAVYZO0ECfCkYAq6UeTkgXJysARQ
362=Cs9wJIAK/pAU7nP04ALigpADAoKQAvKCkAVygpAE8oKQBW7cBORDTFP05MRycpADHhv05M
363=aCXZIU4oEQhOQH3FP05QgiWBIU5ITslvTkSMJygAJ5kOTkiQJ1UAO/26TlxtJ1UAPyhVAE
364=IoKAAnzQ9OUEAnrQBS4QRPKDUHTyg1B09cNkB2IhEpTyjlB0/MPEEwT8w8SaZPwDtNMU/A
365=O4AEtDmUAqw8lAKgO5QCtDlCfU8ArDyABLR7VbJPTRv5UBCLAUYAoqk4T0w8JysARQCk9w
366=JIAKfpAVDyNU8AJ2EHT1ig2X9PUGwnKAAnNQdPSIXJOE9IQycoACc1B08oCQdPTInJOE9c
367=NsG0T0Q0JygAJzYoTwAnCShPWGklNShPWH/VcE9UsicqAEIAJygAUIWluE8o3QZPWHTJOE
368=9MRycoACc1B1AosQZQKGEHUFlT0EQpWatQzKpVLlDQrl4rUAC4MogBoDCMBbgyjAWwNUl6
369=UE085/IJVABoAVl0UNA1mgZLAHw2TTxQKLEGUFCN3TZQTNbdNlBEuN02UEQp2TJQRCknKA
370=AnNQdQXGInVQBR7TxQKI0HUEgtxbhQSC0nKQAv9bJQUEDBO1BYoM1zUEwxJygAJ6kmUFTp
371=zTxQUMTZdFBQ+808UFgy1TlQTDHdNlBENCcpAEn98VBQSyVZJ1BMaMnzUFxtyThRKN0GUU
372=wFcDVJLVHcNk2fUVwrdAJRKlHcNkktUdQ5jAWoOJQCvDaVAlWENIQIsDWHCDoA6Ug4iQE5
373=iAFJOFFFNKWtaFFcNicrAEUApvcCSACp6AEnAQZRSCLZMlFFNPDgBCfdHFFIIidUACdhHV
374=FcNs0xUVykJykANPE1UVQ5J1UASShUACdhHVEoCQdRSDjRNVFEP9E1UUR2JykASundUVxi
375=yd1RXEHZMlFZPVq9bVFIm8U0USiFBlJVArNMJkElUlmVyUgBVWVSQGdoAZcCQwDMVAKJAT
376=qIAYEEOYgBlQJEiAGXAk0A0EwFQZ5SwDuVAk6UAk2qUkyqZGuXAk8A904FCQZDLUoABVwr
377=QXJSSC1oAYEENJQCiQxAiAGVAj2IAUU/UkA7bAWZBkUoVQA+iAGVAjiIAZkGNSgpAD+IAZ
378=0KOygpAEGIAZ0KSSgpAEiIAYUIN4gBnQpCKCkAR4gBkwk2AApUGIkBUv14Ulig2T1SWGnB
379=clJMPMk4UlRE0TVTzDFdV1NYJ3gyWV5TzDGXAjMAyUwmlAKgMJQCoDCUArA1lAKwNZUCUI
380=otDgZFEE6IAVUYU1REYTAKdAKwH102U0hkcCqECKAliAGwH0lvU1ScYASNBUaQH5QCqDiI
381=AbgngASoOIQIrDGYEawxiAGgO4gBvDaFCDycCpQCqC2UAqQ/nAq4MoAEqDiIDKAwiQFS5W
382=tTTB7NaFNMMSeoBSe9OVRcjiWxSFRcjmgBUUBUJSQmVTlUJdA2lAKokIsBUQD1TDGIAapZ
383=CwZYW6ktD2kBNSb1KlRYoNurVABJKFUANigpAD4mETRUXIPdr1RUyCcpADQogQBMKCkAPO
384=HrVEyqwbRUXIMnKQBKKIEAPygpAEHluFRMaCWNPlRBO1iphVRIcsElVFi21YZUTIknKQA9
385=JqElVEBG1b1UKFkRVEhZ1QJVQARcJCLNJVXILUU0VcgtVTlVyC2UArzxlQJQnCuUAqgtlQ
386=I15WtVUCrBtFVQHycpAEwmIStVRaLwoXJVVC4nKQA+6UNVTKrNc1VILScoACetFlVMMSdV
387=ADgm/StVTJTFSlVU3icpAEYmDURVKNkWVVgnxT9VXCvVOVVIb8U0VVAq2rZVACdRBVUoJQ
388=VVKCUFVkAExSlWSBcnKQBGhAFHVVYAPigpAEgoKQA/KCkARygoACcNRFZAJZsCBgBWxDRB
389=nlbENEmFVsQ0lAKkNJUCTe0xVlgcwTBWRZfvtS5WRDQnKAAn+QRWUB/ZoFZIItmgVlTpJy
390=oAUADdTFYq8AMn8S9WVDnRS1ZMMScpAEruUlYAJyUxV0QpzRtXKCEKV0Q0J1QAJ80EVyhR
391=BVfQH12OV8giUY1X3CCIAbwggQQ3/SBXUB/dIFcoSQRXKHkKV0xz0R9XXCDNR1dUGNVEV0
392=gX1URXUB8nKQA2Js07V1BAzUdXUFbRH1dAUScpAEb9IFdQSydUACf9TFco+QRYKHUEWCjx
393=A1goGQlYKKEEWMgiQZ5YyCJJTlgocRRY1COVAkvpIlgoSQRYWBzVI1goSQRYRB7VRFhARt
394=1tWFgcwSVYKM0EWFAqzSZYVBjNJlhAOycpAEbtqlhUIydVAEooVQBF9adYKHUEWSiZA1ko
395=8QNZ2BxJkFnQH0mQWdgclAKwQJUCSeUeWSjFA1lYMsUeWVAUJygAJ3UEWVyvJ1UASCgFAU
396=XxmFlMJsWXWUAl1SNZVCPdIFlEKScpADgm7VVZVDnRH1lMPNlIWUQezUdaKMUDWijFA1rE
397=HkF9WsQeQX1axB6UAqQelQJB/RVaRFXVGFpYMicoACdBA1ooHQRaKB0EWijxA1pEgdFAWl
398=wVJykAQvGuWlAq2RxaSCLVWlpIIicoACf1FFsoQQNbKJkDW8wbUXdbzBtRd1vcV4gBJwkH
399=Wyi9AlsovQJbKL0CW1BL2RxbKOkCW1Qu0TVbVBjRNVtULskXW0AlJygAJy09W1QYxTRbQD
400=vFNFxQCc2UXFAJJygAJ7kSXChtA1zAGk1zXNgcVXBcKL0CXChZBlwo6QJcRCnVGFwomQNc
401=KEEDXEQT1RhcRBPBclxUI9UYXEwbwTBdKDkCXSgBBl3EE0lkXcQTQWddKA0CXSjhAV0ovQ
402=JdKA0CXVAUzRBdKA0CXUAazRBdQCXNXV1AJcUpXUQTxSleKDkCXiiRAl7EE0lZXsQTQVxe
403=KDkCXig5Al5IDMElXihlAl5UDcVVXlQN1SNeTBvFE15cFdHaX8gMVU9fwA9JTl9ECN0KXy
404=iJAV8o4QFfKLUBXyiJAV9QFMkMX0Aa0R9fWBwlNVRgyAxdQWDAD11BYCiJAWAo4QFgKIkB
405=YFAJyS1gKLUBYFgR1Q1hXAoi/DZVGGFcCmgBXQphKF0BYVwKxQhhKAUBYUgM3SBi2AZRQG
406=LQCVEUYkQI2QZiKNkAY8wFWDIIYwBCAPUBAAAABgARAAA=

[Lighting]
Red=0.750000
Blue=1.000000
Green=0.750000
Level=0.000000
Ground=0.000000
IonRed=0.300000
Ambient=1.000000
IonBlue=0.750000
IonGreen=0.400000
IonLevel=0.000000
IonGround=0.000000
IonAmbient=0.870000

[Map]
Size=0,0,34,66
Theater=URBAN
LocalSize=2,4,30,56

[NAHAND]
Name=Soviet Barracks
Power=0

[Other1]
Name=Other1
Side=GDI
Color=Grey
Prefix=G
Suffix=Allied
SmartAI=yes
ParentCountry=Germans
MultiplayPassive=true

[Other1 House]
IQ=0
Edge=South
Color=Grey
Allies=Other1 House
Country=Other1
Credits=20
NodeCount=0
TechLevel=0
PercentBuilt=0
PlayerControl=no

[Other2]
Name=Other2
Side=GDI
Color=Grey
Prefix=G
Suffix=Allied
SmartAI=yes
ParentCountry=Germans

[Other2 House]
IQ=2
Edge=South
Color=Grey
Allies=Player House,BadGuy1 House,Civie1 House,Other1 House,Other2 House,Other3 House
Country=Other2
Credits=100
NodeCount=0
TechLevel=10
PercentBuilt=0
PlayerControl=no

[Other3]
Name=Other3
Side=GDI
Color=Grey
Prefix=G
Suffix=Allied
SmartAI=yes
ParentCountry=Germans

[Other3 House]
IQ=0
Edge=South
Color=DarkRed
Allies=Player House,Other3 House
Country=Other3
Credits=0
NodeCount=0
TechLevel=10
PercentBuilt=0
PlayerControl=yes

[OverlayDataPack]
1=BwAAIIEA/v8fAIBHAAAggQD+KQ4AggIKEAGBCEALIAj+7AEAggQGIgAR+SIK//ABOA6CBQ
2=X+/gEA/wAIKRKEAQUABjv9gQz+9gEAggEARAL/zQEqGoCjAAAggQDKAACBBNIEAFABgQHK
3=JgD+1AEAhAUAAAgwCoEHAAv+8gEAyDMA0DMARBPQGQD+5gEARBP/9QEZAhP3//0BLAaLBA
4=UAAwoKCAACCgn+9QEAgQX/9wEzBv8IBCEMgQH//wEqEP/4ATIGbAAL/hABwBECgQLLLBYA
5=AYEM/uIBAHH/MfhgCRH//wACKg7CLAoCD8QRAv7wAQAUHCIANBb+rAMAgDYAACCBAP4uCA
6=CCAggABYEEySMIyjQI/uYBAIEF1igK/uYBAMpBCoEB/vIBAP/zAUEM7QQI/qkPAIAHAAAg
7=gQD+/x8AgCMAACCBAP5AEACCAgz+/wEAgQH+/AEAgQT+/wEAhAMKCgj+vQkAgAcAACCBAP
8=7/HwCABwAAIIEA/v8fAIAHAAAggQD+/x8AgAcAACCBAP7/HwCABwAAIIEA/v8fAIAHAAAg
9=gQD+/x8AgAcAACCBAP7/HwCABwAAIIEA/v8fAIAHAAAggQD+/x8AgAcAACCBAP7/HwCABw
10=AAIIEA/v8fAIAHAAAggQD+/x8AgAcAACCBAP7/HwCABwAAIIEA/v8fAIAHAAAggQD+/x8A
11=gAcAACCBAP7/HwCABwAAIIEA/v8fAIAHAAAggQD+/x8AgAcAACCBAP7/HwCABwAAIIEA/v
12=8fAIAHAAAggQD+/x8AgAcAACCBAP7/HwCABwAAIIEA/v8fAIAHAAAggQD+/x8AgAcAACCB
13=AP7/HwCABwAAIIEA/v8fAIA=

[OverlayPack]
1=BwAAIIH//v8f/4A8AAAggf/+KQ7/gQAwAVAL/vAB/4IAAkABgv//UAj+7QH/gQD/8AE5EP
2=8SCBoSLfb/8wE2DjABAgBCCv7MAf+AiQAAIIH/ygAAgQDSBADMEQDQGQD+yAH/hAD/GBgw
3=CoEYIeaBGCAB/uoB//8AAg4A4vAD//cBMwSBAv/+ASsGgQACAAABEAX+9QH/AgD+/QH//w
4=AGKQwMAP79Af+CAAJAAQIKzCwWIAz+4AH/Hf0uAVAMySUY/wQCKhQWI//3AUYYVBD/+AEx
5=Cv67Af+AJgAAIIH//i4I/4IAABAFUA1gBf7uAf/KQQj/AARBCP4RAv8oI/6pD/+ABwAAII
6=H//v8f/4AeAAAggf/+QBD/ggAA/v8B///9AUIQ/wECQhAAAf69Cf+ABwAAIIH//v8f/4AH
7=AAAggf/+/x//gAcAACCB//7/H/+ABwAAIIH//v8f/4AHAAAggf/+/x//gAcAACCB//7/H/
8=+ABwAAIIH//v8f/4AHAAAggf/+/x//gAcAACCB//7/H/+ABwAAIIH//v8f/4AHAAAggf/+
9=/x//gAcAACCB//7/H/+ABwAAIIH//v8f/4AHAAAggf/+/x//gAcAACCB//7/H/+ABwAAII
10=H//v8f/4AHAAAggf/+/x//gAcAACCB//7/H/+ABwAAIIH//v8f/4AHAAAggf/+/x//gAcA
11=ACCB//7/H/+ABwAAIIH//v8f/4AHAAAggf/+/x//gAcAACCB//7/H/+ABwAAIIH//v8f/4
12=AHAAAggf/+/x//gA==

[PICK]
Name=Pickup Truck
Crusher=no
Category=Support
Passengers=0

[Player]
Name=Player
Side=Nod
Color=DarkRed
Prefix=G
Suffix=Allied
SmartAI=yes
CostUnitsMult=1
ParentCountry=Russians

[Player House]
IQ=0
Edge=South
Color=DarkRed
Allies=Player House,BadGuy3 House,Other2 House,Other3 House
Country=Player
Credits=25
NodeCount=0
TechLevel=10
PercentBuilt=0
PlayerControl=yes

[Ranking]
ParTimeEasy=00:30:00
ParTimeHard=00:12:00
OverParTitle=GUI:ParTitleSov05
ParTimeMedium=00:20:00
UnderParTitle=GUI:ParTitleSov06
OverParMessage=GUI:OverParMsgSov05
UnderParMessage=GUI:UnderParMsgSov05

[Riparius]
Value=50

[ScriptTypes]
0=089DADC0
1=089311C0
2=0844E980
3=076E35A0
4=0EBF5DBC
5=0A99854C
6=0B458BAC
7=0B4582FC
8=0B459C1C
9=0B4596AC
10=09FF1DBC
11=0A090DBC
12=084C3DBC
13=0A1C903C
14=08444DBC

[SpecialFlags]
Inert=no
FogOfWar=no
IonStorms=no
MCVDeploy=no
Meteorites=no
Visceroids=no
FixedAlliance=no
TiberiumGrows=no
InitialVeteran=no
HarvesterImmune=no
TiberiumSpreads=yes
TiberiumExplosive=no
DestroyableBridges=no

[Structures]
1016543=Other2 House,CAPARS01,256,46,32,0,0AD6CDCC,0,0,0,0,0,None,None,None,1,0
1016544=Civie1 House,CAWASH07,256,53,26,0,092CF9A0,0,0,1,0,0,None,None,None,0,0
1016545=Civie1 House,CAWASH07,256,53,47,0,08A82110,0,0,1,0,0,None,None,None,0,0
1016546=Civie1 House,CAWASH07,256,62,47,0,08A828D0,0,0,1,0,0,None,None,None,0,0
1016547=Civie1 House,CAWASH07,256,56,47,0,08A828D0,0,0,1,0,0,None,None,None,0,0
1016548=Civie1 House,CAWASH07,256,43,12,0,0843C690,0,0,1,0,0,None,None,None,0,0
1016549=Civie1 House,CAWASH07,256,67,54,0,None,0,0,1,0,0,None,None,None,0,0
1016550=Civie1 House,CAWASH07,256,79,54,0,None,0,0,1,0,0,None,None,None,0,0
1016551=Civie1 House,CAWASH07,256,54,79,0,088D5E50,0,0,1,0,0,None,None,None,0,0
1016552=BadGuy1 House,GAPILL,196,67,63,0,None,1,0,1,0,0,None,None,None,0,0
1016553=Civie1 House,CAMISC02,256,70,65,0,None,0,0,1,0,0,None,None,None,0,0
1016554=Civie1 House,CAMISC02,256,71,66,0,None,0,0,1,0,0,None,None,None,0,0
1016555=Civie1 House,CAMISC02,256,67,64,0,None,0,0,1,0,0,None,None,None,0,0
1016556=Civie1 House,CAMISC01,256,69,64,0,None,0,0,1,0,0,None,None,None,0,0
1016557=Civie1 House,CAMISC01,256,66,62,0,None,0,0,1,0,0,None,None,None,0,0
1016558=Civie1 House,CAMISC02,256,67,62,0,None,0,0,1,0,0,None,None,None,0,0
1016559=BadGuy1 House,GAPILL,192,84,57,0,089D5B70,1,0,1,0,0,None,None,None,0,0
1016560=BadGuy1 House,GAPILL,195,74,46,0,None,1,0,1,0,0,None,None,None,0,0
1016561=BadGuy1 House,GAPILL,195,76,46,0,None,1,0,1,0,0,None,None,None,0,0
1016562=BadGuy1 House,GAPILL,195,61,44,0,None,1,0,1,0,0,None,None,None,0,0
1016563=BadGuy1 House,GAPILL,192,49,44,0,None,1,0,1,0,0,None,None,None,0,0
1016564=BadGuy1 House,GAPILL,195,58,44,0,None,1,0,1,0,0,None,None,None,0,0
1016565=BadGuy1 House,GAPILL,195,52,44,0,None,1,0,1,0,0,None,None,None,0,0
1016566=BadGuy1 House,GAPILL,195,49,23,0,092CF260,1,0,1,0,0,None,None,None,0,0
1016567=BadGuy1 House,GAPILL,195,52,23,0,None,1,0,1,0,0,None,None,None,0,0
1016568=BadGuy1 House,GAPILL,195,41,31,0,None,1,0,1,0,0,None,None,None,0,0
1016569=Civie1 House,CAMISC01,256,41,42,0,None,0,0,1,0,0,None,None,None,0,0
1016570=Civie1 House,CAMISC02,256,43,42,0,None,0,0,1,0,0,None,None,None,0,0
1016571=Civie1 House,CAMISC01,256,43,41,0,None,0,0,1,0,0,None,None,None,0,0
1016572=Civie1 House,CAMISC02,256,86,57,0,None,0,0,1,0,0,None,None,None,0,0
1016573=Civie1 House,CAMISC01,256,86,58,0,None,0,0,1,0,0,None,None,None,0,0
1016574=Civie1 House,CAMISC02,256,69,89,0,None,0,0,1,0,0,None,None,None,0,0
1016575=Civie1 House,CAMISC02,256,70,90,0,None,0,0,1,0,0,None,None,None,0,0
1016576=BadGuy1 House,GAPILL,195,62,81,0,None,1,0,1,0,0,None,None,None,0,0
1016577=BadGuy1 House,GAPILL,195,52,56,0,None,1,0,1,0,0,None,None,None,0,0
1016578=BadGuy1 House,GAPILL,195,65,56,0,08907F50,1,0,1,0,0,None,None,None,0,0
1016579=Civie1 House,CAMISC02,256,44,72,0,None,0,0,1,0,0,None,None,None,0,0
1016580=Civie1 House,CAMISC02,256,42,70,0,None,0,0,1,0,0,None,None,None,0,0
1016581=Civie1 House,CAMISC02,256,46,72,0,None,0,0,1,0,0,None,None,None,0,0
1016582=Civie1 House,CAMISC02,256,59,82,0,None,0,0,1,0,0,None,None,None,0,0
1016583=Civie1 House,CAMISC02,256,48,74,0,None,0,0,1,0,0,None,None,None,0,0
1016584=Civie1 House,CAMISC02,256,65,55,0,None,0,0,1,0,0,None,None,None,0,0
1016585=Civie1 House,CAMISC02,256,63,54,0,None,0,0,1,0,0,None,None,None,0,0
1016586=Civie1 House,CAMISC02,256,64,53,0,None,0,0,1,0,0,None,None,None,0,0
1016587=Civie1 House,CAMISC02,256,65,51,0,None,0,0,1,0,0,None,None,None,0,0
1016588=Civie1 House,CAMISC01,256,51,54,0,None,0,0,1,0,0,None,None,None,0,0
1016589=Civie1 House,CAMISC01,256,57,45,0,None,0,0,1,0,0,None,None,None,0,0
1016590=Civie1 House,CAMISC01,256,64,52,0,None,0,0,1,0,0,None,None,None,0,0
1016591=Civie1 House,CAMISC02,256,51,52,0,None,0,0,1,0,0,None,None,None,0,0
1016592=Civie1 House,CAMISC02,256,52,51,0,None,0,0,1,0,0,None,None,None,0,0
1016593=Civie1 House,CAMISC02,256,51,53,0,None,0,0,1,0,0,None,None,None,0,0
1016594=Civie1 House,CAMISC03,256,33,23,0,None,0,0,1,0,0,None,None,None,0,0
1016595=Civie1 House,CAMISC03,256,48,64,0,None,0,0,1,0,0,None,None,None,0,0
1016596=Civie1 House,CAMISC03,256,58,39,0,092CF9A0,0,0,1,0,0,None,None,None,0,0
1016597=Civie1 House,CAMISC03,256,64,39,0,092CF9A0,0,0,1,0,0,None,None,None,0,0
1016598=Civie1 House,CAMISC03,256,45,38,0,092CF260,0,0,1,0,0,None,None,None,0,0
1016599=Civie1 House,CAMISC02,256,81,62,0,None,0,0,1,0,0,None,None,None,0,0
1016600=Civie1 House,CAMISC02,256,81,64,0,089D5B70,0,0,1,0,0,None,None,None,0,0
1016601=Civie1 House,CAMISC02,256,80,60,0,None,0,0,1,0,0,None,None,None,0,0
1016602=Civie1 House,CAMISC02,256,79,60,0,None,0,0,1,0,0,None,None,None,0,0
1016603=Civie1 House,CAMISC01,256,79,59,0,None,0,0,1,0,0,None,None,None,0,0
1016604=Civie1 House,CAMISC01,256,45,72,0,None,0,0,1,0,0,None,None,None,0,0
1016605=Civie1 House,CAMISC01,256,43,70,0,None,0,0,1,0,0,None,None,None,0,0
1016606=Civie1 House,CAMISC01,256,43,60,0,None,0,0,1,0,0,None,None,None,0,0
1016607=Civie1 House,CAMISC01,256,47,62,0,None,0,0,1,0,0,None,None,None,0,0
1016608=Civie1 House,CAMISC02,256,44,61,0,None,0,0,1,0,0,None,None,None,0,0
1016609=Civie1 House,CAMISC02,256,42,62,0,None,0,0,1,0,0,None,None,None,0,0
1016610=Civie1 House,CAMISC02,256,46,62,0,None,0,0,1,0,0,None,None,None,0,0
1016611=Civie1 House,CAMISC02,256,44,60,0,None,0,0,1,0,0,None,None,None,0,0
1016612=Civie1 House,CAMISC02,256,48,61,0,None,0,0,1,0,0,None,None,None,0,0
1016613=Civie1 House,CAMISC02,256,59,80,0,None,0,0,1,0,0,None,None,None,0,0
1016614=Civie1 House,CAMISC02,256,60,84,0,None,0,0,1,0,0,None,None,None,0,0
1016615=Civie1 House,CAMISC02,256,62,82,0,None,0,0,1,0,0,None,None,None,0,0
1016616=Civie1 House,CAMISC02,256,61,81,0,None,0,0,1,0,0,None,None,None,0,0
1016617=Civie1 House,CAMISC02,256,87,58,0,None,0,0,1,0,0,None,None,None,0,0
1016618=Civie1 House,CAMISC02,256,85,58,0,None,0,0,1,0,0,None,None,None,0,0
1016619=Civie1 House,CAMISC02,256,43,26,0,None,0,0,1,0,0,None,None,None,0,0
1016620=Civie1 House,CAMISC02,256,43,40,0,None,0,0,1,0,0,None,None,None,0,0
1016621=Civie1 House,CAMISC02,256,41,23,0,None,0,0,1,0,0,None,None,None,0,0
1016622=Civie1 House,CAMISC01,256,43,25,0,None,0,0,1,0,0,None,None,None,0,0
1016623=Player House,NAHAND,256,79,70,0,None,1,0,1,0,0,None,None,None,0,0
1016624=BadGuy1 House,GAPILL,195,41,36,0,092CF260,1,0,1,0,0,None,None,None,0,0
1016625=Other3 House,TESLA,256,80,78,0,None,1,0,1,0,0,None,None,None,0,0
1016628=Civie1 House,CAPARS04,256,42,46,0,08B381A0,0,0,1,0,0,None,None,None,0,0
1016629=Civie1 House,CAPARS06,256,46,46,0,08A82110,0,0,1,0,0,None,None,None,0,0
1016630=Civie1 House,CAPARS12,256,86,71,0,None,0,0,1,0,0,None,None,None,0,0
1016631=Civie1 House,CAPARS05,256,74,64,0,None,0,0,1,0,0,None,None,None,0,0
1016632=Civie1 House,CAPARS05,256,77,64,0,None,0,0,1,0,0,None,None,None,0,0
1016633=Civie1 House,CAPARS05,256,47,54,0,None,0,0,1,0,0,None,None,None,0,0
1016634=Civie1 House,CAPARS05,256,41,54,0,None,0,0,1,0,0,None,None,None,0,0
1016635=Civie1 House,CAPARS06,256,56,61,0,None,0,0,1,0,0,None,None,None,0,0
1016636=Civie1 House,CAPARS05,256,74,79,0,None,0,0,1,0,0,None,None,None,0,0
1016637=Civie1 House,CAPARS05,256,78,80,0,None,0,0,1,0,0,None,None,None,0,0
1016638=Civie1 House,CAPARS06,256,67,81,0,None,0,0,1,0,0,None,None,None,0,0
1016639=Civie1 House,CAPARS04,256,64,79,0,None,0,0,1,0,0,None,None,None,0,0
1016640=Civie1 House,CAPARS05,256,73,87,0,088D0650,0,0,1,0,0,None,None,None,0,0
1016641=Civie1 House,CAPARS06,256,67,69,0,None,0,0,1,0,0,None,None,None,0,0
1016642=Civie1 House,CAPARS05,256,64,72,0,088D5E50,0,0,1,0,0,None,None,None,0,0
1016643=Civie1 House,CAPARS06,256,57,86,0,088D0650,0,0,1,0,0,None,None,None,0,0
1016644=Civie1 House,CAPARS06,256,57,69,0,None,0,0,1,0,0,None,None,None,0,0
1016645=Civie1 House,CAPARS05,256,54,72,0,None,0,0,1,0,0,None,None,None,0,0
1016646=Civie1 House,CAPARS06,256,89,61,0,None,0,0,1,0,0,None,None,None,0,0
1016647=Civie1 House,CAPARS05,256,53,40,0,None,0,0,1,0,0,None,None,None,0,0
1016648=Civie1 House,CAPARS05,256,56,40,0,None,0,0,1,0,0,None,None,None,0,0
1016649=Civie1 House,CAPARS04,256,62,40,0,None,0,0,1,0,0,None,None,None,0,0
1016650=Civie1 House,CAPRS03,256,55,53,0,None,0,0,1,0,0,None,None,None,0,0
1016651=Civie1 House,CAPARS06,256,57,26,0,None,0,0,1,0,0,None,None,None,0,0
1016652=Civie1 House,CAPARS05,256,42,20,0,None,0,0,1,0,0,None,None,None,0,0
1016653=Civie1 House,INBLULMP,256,38,62,0,None,0,0,1,0,0,None,None,None,0,0
1016654=Civie1 House,INYELWLAMP,256,48,36,0,None,0,0,1,0,0,None,None,None,0,0
1016655=Civie1 House,INYELWLAMP,256,82,71,0,None,0,0,1,0,0,None,None,None,0,0
1016656=Civie1 House,INREDLMP,256,68,64,0,None,0,0,1,0,0,None,None,None,0,0
1016657=Civie1 House,INBLULMP,256,38,43,0,078D8C10,0,0,1,0,0,None,None,None,0,0
1016658=Civie1 House,INBLULMP,256,38,25,0,078D8150,0,0,1,0,0,None,None,None,0,0
1016659=Civie1 House,INBLULMP,256,38,13,0,None,0,0,1,0,0,None,None,None,0,0
1016660=Civie1 House,INBLULMP,256,27,30,0,078D9AC0,0,0,1,0,0,None,None,None,0,0
1016661=Civie1 House,INBLULMP,256,12,35,0,078D9D70,0,0,1,0,0,None,None,None,0,0
1016662=Civie1 House,INYELWLAMP,256,45,67,0,None,0,0,1,0,0,None,None,None,0,0
1016663=Civie1 House,INREDLMP,256,81,57,0,None,0,0,1,0,0,None,None,None,0,0
1016664=Civie1 House,INREDLMP,256,60,45,0,None,0,0,1,0,0,None,None,None,0,0
1016665=Civie1 House,INREDLMP,256,51,46,0,None,0,0,1,0,0,None,None,None,0,0
1016666=Civie1 House,INREDLMP,256,51,55,0,None,0,0,1,0,0,None,None,None,0,0
1016667=Civie1 House,INREDLMP,256,68,78,0,None,0,0,1,0,0,None,None,None,0,0
1016668=Civie1 House,INREDLMP,256,68,87,0,None,0,0,1,0,0,None,None,None,0,0
1016669=Civie1 House,INREDLMP,256,58,80,0,None,0,0,1,0,0,None,None,None,0,0
1016670=Civie1 House,INREDLMP,256,58,33,0,None,0,0,1,0,0,None,None,None,0,0
1016671=Civie1 House,INREDLMP,256,50,23,0,None,0,0,1,0,0,None,None,None,0,0
1016672=Civie1 House,CAPARS10,256,61,63,0,08907F50,0,0,1,0,0,None,None,None,0,0
1016673=Civie1 House,CAPARS04,256,71,72,0,None,0,0,1,0,0,None,None,None,0,0
1016674=Civie1 House,CAPARS14,256,70,61,0,08907F50,0,0,1,0,0,None,None,None,0,0
1016675=Civie1 House,CAPARS05,256,86,64,0,089D5B70,0,0,1,0,0,None,None,None,0,0
1016676=Civie1 House,CAPARS10,256,66,47,0,None,0,0,1,0,0,None,None,None,0,0
1016677=Civie1 House,CAPARS04,256,44,54,0,None,0,0,1,0,0,None,None,None,0,0
1016678=Civie1 House,CAPARS13,256,46,19,0,None,0,0,1,0,0,None,None,None,0,0
1016679=Civie1 House,CAEURO05,256,45,60,0,None,0,0,1,0,0,None,None,None,0,0
1016680=Civie1 House,CAPARK01,256,54,29,0,None,0,0,1,0,0,None,None,None,0,0
1016681=Civie1 House,CAPARK01,256,58,29,0,None,0,0,1,0,0,None,None,None,0,0
1016682=Civie1 House,CAPARK01,256,47,25,0,None,0,0,1,0,0,None,None,None,0,0
1016683=Civie1 House,CAPARK01,256,47,63,0,None,0,0,1,0,0,None,None,None,0,0
1016684=Civie1 House,CAPARK01,256,77,69,0,None,0,0,1,0,0,None,None,None,0,0
1016685=Civie1 House,CAPARK01,256,91,69,0,None,0,0,1,0,0,None,None,None,0,0
1016686=Civie1 House,CAPARK01,256,65,40,0,None,0,0,1,0,0,None,None,None,0,0
1016687=Other1 House,CAOILD,256,64,89,0,None,0,0,1,0,0,None,None,None,0,0
1016692=Civie1 House,CAEURO05,256,65,41,0,None,0,0,1,0,0,None,None,None,0,0
1016693=Civie1 House,CAPARS11,256,61,32,0,None,0,0,1,0,0,None,None,None,0,0
1016694=Civie1 House,CAPARS04,256,70,54,0,None,0,0,1,0,0,None,None,None,0,0
1016695=Civie1 House,CAPARS04,256,73,54,0,None,0,0,1,0,0,None,None,None,0,0
1016696=Civie1 House,CAPARS04,256,76,54,0,None,0,0,1,0,0,None,None,None,0,0
1016697=Civie1 House,CAWASH07,256,86,61,0,None,0,0,1,0,0,None,None,None,0,0
1016698=Civie1 House,CAPARS05,256,53,60,0,08B4ABF0,0,0,1,0,0,None,None,None,0,0

[TESLA]
Name=Tesla Coil
Power=0

[Tags]
078D8150=0,Reveal Way O,078D8320
078D84D0=0,Reveal Way N,078D86A0
078D8C10=0,Reveal Way M,078DF210
078D9AC0=0,Reveal Way Q,078D9C90
078D9D70=0,Reveal Way P,078D9F40
083B76BC=0,_Flip Build Tab,083B646C
0843C690=0,Full Trak Discovered,0843CCA0
08445B0C=2,Re-enable Reinforce BG1,08445BEC
08445CDC=2,Reinforce BG1,08445DBC
0844AF50=0,CreateCivCar2Team,0844F520
084AFC6C=2,Tesla Built By Player,084AFE9C
0857BAAC=2,Objective 3 Reminder,0857BEFC
087D3730=0,Tesla Selected,087D3A80
088C9910=0,CreateCivCar1Team,08930180
088D0650=0,Reveal Way E,088D0A90
088D5E50=0,Reveal Way F,088D00E0
08907F50=0,Reveal Way A,088601B0
08978D70=0,Final Rush,08978F40
0897DA60=0,Player Near Tower,0897D490
089BA130=0,Suicide Dies,089BA6A0
089C1B00=0,CreateCivCar3Team,089C1F40
089D5B70=0,Reveal Way C,089D6140
089DDCD0=0,Suicide GI,089DE250
089F2850=0,Transport Discovered,089F31A0
08A11500=0,Reveal Way S,08A11920
08A67870=0,Flak Trak 2 Discovered,08A67270
08A82110=0,Reveal Way U,08A82380
08A828D0=0,Reveal Way T,08A829A0
08AB84E0=0,Win Timer,08AB8750
08AB8B50=0,Player Loses,08AB8D40
08B381A0=0,Reveal Way Y,08B37710
08B4ABF0=0,Reveal Way W and X,08B4B0F0
08B4B3C0=0,Reveal Way V,08B4BB20
08B82ABC=0,Objective 2,08B82CBC
08B82DAC=0,Objective1,08B8375C
08E000A0=0,Ivan Hint,08DFF090
0915F1B0=0,Tesla Talk,0915F590
092C8810=0,Flak Trak 1 Discovered,092CB280
092CF260=0,Reveal Way H,092CF430
092CF9A0=0,Reveal Way G,092CFE40
09EEBE5C=0,Full Trak Change,09EEBF3C
0A0A9BCC=2,Tesla To Other3,0A0ACC3C
0A12BDCC=0,Ambient City,0A12A7AC
0A12E50C=0,Ambient Ocean,0A1201BC
0A67A4AC=2,Cheer,0A67A58C
0A67AB8C=0,Win,0A67AC6C
0A70756C=0,Tower Destroyed Backup,0A70764C
0AD6CDCC=2,Paris Tower,0AD6F19C
0B009A2C=0,_Radar Movie 2,0B009B0C
0B009BFC=0,_Radar Movie 1,0B00823C
0B493DEC=0,Start Patrols,0B49294C
0CB23C9C=0,Win Delay,0CB2164C

[TaskForces]
0=089DD810
1=092AC620
2=077DC4A0
3=0AF56B7C
4=0B45562C
5=083C465C
6=083FB0AC
7=0843F29C
8=084404FC
9=0A0EC4BC
10=08A72790
11=08A70D40
12=08A70C40
13=08A70B40
14=08A70A40
15=09ED76CC
16=09ED733C

[TeamTypes]
0=07701760
1=08AB64E0
2=076E4560
3=076E41E0
4=0EBF61CC
5=088B124C
6=0B458E1C
7=0B45856C
8=0B4586BC
9=0B45991C
10=09FF31AC
11=0A0912DC
12=083D089C
13=0A0EC38C
14=084413FC
15=08444A1C
16=01000000

[Terrain]
9041=LT_EUR02
13041=TREE04
14042=LT_EUR01
17041=TREE17
17043=TREE17
17046=TREE17
17047=LT_EUR01
18048=TREE18
22041=LT_EUR02
22045=TREE17
25044=TREE01
25049=TREE07
26046=TREE04
27048=TREE17
27049=LT_EUR02
28037=LT_EUR02
28045=TREE03
29044=TREE17
29046=TREE07
29049=TREE10
29052=TREE01
29056=LT_EUR01
31013=LT_SGN04
31027=LT_SGN04
35013=LT_SGN02
35027=LT_SGN02
38052=TREE01
38056=TREE01
38060=TREE01
38064=TREE01
38065=TREE17
39044=TREE01
39047=TREE03
39049=TREE17
39059=LT_EUR01
40049=LT_EUR02
40067=TREE17
41046=TREE10
41048=TREE07
42045=TREE05
42069=TREE17
44071=TREE17
48045=TREE03
48074=TREE10
49041=TREE17
49044=LT_EUR01
49045=TREE17
49049=TREE17
49052=TREE17
49065=LT_EUR01
49070=LT_EUR01
49072=TREE07
49077=TREE17
49079=TREE17
50051=TRFF02
50077=TRFF01
51037=LT_EUR02
51064=TRFF02
53081=TREE12
54053=TREE01
56054=LT_EUR01
56061=LT_EUR01
56062=TREE03
56066=LT_EUR01
56085=TREE06
57050=TRFF01
57083=TRFF02
58064=TRFF03
59037=LT_EUR02
59041=TREE03
59049=TREE11
59066=TREE17
59067=LT_EUR01
59076=LT_EUR01
59077=TREE17
60059=TREE17
60061=TREE17
61049=LT_EUR02
61076=TREE01
62041=LT_EUR02
62084=LT_EUR02
63077=TREE17
63081=TREE17
64053=TREE12
64056=TREE17
64058=TREE17
64071=TREE17
64089=TREE17
64091=TREE17
64093=TREE17
65054=LT_EUR01
65060=LT_EUR01
65065=LT_EUR01
65072=TREE17
65081=TREE17
65084=TREE17
66050=TRFF01
66073=TREE17
66085=TREE17
66089=TREE17
66091=LT_EUR01
66095=TREE03
67073=LT_EUR02
67082=TRFF01
68059=TREE17
68069=TREE17
69041=LT_EUR02
69055=TREE07
69076=TREE17
69084=LT_EUR02
69086=TREE17
69087=LT_EUR01
69089=TREE17
69093=TREE17
70053=TREE03
70064=TREE01
70071=TREE17
70084=TREE17
71049=LT_EUR02
71077=TREE17
72059=TREE17
72084=TREE17
73052=TREE17
73057=TREE17
73070=TREE17
73089=TREE17
74045=LT_EUR01
74049=TREE09
74053=TREE17
74057=LT_EUR01
74062=TREE17
74067=TREE17
74069=LT_EUR01
74070=TREE17
74075=TREE01
74084=TREE17
75051=TRFF02
75061=TRFF02
76071=TRFF02
77053=LT_EUR01
77054=TREE17
77056=TREE17
77066=LT_EUR01
77074=TREE17
77076=LT_EUR01
77084=LT_EUR02
77085=TREE17
78049=TREE17
78076=TREE17
79057=TREE01
79068=TREE03
81052=TREE17
81081=TREE17
82057=TREE17
82064=TREE17
82074=TREE17
83055=TREE10
83065=LT_EUR01
83066=TREE17
83074=LT_EUR01
83076=TREE17
83080=LT_EUR01
84057=TREE17
84059=TREE17
84061=TRFF01
85071=TRFF03
86062=TREE17
87077=TREE04
88062=TREE17
90062=TREE17
90072=TREE07
91069=TREE17
92062=TREE17
92069=LT_EUR02
93063=TREE07
93069=TREE17
95065=TREE05
95068=TREE04
96067=TREE03

[Tiberiums]
0=Riparius
1=Cruentus
2=Vinifera
3=Aboreus

[Triggers]
078D8320=Americans,<none>,Reveal Way O,0,1,1,1,0
078D86A0=Americans,<none>,Reveal Way N,0,1,1,1,0
078D9C90=Americans,<none>,Reveal Way Q,0,1,1,1,0
078D9F40=Americans,<none>,Reveal Way P,0,1,1,1,0
078DF210=Americans,<none>,Reveal Way M,0,1,1,1,0
083B646C=Americans,<none>,_Flip Build Tab,0,1,1,1,0
0843CCA0=Americans,<none>,Full Trak Discovered,0,1,1,1,0
08445BEC=Americans,<none>,Re-enable Reinforce BG1,1,1,1,1,0
08445DBC=Player,<none>,Reinforce BG1,0,1,1,1,0
0844F520=Other1,<none>,CreateCivCar2Team,0,1,1,1,0
084AFE9C=Player,<none>,Tesla Built By Player,0,1,1,1,0
0857BEFC=Americans,<none>,Objective 3 Reminder,1,1,1,1,0
087D3A80=Americans,<none>,Tesla Selected,0,1,1,1,0
088601B0=Americans,<none>,Reveal Way A,0,1,1,1,0
088D00E0=Americans,<none>,Reveal Way F,0,1,1,1,0
088D0A90=Americans,<none>,Reveal Way E,0,1,1,1,0
08930180=Other1,<none>,CreateCivCar1Team,0,1,1,1,0
08978F40=Americans,<none>,Final Rush,1,1,1,1,0
0897D490=Other2,<none>,Player Near Tower,0,1,1,1,0
089BA6A0=Americans,<none>,Suicide Dies,0,1,1,1,0
089C1F40=Other1,<none>,CreateCivCar3Team,0,1,1,1,0
089D6140=Americans,<none>,Reveal Way C,0,1,1,1,0
089DE250=Americans,<none>,Suicide GI,0,1,1,1,0
089F31A0=Americans,<none>,Transport Discovered,0,1,1,1,0
08A11920=Americans,<none>,Reveal Way S,0,1,1,1,0
08A67270=Americans,<none>,Flak Trak 2 Discovered,0,1,1,1,0
08A82380=Americans,<none>,Reveal Way U,0,1,1,1,0
08A829A0=Americans,<none>,Reveal Way T,0,1,1,1,0
08AB8750=Player,<none>,Win Timer,1,1,1,1,0
08AB8D40=Player,<none>,Player Loses,0,1,1,1,0
08B37710=Americans,<none>,Reveal Way Y,0,1,1,1,0
08B4B0F0=Americans,<none>,Reveal Way W and X,0,1,1,1,0
08B4BB20=Americans,<none>,Reveal Way V,0,1,1,1,0
08B82CBC=Americans,<none>,Objective 2,1,1,1,1,0
08B8375C=Americans,<none>,Objective1,0,1,1,1,0
08DFF090=Americans,<none>,Ivan Hint,0,1,1,1,0
0915F590=Americans,<none>,Tesla Talk,1,1,1,1,0
092CB280=Americans,<none>,Flak Trak 1 Discovered,0,1,1,1,0
092CF430=Americans,<none>,Reveal Way H,0,1,1,1,0
092CFE40=Americans,<none>,Reveal Way G,0,1,1,1,0
09EEBF3C=Americans,<none>,Full Trak Change,1,1,1,1,0
0A0ACC3C=Player,<none>,Tesla To Other3,1,1,1,1,0
0A1201BC=Americans,<none>,Ambient Ocean,0,1,1,1,0
0A12A7AC=Americans,<none>,Ambient City,0,1,1,1,0
0A67A58C=Player,<none>,Cheer,1,1,1,1,0
0A67AC6C=Player,<none>,Win,1,1,1,1,0
0A70764C=Other3,<none>,Tower Destroyed Backup,1,1,1,1,0
0AD6A15C=Other2,<none>,Tower Energized,1,1,1,1,0
0AD6F19C=Americans,0AD6A15C,Tower Destroyed,0,1,1,1,0
0B00823C=Americans,<none>,_Radar Movie 1,0,1,1,1,0
0B009B0C=Americans,<none>,_Radar Movie 2,0,1,1,1,0
0B49294C=Americans,<none>,Start Patrols,0,1,1,1,0
0CB2164C=Americans,<none>,Win Delay,1,1,1,1,0

[Units]
0=BadGuy1 House,MTNK,256,80,59,128,Guard,None,0,-1,0,-1,1,1
1=BadGuy1 House,MTNK,256,55,32,64,Guard,092CF9A0,0,-1,0,-1,1,1
2=BadGuy1 House,MTNK,256,58,32,64,Guard,092CF9A0,0,-1,0,-1,1,1
3=BadGuy1 House,MTNK,256,58,35,64,Guard,092CF9A0,0,-1,0,-1,1,1
4=BadGuy1 House,FV,256,67,90,32,Guard,None,0,-1,0,-1,1,1
5=BadGuy1 House,MTNK,256,58,81,0,Guard,None,0,-1,0,-1,1,1
6=BadGuy1 House,MTNK,256,44,71,32,Guard,None,0,-1,0,-1,1,1
7=BadGuy1 House,MTNK,256,43,61,96,Guard,None,0,-1,0,-1,1,1
8=BadGuy1 House,MTNK,256,50,43,128,Guard,08A82110,0,-1,0,-1,1,1
9=BadGuy1 House,MTNK,256,51,43,128,Guard,None,0,-1,0,-1,1,1
10=BadGuy1 House,MTNK,256,59,43,128,Guard,08A828D0,0,-1,0,-1,1,1
11=BadGuy1 House,MTNK,256,60,43,128,Guard,None,0,-1,0,-1,1,1
12=BadGuy1 House,FV,256,75,46,128,Guard,None,0,-1,0,-1,1,1
13=BadGuy1 House,MTNK,256,62,53,96,Guard,None,0,-1,0,-1,1,1
14=BadGuy1 House,FV,256,49,53,96,Guard,None,0,-1,0,-1,1,1
15=Other1 House,HTK,256,51,79,0,Sleep,08A67870,0,-1,0,-1,1,1
16=BadGuy1 House,FV,256,27,34,32,Guard,None,0,-1,0,-1,1,1
17=Civie1 House,PICK,256,86,67,64,Sleep,None,0,-1,0,-1,1,1
18=Civie1 House,PICK,256,73,57,64,Sleep,None,0,-1,0,-1,1,1
19=Civie1 House,PICK,256,62,57,64,Sleep,None,0,-1,0,-1,1,1
20=Civie1 House,PICK,256,57,57,64,Sleep,None,0,-1,0,-1,1,1
21=Civie1 House,PICK,256,62,59,0,Sleep,None,0,-1,0,-1,1,1
22=Civie1 House,PICK,256,82,72,0,Guard,None,0,-1,0,-1,1,1
23=Civie1 House,PICK,256,70,50,192,Sleep,08A11500,0,-1,0,-1,1,1
24=Civie1 House,PICK,256,79,51,192,Sleep,08A11500,0,-1,0,-1,1,1
25=Civie1 House,PICK,256,59,49,0,Sleep,None,0,-1,0,-1,1,1
26=Civie1 House,PICK,256,49,68,0,Sleep,08B4ABF0,0,-1,0,-1,1,1
27=Civie1 House,PICK,256,38,21,0,Sleep,None,0,-1,0,-1,1,1
28=Civie1 House,PICK,256,43,18,0,Guard,None,0,-1,0,-1,1,1
29=Civie1 House,PICK,256,49,21,0,Sleep,None,0,-1,0,-1,1,1
30=Civie1 House,PICK,256,50,38,128,Sleep,None,0,-1,0,-1,1,1
31=Civie1 House,PICK,256,51,29,128,Sleep,None,0,-1,0,-1,1,1
32=Civie1 House,PICK,256,50,41,0,Sleep,None,0,-1,0,-1,1,1
33=Civie1 House,PICK,256,78,60,0,Sleep,089D5B70,0,-1,0,-1,1,1
34=Civie1 House,PICK,256,64,87,0,Sleep,None,0,-1,0,-1,1,1
35=Civie1 House,PICK,256,50,77,0,Sleep,None,0,-1,0,-1,1,1
36=Other1 House,PICK,256,50,56,0,Guard,None,0,1,0,-1,1,1
37=Other1 House,PICK,256,53,67,192,Guard,None,0,3,0,-1,1,1
38=Other1 House,PICK,256,38,50,0,Sleep,089F2850,0,2,0,-1,1,1
39=BadGuy1 House,MTNK,256,55,35,64,Guard,092CF9A0,0,-1,0,-1,1,1
40=Civie1 House,EUROC,256,49,47,64,Sleep,None,0,-1,0,-1,1,1
41=Civie1 House,CAR,256,43,49,0,Sleep,None,0,-1,0,-1,1,1
42=Civie1 House,PTRUCK,256,83,78,96,Sleep,None,0,-1,0,-1,1,1
43=Civie1 House,EUROC,256,75,72,224,Sleep,None,0,-1,0,-1,1,1
44=Civie1 House,STANG,256,72,80,192,Sleep,None,0,-1,0,-1,1,1
45=Civie1 House,SUVB,256,49,63,0,Sleep,None,0,-1,0,-1,1,1
46=Civie1 House,TAXI,256,41,66,0,Sleep,None,0,-1,0,-1,1,1

[Vinifera]
Value=50

[Waypoints]
0=67071
1=81079
2=66085
3=76074
4=93067
5=76062
6=33057
7=33050
8=65094
9=66057
10=83050
11=50026
12=42034
13=35031
14=21027
15=42020
16=28023
17=15043
18=50078
19=54067
20=54055
21=59052
22=67045
23=71043
24=54052
25=79051
26=50050
27=50064
28=57064
29=57083
30=68083
31=68075
32=69073
33=65069
34=67067
35=67050
36=65092
37=84061
38=76061
39=76070
40=84070
41=75060
42=57051
43=57063
44=51063
45=51051
46=57040
47=51040
48=51050
49=57050
50=58082
51=58064
52=29038
53=29040
54=50040
55=50051
56=58051
57=58038
58=33039
59=33027
60=72080
61=53032
78=67051
79=75051
80=75071
81=85071
82=85060
83=67060
98=74078

[Digest]
1=34YEzdVSN3/6K24lRARO6b71DHE=
