[Ranking]
ParTimeEasy=00:30:00
ParTimeMedium=00:20:00
ParTimeHard=00:12:00
UnderParTitle=GUI:ParTitleSov06
UnderParMessage=GUI:UnderParMsgSov05
OverParTitle=GUI:ParTitleSov05
OverParMessage=GUI:OverParMsgSov05

[HARV]
Storage=20

[CMIN]
Storage=10

[Tiberiums]
0=Riparius
1=Cruentus
2=Vinifera
3=Aboreus

[Riparius]
Value=50

[Cruentus]
Value=100

[Vinifera]
Value=50

[Aboreus]
Value=50

[INGALITE]
Name=Invisible Light Post
LightVisibility=4000
LightIntensity=0.01
LightRedTint=0.5
LightGreenTint=0.5
LightBlueTint=0.5

[INYELWLAMP]
Name=Invisible Yellow Light Post
LightVisibility=4000
LightIntensity=0.01
LightRedTint=0.5
LightGreenTint=0.5
LightBlueTint=0.0

[INPURPLAMP]
Name=Invisible Purple Light Post
LightVisibility=4000
LightIntensity=0.01
LightRedTint=1.5
LightGreenTint=0.01
LightBlueTint=0.01

[INGRNLMP]
Name=Invisible Green Light Post
LightVisibility=4000
LightIntensity=0.01
LightRedTint=1.5
LightGreenTint=0.01
LightBlueTint=0.01

[INREDLMP]
Name=Invisible Red Light Post
LightVisibility=2000
LightIntensity=0.01
LightRedTint=0.4
LightGreenTint=0.2
LightBlueTint=0.01

[INBLULMP]
Name=Invisible Blue Light Post
LightVisibility=3000
LightIntensity=0.01
LightRedTint=0.01
LightGreenTint=0,01
LightBlueTint=0.7

[IVAN]
Name=Crazy Ivan
Prerequisite=NAHAND

[ENGINEER]
Name=Engineer
TechLevel=-1

[ADOG]
Name=Allied Attack Dog
TechLevel=-1

[CAMISC01]
Name=RA2 Barrels
Strength=2

[CAMISC02]
Name=RA2 Barrel
Strength=1

[BarrelExplosion]
Projectile=Invisible
Damage=50
Warhead=OilExplosionWH
Anim=RING1

[PICK]
Name=Pickup Truck
Category=Support
Passengers=0
Crusher=no

[NAHAND]
Name=Soviet Barracks
Power=0

[TESLA]
Name=Tesla Coil
Power=0

[CAPARS01]
UIName=Name:CAPARS01
Name=RA2 Paris Tower
TechLevel=-1
Strength=30000
Insignificant=yes
Nominal=yes
RadarInvisible=no
Points=5
Armor=concrete
Explosion=TWLT070,S_BANG48,S_BRNL58,S_CLSN58,S_TUMU60
MaxDebris=0
BaseNormal=no
Primary=EiffelBolt
Power=-100
Powered=Yes
Overpowerable=true
Bombable=no

[SpecialFlags]
TiberiumGrows=no
TiberiumSpreads=yes
TiberiumExplosive=no
DestroyableBridges=no
MCVDeploy=no
InitialVeteran=no
FixedAlliance=no
HarvesterImmune=no
FogOfWar=no
Inert=no
IonStorms=no
Meteorites=no
Visceroids=no

[Countries]
0=Player
1=BadGuy1
2=BadGuy2
3=BadGuy3
4=Civilian1
5=Other1
6=Other2
7=Other3

[Player]
ParentCountry=Russians
Name=Player
Suffix=Allied
Prefix=G
Color=DarkRed
Side=Nod
SmartAI=yes
CostUnitsMult=1

[BadGuy1]
ParentCountry=Americans
Name=BadGuy1
Suffix=Soviet
Prefix=B
Color=DarkRed
Side=GDI
SmartAI=yes
CostUnitsMult=1

[BadGuy2]
ParentCountry=Americans
Name=BadGuy2
Suffix=Soviet
Prefix=B
Color=DarkRed
Side=GDI
SmartAI=yes
CostUnitsMult=1

[BadGuy3]
ParentCountry=Americans
Name=BadGuy3
Suffix=Soviet
Prefix=B
Color=DarkRed
Side=GDI
SmartAI=yes
CostUnitsMult=1

[Civilian1]
ParentCountry=Civie1 House
Name=Civilian1
Suffix=CIV
Prefix=C
Color=LightGold
MultiplayPassive=true
SmartAI=yes
Side=Civilian

[Other1]
ParentCountry=Germans
Name=Other1
Suffix=Allied
Prefix=G
Color=Grey
Side=GDI
MultiplayPassive=true
SmartAI=yes

[Other2]
ParentCountry=Germans
Name=Other2
Suffix=Allied
Prefix=G
Color=Grey
Side=GDI
SmartAI=yes

[Other3]
ParentCountry=Germans
Name=Other3
Suffix=Allied
Prefix=G
Color=Grey
Side=GDI
SmartAI=yes

[Basic]
Briefing=Brief:Sov03
NextScenario=GDI2A.map
AltNextScenario=GDI9C.MAP
NewINIFormat=4
CarryOverCap=0
EndOfGame=no
SkipScore=no
OneTimeOnly=no
SkipMapSelect=no
Official=yes
IgnoreGlobalAITriggers=yes
TruckCrate=no
TrainCrate=no
Percent=0
Theme=Motorized
Player=Player House
Intro=<none>
Brief=S05_f00e
Win=<none>
Lose=<none>
Action=<none>
PostScore=<none>
PreMapSelect=<none>
CarryOverMoney=0.000000
TimerInherit=no
FillSilos=no
StartingDropships=0
HomeCell=98
AltHomeCell=98
MultiplayerOnly=0
TiberiumGrowthEnabled=no
VeinGrowthEnabled=no
IceGrowthEnabled=no
TiberiumDeathToVisceroid=no
FreeRadar=yes
InitTime=10000

[Lighting]
Ambient=1.000000
Red=0.750000
Green=0.750000
Blue=1.000000
Ground=0.000000
Level=0.000000
IonAmbient=0.870000
IonRed=0.300000
IonGreen=0.400000
IonBlue=0.750000
IonGround=0.000000
IonLevel=0.000000

[Houses]
0=Player House
1=BadGuy1 House
2=BadGuy2 House
3=BadGuy3 House
4=Civie1 House
5=Other1 House
6=Other2 House
7=Other3 House

[Player House]
Country=Player
TechLevel=10
Credits=25
IQ=0
Edge=South
PlayerControl=yes
Color=DarkRed
Allies=Player House,BadGuy3 House,Other2 House,Other3 House
PercentBuilt=0
NodeCount=0

[BadGuy1 House]
Country=BadGuy1
TechLevel=10
Credits=100
IQ=2
Edge=North
PlayerControl=no
Color=DarkBlue
Allies=BadGuy1 House,BadGuy2 House,BadGuy3 House,Civie1 House,Other1 House,Other2 House
PercentBuilt=0
NodeCount=0

[BadGuy2 House]
Country=BadGuy2
TechLevel=10
Credits=100
IQ=1
Edge=North
PlayerControl=no
Color=DarkBlue
Allies=BadGuy1 House,BadGuy2 House,Civie1 House,Other1 House,Other2 House
PercentBuilt=0
NodeCount=0

[BadGuy3 House]
Country=BadGuy3
TechLevel=5
Credits=0
IQ=0
Edge=North
PlayerControl=yes
Color=DarkRed
Allies=Player House,BadGuy3 House
PercentBuilt=0
NodeCount=0

[Civie1 House]
Country=Civilian1
TechLevel=1
Credits=0
IQ=0
Edge=South
PlayerControl=no
Color=Grey
Allies=Civie1 House
PercentBuilt=0
NodeCount=0

[Other1 House]
Country=Other1
TechLevel=0
Credits=20
IQ=0
Edge=South
PlayerControl=no
Color=Grey
Allies=Other1 House
PercentBuilt=0
NodeCount=0

[Other2 House]
Country=Other2
TechLevel=10
Credits=100
IQ=2
Edge=South
PlayerControl=no
Color=Grey
Allies=Player House,BadGuy1 House,Civie1 House,Other1 House,Other2 House,Other3 House
PercentBuilt=0
NodeCount=0

[Other3 House]
Country=Other3
TechLevel=10
Credits=0
IQ=0
Edge=South
PlayerControl=yes
Color=DarkRed
Allies=Player House,Other3 House
PercentBuilt=0
NodeCount=0

[Map]
Theater=URBAN
Size=0,0,34,66
LocalSize=2,4,30,56

[Waypoints]
0=67071
1=81079
2=66085
3=76074
4=93067
5=76062
6=33057
7=33050
8=65094
9=66057
10=83050
11=50026
12=42034
13=35031
14=21027
15=42020
16=28023
17=15043
18=50078
19=54067
20=54055
21=59052
22=67045
23=71043
24=54052
25=79051
26=50050
27=50064
28=57064
29=57083
30=68083
31=68075
32=69073
33=65069
34=67067
35=67050
36=65092
37=84061
38=76061
39=76070
40=84070
41=75060
42=57051
43=57063
44=51063
45=51051
46=57040
47=51040
48=51050
49=57050
50=58082
51=58064
52=29038
53=29040
54=50040
55=50051
56=58051
57=58038
58=33039
59=33027
60=72080
61=53032
78=67051
79=75051
80=75071
81=85071
82=85060
83=67060
98=74078

[CellTags]
24036=0B009A2C
25036=0B009A2C
25037=0B009A2C
26036=0B009A2C
26037=0B009A2C
27036=0B009A2C
27037=0B009A2C
31045=0897DA60
31046=0897DA60
31047=0897DA60
31048=0897DA60
31049=0897DA60
31050=0897DA60
32045=0897DA60
32050=0897DA60
33045=0897DA60
33050=0897DA60
34045=0897DA60
34050=0897DA60
35045=0897DA60
35050=0897DA60
36045=0897DA60
36046=0897DA60
36047=0897DA60
36048=0897DA60
36049=0897DA60
36050=0897DA60
37067=0B009A2C
38067=0B009A2C
39067=0B009A2C
40067=0B009A2C
41067=0B009A2C
42049=0B009A2C
42050=0B009A2C
42051=0B009A2C
42052=0B009A2C
42058=0B009A2C
42059=0B009A2C
42060=0B009A2C
42061=0B009A2C
42067=0B009A2C
43039=0B009A2C
43040=0B009A2C
43041=0B009A2C
43042=0B009A2C
43043=0B009A2C
43044=0B009A2C
43045=0B009A2C
43046=0B009A2C
43047=0B009A2C
43048=0B009A2C
43049=0B009A2C
43052=0B009A2C
43053=0B009A2C
43054=0B009A2C
43055=0B009A2C
43056=0B009A2C
43057=0B009A2C
43058=0B009A2C
43061=0B009A2C
43062=0B009A2C
43063=0B009A2C
43064=0B009A2C
43065=0B009A2C
43066=0B009A2C
43067=0B009A2C
44037=0B009A2C
44038=0B009A2C
44039=0B009A2C

[IsoMapPack5]
1=LRAAIAkiAAEAQwEAAAACACFPAEMBAGkBIigpACMoKAACIAADAD+hBCHIAQEBAgAiSQE7tQ
2=IjyAFVAiRKAf//kAkBHwAEAN0KIEgBZQgCdQ0EkQkDZggEAGQIVQIjQARoAVUCJEgBxQgl
3=SQFTTAkDAQYAHgAFmAZVEh/IAVUNIEgBeAZVAiHIAVUCIkkBPOYTBQBoAVUCJFQCJ14BBQ
4=B8CgEABgAmVQImbwUGAB1YAd0VHkgB3RUfyAFFEyBIAXQNXRUhyAFVAiJIAWgMVQIjyAFV
5=AiRIASe1AQaUDVUYJlQC1Q0nyAFXAhwAB+0bHcgBXRUeSQE9ZxMCAB/IAVUCIEgBdA2FHg
6=ftGyJVAjqtBSPIAU0FJEgBJw0CB4wQcA5UAicOAgcAaAFNECjUAgMCBgAbAAj9NhxIAd0g
7=HcgBTRseSAFkE0UeH8gBVQIgSAFkE1UCIcgBVQIiSAFkE1UCI8gBVQIkSAEnZQIIhBNNEC
8=ZUAngRAQAGACfIAVUCKMgBRRMpSQH5eBwDBgAaAAkAZBNdIBvIAUUeHEgBZDRVAh3IAVUC
9=HkkBPngGZikJAGgBVQIgVAJkE00FIcgBVQIiSAHFCCPIAVUCJEgBdA1VGCVIASfuCAkAJ7
10=wCqAGcFagBnxUJAPZjDwYAKlkG8asBGQAK/SsaSAHdChvIAVUjHEgBbBBVDR3IAVUCHkgB
11=aBdVAh/IAVUCIEgBdBhVAiHIAVUCIkgBxQgjyAFVAiRIAXQNRR4lSAF0GF0VJkgBJxUDCo
12=AaVQIo1AKVGAooFwMKAO21GCtABMMaGAAL7TEZyAFNJhpIAWwQVQ0byAFVAhxIAXREVQId
13=yAFVAh5IAcUTH8gBVQIgSAHFCCHIAVUCIkgBxQgjyAFVAiRIAWQIXSAlSAFtGwB2ewsAJ2
14=wDqAGMG6gBjRsLKG0DCyhsAycpACxRCfWnHhcADP02GEgB1Q0ZyAFdKxpIAXwVTRAbyAFV
15=AhxIAXwVVQIdyAFVAh5IAcUIH8gBVQIgSAHFCCHIAVUCIkgBxQgjyAFVAiRIAXRwUR8lSA
16=FkHk0bJkgBJ8UDDJAfVQIo1AKFHgwoxQMMKMcDDADwuRwsTAVMrgIAAAYALUkB/bcCFgAN
17=7TwXyAFBDxhIAXwVVTkZyAFVAhpIAXwVVQIbyAFVAhxIAWRVVQIdyAFVAh5IAXQYVQIfyA
18=FVAiBIAcUIIcgBVQIiSAHFCCPIAVUCJEgBZAhJIiVIAXwgSRcmSAEnHgQNAGgBnCCoAZ0g
19=DSgdBA0oHQQNKB0EDZkgAHwgJykALlwKy5AVAA79QRZIAdU5F8gBWREYSAF0I0U/GcgBVQ
20=IaSAFsG1UCG8gBVQIcSAFsG1UCHcgBVQIeSAFsG1UCH8gBVQIgSAHFCCHIAVUCIkgBxQgj
21=yAFVAiRIAXSGQSUlSAF0I10gJkkBOKE7J8gBVQIoyAGXIw4A+qEEKlUC8qkBK0kB9KkBLE
22=gBmCN3Iw4A+7UCLlQCzQUvSAHDZxQAD+1HFcgBWREWSAF0I0U/F8gBVQIYSAFsG1UCGcgB
23=VQIaSAFsG1UCG8gBVQIcSAHFCB3IAVUCHkgBZB5NBR/IAVUCIEgBxQghyAFVAiLIAV0rI8
24=gBjSYPkMRJASVUAmwmUUAmSAFtJgR20w8AaAEBBQYAKNQCAQYGACnJAQd3vQ8A5nsjBgAr
25=VAJoAV0rLMgBXSstyAEBAwYALsgBSQwvyAFNBTDIAU8FEwAQ/UwUSAHdTBXIAVEUFkgBfC
26=BVGBfIAVUCGEgBZClVAhnIAVUCGkgBfCBVAhvIAVUCHEgBxQgdyAFVAh5IAWQpTQUfyAFV
27=AiBIAcUIIcgBVQIiSAF0DVEqI0gBcBRBMCTIAVUCJUgBZClNGyZIAXknCGUpEIUpCWQpqQ
28=EKZCmpAQtlKRCEKVUuK1gGZClVLizIAVUuLcgBVS4uyAFNBS/IAU0FMMgBTQUxyAFPBRIA
29=Ee1SE8gBURQUSAF8IEkXFcgBVQIWSAFsG1UCF8gBVQIYSAF8IFUCGcgBVQIaSAHFCBvIAV
30=UCHEgBxQgdyAFVAh5IAcUIH8gBVQIgSAFsflEqIUgBeAZBMCLIAVUCI0gBfCtVAiTIAVUC
31=JUgBfCtZSCZIAX0rDH0rEZ0rDXwrqQEOfysRAPeldipMBdn4K0gBI1MmBgAsSAHBBC1JAe
32=+tBS5IAc0FL0gBzQUwSAHNBTFIAcEEMkkBBbsGEQAS/VcSSAHJFxPIAUkXFEgBbCZBGhXI
33=AVUCFkgB0R8XyAFVAhhIAWwmTQUZyAFVAhpIAcUIG8gBVQIcSAHFCB3IAVUCHkgBxQgfyA
34=FVAiBIAWxdQTAhSAFgBEE7IsgBVQIjSAF4MlUCJMgBVQIlSAF0LpZaEgB5zAB0LqgBVQIo
35=QAR0Al14KUgBJzUoEvnMK1QCxSksSAHBBC1JAe25Jy5IAdGuL0gBzQUwSAHBtDFIAc33Mk
36=gBdC5VDTPIAUeMEAAT7V0RyAFJFxJIAWwmQRoTyAFVAhRIAWwmVQIVyAFVAhZIAckiF8gB
37=VQIYSAHFCBnIAVUCGkgBxQgbyAFVAhxIAcUIHcgBVQIeSAFkCEEwH0gBYDBBOyDIAVUCIU
38=gBeAZVAiLIAVUCI0gBbDFVAiTIAVUCJUgBbDFBMCZIAScFDBMoBAyoAYVgEyj2HxMA3Ssr
39=WAZ0tkUILEgB3SstSAHdKy5IAcEwL0gBzQUwSAHVAjFJAfi9NjJIAWwxVZEzyAFVkTRIAS
40=X8IAEPABQAJb05EEgB3WIRyAFBGhJIAXQjWRwTyAFVAhRIAXwrVQIVyAFVAhZIAcElF8gB
41=VQIYSAHFCBnIAVUCGkgBxQgbyAFVAhxIAcUIHcgBVQIeSAFsBVE1H0gBcBRJQyDIAVUCIU
42=gBaAxVAiLIAVUCI0gBdDlVAiTIAVUCJUgBZDRdYiZIAXxiSS0nyAFVAijIAV1XKUkB/KUp
43=KkgB3SsrKCkALCgpAC1IAc0FLkgBzQUvKCkAMCgpADFIAc0FMkgBZDRFwzPIAUXDNEgB1X
44=A1SAHfmQ4AFSNMIEEaD8gBQRoQSAFsJlUCEcgBVQISSAF4U1UCE8gBVQIUSAFkKVUCFcgB
45=VQIWSAHRKhfIAVUCGEgB0SoZyAFVAhpIAdUNG8gBVQIcSAF0DVE1HUgBaAxJQx7IAVUCH0
46=gBaAxVAiDIAVUCIUgBaAxVAiLIAVUCI0gBfDZVAiTIAVUCJUkBVnBdIkY1FQAn3AaoAZw2
47=qAGeNhUAwTAqWAbJASsoKQAsKCkALSgpAC4oKQAvKCkAMCgpADEoKQAySAEn3gYVAGgBnT
48=YVJskqNUAEJRkqNkgBJRsqDQAW/W0OSAHZHA/IAVkcEEgBfCtRHxHIAVUCEkgBfCtVAhPI
49=AVUCFEgByS0VyAFVAhZIAcktF8gBVQIYSAHJLRnIAVUCGkgB1Q0byAFVAhxIAWQTQTsdSA
50=FgBEFGHsgBVQIfSAF4EVUCIMgBVQIhSAF4EVUCIsgBVQIjSAF4EVUCJEkBTak4JUkBUakB
51=JkgBJ50UFiicFKgBnqQWANmVKkwFJzUHFu08LChVAC1IAc0FLkgBzQUvKCkAMCgpADFIAc
52=0FMkkByLkRM8gBRUo0SQHqtQI1SQHlqQE2yAFBBDfIAUtODAAX7XMNyAFRHw5IAdEfD8gB
53=VQIQSAFsMUkiEcgBVQISSAF0LlUCE8gBVQIUSAHBMBXIAVUCFkgBwTAXyAFVAhhIAcEwGc
54=gBVQIaSAF0DUE7G0gBaAxZSBzIAVUCHUgBaAxVAh7IAVUCH0gBaAxVAiDIAVUCIUoBKQRA
55=ISLnVBcAIqkBI1QCyQEkSQGHSKZJIiVIAcEwJkgBJ8UOF5B3WSco1AJNBSlIAcGeKkgBJb
56=EnKygpACwoKQAtSAEnXiIXAM0FL1QCyQEwKCkAMUgB3eYySAFsPFUNM8gBAQMGADRIAWw8
57=WRE1SAFsPFHlNsgBUeU3yAFBtDjIAUN9CwAY/XgMSAHRKg3IAUElDkgBZD9ZJw/IAVUCEE
58=gBbDFVAhHIAVUCEkgBxQgTyAFVAhRIAdkyFcgBVQIWSAHZMhfIAVUCGEgBZD9dChnIAVUC
59=GsgBUUAbSAF4EVFLHMgBVQIdSAF4EVUCHsgBVQIfSAF4EVUCIMgBVQIhSQEouT0iSAFsPA
60=EEAgAjyAEBBQIAJMgBAQYFACXIAQEHBQAmSAEn5QcYKOQHqAFNMSlABCflBxgoDEQnKQAs
61=QATZPS0oKQAuKCkALygpADAoKQAxSAEn5gcYAGC0QTszVAJoAUE7NEgB2VM1KCkANigpAD
62=coKQA4SAFQXiI9SjkoKwAKABntfgvIAUElDEgByS0NyAFVAg5IAcktD8gBVQIQSAHJLRHI
63=AVUCEkgBZD9BMBPIAVUCFEgBZD9VAhXIAVUCFkgBZD9VAhfIAVUCGEgBbAVRQBlIAWAESU
64=MayAFVAhtIAXAUVQIcyAFVAh1IAXAUVQIeyAFVAh9IAXAUVQIgyAFVAiFIASc/CBkAh01+
65=CHxBqgEJA1xBqAEBCgQAJUwFYQQLfUEZkUAAIoQyqAFJbyhABHREnUEZKFUsGSg8CCcpAC
66=xMBSc8CCdVAC4oVQAvKCkAMCgpADFIASc+CBkAcEBJejNUAmgBSXo0SAHNPDVIAclDNigp
67=ADcoKQA4SAHNBTkoKQA6KCsACQAa/YMKSAHZJwvIAVknDEgBwTANyAFVAg5IAcEwD8gBVQ
68=IQSAHFCBHIAVUCEkgBdERZMhPIAVUCFEgBZD9VAhXIAVUCFkgB0UAXyAFVAhhIAXwKQUYZ
69=SAFwCVlIGsgBVQIbSAFwCVUCHMgBVQIdSAFwCVUCHsgBVQIfSAFgGlUCIMgBVQIhSAEnlw
70=gaAP5UREEEI1UCHXwndkQaAIgBd0QaAP9gBHZEGgB9QQB0RKgBlESoAZVEGiiVCBoolAgn
71=KQAsSAwnlwgaAHl0DSKcS6gBUQkvQQR/tQIwyAFVAjFIASeVCBqURE0QM1QCdERBBDRIAX
72=QGVQI1KCkANigpADcoKQA4KCkAOSgpADooKQA7KCsACAAbJn08CcgBWScKyAFNJgvIAVUC
73=DEgBdERVAg3IAVUCDkgBdDlVAg/IAVUCEEgBwTsRyAFVAhJJAT1rLQIAE8gBVQIUSAHBOx
74=XIAVUCFkgBdA1BRhdIAWgMUUsYyAFVAhlIAWgMVQIayAFVAhtIAWgMVQIcyAFVAh1IAWgM
75=VQIeyAFVAh9IAWxHVQIgyAFVAiFIASftCBsksCdnjBsAiEgXh84bAIlJAQBkzqkBAW5HGw
76=An7AioAV02KFAJdAKNRxso7QgbKOwIJykALEwFJ+0IG4xHWQYuVAJ4SAEDBgAvSAFsR1UC
77=MMgBVQIxSAEn7QgbjEdBBDNUAmxHQQQ0SAEn7QgbhAEBAAYANihVADcoKQA4KCkAOSgpAD
78=ooKQA7KCkAPCgrAAcAHP2OCEgB0SoJyAFRKgrIAUktC8gBVQIMSQE7RClVAg3IAVUCDkgB
79=2T0PyAFVAhBIAdk9EcgBVQISSAHZPRPIAVUCFEgB2T0VyAEIAwIAFgAcADwBAAARAABGDw
80=AgDwECABcAHAA/AQAAAAIAGAAcAGgBVQIZSQE7tQIayAFVAhtJAT61AhzIAVUCHUkBOrUC
81=HsgBVQIfSQE9tQIgyAFVAiFKAScElQ0iSQEmqQEjKCkAJEkBiVgGAQIGACVKAf//TwUGAC
82=ZJASZUAgEABgAnyAEBAQYAKMgBTQUpSQH2oQQqSQHtqQErKCkALCgpAC1JAWZYClEJLsgB
83=UQkvyAFRCTBJAXVABFUCMcgBVQIySQEFXAoBBAYAM8gBAQUGADRIAUkFAFEJNSgpADYoKQ
84=A3KCkAOCgpADkoKQA6KCkAOygpADwoKQA9KCgAAgYAHQBHew0GAAfIAVEUCMgBTRAJyAFV
85=AgrIAVUCC8gBVQIMyAFVAg3IAVUCDkkBqb0KD8gBUTUQSAHZPRHIAVUCEkgB2T0TyAFVAh
86=RIAXg9AQMCABVJATxAJQECAgAWyAFVAhdIAXBLVQIYyAFVAhlIAXxMVQIaSQFOrRAbSQFK
87=qQEcSAHFEx3IAVUNHkgBbBBFCB9IAWAPRQggyAFVAiFIAc0QIsgBVQIjSAHNECRJATKpDC
88=VJAVepASZIASeeCR0AaAFVIyjUAlFAKUgBJ54JHQAnnAknKQAsQATVAi1IAXxMAQMGAC7I
89=AU1HL8gBTUcwSAF8TFUCMcgBVQIySAF9TAZ+TB0AaQEHf0wdAPdQKgEABgA1QQTvqQE2KC
90=kANygpADgoKQA5KCkAOigpADsoKQA8KCkAPSgpAD5JAfGoDAEFAB4A1XAGKCkABygpAAgo
91=KQAJKCkACigpAAsoKQAMKCkADSgpAA5JAUKhMA/IAU08EEgBdE8BAgIAEcgBSTgSSAFkP1
92=UCE8gBVQIUSAFsBVkGFUgBYARdmRbIAVUCF0gBdERVAhjIAVUCGUgBdERVAhpJAVatEBtI
93=AcUeHEkBpbUCHcgBWQYeSAFwVkkBH0gBYA9FCCDIAVUCIUgBzRAiyAFVAiNIAc0QJEgBdE
94=9VAiVIAcEPJkgBaE5NPCfIAZZPHgB0ApZPHgAn9QkeKPQJJykALFgGJ/QJJ1UALlUCfLUY
95=L8gBXQowSQF+tQIxyAFVAjJJAQalPzPIAVUCNEgBwQ81SAHJDDYoKQA3KCkAOCgpADkoKQ
96=A6KCkAOygpADwoKQA9KCkAPigpAD9IAcNRBAAf4VEFKCkABigpAAcoKQAIKCkACSgpAAoo
97=KQALKCkADCgpAA0oKQAOSQEWvSAPyAFRNRDIAVVPEUgBcEBJARLIAUFRE0gBfEFVAhTIAV
98=UCFUgBfEFVAhbIAVUCF0gBfEFVAhjIAVUCGUkBF2MPAgAayAFBMBtIASdOCh8AxRMdVAJo
99=AUUTHsgBUQkfSAHNECDIAV0KIUgBzRAiyAFVAiNIAc0QJEgBwQ8lyAFBDyZIAXVPAGbvHw
100=BoAVUCKNQCj1IfAPp/FQYAKlUC8qkBKygpACwoKQAtKCkALkgBbFJFCC/IAV2kMEgBbFJV
101=AjHIAVUCMkgBbFJVAjPIAVUCNEgBwQ81SAHBDzYoKQA3KCkAOCgpADkoKQA6KCkAOygpAD
102=woKQA9KCkAPigpAD9JAfS5HEBKAVoDUGgEBgADACAAJbUCBCgpAAUoKQAGKCkABygpAAgo
103=KQAJKCkACigpAAsoKQAMKCkADSgpAA5IAXBASSIPyAFByhDJAQV2pyAA1ZwSVAJoAUFGE0
104=gBbOFFlxTIAVUCFUgBdFpVAhbIAVUCF0gBZEpVAhjIAVUCGUgBYEZZMhrIAU0QG0gB3SAc
105=SAHFEx3IAUUTHsgBRRMfSAHNECDIAV0KIUgBzRAiyAFVAiNIAc0QJEgBwQ8lyAFBDyZJAS
106=ihMCdIASenCiAALVQCURQpVQK1qQEqyAEBAAYAK8gBVVosyAFNBS3IAV0KLkgByW8vKCkA
107=MCgpADEoKQAySAFkVVkcM8gBRfo0SAFMRCSNKCCEAUEPNihVADcoKQA4KCkAOSgpADooKQ
108=A7KCkAPCgpAD0oKQA+KCkAPygpAEAoKQBBKCsAAgAhkFZRHwMoKQAEKCkABSgpAAYoKQAH
109=KCkACCgpAAkoKQAKKCkACygpAAwoKQANKCkADkgBdEQBBgYAD8gBAQcGABDJAQh9VyGcV0
110=mbElQCfFdFlxNIAWxHVQIUyAFVAhVIAWxHVQIWyAFVAhdIAWxHVQIYyAFVAhlIAXhIUTUa
111=yAFRNRtIAXxXSSIcSAHFEx3IAUUTHsgBRRMfSAHNECDIAV0KIUgBzRAiyAFVAiNIAc0QJE
112=gBwQ8lyAFBDyZIAXxXSU4nSAEn/gohAHQCQQQpVAJ9VwlmrSEAaAFZESvUAgEIBgAsyAFB
113=BC3IAQEKBgAuSAEn/Qoh6egwKFUAMUgBk1IGADJIAXxXTTEzyAFJDDRIASfuKSEAJ+wpJy
114=kAN0AE1QI4KCkAOUgBzfc6SAHJDDtIAdEJPEgB2QY9KCkAPigpAD8oKQBASAHRCUFIAdEJ
115=QkkB+Uh6W2kBACKIWVF3AigpAAMoKQAEKCkABSgpAAYoKQAHKCkACCgpAAkoKQAKKCkACy
116=gpAAwoKQANKCkADkgBbEdNMQ/IAU0xEMkBC3ZaIgB88U2qElQCaAFVnBNIAXzxVQIUyAFV
117=AhVIAXheVQIWyAFVAhdIAXRPVQIYyAFVAhlIAXBLSTgayAFJOBtIAXRaVSMcSAHFEx3IAU
118=UTHsgBRRMfSAHNECDIAV0KIUgBzRAiyAFVAiNIAc0QJEgBwQ8lyAFBDyZIAXxXWREnSAEn
119=VQsilLKVWiKJWRB0WqkBDnSyqQEPdFqoAUEELUQIeV4RdVoi6VkvVALBXDAoKQAxSAHVRD
120=JIAXRaVUQzyAFVezRIASf+ICIAJ/wgJykAN0AE1QI4KCkAOUgB1f86SAHJDDtIAdEJPEgB
121=2QY9KCkAPigpAD8oKQBASAHRCUFIAdEJQkgB0QlDSQH1o1wCACPlHgMoKQAEKCkABSgpAA
122=YoKQAHKCkACCgpAAkoKQAKKCkACygpAAwoKQANKCkADkgBbUcMbbUjIxoqDQJMtakBDnVa
123=I5RaRa0STAV0Wk2fE0gBZEpVAhTIAVUCFUgBZEpVAhbIAVUCF0gBZEpVAhjIAVUCGUgBcE
124=tRrhrIAUVrG0gBxT8cSAHFEx3IAUUTHsgBRRMfSAHNECDIAV0KIUgBzRAiyAFVAiNIAc0Q
125=JEgBwQ8lyAFBDyZIASJUIZVaI4hZTV0o1AJJsSlIAWVVF3VaI4FcFXRaqQEWdFqoAUEELc
126=0FGHRaJ40HL1QCzRswKCkAMUgB1UQySAF0Wkl6M8gBScc0SAHBBDUoKQA2KCkANygpADgo
127=KQA5KCkAOigpADsoKQA8KCkAPSgpAD4oKQA/KCkAQCgpAEEoKQBCKCkAQygpAEQoKwADAC
128=ThXAQoKQAFKCkABigpAAcoKQAIKCkACSgpAAooKQALKCkADCgpAA0oKQAOSAEllT8PyAFJ
129=mxBIAXBASQERSAFk+kWtEsgBVQITSAFk+lUCFMgBVQIVSAF4XlUCFsgBVQIXSAF0T1UCGM
130=gBVQIZSAF0T1UCGkkBlGM3BgAbSAHFPxxIAcUTHcgBWQYeSAF4EUkBH0gBzRAgyAFVAiFI
131=Ac0QIsgBVQIjSAHNECTIAVUCJUkBU6EPJkgBYLRdpCfIAV2kKMgBXUwpSQH3tZEqSQHvqQ
132=ErKCkALCgpAC0oKQAuKCkALygpADAoKQAxSQHxsQkySAF0WgEEBgAzyAFRxDRIAcEPNUgB
133=wQ82KCkANygpADgoKQA5KCkAOigpADsoKQA8KCkAPSgpAD4oKQA/SAHFE0BJAVkkrTdBSQ
134=FbqQFCSQH7qRdDSAHNBURIAc0FRUgBzAUCBAAlAJipLQXIAVwrIqBb1QIHKFUACMgBTTEJ
135=yAFNBQrIAVUCC8gBVQIMyAFVAg3IAVUCDkkBn3cNAgAPSAFoWU2qEMgBVZwRSAF4SFUCEs
136=gBVQITSAFkSlUCFMgBVQIVSAFkSlUCFsgBVQIXSAFkSlUCGMgBVQIZSAF0WlUCGkgBdFpJ
137=ARvIAU2UHEgBxRMdSAHNEB7IAUUIH0gBzRAgyAFVAiFIAc0QIsgBVQIjSAHNECTIAVUCJU
138=gBdFpdICZIASdWCyUAaAFVAijUApVaJShVTSUoVE0nKQAsTAUlyUstKCkALigpAC8oKQAw
139=KCkAMUkB8KlDMkgBdFpdxTPIAV3FNEkB9qEENUgByQw2KCkANygpADgoKQA5KCkAOigpAD
140=soKQA8KCkAPSgpAD4oKQA/KCkAQEgB0VZBSAHRVkJIAdFWQ0gBJTEiREgBzQVFSAHNBUZI
141=Ac8FBQAmgFxAMCLMZnRaRT8HKFUACMgBVQIJyAFNBQrIAVUCC8gBVQIMyAFVAg3IAVUCDk
142=gBcEBFlw9IAWQ/VacQyAFVAhFIAXRPVQISyAFVAhNIAWRgVQIUyAFVAhVIAXRPVQIWyAFV
143=AhdIAXRPVQIYyAFVAhlIAWAPVQIayAFVAhtIAWBcAQUCABxIAXgRVQIdSAHNEB7IAVUCH0
144=gBzRAgyAFVAiFIAc0QIsgBVQIjSAHNECTIAVQCVVcAdVoAdismAGlZACJcTqgBlFqoAZVa
145=JihVCyYoVAsnKQAsXArJTi0oKQAuKCkALygpADAoKQAxSAEnVgsmACJ4Yk0QM1QCaAFNED
146=RIASdWCyYAJSksNlQCyQE3KCkAOCgpADkoKQA6KCkAOygpADwoKQA9KCkAPigpAD8oKQBA
147=KCkAQUkB9bFsQkgB0VZDSAHRVkRIAcFcRUgBwVxGSAHNBUdIAcwFcC3AOwEHACcAaAFZMg
148=hIAclDCcgBVQIKSAF8QVFWC0gBdDlJWQzIAVUCDUgBeAZVAg7IAVUCD0gBeAZVAhDIAVUC
149=EUgBdA1VAhLIAVUCE0gBZEpVAhTIAVUCFUgBZEpVAhbIAVUCF0gBzRAYyAFVAhlIAc0QGs
150=gBVQIbSAHNEBzIAVUCHUgBzRAeyAFVAh9IAc0QIMgBVQIhSAHNECLIAVUCI0gBzRAkyAFV
151=AiVIAXRaTUcmSAEnVgsnAGgBVQIo1AKVWicoVQsnKFQLJykALEwFJ1QLJ1UALihVAC8oKQ
152=AwKCkAMUgBJ1ULJ5RaVQ0zVAJ0Wk3WNEkB+LlINUgBfOoBAAYANigpADcoKQA4KCkAOSgp
153=ADooKQA7SQEMsQk8yAFZHD1IASXdJz4oKQA/KCkAQCgpAEFIAc1SQkkB/bEJQ0gB0VZESA
154=HBBEVIAcFcRkgBCfEBAAAABgBHACcAWREAAJsPACAIAwAAAAYASAAnAFuoAQkHACgAPAEA
155=AAMCAAhJATpIAQECAgAJyAFVAgpJAT5UAgEBAgALSQE/SAEBAAIADMgBVQINSQE7tQIOyA
156=FVAg9IAXgGTQUQyAFVAhFIAWgMVQISyAFVAhNJAT2lCBTIAVUCFUgBZBNNBRbIAVUCF0gB
157=zRAYyAFVAhlIAc0QGsgBVQIbSAHNEBzIAVUCHUgBzRAeyAFVAh9IAc0QIMgBVQIhSAHNEC
158=LIAVUCI0gBzRAkyAFVAiVJAVNYKwEABgAmSQEmYxoGACfKAQEGQgEoAHQCAQIGAClRAfah
159=BCpJAe2pASsoKQAsKCkALSgpAC4oKQAvKCkAMCgpADFJAfCxCTJJAQVIAQEEBgAzyAEBBQ
160=YANEkB+FQCAQAGADVIAXgVSQE2KCkANygpADgoKQA5KCkAOigpADtJAQxQCUEaPMgBAQMG
161=AD1IAd0KPigpAD8oKQBAKCkAQUoB//9XBQYAQkgBzVJDSQH9XApFE0RJAVmlVUVIAcEERk
162=kB+qEER0kB8akBSEgBzQVJSAHNBQhQLWhDSVkJSAF8QUFcCsgBVQILSAF0OVUCDMgBVQIN
163=SAF4BlUCDsgBVQIPSAHFCBDIAVUCEUgBZEpNBRLIAVUCE0gBZEpVAhTIAVUCFUgBZEpVAh
164=bIAVUCF0gBzRAYyAFVAhlIAc0QGsgBVQIbSAHNEBzIAVUCHUgBzRAeyAFVAh9IAc0QIMgB
165=VQIhSAHNECLIAVUCI0gBzRAkyAFVAiVIAXRaXVcmSAF8V1kyJ8gBVQIoyAFRQClIASdWCy
166=kAJ1QLJykALEAE1QItKCkALigpAC8oKQAwKCkAMUgBJ1YLKQB1WgZ0WqkBB3ZaKQAnVQsp
167=WElLAAYANlgGQAFhnjcoKQA4KCkAOSgpADooKQA7SAF0WkFnPMgBQWc9SAHRCT4oKQA/KC
168=kAQCgpAEEoKQBCSAHBXENIAc1SREgBwVxFSAHRVkZIAcEER0gBwVxISAHBXElIAc0FSkgB
169=zDEBCQAqAHw2XaQKyAFVkQtIAWQ/VQIMyAFVAg1IAWQ/VQIOyAFVAg9IAcUIEMgBVQIRSA
170=F0T00FEsgBVQITSAF0T1UCFMgBVQIVSAF0T1UCFsgBVQIXSAHNEBjIAVUCGUgBzRAayAFV
171=AhtIAc0QHMgBVQIdSAHNEB7IAVUCH0gBzRAgyAFVAiFIAc0QIsgBVQIjSAHNECTIAVUCJU
172=gBdFpJWSZIAcUpJ8gBlloqAHQClloqACdVCyooVAsnKQAsWAYnVAsnVQAuKFUALygpADAo
173=KQAxSAEnVwsqAAuxmDNUAmgBTRA0SQH8tQI1SAHVTzYoKQA3KCkAOCgpADkoKQA6KCkAO0
174=gBdFpBZzzIAUFnPUgB3Qo+KCkAPygpAEAoKQBBKCkAQkgBJ1YLKgDJAURUAt1XRUgBwVxG
175=SAHRVkdIAcEESEgBwVxJSAHBXEpIAXQuAQAGAEvIAV8gCgArgFxVkQtIAXQ5VacMyAFVAg
176=1IAWRKVQIOyAFVAg9IAWRKVQIQyAFVAhFIAWRKVQISyAFVAhNIAWRKVQIUyAFVAhVIAWRK
177=VQIWyAFVAhdIAc0QGMgBVQIZSAHNEBrIAVUCG0gBzRAcyAFVAh1IAc0QHsgBVQIfSAHNEC
178=DIAVUCIUgBzRAiyAFVAiNIAc0QJMgBVQIlSAF0Wk0mJkgBxSknyAFVAijIAZVaKyhVCyso
179=VAsnKQAsTAUnVAsnVQAuKFUALygpADAoKQAxSAEnVwsrAMh0S2y1qAFNEDRBBOa1AjXIAV
180=UCNsgBRT83yAFVAjjIAV0VOcgBAQMGADrIAU0FO0kBzLEJPMgBWQY9SAFoDE0FPsgBTQU/
181=yAFBBEDIAV0KQcgBTQVCSQHosQlDyAFNBURJAey1AkVIAd1XRkkB+a1zR0gBwVxISAHBBE
182=lIAdF3SkgBzTFLyAFdCkzIAUwQAQsALABkP1WnDMgBAQECAA1IAWQ/VQIOyAFVAg9IAWQ/
183=VQIQyAFVAhFIAXRPVQISyAFVAhNIAXRPVQIUyAFVAhVIAXRPVQIWyAFVAhdIAc0QGMgBVQ
184=IZSAHNEBrIAVUCG0gBzRAcyAFVAh1IAc0QHsgBVQIfSAHNECDIAVUCIUgBzRAiyAFVAiNI
185=Ac0QJMgBVQIlSQFToTAmSAHFKSfIAUUpKMgBRSkpSAEnrRYsKFQLJykALEAEJ1QLJ1UALi
186=hVAC8oKQAwKCkAMUgBJ1ULLJRaVQ0zVAJgXE1HNEgBaU4EIl4tLABpAQUiBCKoAVUCN8AE
187=VQI4yAFJsTnIAUmxOsgBTQU7SAF0WkkMPMgBSQw9SAF8Ck0FPsgBTQU/yAFdCkDIAV0KQc
188=gBTQVCSAF0WlEJQ8gBUQlESAF0WlUCRcgBVQJGSAHZJ0dIAdWySEgBwVxJSAHBXEpIAc0x
189=S8gBTTFMyAFdCk1IActkDAAtgVwDdlotAGRKAQICAA5UAmgBVQIPSAFkSlUCEMgBVQIRSA
190=FkSlUCEsgBVQITSAFkSlUCFMgBVQIVSAFkSlUCFsgBVQIXSAFkSlUCGMgBVQIZSAFgD1UC
191=GsgBVQIbSAHNEBzIAVUCHUgBzRAeyAFVAh9IAc0QIMgBVQIhSAHNECLIAVUCI0gBzRAkyA
192=FVAiVIAXRaTSYmSAHFKSfIAVUCKMgBRSkpSAHZMipJAfK9jisoKQAsKCkALUgBwVwuSAHN
193=BS8oKQAwKCkAMUgBJ1ULLSNcLV2kM1UCBUgMTRA0SQH3SAFVAjVJAe+pATYoKQA3KCkAOC
194=gpADkoKQA6SAHZSDtIAXwKUQk8yAFJDD1IAckMPkgByQw/KCkAQCgpAEEoKQBCKCkAQygp
195=AEQoKQBFKCkARkgBySJHKCkASEgBxRNJSAHBXEpJATlYHEUTS0gBeDJJAUzIAU0xTUgBzT
196=FOSAHECAENAC4AZD9Nqg7IAUWXD0gBZD9VAhDIAVUCEUgBdE9VAhLIAVUCE0gBdE9VAhTI
197=AVUCFUgBdE9VAhbIAVUCF0gBdE9VAhjIAVUCGUgBzRAayAFVAhtIAc0QHMgBVQIdSAHNEB
198=7IAVUCH0gBzRAgyAFVAiFIAc0QIsgBVQIjSAHNECTIAVUCJUgBdFpNPCZIAXgnSQEnyAFF
199=KSjIAUUpKUgBxeQqSAElESkrKCkALCgpAC1IAc0FLkgBzQUvKCkAMCgpADFIAc0FMkgBaE
200=5VDTPIAVWcNEgByTg1SAHJZDYoKQA3KCkAOCgpADkoKQA6SAHBZztIAckMPMgBSQw9SAHJ
201=DD5IAckMPygpAEAoKQBBSAHZU0JIAc0FQygpAEQoKQBFKCkARkgB2QZHKCkASCgpAElIAd
202=lTSkgBzTFLyAFNMUzIAVUjTUgB3RVOSAHdCk9IAccIDgAvgFxFlw9IAWRKVacQyAFVAhFI
203=AWRKVQISyAFVAhNIAWRKVQIUyAFVAhVIAWRKVQIWyAFVAhdIAWRKVQIYyAFVAhlIAXRaVQ
204=IayAFVAhtIAc0QHMgBVQIdSAHNEB7IAVUCH0gBzRAgyAFVAiFIAc0QIsgBVQIjSAHNECTI
205=AVUCJUgBdFpNJiZIAcUpJ8gBVQIoyAFFKSlIAdlTKkgBItwiRWArKCkALCgpAC1IAc0FLi
206=gpAC9IAdkGMCgpADFIAc0FMkgBaE5V/zPIAVX/NEgBJw1EL4AIQQ82VAKPAQYANygpADgo
207=KQA5KCkAOkgBwWc7SAHJDDzIAUkMPUgByQw+SAHdCj8oKQBAKCkAQUgBzQVCSAHNBUMoKQ
208=BEKCkARSgpAEZIAcFRR0gBwVFIKCkASUgByW9KSAHNMUvIAU0xTMgBTTFNSAHRCU5IAdEJ
209=TygpAFBIAcNcDwAwI5A5TaoQyAFdmRFIAXRPVQISyAFVAhNIAXRPVQIUyAFVAhVIAXRPVQ
210=IWyAFVAhdIAXRPVQIYyAFVAhlIAXRPVQIayAFVAhtIAXRPVQIcyAFVAh1IAc0QHsgBVQIf
211=SAHNECDIAVUCIUgBzRAiyAFVAiNIAc0QJMgBVQIlSAF0WlVEJkgBxSknyAFFKSjIAUUpKU
212=gBJS0nKkgB1TkrKCkALCgpAC1IAc0FLkgB0VYvSAHZBjAoKQAxSAHNBTJIAWlOBiK1ODAj
213=MSIHImVPMChlTzCACF0VNkwFjAF0WidVADgoVQA5KCkAOigpADtIAckMPMgBSQw9SAHFVT
214=5IAd0KPygpAEBIASWJIkFIAdVPQkgBzQVDKCkARCgpAEUoKQBGSAHBUUdIAcFRSCgpAElI
215=Ad0KSkgBJwYiMAB4Mk0xTFQCaAFNMU1IAdEJTkgB0QlPKCkAUCgpAFFIAcNcEAAxgFxdmR
216=FIAWRKTaoSyAFVAhNIAWRKVQIUyAFVAhVIAWRKVQIWyAFVAhdIAWRKVQIYyAFVAhlIAXRa
217=VQIayAFVAhtIAXRaVQIcyAFVAh1IAc0QHsgBVQIfSAHNECDIAVUCIUgBzRAiyAFVAiNIAc
218=0QJMgBVQIlSAF0Wk0mJkoBOAFMNCIWZjEAaAFVAijUAkUpKUgBJRFKKkkB9a0FK0gB0VYs
219=SQH7tQItSAHJ8y5IAc0FL0gBzQUwSAHNBTFJAfS5BjJIAclOM8gBSU40SAHBDzVJAfOtBT
220=YoKQA3KCkAOCgpADkoKQA6SAHNEDtJAQulCDzIAVkcPUgByQw+SAHJDD8oKQBASAHBGkFI
221=Ad0VQkgBRCYizVxDKCkARCgpAEUoKQBGSAHJDEdIAdEJSCgpAElIAd0KSkgBJ1YLMQBoAU
222=EwTNQCAQMGAE1IAdEJTkgB0QlPKCkAUCgpAFEoKQBSSAHfIBEAMiMkc1WnEsgBVZwTSAF0
223=T1UCFMgBVQIVSAF0T1UCFsgBVQIXSAF0T1UCGMgBVQIZSAF0T1UCGsgBVQIbSAF0T1UCHM
224=gBVQIdSAFkYFUCHsgBVQIfSAHNECDIAVUCIUgBzRAiyAFVAiNIAc0QJEkBTXMxBgAlSQFR
225=qQEmSAFoWVX/J8gBSfMoyAFVpynIAV1MKkgBIshAAQAGACvIAUlDLMgBQTAtyAFBMC7IAU
226=0FL8gBTQUwyAFNBTHIAU0FMkgBIoBCTQUzyAFNBTRJAeWxFDXIAVUCNsgBRQg3yAFFCDjI
227=AUEEOcgBQQQ6yAFBBDtJAcuxCTzIAU0FPUgByQw+yAFVAj9JAcmtBUDIAVUCQUgBzQVCyA
228=FVAkPIAVUNRCgpAEXIAUEaRsgBTQVHyAFNBUjIAUUTSUgBfFdVLkrIAVUuS8gBVS5MyQEI
229=dVoyjF0BCQYATlQCzTFPyAFJDFDIAUkMUcgBSQxSSQHJoRpTyAFPBRIAM4BcVZwTSAFkSk
230=2qFMgBVQIVSAFkSlUCFsgBVAIKFwAzAD4BAAACAgAYABEAAMsPACAAAzMAPgEAAAMCABkA
231=MwA6AQAAAgIAGsgBAQMCABtJAT21AhzIAVUCHUkBPLUCHsgBVQIfSwEpBABKCAAgSQEiqQ
232=EhKCkAIigpACMoKQAkSQGHcwkGACVKAf//RwgGACZJAThUAgEIBgAnyAEBCQYAKMgBAQoG
233=ACnIAQELBgAqSQHmVAYBBAYAK8gBAQUGACzIAQEGBgAtyAEBBwYALsgBTQUvyAFNBTDIAU
234=0FMcgBTQUySQHMXgoCBkIBMwBoAQEDBgA0UQHlVAJFCDXIAUUINsgBRQg3yAFFCDjIAUEE
235=OcgBQQQ6yAFBBDtJActQCUkMPMgBSQw9SAHJDD7IAUUIP0kBya0FQMgBTQVBSAHNBULIAU
236=0FQ8gBVQ1EyAFVDUXIAUkXRsgBTQVHyAFNBUjIAU0FScgBTQVKyAFNBUvIAVUCTMgBVQJN
237=yAFFCE5IAc0xT8gBQQRQyAFBBFHIAUkMUkgBwRpTyAFBGlRIAcUIE1AtbFIBAAIAFMgBAQ
238=ECABVIAWxSVQIWyAFVAhdJAT9ARlUCGMgBVQIZSQE7tQIayAFVAhtIAXheTQUcyAFVAh1I
239=AdUNHsgBVQIfSQEoqVkgSAGbUwIAISgpACJIAXxXAQQCACPIAQEFAgAkygEGBVZaNABiBA
240=cFVlo0AHVaDHRaqQENdFqpAQ53WjQA+XwVdlo0AJQNd1o0APe1AixdCvGpAS1IAcEELkgB
241=wQQvSAHBBDBIAcEEMUgB3QoySQEFpQgzyQEBdFoniQE1VQLvoQQ2SAHRCTdIAdEJOEgB1Q
242=05SAHBBDpIAcEEO0gBwQQ8SAHRCT0oKQA+SAHZBj9IAdkRQMgBWRFBSAHFCEJIAcUIQygp
243=AERIAcUIRUgBwQ9GKCkAR0gBxR5ISAHBBEkoKQBKSAHBBEtIAcEETCgpAE1IAcEETkgBwQ
244=RPKCkAUEgB0RRRSAHZEVJIAcEaU8gBQRpUSAHNBVVIAcwFARQANQBoTlWnFUgBdFpdrxbI
245=AVUCF0gBdFpVAhjIAVUCGUgBdFpVAhrIAVUCG0gBdFpVAhzIAVUCHUgBaAxVAh7IAVUCH0
246=gBJ1ULNbxMdFonKQAiQQSHUUAIdVo1nlcJA1RaqgEKBFRaqQELd1o1ACZNBQB0WqgBRR4o
247=RAh0AkmbKUkB+KEEKkgBxSkrSQH2tQIsSQH0qQEtSAHBBC5IAcEEL0kB8KEEMEgBwQQxSA
248=HdCjJIAXQuVQ0zyAFNiTRIAcUINUkB7aUINkgB0Qk3SAHRCThJAfqhBDlIAdkROkgBwQQ7
249=SAHBBDxIAdEJPSgpAD5IAd0KP0gB2RFAyAFZEUFIAdkRQkgBxQhDSQHyoQ9ESAHBD0VIAc
250=EPRigpAEdJAfytBUhIAcEESSgpAEpIAcEES0gBwQRMKCkATUgBwQROSAHBBE8oKQBQSAHZ
251=HFFIAcEaUkgBwRpTyAFBGlRIAcEaVUgBwRpWSQH1sxQVADYjgCFFrRbIAU2qF0gBbF1VAh
252=jIAVUCGUgBIlQhVQIayAFVAhtIAWRgVQIcyAFVAh1IAWRgVQIeyAFVAh9IASdVCzYoVws2
253=AL97EQIAIkIEFwJs6E61NgCIAXRayAF0WsgBd1o2ACt4BnRaqAGUWqgBXUwpUAnVTypIAV
254=UKAEVgK0gB1QIsSAHVAi0oKQAuSAHNJi9IAd0rMEgBzQUxSAHFCDJIAXQuWe0zyAFV6TRI
255=AcUINUgB1S42SAHRCTdIAdEJOCgpADkoKQA6SAHFPztIAc0FPEgB3Qo9SAHdCj5IAd0KP0
256=gB2RFAyAFZEUFIAcFGQkgB3VdDSAHdCkQoKQBFKCkARigpAEcoKQBIKCkASSgpAEooKQBL
257=KCkATCgpAE0oKQBOKCkATygpAFAoKQBRSAHFYFJJAQqtPFPIAU08VEgB3SBVSAHRH1ZIAc
258=EaV0gBx8MWADeAXE2qF0gBdFpFrRjIAVUCGUgBdFpVAhrIAVUCG0gBdFpVAhzIAVUCHUgB
259=dFpVAh7IAVUCH0gBJ1ULNyhVCzeUWlleIkAEaFlJASPoAXVaN4FcAXRayAF1WjeUWlF3J0
260=wFYFxRSyjIAVU5KUgB1U8qSAHFHitIAdUCLEgB1QItKCkALkgBzSYvSAHNJjBIAc0FMUgB
261=xQgySAF5SAYiXi03AGkBByIGIjcAxQg1QATVTzZIAdEJN0gB0Qk4KCkAOSgpADooKQA7KC
262=kAPEgB3Qo9SAHdCj5IAd0KP0gBbBBZEUDIAVkRQUgByWRCKCkAQ0gBzRBEKCkARSgpAEYo
263=KQBHKCkASCgpAEkoKQBKKCkASygpAEwoKQBNKCkATigpAE8oKQBQKCkAUSgpAFJIAcEaU8
264=gBQRpUSAHdIFVIAd0gVkgBJXUlV0gB1QJYSAEliyIXADiAXEWtGMgBXUwZSAEiVCFVAhrI
265=AVUCG0gBZGBVAhzIAVUCHUgBZGBVAh7IAVUCH0gBJ1ULOChVCziUWkVgIkAEdFpJASPoAX
266=VaOJVaAnRayAF1WjiUWkk4J0wFdFpFHijJAQgiXi04AM1+KlQCyTgrSAHFlyxIAc3WLUgB
267=wQQuSAHBBC9IAcmbMEgBwQQxSAHdCjJIAdUuM8gBTRA0SAHFCDVIAd38NigpADdJAfOpkD
268=hIAc0QOUgByQw6KCkAO0kB+60FPEgB0Qk9KCkAPkgB0RQ/SQELrQVAyAFJm0FIAcUIQkgB
269=wQ9DKCkARCgpAEUoKQBGKCkARygpAEgoKQBJKCkASigpAEsoKQBMKCkATSgpAE4oKQBPKC
270=kAUCgpAFFIAckiUkgBfCtF71PIAVGYVEgB3StVSAHJIlYoKQBXKCkAWCgpAFlIAd8KGAA5
271=gFxFrRlIAXRaSU4ayAFVAhtIAXRaVQIcyAFVAh1IAXRaVQIeyAFVAh9IASdVCzkoVAsnKQ
272=AiQQT+eDIiXy05AB1wPHRayAF0WkwFYAR0WlhASAFBtCdYBiLgOEG0KMgBTV0pyAFdTCpI
273=ASLUPCMGIjkAaAFZPSzUAk0mLcgBTSYuyAFNBS/IAU0FMMgBTQUxyAFNBTJJAcxwFG21OS
274=MMRE0FNFQCaAxFCDXIAVUCNsgBRQg3yAFFCDjIAUEEOcgBQQQ6yAFBBDvIAVEJPMgBTQU9
275=yAFNBT7IAU0FP0gB2RFAyAFNBUFIAdkRQsgBVQJDyAFFCETIAUUIRcgBVQ1GyAFNBUfIAU
276=0FSMgBTQVJyAFNBUrIAU0FS8gBTQVMyAFNBU3IAU0FTsgBTQVPyAFNBVDIAU0FUUkB6bEq
277=UkgBwRpTyAFZBlRIAcEaVcgBVQJWyAFRCVfIAVEJWMgBQQ9ZyAFNBVrIAUwFARkAOgAiVC
278=FdrxrIAV2vG0gBIrQ4VQIcyAFVAh1IAWRgVQIeyAFVAh9IASdVCzooVAsnKQAiQQSIZFV2
279=WjoAaAEjD0Q6AIlVAgAiDESpAQF0WkSaVAJVsidYBnVaCSIMRLQCI2RPqQELIg1EOohZRW
280=ArTAVoIkVgLMgBRWAtyAFFYC7IAU0FL8gBTQUwyAFNBTHIAU0FMkgBdC5VIzPIAUUpNEgB
281=aAxFCDXIAUUINsgBRQg3yAFFCDjIAUEEOcgBQQQ6yAFBBDvIAVEJPMgBTQU9yAFNBT7IAU
282=0FP0gB2RFAyAFZEUFIAdkRQsgBRQhDyAFFCETIAUUIRcgBVQ1GyAFNBUfIAU0FSMgBTQVJ
283=yAFNBUrIAU0FS8gBTQVMyAFNBU3IAU0FTsgBTQVPyAFNBVDIAU0FUUgBdFpVT1JIAcEaU8
284=gBQRpUSAHBGlXIAVEJVsgBUQlXyAFRCVjIAUEPWcgBTQVayAFNBVvIAU8FGgA7gFxdrxtI
285=AXRaVbIcyAFVAh1IAXRaVQIeyAFVAh9JAScmZ087ACapASFUAskBIigpACMoKQAkSAF0Wk
286=1HJUgBJY0oJkgBaVkMIrQ4XPRBXA10WqgBI2dPOwD9VAJZdCpOBVoDXH8iZ087ALdUAk0m
287=LFQCaAFdCi3IAU0mLsgBXSAvyAFdIDBJAVulCDFIAd0KMkgBZORJDDPIAV0KNEgBJeVJNU
288=gBJbEnNkgBJYUnN0gB1Rg4SAHNBTlIAcAEWIetfgZNAjsmJVI8UAHRCT1IAc0FPkgBRBsi
289=JTw/SQGybwEGAEDIAVkRQUgByRdCSAElMSJDSAHRCUQoKQBFSAHdCkZIAdEUR0gB0RRISA
290=HBBElIAcEESkgBwQRLSAHdCkwoKQBNSAHZBk5IAdkGT0gB2QZQSAHZBlFIAc0FUkgB3StT
291=yAFBGlRIAdkGVUgBzQVWSAHdCldIAcEEWEgB3QpZSAHNBVpIAc0FW0gBzQVcSAHABAEbAD
292=wAIrQ4VbIcyAFVsh1IAd26HsgBVQIfSAFkYE0FIMgBVQIhSAFkYFUCIsgBVQIjSQE9VE9V
293=AiRJATKxNSVJAVepASZIASIMT0VKJ8gBRR4oyAFFVSlIAclZKkkBt1AJQXIryAFJvCzIAU
294=m8LcgBSbwuyAFJvC/IAUFnMMgBQWcxSAHVRDJIAXQuVQ0zyAFdYjRIASU1MzVJAe1AD1EU
295=NkgBJf0rN0gB0So4SAEljSg5SAHBBDpIAcEEO0gBwQQ8SAHRCT1IASWJOD5JAVm9bT9IAX
296=RaWRFAyAFZEUFJAfdMJlUjQkgByRdDSAHdCkRIAd0KRUgBzRBGSAHNEEdIAc0FSEgBwQRJ
297=SAHBBEpIAcUeS0gB0QlMKCkATUgB3RVOSAHZBk9IAdkGUEgB2QZRSAHNBVJIAd0rU8gBQR
298=pUSAHZEVVIAdkRVkgB3QpXSAHdClhIAd0KWUgB3QpaSAHNBVtIAc0FXEgBzQVdSAHDXBwA
299=PYBcVbIdSAF0Woy1QItAO1UCH1QCdFpVAiDIAVUCIUgBdFpVAiLIAVUCI0gBdFpVAiRIAX
300=RaTV0lSQFWRDRVRCZIASdWCz0AaAFdNijUAkE7KUgBaQUAIgUiPYC0RbgrVAJhXA8ibHG0
301=AgEQBgAt1QIRImxxtAIBEgYAL9QCARMGADDIAQEUBgAxSAHJIjJIAXQuXbozyAFdujRIAd
302=UuNUkB9FAfTRA2SAHZETdIAcUIOEgB1QI5KCkAOigpADsoKQA8SAHBMD1IAcEwPkkB8akM
303=P0gBwVxASAFoWUUTQcgBRRNCyAFF70NIAcFcREgBJfk7RUgB2RFGKCkARygpAEgoKQBJKC
304=kASkgBxRNLSAHFE0woKQBNSQHwsRROSAHRH09IAdkGUEgB2QZRSAHNBVJIAd0rU8gBVRhU
305=SAHFCFUoKQBWSAHJF1dIAcEwWEkB8qEPWUgBzTFaSAHFCFtIAc0FXEgBzQVdKCkAXkgBJZ
306=I5HQBIiHMJAgAeyAFNUh9IAd26IMgBVQIhSAFkYFWyIsgBVQIjSAFkYFUCJMgBVQIlSQFT
307=bBcixnw+AGlZACIEIqgBlFqoAZVaPmQFaPMHKgA+ALcBAAAVBhEAAIkPACAKACsAPgC3AQ
308=AAFgYALMgBARcGAC3IAQEYBgAuyAEBGQYAL8gBARoGADDIAQEbBgAxSAEF//8AAAAGADJK
309=AQUBRwEGADPIAQEHBgA0SAHBBDUoKQA2SAFQBlIFADcoKQA4KCkAOSgpADooKQA7KCkAPE
310=kB+lQNQQ89SQHyqQE+KCkAP0kB9bUCQEoBWQNfDQYAQUkB90QBAQkGAELIAQEKBgBDyAEB
311=CwYAREkBW60FRUgBSAVxFEYoKQBHKCkASCgpAEkoKQBKSQH2oQ9LSQHtqQFMKCkATUkB8L
312=UCTkgB1SNPSAHZBlBIAdkGUUgBzQVSSAHdK1PIAV0rVEkB97EJVUkB8akBVkgByRdXKCkA
313=WCgpAFkoKQBaKCkAWygpAFwoKQBdKCkAXigpAF9JAfm0DQIeAD8APEgBAQMCAB9JAT9IAQ
314=ECAgAgyAFVAiFJATu1AiLIAVUCI0kBPrUCJMgBVQIlSQFTTBcBAQYAJkkBJkAETTwnyAFV
315=AijIAQECBgApSAFIBWU0KkkB2q0FK0kBuakBLMgBWQYtyAFZBi7JAQN2Wj8A1RgwVALFCD
316=FIAd0KMkgBdC5NEDPIAVEJNEgB1S41SQHvtQ02KCkANygpADhIAdkyOUgB3Qo6SAHFCDtI
317=AcEEPEgBwQQ9KCkAPigpAD8oKQBAKCkAQSgpAEJIAWFcDnZaPwBpAQ90WqgBSRdFQATJDE
318=YoKQBHKCkASCgpAEkoKQBKSAHZU0tIAd1tTCgpAE1JAfS9IE5IASdWCz8A2XRQVALZBlFI
319=Ac0FUkgB3StTyAFRFFRIAdkGVUgBzQVWSAHJF1coKQBYKCkAWSgpAFooKQBbKCkAXCgpAF
320=0oKQBeKCkAX0gB2RxgSAHYMgIfAEAAOmwbdFqoAQEBAgAhVQI9tQIiyAFVAiNIAWRgAQAC
321=ACTIAVUCJUgBdFpZSCZIASdWC0AAaAFFHijUAllTKUgB2RwqSQHZaQwGTrVAAHVaBGy1qQ
322=EFbLWpAQZstagBUYIvWQb4uQYwSAHFCDFIAd0KMkgBdC5VDTPIAVFhNEgB0R81SAHJkDYo
323=KQA3KCkAOEgBwZM5SAHZPTpIAcUIO0gBwQQ8SAHBDz0oKQA+KCkAPygpAEAoKQBBKCkAQk
324=gBxbhDSAF0Wl0gRMgBXSBFSQHOTAxFKUZIAcW4R0kB+70gSEkB76kBSSgpAEpIAdFLS0gB
325=QAhtiUwoKQBNKCkATigpAE8oKQBQSAHRH1EoKQBSSAHdK1PIAV0rVEgBzQVVKCkAVkgBwQ
326=9XKCkAWCgpAFlIAcmFWkgB1RhbSAHZU1xIAcUIXUgBzQVeSAHNBV9IAdU5YCgpAGFIAcUI
327=IEDjYFxdryFIAXRaRbgiyAFVAiNIAXRaVQIkyAFVAiVIAXRaVS4mSAFoWQEABgAnyAFVAi
328=jIAV1MKUgB0RQqSAHNUitIAXVaCHVaQYBcSfMt1AJJ8y7IAUnzL0gBJ1YLQQDFCDFUAt0K
329=MkgBdC5JQzPIAUlDNEgBzYk1SAHJkDYoKQA3KCkAOEgB3UE5SAHRNTpIAcUIO0gBwQQ8SA
330=HBDz0oKQA+KCkAPygpAEAoKQBBKCkAQkkB/a1SQ0gBwVxESAFoWUFGRcgBQRpGyAFBGkdI
331=AcFcSEgBxRNJSAHdbUpIAcUTSygpAEwoKQBNKCkATigpAE9IAc1HUEgBzUdRSAElHSVSSA
332=HdK1PIAVkRVEgB0WxVSAHFSlZIAc0QVygpAFgoKQBZSAHJhVpIAdlTW0gB1RhcSAHFCF1I
333=Ac0FXkgBzQVfKCkAYCgpAGEoKQBiSAHZESEiuCdrLQIAIsgBVbIjSAFsXY61QgBoAVUCJV
334=QCdFpJWSZIASdWC0IAaAGUWqgBlVpCjBQBAAYAKkwFzVIrSAF1Wgx1WkKVWg1stakBDmy1
335=qQEPIgYiQgAnVQtCKFQLJ10BMlEJyHAMIl4tQgBoAU0QNFUC6bUCNUkB5qkBNsgBQQQ3yA
336=FRFDjIAUVKOcgBXRU6yAFNBTvIAU0FPEkBybEJPcgBQQQ+SAFoDEkBP8gBTQVAyAFdCkFJ
337=Aei5BkLIAU0FQ0kBubUCRMgBVQJFSQHOVAJB1UbIAQEIBgBHSAF8ukEESEgBwVxJSAHBXE
338=pIAcFRS0gBQAiutUIA1U9NVALBBE5IAdF3T0gBxQhQSAHRd1FJAVokmS9SSAF0WknoU8gB
339=RRNUSAHNEFVJAfxvRwYAVkgB3QpXKCkAWCgpAFlIAdUNWkgB0Y1bSAHBD1xIAcUIXUgBzQ
340=VeSAHNBV8oKQBgKCkAYSgpAGIoKQBjSAHFHiIiEDNQFFWyI0gBaVkCIgUiQ5RaVQIlVAJ0
341=Wl0rJkkBOEwFUUAnyAFVAijIAUE7KUgB3SsqSAEnVQtDiVkQdFqpARF0WqkBEnRaqQETdV
342=pDKFULQyhWC0MA0R8yXQrITAxVDTPIAVlINEgBdFpZETVIAWhOTZ82yAFRjTfIAVE1OMgB
343=UTU5yAFNBTrIAU0FO8gBTQU8SAF0WlUNPcgBVQ0+SAFoDE0FP8gBTQVAyAFdCkFIAXRaWQ
344=ZCyAFZBkNIAXRaVQJEyAFVAkVIAc0bRkgBaFlZEUfIAUkMSMgBSQxJSAHNBUpJAb5cIE0x
345=S8gBUR9MSQHlVAJJDE3IAUkMTsgBTQVPyAFNBVDIAU0FUcgBTQVSSQHMRAhNBVPIAU0FVE
346=kB5LUCVcgBVQJWyAFFCFfIAUUIWMgBRQhZyAFNBVrIAU0FW8gBTQVcyAFNBV3IAU0FXsgB
347=TQVfyAFNBWDIAU0FYUkB57kRYsgBWQZjyAFZBiMiPD5kVWpZRAAitDiCtEQAaFlFCCZABH
348=SySQEnyAFFCCjIAUUIKUgByS0qSAEnKQtEiVkUaFmpARVoWakBFmhZqQEXaVlEKCkLRCgp
349=C0QoKgtEAGCIVQ0zSAxoAVkcNEkB92sXBgA1SQHvqQE2KCkANygpADgoKQA5SQHxrQU6SA
350=HJFztIASWZOjxIAWgMRR49yAFFHj5IAdUNP0gB1Q1AKCkAQSgpAEIoKQBDSQH1tQ1ESAHV
351=DUVIAdUNRkgBJV0iR0gBdFoBCQYASMgBAQoGAElJAdBIOE0QSsgBXSBLSAF0Wl0gTEgBaF
352=lZXk3IAUVrTsgBSWRPyAFJZFDIAU0FUcgBTQVSSAFoWV0KU8gBXQpUSAFoWUUIVcgBRQhW
353=yAFFCFfIAUUIWMgBTQVZyAFNBVrIAU0FW8gBTQVcyAFNBV3IAU0FXsgBTQVfyAFNBWDIAU
354=0FYUgBaFlFE2LIAVcCJABFkFadr0WQVkElJlQCJ9IKRQBoAVUCKNQCWRwpSAHNMSpJAd2l
355=NCtIASJVIRhxVkWdVxlwVqkBGnBWqQEbclZFAM3WMFgGxQgxSAHdCjJIAXhIURQzyAFZHD
356=RJAfa1DTVJAe2pATYoKQA3KCkAOCgpADlJAfCtBTpIAVhBafM7SAHNEDxIAXQNTRs9yAFB
357=JT5IAdUNP0gB1Q1AKCkAQSgpAEJIAckMQ0gB1RhEKCkARUkB+q0QRkgBzWhHSAHdV0hJAd
358=BIE0EPScgBUR9KyAFRH0tIAd0KTEkB+7EJTUgB0QlOSQGstQJPSQGkqQFQKCkAUUkBprUC
359=UkgBZB5JDFPIAUkMVEkBWCTZIVVIAcV2VkgB1XBXSAHNEFhIAcEEWUgByXpaKCkAWygpAF
360=woKQBdKCkAXigpAF8oKQBgKCkAYUgBww8lAEaZUwAi2k1GACJ5IAwiKDeoAQENBgAoQAR1
361=Ag4i2U1GXChIACLTK0YAtqUeK0AEaAFJWSzIAVk9LcgBVS4uyAFJIi/IAUkiMMgBRWsxSA
362=HRHzJIAXgnVQIzyAFdbTRIAcFGNUkB7aEPNigpADcoKQA4KCkAOUkB8K0FOkgBQBe4UycV
363=AzxUAnQNRRM9yAFFEz5IAdUNP0gB1Q1AKCkAQSgpAEJIAckMQ0gB1RhEKCkARUgBwQ9GSA
364=HdCkdIAdFLSEgBxVVJSQHQUAVFHkrIAQEIBgBLSQH2VAJdK0xIASVxKk1IAdFsTkkBq7kc
365=T0kBoqkBUCgpAFFJAaW1AlJIAWQeXStTyAFVDVRIAdleVUkB9K0FVkgBXA5tJldIAc0bWE
366=gB1RhZSAHVI1ooKQBbKCkAXCgpAF0oKQBeKCkAXygpAGBIAcAPASYARwBxowBgUagBUR8o
367=1AJRSylIAcUTKkgBdE9VGCvIAU0mLMgBTdYtyAFN1i7IASNNQUecV01dMNUCDSJVY0eYCk
368=EPMlQCYCVJATPIAU0QNEgB0R81SQHtoSU2KCkAN0kB8rUCOEgBwQQ5KCkAOkgByXo7SAHR
369=QDxIAdUNPcgBVQ0+SAHVDT9IAdEJQEgByQxBKCkAQkgBwQRDSAHJDEQoKQBFKCkARkgBzQ
370=VHSAHRCUhIAdGCSUgB2T1KSAF0T0lkS8gBSWRMyAFZSE1IAc1STkgBJyIKRwAnIAonKQBR
371=QAQnIQpHI/AkXStTVAJwH0UeVEgBwQ9VSAGTMQYAVigpAFcoKQBYSAHVI1lIAcEaWigpAF
372=soKQBcKCkAXSgpAF4oKQBfSAHUTwEnAEgAdE9ZESjIAYpOSADZdCpUAmhORaIryQEPafNI
373=hUoQaPOpARFo86kBEmjzqQETIiBtqQEUak5IAMXDMlAJfCBVDTPIAVWnNEgB2Rw1SAHZHD
374=ZJAfC9TDdIAcElOEgBzQU5SAHNBTooKQA7SAHZBjxIAdUNPcgBVQ0+SAHV6T9JAfSpDEBI
375=AckMQSgpAEJIAdUNQ0gB1Q1EKCkARSgpAEZIAcEPR0gB0QlIKCkASSgpAEpIAcktS0gBdE
376=9deEzIAV14TcgBXXhOSQGvsRRPSQGnqQFQKCkAUUkBqbUCUkgBxR5TyAFFHlRIAdntVUkB
377=8a0FVkgB0RRXSAHNUlhIAcUeWUgBxR5aKCkAWygpAFwoKQBdKCkAXkgB0yooAEmcTFk9KU
378=kB+aEPKkgB0R8rSAF9TBZxS0mRSxdwS6kBGHBLqQEZcEupARpxS0nlSjFFCPm9CjJIAXAf
379=XXgzyAFdeDRJAfahBDVIAcEaNkgB0TU3SAHdIDhIAc0FOUgBzQU6KCkAO0gB2QY8SAHVDT
380=3IAVUNPkgBxSk/KCkAQEgByQxBKCkAQkgB1Q1DSAHVDUQoKQBFKCkARkgBwQ9HSAHRCUgo
381=KQBJKCkASkgBySJLSAHJLUxIAXxMSXpNyAFJek5JAc5UCUWBT0gBRAFt4VBIAdHlUUgBwU
382=ZSSAHFHlPIAUUeVEgB1RhVSAHRFFZIAd0gVygpAFhIAc0FWUgBxR5aKCkAWygpAFwoKQBd
383=SAHHSikASibRbSpIAdG5K0gB2BwELABKAAAAABEAAAIOBh4GAAAGAC0ASgAAYAAFBgAuAE
384=oA//9PAQYAL0oBWAOJATBKAfsBiQExSQH0qQEySQEFSAEBBgYAM8gBAQcGADRJAfpUAl0K
385=NUkB8qkBNkgB2QY3SAFICWEPOEgBzQU5SAHNBTooKQA7SAHZBjxIAdUNPcgBVQ0+SAHFEz
386=9JAfO1DUBJAfWpAUFIAdUNQkgB1Q1DSAHVDUQoKQBFKCkARigpAEdIAdEJSEgB0QlJSAHB
387=D0pIAdEJS0gBzQVMSAHFKU1JAc5cBgEDBgBOyAEBBAYAT8gBAQUGAFBJAVupLVFJAfypF1
388=JIAcUeU8gBRR5USAHVGFVIAdUjVkgB1Q1XKCkAWEkB9rEJWUkB7akBWigpAFsoKQBcSAHQ
389=CQIqAEsA5VwVSTgryAEBAQYALMkBAmBGoARBGi7UAk0FL8gBTQUwyAFNBTHIAU0FMkkBzL
390=0KM8gBTQU0SAHVDTXIAVUCNsgBRQg3yAFFCDjIAVUNOcgBTQU6yAFNBTvIAU0FPEgB1Q09
391=yAFNBT5IAXQNTQU/yAFNBUDIAV0KQcgBTQVCyAFNBUPIAU0FRMgBTQVFyAFNBUZJAcmtG0
392=fIAVUCSEgBdA0BAAYAScgBVQJKyAFdCkvIAV0KTEkBuaUITcgBTQVOSAFsR0U/T8kBCGNG
393=SwD5TAVBBFFUAs1HUkkBs1QCVQ1TyAFBBFRIAclDVSgpAFYoKQBXSQH3qUNYSAHVRFkoKQ
394=BaKCkAW0gB10QrAEyURF1XLMgBRYEtyAFdFS7IAU1dL8gBTQUwyAFNBTHIAU0FMkgBcDVJ
395=IjPIAUkiNEgBeCdFCDXIAUUINsgBRQg3yAFFCDjIAU0FOcgBTQU6yAFNBTvIAU0FPEgB1Q
396=09yAFVDT5IAXQNTQU/yAFNBUDIAV0KQcgBXQpCyAFNBUPIAU0FRMgBTQVFyAFNBUZIAWhD
397=TRtHyAFVDUhIAXQNTQVJyAFNBUrIAV0KS8gBXQpMSAFoQ0UITcgBRQhOSAHBO09IAXxBQQ
398=RQyAFBBFFJAdBcQVFAUsgBQQRTSAF0REEEVEgBxT9VSQHvsUBWKCkAV0gB3UFYKCkAWSgp
399=AFpIAdxBASwATQDFoi1IAdEJLigpAC8oKQAwKCkAMUkB8aEPMkgBYJ5dVzPIAUkXNEgB0R
400=Q1SAHdCjZIAdkGN0gB3SA4SAHNBTlIAc0FOigpADtIAdkGPEgB1Q09yAFVDT5IAcUIP0gB
401=xQhASAHZBkFIAdUNQkgBzQVDSAHNBUQoKQBFSAHZBkZIAdUNR8gBVQ1ISAHFCElIAcUISk
402=gB1chLSAHVDUxIAc0FTUgBzQVOSAHJDE9JAVm1yFBIAWQ/TTxRyAFdTFLIAV1MU0gB3QpU
403=SAEnQhlNANk9VlQCyQFXKCkAWCgpAFlIAcU/LVjaxQguSAHZBi8oKQAwKCkAMUkB8Po9Tg
404=BoIk1SM1QCaAFdFTRIAc3WNUgB0Qk2SAHVDTdIAckXOEgBwQ85SAHNBTooKQA7SAHVDTxI
405=AWgMVQ09yAFVDT5IAdUNP0gBxQhASAHVDUFIAdUNQkgB1Q1DSAHNBUQoKQBFSAHVDUZIAd
406=UNR8gBVQ1ISAHVDUlIAc0FSkgByQxLKCkATEgB1Q1NSAHVDU4oKQBPSAHFP1BIAcU/UUkB
407=0Ex+VYZSyAFdxVNJAfdUAlmKVEgB3cVVSAHZEVZIAckMVygpAFhIAdwgAS4ATwDZES9IAc
408=0FMCgpADFJAfDhO0+AO0lOM1QCfCBJTjRIAcUINUgB3Qo2SAFAEyI1KDcoKQA4KCkAOUgB
409=2QY6SAEloSU7SAHFCDxIAWgMVQ09yAFVDT5IAdkGP0gBzQVASAHVDUEoKQBCKCkAQ0gByS
410=JESAHZHEVIAc0bRkgB1Q1HyAFVDUhIAdUNSUgB1Q1KSAEnYQdPJl0tTChVAE1IAdUNTkgB
411=1Q1PKCkAUEgBzTxRSAHNPFJIAXQ5AQkGAFPIAQEKBgBUyAEBCwYAVUgB2RFWSAHNJldIAc
412=cTLwBQ9TkwSAHBDzFIAdkcMkgBeBxBRjPIAUVKNEgBwRo1KCkANkgB0So3KCkAOCgpADlI
413=AdkGOigpADsoKQA8SAHVDT3IAVUNPkgB2QY/KCkAQEgB1Q1BKCkAQigpAENIAdEfREgB0R
414=9FSAHNG0ZIAXQNWcxHyAGJsVDlNElUAsEPSigpAEsoKQBMKCkATUgBJwoHUADVDU9UAtEq
415=UCgpAFFIAdU5UkgB1TlTSAF1OQ5qOFAAaQEPazhQAPVcHEUTVkAEx3YwAFH9NjFIAcEaMk
416=gBwRozyAFZBjRIAd3FNUgBwQ82SAFYCr1tUYQBXSA4KFUAOUgB2QY6SQHvqXo7SAHFCDxI
417=AdUNPcgBVQ0+SAHZBj9IAc0FQEgBjwwGAEEoKQBCKCkAQygpAEQoKQBFSAElETRGSAF0DV
418=m2R8gBgqlRANUNSVQC1Q1KSAHdNksoKQBMKCkATUkB+KEaTkgBzQVPSAHBRlBIAd02USgp
419=AFJIAckMU0gB3TZUSAFkNF2OVcgBRIEBMQBSAMkXMkgByRczyAFJFzRIAdUNNUgB1Q02SA
420=HJLTcoKQA4KCkAOUgBzQU6KCkAO0gB0UA8SAHVDT3IAVUNPkgB2VM/SAHFCEBIAdUNQSgp
421=AEJIAdkcQ0gB3TZEKCkARSgpAEZIAXQNUR9HyAFRH0hIAdUNSUgB1Q1KSAHVDUsoKQBMKC
422=kATUgB1RhOSAEnWQZS4XJQVALdClFIAd0KUigpAFNIAckXVEgBxTQyWKPRFDPIAVEUNEgB
423=yQw1SAHdCjZIAd0KNygpADgoKQA5KCkAOigpADtIAckXPEgB1Q09yAFVDT5IAdk9P0gB3Y
424=NAKCkAQSgpAEIoKQBDSAElMUNEKCkARUgBJWEoRkgBdA1BtEfIAUmmSEgB1Q1JSAHVDUoo
425=KQBLKCkATCgpAE0oKQBOSAHJDE9IAcElUEgB3QpRSAHdClIoKQBTSAHNyzNE0WQTWRE0SA
426=HZdDVIAd0rNigpADcoKQA4KCkAOSgpADooKQA7SAEnqwVUAMh/UwYAPVQCaAGLkFQA5LUC
427=P1QCaAFVAkDIAUGIQcgBXWJCyAFNn0PIAU0FRMgBTQVFyAFNBUZIASK0OE0FR8gBTQVISA
428=FoDE0FScgBTQVKyAFNBUvIAU0FTMgBTQVNyAFNBU7IAU0FT8gBTQVQSQHntRhRyAFVAlLI
429=AUUINFj7zTE1SAEnUQVVJukuNyhVADgoKQA5SAHdNjooKQA7SAEnUQVVkCpJDD1UAnAqUR
430=Q+SAF4HEF9P8gBVVpAyAFVT0HIAVk9QsgBTQVDyAFNBUTIAU0FRcgBTQVGSAFwKlUNR8gB
431=VQ1ISAF0DU0FScgBTQVKyAFdCkvIAV0KTMgBTQVNyAFNBU7IAU0FT8gBTQVQSAFwKkkMUc
432=gBQwQ1AFb16TZIAcUpNygpADhIAdUjOUgBdDJRNTooKQA7SAHVvTxIAXheQRo9yAFVDT5I
433=AcVgP0gBzZRASAHFa0FIAcEEQkgB3aRDKCkARCgpAEVIAcUIRkgBdA1ZEUfIAVVESEgB0Q
434=lJSAHdeEpIAdUNS0gBJY0+TEgB1Q1NKCkATigpAE8oKQBQSAHTCTYAV+0mN0gBzSY4SAEn
435=oQRXnCRFEzpUAo8BBgA7KCkAPEgBaBdBMD3IAUU0PkgBybE/SAHRCUBIAckXQUgBwQRCSA
436=HBD0MoKQBEKCkARUgBxQhGSAF0DVkyR8gBWTJISAHdNklIAckMSigpAEsoKQBMSAHBD01I
437=AcEPTigpAE9IAc+fNwBY9SM4SAHNEDlIAd0gOigpADtJAfkkMSI8SAFwFElZPcgBSVk+SA
438=HBfT9IAckMQEgB3RVBSAHBBEJIAcUTQygpAEQoKQBFSAHZEUZIAXQNQTBHyAFBMEhIAd0K
439=SSgpAEooKQBLKCkATEgBJ0kEWP2OTlQC0xQ4AFkmFSQ5SAEn8QNZhAFJQztUAsEwPEgBeB
440=FVAj3IAUlZPkgB2RE/KCkAQCgpAEEoKQBCSAHdIENIAdWcRCgpAEVIAcUTRkgBdA1JLUfI
441=AUktSEgBzTFJSAHBD0ooKQBLKCkATEgBJ/IDWQDfCjkAWu0bOigpADsoKQA8SAFgD0FRPc
442=gBQVE+SAHFdj9IAdV7QEgBzRBBKCkAQigpAEMoKQBEKCkARSgpAEZIAXQNUSpHyAFRKkhI
443=AckXSUgB2X9KKCkASygpAExIAc8bOgBbJmVPO0gB0RQ8SAFoDFlIPcgBWUg+SAHJDD9IAc
444=1SQEgB1Q1BKCkAQigpAEMoKQBEKCkARUgB1Q1GSAF0DVknR8gBWSdISAHVDUlIAdUNSigp
445=AEtIAdcYOwBc7VI8SAFwCVFAPcgBUUA+SAHRCT9IAdEJQCgpAEEoKQBCKCkAQygpAEQoKQ
446=BFSAEnvQ1cJjlER1QCYA9BJUhIAdUNSUgB1Q1KSAHfFTwAXZgGSTg9yAFJOD5IAdkGP0gB
447=2QZAKCkAQSgpAEIoKQBDKCkARCgpAEVIASeQArQNSSJHVAJwFEkiSEgB1Q1JSAHHEz0AXo
448=QTQTA+SAHJbz9IASc5Al7xgkEoVQBCKCkAQygpAEQoKQBFSAEnOwJeAASxo0dUAmgBUR9I
449=SAHXhj4AX/1tP0gB0RRASAHNEEEoKQBCKCkAQygpAEQoKQBFSAEn4QFfgA+cTKgBWxw/AG
450=D9ukBIASeJAWD5HEIoVQBDKCkARCgpAEVIASeJAWCIDENnQABh/QpBSAHdCkIoKQBDKCkA
451=RCgpAEVIAc8xQQBi5QhCSAHFCEMoKQBESAHPBUIAY+0FQ0gBCPQBAAAABgAAAAAAEQAA

[Terrain]
38064=TREE01
38060=TREE01
38056=TREE01
38052=TREE01
29052=TREE01
38065=TREE17
40067=TREE17
42069=TREE17
44071=TREE17
27048=TREE17
29044=TREE17
41046=TREE10
41048=TREE07
29046=TREE07
25049=TREE07
39047=TREE03
28045=TREE03
54053=TREE01
39044=TREE01
25044=TREE01
42045=TREE05
26046=TREE04
48074=TREE10
29049=TREE10
39049=TREE17
22045=TREE17
18048=TREE18
74075=TREE01
77085=TREE17
81081=TREE17
78076=TREE17
83076=TREE17
82074=TREE17
77074=TREE17
79068=TREE03
56062=TREE03
59041=TREE03
48045=TREE03
66095=TREE03
70053=TREE03
83055=TREE10
78049=TREE17
93063=TREE07
95065=TREE05
95068=TREE04
96067=TREE03
87077=TREE04
90072=TREE07
49072=TREE07
59049=TREE11
74049=TREE09
64053=TREE12
64058=TREE17
64056=TREE17
59066=TREE17
64071=TREE17
65072=TREE17
66073=TREE17
68069=TREE17
70071=TREE17
60061=TREE17
60059=TREE17
69076=TREE17
71077=TREE17
83066=TREE17
82064=TREE17
91069=TREE17
93069=TREE17
86062=TREE17
88062=TREE17
90062=TREE17
92062=TREE17
72059=TREE17
73057=TREE17
74062=TREE17
74067=TREE17
73070=TREE17
74070=TREE17
82057=TREE17
84057=TREE17
84059=TREE17
77056=TREE17
77054=TREE17
81052=TREE17
49049=TREE17
49041=TREE17
49045=TREE17
17046=TREE17
17041=TREE17
17043=TREE17
49079=TREE17
49077=TREE17
64089=TREE17
64091=TREE17
66089=TREE17
64093=TREE17
69089=TREE17
69093=TREE17
73089=TREE17
69086=TREE17
70084=TREE17
72084=TREE17
74084=TREE17
68059=TREE17
49052=TREE17
74053=TREE17
73052=TREE17
63081=TREE17
65081=TREE17
66085=TREE17
65084=TREE17
59077=TREE17
63077=TREE17
61076=TREE01
70064=TREE01
79057=TREE01
13041=TREE04
53081=TREE12
69055=TREE07
56085=TREE06
31027=LT_SGN04
35027=LT_SGN02
35013=LT_SGN02
31013=LT_SGN04
59037=LT_EUR02
51037=LT_EUR02
28037=LT_EUR02
65065=LT_EUR01
75061=TRFF02
76071=TRFF02
67082=TRFF01
57083=TRFF02
58064=TRFF03
66050=TRFF01
75051=TRFF02
57050=TRFF01
50051=TRFF02
51064=TRFF02
50077=TRFF01
84061=TRFF01
85071=TRFF03
67073=LT_EUR02
66091=LT_EUR01
69087=LT_EUR01
65060=LT_EUR01
65054=LT_EUR01
74057=LT_EUR01
77053=LT_EUR01
83065=LT_EUR01
92069=LT_EUR02
83074=LT_EUR01
83080=LT_EUR01
77076=LT_EUR01
74069=LT_EUR01
77066=LT_EUR01
77084=LT_EUR02
69084=LT_EUR02
62084=LT_EUR02
59076=LT_EUR01
59067=LT_EUR01
56066=LT_EUR01
49070=LT_EUR01
49065=LT_EUR01
56054=LT_EUR01
56061=LT_EUR01
62041=LT_EUR02
69041=LT_EUR02
71049=LT_EUR02
61049=LT_EUR02
49044=LT_EUR01
27049=LT_EUR02
40049=LT_EUR02
29056=LT_EUR01
39059=LT_EUR01
14042=LT_EUR01
17047=LT_EUR01
9041=LT_EUR02
22041=LT_EUR02
74045=LT_EUR01

[Units]
0=BadGuy1 House,MTNK,256,80,59,128,Guard,None,0,-1,0,-1,1,1
1=BadGuy1 House,MTNK,256,55,32,64,Guard,092CF9A0,0,-1,0,-1,1,1
2=BadGuy1 House,MTNK,256,58,32,64,Guard,092CF9A0,0,-1,0,-1,1,1
3=BadGuy1 House,MTNK,256,58,35,64,Guard,092CF9A0,0,-1,0,-1,1,1
4=BadGuy1 House,FV,256,67,90,32,Guard,None,0,-1,0,-1,1,1
5=BadGuy1 House,MTNK,256,58,81,0,Guard,None,0,-1,0,-1,1,1
6=BadGuy1 House,MTNK,256,44,71,32,Guard,None,0,-1,0,-1,1,1
7=BadGuy1 House,MTNK,256,43,61,96,Guard,None,0,-1,0,-1,1,1
8=BadGuy1 House,MTNK,256,50,43,128,Guard,08A82110,0,-1,0,-1,1,1
9=BadGuy1 House,MTNK,256,51,43,128,Guard,None,0,-1,0,-1,1,1
10=BadGuy1 House,MTNK,256,59,43,128,Guard,08A828D0,0,-1,0,-1,1,1
11=BadGuy1 House,MTNK,256,60,43,128,Guard,None,0,-1,0,-1,1,1
12=BadGuy1 House,FV,256,75,46,128,Guard,None,0,-1,0,-1,1,1
13=BadGuy1 House,MTNK,256,62,53,96,Guard,None,0,-1,0,-1,1,1
14=BadGuy1 House,FV,256,49,53,96,Guard,None,0,-1,0,-1,1,1
15=Other1 House,HTK,256,51,79,0,Sleep,08A67870,0,-1,0,-1,1,1
16=BadGuy1 House,FV,256,27,34,32,Guard,None,0,-1,0,-1,1,1
17=Civie1 House,PICK,256,86,67,64,Sleep,None,0,-1,0,-1,1,1
18=Civie1 House,PICK,256,73,57,64,Sleep,None,0,-1,0,-1,1,1
19=Civie1 House,PICK,256,62,57,64,Sleep,None,0,-1,0,-1,1,1
20=Civie1 House,PICK,256,57,57,64,Sleep,None,0,-1,0,-1,1,1
21=Civie1 House,PICK,256,62,59,0,Sleep,None,0,-1,0,-1,1,1
22=Civie1 House,PICK,256,82,72,0,Guard,None,0,-1,0,-1,1,1
23=Civie1 House,PICK,256,70,50,192,Sleep,08A11500,0,-1,0,-1,1,1
24=Civie1 House,PICK,256,79,51,192,Sleep,08A11500,0,-1,0,-1,1,1
25=Civie1 House,PICK,256,59,49,0,Sleep,None,0,-1,0,-1,1,1
26=Civie1 House,PICK,256,49,68,0,Sleep,08B4ABF0,0,-1,0,-1,1,1
27=Civie1 House,PICK,256,38,21,0,Sleep,None,0,-1,0,-1,1,1
28=Civie1 House,PICK,256,43,18,0,Guard,None,0,-1,0,-1,1,1
29=Civie1 House,PICK,256,49,21,0,Sleep,None,0,-1,0,-1,1,1
30=Civie1 House,PICK,256,50,38,128,Sleep,None,0,-1,0,-1,1,1
31=Civie1 House,PICK,256,51,29,128,Sleep,None,0,-1,0,-1,1,1
32=Civie1 House,PICK,256,50,41,0,Sleep,None,0,-1,0,-1,1,1
33=Civie1 House,PICK,256,78,60,0,Sleep,089D5B70,0,-1,0,-1,1,1
34=Civie1 House,PICK,256,64,87,0,Sleep,None,0,-1,0,-1,1,1
35=Civie1 House,PICK,256,50,77,0,Sleep,None,0,-1,0,-1,1,1
36=Other1 House,PICK,256,50,56,0,Guard,None,0,1,0,-1,1,1
37=Other1 House,PICK,256,53,67,192,Guard,None,0,3,0,-1,1,1
38=Other1 House,PICK,256,38,50,0,Sleep,089F2850,0,2,0,-1,1,1
39=BadGuy1 House,MTNK,256,55,35,64,Guard,092CF9A0,0,-1,0,-1,1,1
40=Civie1 House,EUROC,256,49,47,64,Sleep,None,0,-1,0,-1,1,1
41=Civie1 House,CAR,256,43,49,0,Sleep,None,0,-1,0,-1,1,1
42=Civie1 House,PTRUCK,256,83,78,96,Sleep,None,0,-1,0,-1,1,1
43=Civie1 House,EUROC,256,75,72,224,Sleep,None,0,-1,0,-1,1,1
44=Civie1 House,STANG,256,72,80,192,Sleep,None,0,-1,0,-1,1,1
45=Civie1 House,SUVB,256,49,63,0,Sleep,None,0,-1,0,-1,1,1
46=Civie1 House,TAXI,256,41,66,0,Sleep,None,0,-1,0,-1,1,1

[Infantry]
0=Player House,IVAN,256,83,76,2,Guard,96,08E000A0,0,-1,0,1,1
1=Player House,IVAN,256,83,76,3,Guard,160,08E000A0,0,-1,0,1,1
2=Other3 House,SHK,256,81,79,3,Guard,0,087D3730,0,-1,0,1,1
3=Other3 House,SHK,256,81,78,4,Guard,224,087D3730,0,-1,0,1,1
4=Other3 House,SHK,256,79,78,4,Guard,64,087D3730,0,-1,0,1,1
5=BadGuy1 House,E1,256,69,79,4,Guard,32,None,0,-1,0,1,1
6=BadGuy1 House,E1,256,69,77,3,Guard,64,None,0,-1,0,1,1
7=BadGuy1 House,E1,256,69,78,3,Guard,32,None,0,-1,0,1,1
8=BadGuy1 House,E1,256,67,75,4,Guard,64,None,0,0,0,1,1
9=BadGuy1 House,E1,256,66,63,4,Guard,128,None,0,-1,0,1,1
10=BadGuy1 House,E1,256,67,65,4,Guard,96,None,0,-1,0,1,1
11=BadGuy1 House,E1,256,67,61,3,Guard,128,None,0,-1,0,1,1
12=BadGuy1 House,E1,256,68,63,4,Guard,128,None,0,-1,0,1,1
13=BadGuy1 House,E1,256,85,57,4,Guard,160,None,0,-1,0,1,1
14=BadGuy1 House,E1,256,81,60,2,Guard,128,None,0,-1,0,1,1
15=BadGuy1 House,E1,256,54,36,3,Guard,64,092CF9A0,0,-1,0,1,1
16=BadGuy1 House,E1,256,53,30,2,Guard,64,092CF9A0,0,-1,0,1,1
17=BadGuy1 House,E1,256,69,86,3,Guard,0,None,0,-1,0,1,1
18=BadGuy1 House,E1,256,68,86,3,Guard,0,None,0,-1,0,1,1
19=BadGuy1 House,E1,256,68,88,4,Guard,0,None,0,-1,0,1,1
20=BadGuy1 House,E1,256,69,87,4,Guard,64,None,0,-1,0,1,1
21=BadGuy1 House,E1,256,59,79,3,Guard,0,None,0,-1,0,1,1
22=BadGuy1 House,E1,256,63,81,3,Guard,0,None,0,-1,0,1,1
23=BadGuy1 House,E1,256,43,64,4,Guard,64,None,0,-1,0,1,1
24=BadGuy1 House,E1,256,46,64,3,Guard,64,None,0,-1,0,1,1
25=BadGuy1 House,E1,256,45,66,3,Guard,32,None,0,-1,0,1,1
26=BadGuy1 House,E1,256,46,66,3,Guard,96,None,0,-1,0,1,1
27=BadGuy1 House,E1,256,44,42,3,Guard,0,None,0,-1,0,1,1
28=BadGuy1 House,E1,256,43,40,2,Guard,96,None,0,-1,0,1,1
29=BadGuy1 House,E1,256,27,32,4,Guard,64,None,0,-1,0,1,1
30=BadGuy2 House,E1,256,42,34,2,Area Guard,192,None,0,-1,0,1,1
31=BadGuy2 House,E1,256,43,35,2,Area Guard,160,None,0,-1,0,1,1
32=BadGuy2 House,E1,256,43,33,3,Area Guard,192,None,0,-1,0,1,1
33=BadGuy2 House,E1,256,42,32,3,Area Guard,224,None,0,-1,0,1,1
34=BadGuy2 House,E1,256,43,32,3,Area Guard,192,None,0,-1,0,1,1
35=Player House,E2,256,81,74,2,Guard,128,None,0,-1,0,1,1
36=Player House,E2,256,79,74,4,Guard,32,None,0,-1,0,1,1
37=Player House,E2,256,80,74,2,Guard,128,None,0,-1,0,1,1
38=Player House,E2,256,79,73,2,Guard,128,None,0,-1,0,1,1
39=Player House,E2,256,79,73,4,Guard,128,None,0,-1,0,1,1
40=Player House,E2,256,80,73,4,Guard,128,None,0,-1,0,1,1
41=Player House,E2,256,78,73,2,Guard,128,None,0,-1,0,1,1
42=Player House,E2,256,81,73,4,Guard,128,None,0,-1,0,1,1
43=Player House,E2,256,81,74,4,Guard,128,None,0,-1,0,1,1
44=Player House,E2,256,80,73,2,Guard,128,None,0,-1,0,1,1
45=Player House,E2,256,81,73,2,Guard,128,None,0,-1,0,1,1
46=Player House,E2,256,81,75,3,Guard,32,None,0,-1,0,1,1
47=Other3 House,SHK,256,79,77,2,Guard,128,087D3730,0,-1,0,1,1
48=Player House,SENGINEER,256,78,76,2,Guard,64,None,0,-1,0,1,1
49=Player House,SENGINEER,256,76,74,4,Guard,96,None,0,-1,0,1,1

[Structures]
1016543=Other2 House,CAPARS01,256,46,32,0,0AD6CDCC,0,0,0,0,0,None,None,None,1,0
1016544=Civie1 House,CAWASH07,256,53,26,0,092CF9A0,0,0,1,0,0,None,None,None,0,0
1016545=Civie1 House,CAWASH07,256,53,47,0,08A82110,0,0,1,0,0,None,None,None,0,0
1016546=Civie1 House,CAWASH07,256,62,47,0,08A828D0,0,0,1,0,0,None,None,None,0,0
1016547=Civie1 House,CAWASH07,256,56,47,0,08A828D0,0,0,1,0,0,None,None,None,0,0
1016548=Civie1 House,CAWASH07,256,43,12,0,0843C690,0,0,1,0,0,None,None,None,0,0
1016549=Civie1 House,CAWASH07,256,67,54,0,None,0,0,1,0,0,None,None,None,0,0
1016550=Civie1 House,CAWASH07,256,79,54,0,None,0,0,1,0,0,None,None,None,0,0
1016551=Civie1 House,CAWASH07,256,54,79,0,088D5E50,0,0,1,0,0,None,None,None,0,0
1016552=BadGuy1 House,GAPILL,196,67,63,0,None,1,0,1,0,0,None,None,None,0,0
1016553=Civie1 House,CAMISC02,256,70,65,0,None,0,0,1,0,0,None,None,None,0,0
1016554=Civie1 House,CAMISC02,256,71,66,0,None,0,0,1,0,0,None,None,None,0,0
1016555=Civie1 House,CAMISC02,256,67,64,0,None,0,0,1,0,0,None,None,None,0,0
1016556=Civie1 House,CAMISC01,256,69,64,0,None,0,0,1,0,0,None,None,None,0,0
1016557=Civie1 House,CAMISC01,256,66,62,0,None,0,0,1,0,0,None,None,None,0,0
1016558=Civie1 House,CAMISC02,256,67,62,0,None,0,0,1,0,0,None,None,None,0,0
1016559=BadGuy1 House,GAPILL,192,84,57,0,089D5B70,1,0,1,0,0,None,None,None,0,0
1016560=BadGuy1 House,GAPILL,195,74,46,0,None,1,0,1,0,0,None,None,None,0,0
1016561=BadGuy1 House,GAPILL,195,76,46,0,None,1,0,1,0,0,None,None,None,0,0
1016562=BadGuy1 House,GAPILL,195,61,44,0,None,1,0,1,0,0,None,None,None,0,0
1016563=BadGuy1 House,GAPILL,192,49,44,0,None,1,0,1,0,0,None,None,None,0,0
1016564=BadGuy1 House,GAPILL,195,58,44,0,None,1,0,1,0,0,None,None,None,0,0
1016565=BadGuy1 House,GAPILL,195,52,44,0,None,1,0,1,0,0,None,None,None,0,0
1016566=BadGuy1 House,GAPILL,195,49,23,0,092CF260,1,0,1,0,0,None,None,None,0,0
1016567=BadGuy1 House,GAPILL,195,52,23,0,None,1,0,1,0,0,None,None,None,0,0
1016568=BadGuy1 House,GAPILL,195,41,31,0,None,1,0,1,0,0,None,None,None,0,0
1016569=Civie1 House,CAMISC01,256,41,42,0,None,0,0,1,0,0,None,None,None,0,0
1016570=Civie1 House,CAMISC02,256,43,42,0,None,0,0,1,0,0,None,None,None,0,0
1016571=Civie1 House,CAMISC01,256,43,41,0,None,0,0,1,0,0,None,None,None,0,0
1016572=Civie1 House,CAMISC02,256,86,57,0,None,0,0,1,0,0,None,None,None,0,0
1016573=Civie1 House,CAMISC01,256,86,58,0,None,0,0,1,0,0,None,None,None,0,0
1016574=Civie1 House,CAMISC02,256,69,89,0,None,0,0,1,0,0,None,None,None,0,0
1016575=Civie1 House,CAMISC02,256,70,90,0,None,0,0,1,0,0,None,None,None,0,0
1016576=BadGuy1 House,GAPILL,195,62,81,0,None,1,0,1,0,0,None,None,None,0,0
1016577=BadGuy1 House,GAPILL,195,52,56,0,None,1,0,1,0,0,None,None,None,0,0
1016578=BadGuy1 House,GAPILL,195,65,56,0,08907F50,1,0,1,0,0,None,None,None,0,0
1016579=Civie1 House,CAMISC02,256,44,72,0,None,0,0,1,0,0,None,None,None,0,0
1016580=Civie1 House,CAMISC02,256,42,70,0,None,0,0,1,0,0,None,None,None,0,0
1016581=Civie1 House,CAMISC02,256,46,72,0,None,0,0,1,0,0,None,None,None,0,0
1016582=Civie1 House,CAMISC02,256,59,82,0,None,0,0,1,0,0,None,None,None,0,0
1016583=Civie1 House,CAMISC02,256,48,74,0,None,0,0,1,0,0,None,None,None,0,0
1016584=Civie1 House,CAMISC02,256,65,55,0,None,0,0,1,0,0,None,None,None,0,0
1016585=Civie1 House,CAMISC02,256,63,54,0,None,0,0,1,0,0,None,None,None,0,0
1016586=Civie1 House,CAMISC02,256,64,53,0,None,0,0,1,0,0,None,None,None,0,0
1016587=Civie1 House,CAMISC02,256,65,51,0,None,0,0,1,0,0,None,None,None,0,0
1016588=Civie1 House,CAMISC01,256,51,54,0,None,0,0,1,0,0,None,None,None,0,0
1016589=Civie1 House,CAMISC01,256,57,45,0,None,0,0,1,0,0,None,None,None,0,0
1016590=Civie1 House,CAMISC01,256,64,52,0,None,0,0,1,0,0,None,None,None,0,0
1016591=Civie1 House,CAMISC02,256,51,52,0,None,0,0,1,0,0,None,None,None,0,0
1016592=Civie1 House,CAMISC02,256,52,51,0,None,0,0,1,0,0,None,None,None,0,0
1016593=Civie1 House,CAMISC02,256,51,53,0,None,0,0,1,0,0,None,None,None,0,0
1016594=Civie1 House,CAMISC03,256,33,23,0,None,0,0,1,0,0,None,None,None,0,0
1016595=Civie1 House,CAMISC03,256,48,64,0,None,0,0,1,0,0,None,None,None,0,0
1016596=Civie1 House,CAMISC03,256,58,39,0,092CF9A0,0,0,1,0,0,None,None,None,0,0
1016597=Civie1 House,CAMISC03,256,64,39,0,092CF9A0,0,0,1,0,0,None,None,None,0,0
1016598=Civie1 House,CAMISC03,256,45,38,0,092CF260,0,0,1,0,0,None,None,None,0,0
1016599=Civie1 House,CAMISC02,256,81,62,0,None,0,0,1,0,0,None,None,None,0,0
1016600=Civie1 House,CAMISC02,256,81,64,0,089D5B70,0,0,1,0,0,None,None,None,0,0
1016601=Civie1 House,CAMISC02,256,80,60,0,None,0,0,1,0,0,None,None,None,0,0
1016602=Civie1 House,CAMISC02,256,79,60,0,None,0,0,1,0,0,None,None,None,0,0
1016603=Civie1 House,CAMISC01,256,79,59,0,None,0,0,1,0,0,None,None,None,0,0
1016604=Civie1 House,CAMISC01,256,45,72,0,None,0,0,1,0,0,None,None,None,0,0
1016605=Civie1 House,CAMISC01,256,43,70,0,None,0,0,1,0,0,None,None,None,0,0
1016606=Civie1 House,CAMISC01,256,43,60,0,None,0,0,1,0,0,None,None,None,0,0
1016607=Civie1 House,CAMISC01,256,47,62,0,None,0,0,1,0,0,None,None,None,0,0
1016608=Civie1 House,CAMISC02,256,44,61,0,None,0,0,1,0,0,None,None,None,0,0
1016609=Civie1 House,CAMISC02,256,42,62,0,None,0,0,1,0,0,None,None,None,0,0
1016610=Civie1 House,CAMISC02,256,46,62,0,None,0,0,1,0,0,None,None,None,0,0
1016611=Civie1 House,CAMISC02,256,44,60,0,None,0,0,1,0,0,None,None,None,0,0
1016612=Civie1 House,CAMISC02,256,48,61,0,None,0,0,1,0,0,None,None,None,0,0
1016613=Civie1 House,CAMISC02,256,59,80,0,None,0,0,1,0,0,None,None,None,0,0
1016614=Civie1 House,CAMISC02,256,60,84,0,None,0,0,1,0,0,None,None,None,0,0
1016615=Civie1 House,CAMISC02,256,62,82,0,None,0,0,1,0,0,None,None,None,0,0
1016616=Civie1 House,CAMISC02,256,61,81,0,None,0,0,1,0,0,None,None,None,0,0
1016617=Civie1 House,CAMISC02,256,87,58,0,None,0,0,1,0,0,None,None,None,0,0
1016618=Civie1 House,CAMISC02,256,85,58,0,None,0,0,1,0,0,None,None,None,0,0
1016619=Civie1 House,CAMISC02,256,43,26,0,None,0,0,1,0,0,None,None,None,0,0
1016620=Civie1 House,CAMISC02,256,43,40,0,None,0,0,1,0,0,None,None,None,0,0
1016621=Civie1 House,CAMISC02,256,41,23,0,None,0,0,1,0,0,None,None,None,0,0
1016622=Civie1 House,CAMISC01,256,43,25,0,None,0,0,1,0,0,None,None,None,0,0
1016623=Player House,NAHAND,256,79,70,0,None,1,0,1,0,0,None,None,None,0,0
1016624=BadGuy1 House,GAPILL,195,41,36,0,092CF260,1,0,1,0,0,None,None,None,0,0
1016625=Other3 House,TESLA,256,80,78,0,None,1,0,1,0,0,None,None,None,0,0
1016628=Civie1 House,CAPARS04,256,42,46,0,08B381A0,0,0,1,0,0,None,None,None,0,0
1016629=Civie1 House,CAPARS06,256,46,46,0,08A82110,0,0,1,0,0,None,None,None,0,0
1016630=Civie1 House,CAPARS12,256,86,71,0,None,0,0,1,0,0,None,None,None,0,0
1016631=Civie1 House,CAPARS05,256,74,64,0,None,0,0,1,0,0,None,None,None,0,0
1016632=Civie1 House,CAPARS05,256,77,64,0,None,0,0,1,0,0,None,None,None,0,0
1016633=Civie1 House,CAPARS05,256,47,54,0,None,0,0,1,0,0,None,None,None,0,0
1016634=Civie1 House,CAPARS05,256,41,54,0,None,0,0,1,0,0,None,None,None,0,0
1016635=Civie1 House,CAPARS06,256,56,61,0,None,0,0,1,0,0,None,None,None,0,0
1016636=Civie1 House,CAPARS05,256,74,79,0,None,0,0,1,0,0,None,None,None,0,0
1016637=Civie1 House,CAPARS05,256,78,80,0,None,0,0,1,0,0,None,None,None,0,0
1016638=Civie1 House,CAPARS06,256,67,81,0,None,0,0,1,0,0,None,None,None,0,0
1016639=Civie1 House,CAPARS04,256,64,79,0,None,0,0,1,0,0,None,None,None,0,0
1016640=Civie1 House,CAPARS05,256,73,87,0,088D0650,0,0,1,0,0,None,None,None,0,0
1016641=Civie1 House,CAPARS06,256,67,69,0,None,0,0,1,0,0,None,None,None,0,0
1016642=Civie1 House,CAPARS05,256,64,72,0,088D5E50,0,0,1,0,0,None,None,None,0,0
1016643=Civie1 House,CAPARS06,256,57,86,0,088D0650,0,0,1,0,0,None,None,None,0,0
1016644=Civie1 House,CAPARS06,256,57,69,0,None,0,0,1,0,0,None,None,None,0,0
1016645=Civie1 House,CAPARS05,256,54,72,0,None,0,0,1,0,0,None,None,None,0,0
1016646=Civie1 House,CAPARS06,256,89,61,0,None,0,0,1,0,0,None,None,None,0,0
1016647=Civie1 House,CAPARS05,256,53,40,0,None,0,0,1,0,0,None,None,None,0,0
1016648=Civie1 House,CAPARS05,256,56,40,0,None,0,0,1,0,0,None,None,None,0,0
1016649=Civie1 House,CAPARS04,256,62,40,0,None,0,0,1,0,0,None,None,None,0,0
1016650=Civie1 House,CAPRS03,256,55,53,0,None,0,0,1,0,0,None,None,None,0,0
1016651=Civie1 House,CAPARS06,256,57,26,0,None,0,0,1,0,0,None,None,None,0,0
1016652=Civie1 House,CAPARS05,256,42,20,0,None,0,0,1,0,0,None,None,None,0,0
1016653=Civie1 House,INBLULMP,256,38,62,0,None,0,0,1,0,0,None,None,None,0,0
1016654=Civie1 House,INYELWLAMP,256,48,36,0,None,0,0,1,0,0,None,None,None,0,0
1016655=Civie1 House,INYELWLAMP,256,82,71,0,None,0,0,1,0,0,None,None,None,0,0
1016656=Civie1 House,INREDLMP,256,68,64,0,None,0,0,1,0,0,None,None,None,0,0
1016657=Civie1 House,INBLULMP,256,38,43,0,078D8C10,0,0,1,0,0,None,None,None,0,0
1016658=Civie1 House,INBLULMP,256,38,25,0,078D8150,0,0,1,0,0,None,None,None,0,0
1016659=Civie1 House,INBLULMP,256,38,13,0,None,0,0,1,0,0,None,None,None,0,0
1016660=Civie1 House,INBLULMP,256,27,30,0,078D9AC0,0,0,1,0,0,None,None,None,0,0
1016661=Civie1 House,INBLULMP,256,12,35,0,078D9D70,0,0,1,0,0,None,None,None,0,0
1016662=Civie1 House,INYELWLAMP,256,45,67,0,None,0,0,1,0,0,None,None,None,0,0
1016663=Civie1 House,INREDLMP,256,81,57,0,None,0,0,1,0,0,None,None,None,0,0
1016664=Civie1 House,INREDLMP,256,60,45,0,None,0,0,1,0,0,None,None,None,0,0
1016665=Civie1 House,INREDLMP,256,51,46,0,None,0,0,1,0,0,None,None,None,0,0
1016666=Civie1 House,INREDLMP,256,51,55,0,None,0,0,1,0,0,None,None,None,0,0
1016667=Civie1 House,INREDLMP,256,68,78,0,None,0,0,1,0,0,None,None,None,0,0
1016668=Civie1 House,INREDLMP,256,68,87,0,None,0,0,1,0,0,None,None,None,0,0
1016669=Civie1 House,INREDLMP,256,58,80,0,None,0,0,1,0,0,None,None,None,0,0
1016670=Civie1 House,INREDLMP,256,58,33,0,None,0,0,1,0,0,None,None,None,0,0
1016671=Civie1 House,INREDLMP,256,50,23,0,None,0,0,1,0,0,None,None,None,0,0
1016672=Civie1 House,CAPARS10,256,61,63,0,08907F50,0,0,1,0,0,None,None,None,0,0
1016673=Civie1 House,CAPARS04,256,71,72,0,None,0,0,1,0,0,None,None,None,0,0
1016674=Civie1 House,CAPARS14,256,70,61,0,08907F50,0,0,1,0,0,None,None,None,0,0
1016675=Civie1 House,CAPARS05,256,86,64,0,089D5B70,0,0,1,0,0,None,None,None,0,0
1016676=Civie1 House,CAPARS10,256,66,47,0,None,0,0,1,0,0,None,None,None,0,0
1016677=Civie1 House,CAPARS04,256,44,54,0,None,0,0,1,0,0,None,None,None,0,0
1016678=Civie1 House,CAPARS13,256,46,19,0,None,0,0,1,0,0,None,None,None,0,0
1016679=Civie1 House,CAEURO05,256,45,60,0,None,0,0,1,0,0,None,None,None,0,0
1016680=Civie1 House,CAPARK01,256,54,29,0,None,0,0,1,0,0,None,None,None,0,0
1016681=Civie1 House,CAPARK01,256,58,29,0,None,0,0,1,0,0,None,None,None,0,0
1016682=Civie1 House,CAPARK01,256,47,25,0,None,0,0,1,0,0,None,None,None,0,0
1016683=Civie1 House,CAPARK01,256,47,63,0,None,0,0,1,0,0,None,None,None,0,0
1016684=Civie1 House,CAPARK01,256,77,69,0,None,0,0,1,0,0,None,None,None,0,0
1016685=Civie1 House,CAPARK01,256,91,69,0,None,0,0,1,0,0,None,None,None,0,0
1016686=Civie1 House,CAPARK01,256,65,40,0,None,0,0,1,0,0,None,None,None,0,0
1016687=Other1 House,CAOILD,256,64,89,0,None,0,0,1,0,0,None,None,None,0,0
1016692=Civie1 House,CAEURO05,256,65,41,0,None,0,0,1,0,0,None,None,None,0,0
1016693=Civie1 House,CAPARS11,256,61,32,0,None,0,0,1,0,0,None,None,None,0,0
1016694=Civie1 House,CAPARS04,256,70,54,0,None,0,0,1,0,0,None,None,None,0,0
1016695=Civie1 House,CAPARS04,256,73,54,0,None,0,0,1,0,0,None,None,None,0,0
1016696=Civie1 House,CAPARS04,256,76,54,0,None,0,0,1,0,0,None,None,None,0,0
1016697=Civie1 House,CAWASH07,256,86,61,0,None,0,0,1,0,0,None,None,None,0,0
1016698=Civie1 House,CAPARS05,256,53,60,0,08B4ABF0,0,0,1,0,0,None,None,None,0,0

[OverlayPack]
1=CQAAIIH//v4f/4H/gD4AACCB//4pDv+BADABUAv+8AH/ggACQAGC//9QCP7tAf+BAP/wAT
2=kQ/xIIGhIt9v/zATYOMAECAEIK/ssB/4H/gIsAACCB/8oAAIEA0gQAzBEA0BkA/sgB/4QA
3=/xgYMAqBGCHmgRggAf7qAf//AAIOAOLwA//3ATMEgQL//gErBoEAAgAAARAF/vUB/wIA/v
4=0B//8ABikMDAD+/QH/ggACQAECCswsFiAM/uAB/x39LgFQDMklGP8EAioUFiP/9wFGGFQQ
5=//gBMQr+ugH/gf+AKAAAIIH//i4I/4IAABAFUA1gBf7uAf/KQQj/AARBCP4RAv8oI/6oD/
6=+B/4AJAAAggf/+/h//gf+AIAAAIIH//kAQ/4IAAP7/Af///QFCEP8BAkIQAAH+vAn/gf+A
7=CQAAIIH//v4f/4H/gAkAACCB//7+H/+B/4AJAAAggf/+/h//gf+ACQAAIIH//v4f/4H/gA
8=kAACCB//7+H/+B/4AJAAAggf/+/h//gf+ACQAAIIH//v4f/4H/gAkAACCB//7+H/+B/4AJ
9=AAAggf/+/h//gf+ACQAAIIH//v4f/4H/gAkAACCB//7+H/+B/4AJAAAggf/+/h//gf+ACQ
10=AAIIH//v4f/4H/gAkAACCB//7+H/+B/4AJAAAggf/+/h//gf+ACQAAIIH//v4f/4H/gAkA
11=ACCB//7+H/+B/4AJAAAggf/+/h//gf+ACQAAIIH//v4f/4H/gAkAACCB//7+H/+B/4AJAA
12=Aggf/+/h//gf+ACQAAIIH//v4f/4H/gAkAACCB//7+H/+B/4AJAAAggf/+/h//gf+ACQAA
13=IIH//v4f/4H/gAkAACCB//7+H/+B/4A=

[OverlayDataPack]
1=CQAAIIEA/v4fAIEAgEcAACCBAP4pDgCCAgoQAYEIQAsgCP7sAQCCBAYiABH5Igr/8AE4Do
2=IFBf7+AQD/AAgpEoQBBQAGO/2BDP72AQCCAQBEAv/NASoagKUAACCBAMoAAIEE0gQAUAGB
3=AcomAP7UAQCEBQAACDAKgQcAC/7yAQDIMwDQMwBEE9AZAP7mAQBEE//1ARkCE/f//QEsBo
4=sEBQADCgoIAAIKCf71AQCBBf/3ATMG/wgEIQyBAf//ASoQ//gBMgZsAAv+EAHAEQKBAsss
5=FgABgQz+4gEAcf8x+GAJEf//AAIqDsIsCgIPxBEC/vABABQcIgA0Fv6rAwCBAIA4AAAggQ
6=D+LggAggIIAAWBBMkjCMo0CP7mAQCBBdYoCv7mAQDKQQqBAf7yAQD/8wFBDO0ECP6oDwCB
7=AIAJAAAggQD+/h8AgQCAJQAAIIEA/kAQAIICDP7/AQCBAf78AQCBBP7/AQCEAwoKCP68CQ
8=CBAIAJAAAggQD+/h8AgQCACQAAIIEA/v4fAIEAgAkAACCBAP7+HwCBAIAJAAAggQD+/h8A
9=gQCACQAAIIEA/v4fAIEAgAkAACCBAP7+HwCBAIAJAAAggQD+/h8AgQCACQAAIIEA/v4fAI
10=EAgAkAACCBAP7+HwCBAIAJAAAggQD+/h8AgQCACQAAIIEA/v4fAIEAgAkAACCBAP7+HwCB
11=AIAJAAAggQD+/h8AgQCACQAAIIEA/v4fAIEAgAkAACCBAP7+HwCBAIAJAAAggQD+/h8AgQ
12=CACQAAIIEA/v4fAIEAgAkAACCBAP7+HwCBAIAJAAAggQD+/h8AgQCACQAAIIEA/v4fAIEA
13=gAkAACCBAP7+HwCBAIAJAAAggQD+/h8AgQCACQAAIIEA/v4fAIEAgAkAACCBAP7+HwCBAI
14=AJAAAggQD+/h8AgQCACQAAIIEA/v4fAIEAgA==

[ScriptTypes]
0=089DADC0
1=089311C0
2=0844E980
3=076E35A0
4=0EBF5DBC
5=0A99854C
6=0B458BAC
7=0B4582FC
8=0B459C1C
9=0B4596AC
10=09FF1DBC
11=0A090DBC
12=084C3DBC
13=0A1C903C
14=08444DBC

[089DADC0]
Name=Suicide Run
0=3,3
1=0,1

[089311C0]
Name=CivCar1Path
0=3,26
1=3,27
2=3,28
3=3,29
4=3,30
5=3,31
6=3,32
7=3,33
8=3,34
9=3,35
10=6,1

[0844E980]
Name=CivCar2Path
0=3,52
1=3,53
2=3,54
3=3,55
4=3,56
5=3,57
6=6,1

[076E35A0]
Name=CivCar3Path
0=3,78
1=3,79
2=3,80
3=3,81
4=3,82
5=3,83
6=6,1

[0EBF5DBC]
Name=Just Sit There
0=3,61
1=8,1
2=20,13

[0A99854C]
Name=Just Sit There Really
0=11,13

[0B458BAC]
Name=AM AN AO AL Patrol
0=16,38
1=16,39
2=16,40
3=16,37
4=6,1

[0B4582FC]
Name=CF AP CB CA Patrol
0=16,83
1=16,41
2=16,79
3=16,78
4=6,1

[0B459C1C]
Name=AX AW AV AU Patrol
0=16,49
1=16,48
2=16,47
3=16,46
4=6,1

[0B4596AC]
Name=AR AQ AT AS Patrol
0=16,43
1=16,42
2=16,45
3=16,44
4=6,1

[09FF1DBC]
Name=AZ AY Patrol
0=16,51
1=16,50
2=6,1

[0A090DBC]
Name=BH BG Patrol
0=16,59
1=16,58
2=6,1

[084C3DBC]
Name=Change to Other3
0=20,20

[0A1C903C]
Name=Change to Player
0=20,13

[08444DBC]
Name=Guard Area
0=11,11

[TaskForces]
0=089DD810
1=092AC620
2=077DC4A0
3=0AF56B7C
4=0B45562C
5=083C465C
6=083FB0AC
7=0843F29C
8=084404FC
9=0A0EC4BC
10=08A72790
11=08A70D40
12=08A70C40
13=08A70B40
14=08A70A40
15=09ED76CC
16=09ED733C

[089DD810]
Name=Suicide GI TF
0=1,E1
Group=-1

[092AC620]
Name=CivCar1
0=1,PICK
Group=-1

[077DC4A0]
Name=RE_Full Transport
0=1,SAPC
1=6,SHK
Group=-1

[0AF56B7C]
Name=Full Trak
0=2,E2
1=3,SHK
2=1,HTK
Group=-1

[0B45562C]
Name=2 GIs
0=2,E1
Group=-1

[083C465C]
Name=1 Tesla Trooper
0=1,SHK
Group=-1

[083FB0AC]
Name=1 Flak Trak
0=1,HTK
Group=-1

[0843F29C]
Name=Re_6GIs_2 Tanks
0=6,E1
1=2,MTNK
Group=-1

[084404FC]
Name=Re_3 IFVs
0=3,FV
Group=-1

[0A0EC4BC]
Name=1 Transport
0=1,SAPC
Group=-1

[08A72790]
Name=10 Conscripts
0=10,E2
Group=-1

[08A70D40]
Name=8 Conscripts
0=8,E2
Group=-1

[08A70C40]
Name=6 Conscripts
0=6,E2
Group=-1

[08A70B40]
Name=4 Conscripts
0=4,E2
Group=-1

[08A70A40]
Name=2 Conscripts
0=2,E2
Group=-1

[09ED76CC]
Name=6 Tesla Troopers
0=6,SHK
Group=-1

[09ED733C]
Name=3 Tesla Troopers
0=3,SHK
Group=-1

[TeamTypes]
0=07701760
1=08AB64E0
2=076E4560
3=076E41E0
4=0EBF61CC
5=088B124C
6=0B458E1C
7=0B45856C
8=0B4586BC
9=0B45991C
10=09FF31AC
11=0A0912DC
12=083D089C
13=0A0EC38C
14=084413FC
15=08444A1C

[07701760]
Name=Suicide GI
VeteranLevel=1
Loadable=no
Full=no
Annoyance=no
GuardSlower=no
House=BadGuy1
Recruiter=no
Autocreate=no
Prebuild=no
Reinforce=no
Droppod=no
UseTransportOrigin=no
Whiner=no
LooseRecruit=no
Aggressive=no
Suicide=no
Priority=20
Max=1
TechLevel=0
Group=0
OnTransOnly=no
AvoidThreats=no
IonImmune=no
TransportsReturnOnUnload=no
AreTeamMembersRecruitable=yes
IsBaseDefense=no
OnlyTargetHouseEnemy=no
Tag=089BA130
Waypoint=B
Script=089DADC0
TaskForce=089DD810

[08AB64E0]
Name=CivCar1Team
VeteranLevel=1
Loadable=no
Full=no
Annoyance=no
GuardSlower=no
House=Other1
Recruiter=no
Autocreate=no
Prebuild=no
Reinforce=no
Droppod=no
UseTransportOrigin=no
Whiner=no
LooseRecruit=no
Aggressive=no
Suicide=yes
Priority=20
Max=1
TechLevel=0
Group=1
OnTransOnly=no
AvoidThreats=no
IonImmune=no
TransportsReturnOnUnload=no
AreTeamMembersRecruitable=no
IsBaseDefense=no
OnlyTargetHouseEnemy=no
Waypoint=AA
Script=089311C0
TaskForce=092AC620

[076E4560]
Name=CivCar2Team
VeteranLevel=1
Loadable=no
Full=no
Annoyance=no
GuardSlower=no
House=Other1
Recruiter=no
Autocreate=no
Prebuild=no
Reinforce=no
Droppod=no
UseTransportOrigin=no
Whiner=no
LooseRecruit=no
Aggressive=no
Suicide=yes
Priority=20
Max=1
TechLevel=0
Group=2
OnTransOnly=no
AvoidThreats=no
IonImmune=no
TransportsReturnOnUnload=no
AreTeamMembersRecruitable=no
IsBaseDefense=no
OnlyTargetHouseEnemy=no
Waypoint=BF
Script=0844E980
TaskForce=092AC620

[076E41E0]
Name=CivCar3Team
VeteranLevel=1
Loadable=no
Full=no
Annoyance=no
GuardSlower=no
House=Other1
Recruiter=no
Autocreate=no
Prebuild=no
Reinforce=no
Droppod=no
UseTransportOrigin=no
Whiner=no
LooseRecruit=no
Aggressive=no
Suicide=yes
Priority=20
Max=1
TechLevel=0
Group=3
OnTransOnly=no
AvoidThreats=no
IonImmune=no
TransportsReturnOnUnload=no
AreTeamMembersRecruitable=no
IsBaseDefense=no
OnlyTargetHouseEnemy=no
Waypoint=CA
Script=076E35A0
TaskForce=092AC620

[0EBF61CC]
Name=Full Transport Team
VeteranLevel=1
Loadable=no
Full=yes
Annoyance=no
GuardSlower=no
House=Other3
Recruiter=no
Autocreate=no
Prebuild=no
Reinforce=no
Droppod=no
UseTransportOrigin=no
Whiner=no
LooseRecruit=no
Aggressive=no
Suicide=no
Priority=20
Max=1
TechLevel=0
Group=-1
OnTransOnly=no
AvoidThreats=no
IonImmune=no
TransportsReturnOnUnload=no
AreTeamMembersRecruitable=no
IsBaseDefense=no
OnlyTargetHouseEnemy=no
Script=0EBF5DBC
TaskForce=077DC4A0

[088B124C]
Name=Full Trak Team
VeteranLevel=1
Loadable=no
Full=yes
Annoyance=no
GuardSlower=no
House=Other3
Recruiter=no
Autocreate=no
Prebuild=no
Reinforce=no
Droppod=no
UseTransportOrigin=no
Whiner=no
LooseRecruit=no
Aggressive=no
Suicide=no
Priority=20
Max=1
TechLevel=0
Group=-1
OnTransOnly=no
AvoidThreats=no
IonImmune=no
TransportsReturnOnUnload=no
AreTeamMembersRecruitable=no
IsBaseDefense=no
OnlyTargetHouseEnemy=no
Script=0A99854C
TaskForce=0AF56B7C

[0B458E1C]
Name=GI Patrol 1
VeteranLevel=1
Loadable=no
Full=no
Annoyance=no
GuardSlower=no
House=BadGuy1
Recruiter=no
Autocreate=no
Prebuild=no
Reinforce=no
Droppod=no
UseTransportOrigin=no
Whiner=yes
LooseRecruit=no
Aggressive=yes
Suicide=no
Priority=7
Max=2
TechLevel=0
Group=-1
OnTransOnly=no
AvoidThreats=no
IonImmune=no
TransportsReturnOnUnload=no
AreTeamMembersRecruitable=no
IsBaseDefense=no
OnlyTargetHouseEnemy=no
Waypoint=AL
Script=0B458BAC
TaskForce=0B45562C

[0B45856C]
Name=GI Patrol 2
VeteranLevel=1
Loadable=no
Full=no
Annoyance=no
GuardSlower=no
House=BadGuy1
Recruiter=no
Autocreate=no
Prebuild=no
Reinforce=no
Droppod=no
UseTransportOrigin=no
Whiner=yes
LooseRecruit=no
Aggressive=yes
Suicide=no
Priority=7
Max=2
TechLevel=0
Group=-1
OnTransOnly=no
AvoidThreats=no
IonImmune=no
TransportsReturnOnUnload=no
AreTeamMembersRecruitable=no
IsBaseDefense=no
OnlyTargetHouseEnemy=no
Waypoint=CA
Script=0B4582FC
TaskForce=0B45562C

[0B4586BC]
Name=GI Patrol 3
VeteranLevel=1
Loadable=no
Full=no
Annoyance=no
GuardSlower=no
House=BadGuy1
Recruiter=no
Autocreate=no
Prebuild=no
Reinforce=no
Droppod=no
UseTransportOrigin=no
Whiner=yes
LooseRecruit=no
Aggressive=yes
Suicide=no
Priority=7
Max=2
TechLevel=0
Group=-1
OnTransOnly=no
AvoidThreats=no
IonImmune=no
TransportsReturnOnUnload=no
AreTeamMembersRecruitable=no
IsBaseDefense=no
OnlyTargetHouseEnemy=no
Waypoint=AU
Script=0B459C1C
TaskForce=0B45562C

[0B45991C]
Name=GI Patrol 4
VeteranLevel=1
Loadable=no
Full=no
Annoyance=no
GuardSlower=no
House=BadGuy1
Recruiter=no
Autocreate=no
Prebuild=no
Reinforce=no
Droppod=no
UseTransportOrigin=no
Whiner=yes
LooseRecruit=no
Aggressive=yes
Suicide=no
Priority=7
Max=2
TechLevel=0
Group=-1
OnTransOnly=no
AvoidThreats=no
IonImmune=no
TransportsReturnOnUnload=no
AreTeamMembersRecruitable=no
IsBaseDefense=no
OnlyTargetHouseEnemy=no
Waypoint=AS
Script=0B4596AC
TaskForce=0B45562C

[09FF31AC]
Name=GI Patrol 5
VeteranLevel=1
Loadable=no
Full=no
Annoyance=no
GuardSlower=no
House=BadGuy1
Recruiter=no
Autocreate=no
Prebuild=no
Reinforce=no
Droppod=no
UseTransportOrigin=no
Whiner=yes
LooseRecruit=no
Aggressive=yes
Suicide=no
Priority=7
Max=2
TechLevel=0
Group=-1
OnTransOnly=no
AvoidThreats=no
IonImmune=no
TransportsReturnOnUnload=no
AreTeamMembersRecruitable=no
IsBaseDefense=no
OnlyTargetHouseEnemy=no
Waypoint=AV
Script=09FF1DBC
TaskForce=0B45562C

[0A0912DC]
Name=GI Patrol 6
VeteranLevel=1
Loadable=no
Full=no
Annoyance=no
GuardSlower=no
House=BadGuy1
Recruiter=no
Autocreate=no
Prebuild=no
Reinforce=no
Droppod=no
UseTransportOrigin=no
Whiner=yes
LooseRecruit=no
Aggressive=yes
Suicide=no
Priority=7
Max=2
TechLevel=0
Group=-1
OnTransOnly=no
AvoidThreats=no
IonImmune=no
TransportsReturnOnUnload=no
AreTeamMembersRecruitable=no
IsBaseDefense=no
OnlyTargetHouseEnemy=no
Waypoint=BG
Script=0A090DBC
TaskForce=0B45562C

[083D089C]
Name=1 Tesla Trooper Team
VeteranLevel=1
Loadable=no
Full=no
Annoyance=no
GuardSlower=no
House=Player
Recruiter=no
Autocreate=no
Prebuild=no
Reinforce=no
Droppod=no
UseTransportOrigin=no
Whiner=no
LooseRecruit=no
Aggressive=no
Suicide=no
Priority=20
Max=1
TechLevel=0
Group=-1
OnTransOnly=no
AvoidThreats=no
IonImmune=no
TransportsReturnOnUnload=no
AreTeamMembersRecruitable=no
IsBaseDefense=no
OnlyTargetHouseEnemy=no
Waypoint=BI
Script=084C3DBC
TaskForce=083C465C

[0A0EC38C]
Name=1 Flak Trak Team
VeteranLevel=1
Loadable=no
Full=no
Annoyance=no
GuardSlower=no
House=Other3
Recruiter=no
Autocreate=no
Prebuild=no
Reinforce=no
Droppod=no
UseTransportOrigin=no
Whiner=no
LooseRecruit=no
Aggressive=no
Suicide=no
Priority=7
Max=1
TechLevel=0
Group=-1
OnTransOnly=no
AvoidThreats=no
IonImmune=no
TransportsReturnOnUnload=no
AreTeamMembersRecruitable=no
IsBaseDefense=no
OnlyTargetHouseEnemy=no
Waypoint=R
Script=0A1C903C
TaskForce=083FB0AC

[084413FC]
Name=Re_6 GIs_2 Tanks Team
VeteranLevel=1
Loadable=no
Full=no
Annoyance=no
GuardSlower=no
House=BadGuy1
Recruiter=no
Autocreate=no
Prebuild=no
Reinforce=no
Droppod=yes
UseTransportOrigin=no
Whiner=no
LooseRecruit=no
Aggressive=yes
Suicide=no
Priority=7
Max=4
TechLevel=0
Group=-1
OnTransOnly=no
AvoidThreats=no
IonImmune=no
TransportsReturnOnUnload=no
AreTeamMembersRecruitable=yes
IsBaseDefense=no
OnlyTargetHouseEnemy=no
Waypoint=G
Script=08444DBC
TaskForce=0843F29C

[08444A1C]
Name=Re_3 IFV Team
VeteranLevel=1
Loadable=no
Full=no
Annoyance=no
GuardSlower=no
House=BadGuy1
Recruiter=no
Autocreate=no
Prebuild=no
Reinforce=no
Droppod=yes
UseTransportOrigin=no
Whiner=yes
LooseRecruit=no
Aggressive=yes
Suicide=no
Priority=7
Max=4
TechLevel=0
Group=-1
OnTransOnly=no
AvoidThreats=no
IonImmune=no
TransportsReturnOnUnload=no
AreTeamMembersRecruitable=yes
IsBaseDefense=no
OnlyTargetHouseEnemy=no
Waypoint=BG
Script=08444DBC
TaskForce=084404FC

[AITriggerTypesEnable]
0CAD0DCC-G=yes
0CAD0C7C-G=yes
0CAD0B2C-G=yes
0CA6621C-G=yes
0CDF8EDC-G=yes
0CDF8D8C-G=yes
0C0C7AEC-G=yes
0D62199C-G=yes
0CDF899C-G=yes
0D6216FC-G=yes
0D6215AC-G=yes
0D62145C-G=yes
0D0803CC-G=yes
0C32599C-G=yes
0CE23AAC-G=yes
0CA1F84C-G=yes
0CE26CAC-G=yes
0CE26B5C-G=yes
0CAD145C-G=yes
0CAD130C-G=yes
0CE2395C-G=yes
0D084B5C-G=yes
0D084A0C-G=yes
0D0848BC-G=yes
0CAD2AEC-G=yes
0D08461C-G=yes
0D0873DC-G=yes
0C8E2C3C-G=yes
0CAD25AC-G=yes
0D087D8C-G=yes
0C8B81BC-G=yes
0CADDEDC-G=yes
0C92C45C-G=yes
0C9565AC-G=yes
0C92C1BC-G=yes
0CADD99C-G=yes
0C9561BC-G=yes
0CE2EA2C-G=yes
0CE2E8DC-G=yes
0C955C3C-G=yes
0C955AEC-G=yes
0C8C71BC-G=yes
0C8C6EDC-G=yes
0D052AEC-G=yes
0CE44D0C-G=yes
0CA5945C-G=yes
0CAD2C3C-G=yes
0D535EDC-G=yes
0AA846FC-G=yes
0AA845AC-G=yes
0C8C645C-G=yes
0AD2BAEC-G=yes
0C96F5AC-G=yes
0C96F45C-G=yes
0CB2CEDC-G=yes
0C91D45C-G=yes
0CAD5AEC-G=yes
0D2C45DC-G=yes
0D2C448C-G=yes
0C8C56FC-G=yes
0D2C41EC-G=yes
0CA6AEDC-G=yes
0C0D251C-G=yes
0C8C51BC-G=yes
0CA24D8C-G=yes
0C8BC5AC-G=yes
0C8C4C3C-G=yes
0D53430C-G=yes
0ECCFCAC-G=yes
0ECCFA7C-G=yes
0C8EEEDC-G=yes
0C0D184C-G=yes
0ECCF68C-G=yes
0C8C430C-G=yes
0C87B99C-G=yes
0ECCF29C-G=yes
0ECCF14C-G=yes
0C8EEAEC-G=yes
0C87B45C-G=yes
0ECCBC3C-G=yes
0C8EE1BC-G=yes
0ECCB7FC-G=yes
0C32D84C-G=yes
0ECCB55C-G=yes
0ECCB40C-G=yes
0ECCB2BC-G=yes
0CA2D99C-G=yes
0CB29EDC-G=yes
0C8C2C3C-G=yes
0C8C2AEC-G=yes
0A31295C-G=yes
0C87E5AC-G=yes
0D022C6C-G=yes
0D022B1C-G=yes
0C1246FC-G=yes
0C1245AC-G=yes
0D0B3B9C-G=yes
0CA2A04C-G=yes
0CA2B06C-G=yes
0CA2FEDC-G=yes
0D53130C-G=yes
0D2769BC-G=yes
0A452E5C-G=yes
0A452C6C-G=yes
0A44F2CC-G=yes
0A44F17C-G=yes
0D53099C-G=yes

[Triggers]
088601B0=Americans,<none>,Reveal Way A,0,1,1,1,0
089D6140=Americans,<none>,Reveal Way C,0,1,1,1,0
089DE250=Americans,<none>,Suicide GI,0,1,1,1,0
089BA6A0=Americans,<none>,Suicide Dies,0,1,1,1,0
0915F590=Americans,<none>,Tesla Talk,1,1,1,1,0
08930180=Other1,<none>,CreateCivCar1Team,0,1,1,1,0
0844F520=Other1,<none>,CreateCivCar2Team,0,1,1,1,0
089C1F40=Other1,<none>,CreateCivCar3Team,0,1,1,1,0
088D0A90=Americans,<none>,Reveal Way E,0,1,1,1,0
088D00E0=Americans,<none>,Reveal Way F,0,1,1,1,0
092CFE40=Americans,<none>,Reveal Way G,0,1,1,1,0
092CF430=Americans,<none>,Reveal Way H,0,1,1,1,0
092CB280=Americans,<none>,Flak Trak 1 Discovered,0,1,1,1,0
08A67270=Americans,<none>,Flak Trak 2 Discovered,0,1,1,1,0
089F31A0=Americans,<none>,Transport Discovered,0,1,1,1,0
078DF210=Americans,<none>,Reveal Way M,0,1,1,1,0
078D86A0=Americans,<none>,Reveal Way N,0,1,1,1,0
078D8320=Americans,<none>,Reveal Way O,0,1,1,1,0
078D9F40=Americans,<none>,Reveal Way P,0,1,1,1,0
078D9C90=Americans,<none>,Reveal Way Q,0,1,1,1,0
0843CCA0=Americans,<none>,Full Trak Discovered,0,1,1,1,0
09EEBF3C=Americans,<none>,Full Trak Change,1,1,1,1,0
08A11920=Americans,<none>,Reveal Way S,0,1,1,1,0
08A829A0=Americans,<none>,Reveal Way T,0,1,1,1,0
08A82380=Americans,<none>,Reveal Way U,0,1,1,1,0
08B4BB20=Americans,<none>,Reveal Way V,0,1,1,1,0
08B4B0F0=Americans,<none>,Reveal Way W and X,0,1,1,1,0
08B37710=Americans,<none>,Reveal Way Y,0,1,1,1,0
0897D490=Other2,<none>,Player Near Tower,0,1,1,1,0
08978F40=Americans,<none>,Final Rush,1,1,1,1,0
08B82CBC=Americans,<none>,Objective 2,1,1,1,1,0
08AB8750=Player,<none>,Win Timer,1,1,1,1,0
08445DBC=Player,<none>,Reinforce BG1,0,1,1,1,0
08445BEC=Americans,<none>,Re-enable Reinforce BG1,1,1,1,1,0
0AD6A15C=Other2,<none>,Tower Energized,1,1,1,1,0
0857BEFC=Americans,<none>,Objective 3 Reminder,1,1,1,1,0
0CB2164C=Americans,<none>,Win Delay,1,1,1,1,0
0A70764C=Other3,<none>,Tower Destroyed Backup,1,1,1,1,0
0A67AC6C=Player,<none>,Win,1,1,1,1,0
0A67A58C=Player,<none>,Cheer,1,1,1,1,0
08AB8D40=Player,<none>,Player Loses,0,1,1,1,0
08B8375C=Americans,<none>,Objective1,0,1,1,1,0
087D3A80=Americans,<none>,Tesla Selected,0,1,1,1,0
08DFF090=Americans,<none>,Ivan Hint,0,1,1,1,0
0A1201BC=Americans,<none>,Ambient Ocean,0,1,1,1,0
0A12A7AC=Americans,<none>,Ambient City,0,1,1,1,0
0B49294C=Americans,<none>,Start Patrols,0,1,1,1,0
0B00823C=Americans,<none>,_Radar Movie 1,0,1,1,1,0
0B009B0C=Americans,<none>,_Radar Movie 2,0,1,1,1,0
083B646C=Americans,<none>,_Flip Build Tab,0,1,1,1,0
084AFE9C=Player,<none>,Tesla Built By Player,0,1,1,1,0
0A0ACC3C=Player,<none>,Tesla To Other3,1,1,1,1,0
0AD6F19C=Americans,0AD6A15C,Tower Destroyed,0,1,1,1,0

[Events]
088601B0=1,4,0,0
089D6140=1,4,0,0
089DE250=1,47,0,20
089BA6A0=1,48,0,0
0915F590=1,13,0,2
08930180=1,47,0,3
0844F520=1,47,0,2
089C1F40=1,47,0,2
088D0A90=1,4,0,0
088D00E0=1,4,0,0
092CFE40=1,4,0,0
092CF430=1,4,0,0
092CB280=1,4,0,0
08A67270=1,4,0,0
089F31A0=1,4,0,0
078DF210=1,4,0,0
078D86A0=1,4,0,0
078D8320=1,4,0,0
078D9F40=1,4,0,0
078D9C90=1,4,0,0
0843CCA0=1,4,0,0
09EEBF3C=1,13,0,2
08A11920=1,4,0,0
08A829A0=1,4,0,0
08A82380=1,4,0,0
08B4BB20=1,4,0,0
08B4B0F0=1,4,0,0
08B37710=1,4,0,0
0897D490=1,1,0,20
08978F40=1,13,0,10
08B82CBC=1,13,0,2
08AB8750=1,9,0,14
08445DBC=1,9,0,14
08445BEC=1,13,0,2
0AD6A15C=1,13,0,1
0857BEFC=1,13,0,100
0CB2164C=1,13,0,15
0A70764C=1,57,0,104
0A67AC6C=1,13,0,10
0A67A58C=1,13,0,3
08AB8D40=2,11,0,20,57,0,11
08B8375C=1,47,0,3
087D3A80=1,33,0,0
08DFF090=1,33,0,0
0A1201BC=1,13,0,0
0A12A7AC=1,47,0,0
0B49294C=1,47,0,0
0B00823C=1,47,0,0
0B009B0C=1,1,0,20
083B646C=1,47,0,1
084AFE9C=1,21,0,2
0A0ACC3C=1,13,0,2
0AD6F19C=1,48,0,0

[Actions]
088601B0=1,17,0,0,0,0,0,0,A
089D6140=1,17,0,2,0,0,0,0,C
089DE250=1,4,1,07701760,0,0,0,0,A
089BA6A0=1,17,0,1,0,0,0,0,B
0915F590=1,21,6,Mis_S5_TeslaGuy,0,0,0,0,A
08930180=1,4,1,08AB64E0,0,0,0,0,A
0844F520=1,4,1,076E4560,0,0,0,0,A
089C1F40=1,4,1,076E41E0,0,0,0,0,A
088D0A90=1,17,0,4,0,0,0,0,E
088D00E0=1,17,0,5,0,0,0,0,F
092CFE40=1,17,0,6,0,0,0,0,G
092CF430=3,17,0,7,0,0,0,0,H,17,0,6,0,0,0,0,G,17,0,53,0,0,0,0,BB
092CB280=5,17,0,8,0,0,0,0,I,14,0,13,0,0,0,0,A,55,0,2,0,0,0,0,AK,19,7,FlakTroopAttackCommand,0,0,0,0,A,21,6,EVA_ReinforcementsHaveArrived,0,0,0,0,A
08A67270=5,17,0,10,0,0,0,0,K,14,0,13,0,0,0,0,A,55,0,2,0,0,0,0,Z,19,7,FlakTroopAttackCommand,0,0,0,0,A,21,6,EVA_ReinforcementsHaveArrived,0,0,0,0,A
089F31A0=5,80,1,0EBF61CC,0,0,0,0,L,17,0,11,0,0,0,0,L,55,0,2,0,0,0,0,L,19,7,GenSovWaterSelect,0,0,0,0,A,21,6,EVA_ReinforcementsHaveArrived,0,0,0,0,A
078DF210=1,17,0,12,0,0,0,0,M
078D86A0=1,17,0,13,0,0,0,0,N
078D8320=1,17,0,14,0,0,0,0,O
078D9F40=1,17,0,15,0,0,0,0,P
078D9C90=1,17,0,16,0,0,0,0,Q
0843CCA0=6,80,1,088B124C,0,0,0,0,R,17,0,17,0,0,0,0,R,55,0,2,0,0,0,0,R,19,7,FlakTroopAttackCommand,0,0,0,0,A,53,2,09EEBF3C,0,0,0,0,A,21,6,EVA_ReinforcementsHaveArrived,0,0,0,0,A
09EEBF3C=1,4,1,0A0EC38C,0,0,0,0,A
08A11920=1,17,0,18,0,0,0,0,S
08A829A0=1,17,0,19,0,0,0,0,T
08A82380=1,17,0,20,0,0,0,0,U
08B4BB20=1,17,0,21,0,0,0,0,V
08B4B0F0=2,17,0,22,0,0,0,0,W,17,0,23,0,0,0,0,X
08B37710=1,17,0,24,0,0,0,0,Y
0897D490=8,53,2,08978F40,0,0,0,0,A,11,4,MISSION:Objective1,0,0,0,0,A,53,2,08B82CBC,0,0,0,0,A,53,2,08AB8750,0,0,0,0,A,54,2,08445DBC,0,0,0,0,A,54,2,08445BEC,0,0,0,0,A,53,2,0AD6A15C,0,0,0,0,A,54,2,087D3A80,0,0,0,0,A
08978F40=3,6,0,14,0,0,0,0,A,11,4,MISSION:Sov05c,0,0,0,0,A,53,2,0857BEFC,0,0,0,0,A
08B82CBC=1,11,4,MISSION:Sov05b,0,0,0,0,A
08AB8750=4,53,2,0CB2164C,0,0,0,0,A,11,4,MISSION:Objective2,0,0,0,0,A,54,2,0857BEFC,0,0,0,0,A,11,4,MISSION:Objective3,0,0,0,0,A
08445DBC=5,7,1,08444A1C,0,0,0,0,A,7,1,084413FC,0,0,0,0,A,54,2,08445DBC,0,0,0,0,A,53,2,08445BEC,0,0,0,0,A,11,4,MISSION:Sov05a,0,0,0,0,A
08445BEC=3,54,2,08445BEC,0,0,0,0,A,53,2,08445DBC,0,0,0,0,A,21,6,EVA_EnemyAirArmadaDetected,0,0,0,0,A
0AD6A15C=3,14,0,20,0,0,0,0,A,53,2,0A70764C,0,0,0,0,A,54,2,0AD6A15C,0,0,0,0,A
0857BEFC=2,11,4,MISSION:Sov05c,0,0,0,0,A,6,0,14,0,0,0,0,A
0CB2164C=2,53,2,0A67AC6C,0,0,0,0,A,53,2,0A67A58C,0,0,0,0,A
0A70764C=1,2,0,13,0,0,0,0,A
0A67AC6C=1,1,0,13,0,0,0,0,A
0A67A58C=1,113,0,13,0,0,0,0,A
08AB8D40=1,2,0,13,0,0,0,0,A
08B8375C=1,11,4,MISSION:Sov05a,0,0,0,0,A
087D3A80=1,53,2,0915F590,0,0,0,0,A
08DFF090=3,100,0,116,0,0,0,0,A,114,0,2,0,0,0,0,A,115,9,371,0,0,0,0,120
0A1201BC=6,99,7,_Amb_OceanLight,0,0,0,0,BA,99,7,_Amb_BirdsHarbor,0,0,0,0,BA,99,7,_Amb_OceanLight,0,0,0,0,BF,99,7,_Amb_BirdsHarbor,0,0,0,0,BF,99,7,_Amb_OceanLight,0,0,0,0,N,99,7,_Amb_BirdsHarbor,0,0,0,0,N
0A12A7AC=6,99,7,_Amb_UrbanMurmur1,0,0,0,0,CC,99,7,_Amb_UrbanMurmur2,0,0,0,0,CF,99,7,_Amb_UrbanMurmur1,0,0,0,0,AC,99,7,_Amb_UrbanMurmur2,0,0,0,0,C,99,7,_Amb_UrbanMurmur1,0,0,0,0,AA,99,7,_Amb_UrbanMurmur2,0,0,0,0,R
0B49294C=6,7,1,0B458E1C,0,0,0,0,A,7,1,0B45856C,0,0,0,0,A,7,1,0B4586BC,0,0,0,0,A,7,1,0B45991C,0,0,0,0,A,7,1,09FF31AC,0,0,0,0,A,7,1,0A0912DC,0,0,0,0,A
0B00823C=1,100,0,91,0,0,0,0,A
0B009B0C=1,100,0,92,0,0,0,0,A
083B646C=1,114,0,2,0,0,0,0,A
084AFE9C=2,54,2,084AFE9C,0,0,0,0,A,53,2,0A0ACC3C,0,0,0,0,A
0A0ACC3C=3,54,2,0A0ACC3C,0,0,0,0,A,4,1,083D089C,0,0,0,0,A,53,2,084AFE9C,0,0,0,0,A
0AD6F19C=2,2,0,13,0,0,0,0,A,54,2,0AD6F19C,0,0,0,0,A

[Tags]
089BA130=0,Suicide Dies,089BA6A0
08907F50=0,Reveal Way A,088601B0
089D5B70=0,Reveal Way C,089D6140
089DDCD0=0,Suicide GI,089DE250
088C9910=0,CreateCivCar1Team,08930180
0844AF50=0,CreateCivCar2Team,0844F520
089C1B00=0,CreateCivCar3Team,089C1F40
088D0650=0,Reveal Way E,088D0A90
088D5E50=0,Reveal Way F,088D00E0
092CF9A0=0,Reveal Way G,092CFE40
092CF260=0,Reveal Way H,092CF430
092C8810=0,Flak Trak 1 Discovered,092CB280
08A67870=0,Flak Trak 2 Discovered,08A67270
089F2850=0,Transport Discovered,089F31A0
078D8C10=0,Reveal Way M,078DF210
078D84D0=0,Reveal Way N,078D86A0
078D8150=0,Reveal Way O,078D8320
078D9D70=0,Reveal Way P,078D9F40
078D9AC0=0,Reveal Way Q,078D9C90
0843C690=0,Full Trak Discovered,0843CCA0
08A11500=0,Reveal Way S,08A11920
08A828D0=0,Reveal Way T,08A829A0
08A82110=0,Reveal Way U,08A82380
08B4B3C0=0,Reveal Way V,08B4BB20
08B4ABF0=0,Reveal Way W and X,08B4B0F0
08B381A0=0,Reveal Way Y,08B37710
0897DA60=0,Player Near Tower,0897D490
08978D70=0,Final Rush,08978F40
08AB8B50=0,Player Loses,08AB8D40
08AB84E0=0,Win Timer,08AB8750
08B82DAC=0,Objective1,08B8375C
08B82ABC=0,Objective 2,08B82CBC
0915F1B0=0,Tesla Talk,0915F590
087D3730=0,Tesla Selected,087D3A80
08E000A0=0,Ivan Hint,08DFF090
0A12E50C=0,Ambient Ocean,0A1201BC
0A12BDCC=0,Ambient City,0A12A7AC
0B493DEC=0,Start Patrols,0B49294C
0B009BFC=0,_Radar Movie 1,0B00823C
0B009A2C=0,_Radar Movie 2,0B009B0C
083B76BC=0,_Flip Build Tab,083B646C
084AFC6C=2,Tesla Built By Player,084AFE9C
0A0A9BCC=2,Tesla To Other3,0A0ACC3C
09EEBE5C=0,Full Trak Change,09EEBF3C
08445CDC=2,Reinforce BG1,08445DBC
08445B0C=2,Re-enable Reinforce BG1,08445BEC
0AD6CDCC=2,Paris Tower,0AD6F19C
0857BAAC=2,Objective 3 Reminder,0857BEFC
0A67AB8C=0,Win,0A67AC6C
0A67A4AC=2,Cheer,0A67A58C
0CB23C9C=0,Win Delay,0CB2164C
0A70756C=0,Tower Destroyed Backup,0A70764C

[Digest]
1=xGnLMpiiV5jZEyJX47VcL63fdCY=
