[SpecialFlags]
TiberiumGrows=no
TiberiumSpreads=yes
TiberiumExplosive=no
DestroyableBridges=yes
MCVDeploy=no
InitialVeteran=no
FixedAlliance=no
HarvesterImmune=no
FogOfWar=no
Inert=no
IonStorms=no
Meteorites=no
Visceroids=no

[HARV]
Storage=20

[CMIN]
Storage=10

[Tiberiums]
0=Riparius
1=Cruentus
2=Vinifera
3=Aboreus

[Riparius]
Value=50

[Cruentus]
Value=100

[Vinifera]
Value=50

[Aboreus]
Value=50

[Countries]
0=Player
1=RedTeam
2=Civilian
3=Other1
4=Other2

[Player]
ParentCountry=Americans
Name=Player
Suffix=Allied
Prefix=G
Color=DarkGreen
Side=GDI
SmartAI=yes
CostUnitsMult=1

[RedTeam]
ParentCountry=Americans
Name=RedTeam
Suffix=Allied
Prefix=G
Color=DarkRed
Side=GDI
SmartAI=yes
CostUnitsMult=1

[Civilian]
ParentCountry=Neutral
Name=Civilian
Suffix=CIV
Prefix=C
Color=Grey
MultiplayPassive=true
SmartAI=yes
Side=Civilian

[Other1]
ParentCountry=Americans
Name=Other1
Suffix=Allied
Prefix=G
Color=Gold
Side=GDI
SmartAI=yes

[Other2]
ParentCountry=Americans
Name=Other2
Suffix=Allied
Prefix=G
Color=Gold
Side=GDI
SmartAI=yes

[INYELWLAMP]
LightVisibility=3300
LightIntensity=0.01
LightRedTint=0.40
LightGreenTint=0.40
LightBlueTint=0.15

[ENGINEER]
TechLevel=-1

[SENGINEER]
TechLevel=-1

[ADOG]
TechLevel=-1

[DOG]
TechLevel=-1

[GAWEAP]
TechLevel=-1

[GAPILL]
TechLevel=-1

[GAWALL]
TechLevel=-1

[GACNST]
Name=Allied Construction Yard
Unsellable=true

[GAREFN]
Name=Allied Ore Refinery
Unsellable=true

[GAPOWR]
Name=Power Plant
Unsellable=true

[GAPILE]
Name=Allied Barracks
Prerequisite=GAPOWR
Unsellable=true

[General]
AISafeDistance=8

[Ranking]
ParTimeEasy=00:01:00
ParTimeMedium=00:01:00
ParTimeHard=00:01:00
UnderParTitle=GUI:NoUnderParTitle
UnderParMessage=GUI:NoUnderParMessage
OverParTitle=GUI:NoOverParTitle
OverParMessage=GUI:NoOverParMessage

[Basic]
Briefing=Brief:TRN01
NextScenario=GDI2A.map
AltNextScenario=GDI9C.MAP
NewINIFormat=4
CarryOverCap=0
EndOfGame=no
SkipScore=yes
OneTimeOnly=no
SkipMapSelect=no
Official=yes
IgnoreGlobalAITriggers=yes
TruckCrate=no
TrainCrate=no
Percent=0
Theme=IndustroFunk
Player=Player House
Intro=<none>
Brief=<none>
Win=<none>
Lose=<none>
Action=<none>
PostScore=<none>
PreMapSelect=<none>
CarryOverMoney=0.000000
TimerInherit=no
FillSilos=no
StartingDropships=0
HomeCell=98
AltHomeCell=98
MultiplayerOnly=0
TiberiumGrowthEnabled=yes
VeinGrowthEnabled=no
IceGrowthEnabled=no
TiberiumDeathToVisceroid=no
FreeRadar=yes
InitTime=10000

[VariableNames]
0=1stRedTeamWon,0

[Lighting]
Ambient=0.920000
Red=0.930000
Green=0.930000
Blue=1.000000
Ground=0.000000
Level=0.039000
IonAmbient=0.870000
IonRed=0.300000
IonGreen=0.400000
IonBlue=0.750000
IonGround=0.000000
IonLevel=0.000000

[Houses]
0=Player House
1=RedTeam House
2=Civilian House
3=Other1 House
4=Other2 House

[Player House]
Country=Player
TechLevel=2
Credits=50
IQ=0
Edge=North
PlayerControl=yes
Color=DarkBlue
Allies=Player House,Civilian House
PercentBuilt=0
NodeCount=0

[RedTeam House]
Country=RedTeam
TechLevel=2
Credits=100
IQ=3
Edge=South
PlayerControl=no
Color=DarkRed
Allies=RedTeam House,Civilian House,Other1 House
PercentBuilt=0
NodeCount=0

[Civilian House]
Country=Neutral
TechLevel=1
Credits=0
IQ=4
Edge=South
PlayerControl=no
Color=Grey
Allies=Player House,RedTeam House,Civilian House,Other1 House
PercentBuilt=0
NodeCount=0

[Other1 House]
Country=Other1
TechLevel=10
Credits=20
IQ=1
Edge=South
PlayerControl=no
Color=DarkGreen
Allies=Other1 House
PercentBuilt=0
NodeCount=0

[Other2 House]
Country=Other2
TechLevel=10
Credits=20
IQ=1
Edge=South
PlayerControl=no
Color=Gold
Allies=Other2 House
PercentBuilt=0
NodeCount=0

[Map]
Theater=TEMPERATE
Size=0,0,40,41
LocalSize=2,4,36,31

[Waypoints]
0=60047
1=39056
2=34058
3=39017
4=27046
5=49019
6=49032
7=42038
8=44052
9=59027
10=38032
11=23039
12=33066
13=51057
14=28042
15=34026
16=39055
17=56044
18=38023
19=56046
20=62042
21=64037
52=50054
53=51042
54=58042
59=54059
80=39045
90=38005
98=38021
99=41042

[CellTags]
26040=09078730
26041=09078730
30029=0BBDB1BC
30030=0BBDB1BC
36044=07D66D3C
36045=07D66D3C
36046=07D66D3C
37042=07D66D3C
37044=07D66D3C
37045=07D66D3C
37046=07D66D3C
37048=07D66D3C
38043=07D66D3C
38044=07D66D3C
38045=07D66D3C
38046=07D66D3C
38047=07D66D3C
44051=0B09C32C
44052=0B09C32C
44053=0B09C32C
44054=0B09C32C
44055=0B09C32C
44056=0B09C32C
44057=0B09C32C
44058=0B09C32C
45051=0B09C32C
45052=0B09C32C
45053=0B09C32C
45054=0B09C32C
45055=0B09C32C
45056=0B09C32C
45057=0B09C32C
45058=0B09C32C

[IsoMapPack5]
1=EQ8AIAABKAABAP//AAAABAAnAAIA//8AAEkBKCgpAClIAUwCdwImAAPhBCcoKQAoSAHBBC
2=koKQAqKCkAJUAK3QomKCkAJ0gB2QYoKCkAKSgpACooKQArKCsAJAAF7RAlKCkAJkgB0Qkn
3=KCkAKCgpACkoKQAqKCkAKygpACwoKwAjAAbpDCQoKQAlSAHJDCYoKQAnKCkAKCgpACkoKQ
4=AqKCkAKygpACwoKQAtKCsAIgAH4Q8jKCkAJEgBwQ8lKCkAJigpACcoKQAoKCkAKSgpACoo
5=KQArKCkALCgpAC0oKQAuKCsAIQAI+REiKCkAI0gB2REkKCkAJSgpACYoKQAnKCkAKCgpAC
6=koKQAqSgGwAVsJBAArSQGoqQEsSQGkqQEtSQGmqQEuSAFEBWFRLygrACAACfEUISgpACJI
7=Ac0FIygpACQoKQAlKCkAJigpACcoKQAoSQGsoQ8pSQGqqQEqSQFSYAt/FQkANKkBLFUCr6
8=EELUkBqakBLkgBfANNVy8oKQAwKCsAHwAK6RcgKCkAIUgB2QYiKCkAIygpACQoKQAlKCkA
9=JigpACcoKQAoSQGxuREpSQE6YwsEACrIAUEDK0gBdBgBAgAALMgBAQMEAC1JATOtBS5IAW
10=QBlRgKhAFJATAoVQAxKCsAHgAL4RofKCkAIEgBnwYEACEoKQAiKCkAIygpACQoKQAlKCkA
11=JigpACcoKQAoSAHNMSlIAWwbVRgqSAGdNgBGSgsAjEdtGwuSNQUAThsLAGwbTQUuTAVoAU
12=UeL0kBV3cUBAAwSAFkAVkcMSgpADIoKwAdAAz5HB4oKQAfSAHZBiAoKQAhKCkAIigpACMo
13=KQAkKCkAJSgpACYoKQAnKCkAKEkBQW8MBAApyAFJOCpJAatcAEEDK0kBpakBLEgBRAJpAC
14=0oKQAuSAFkHl0gL0kBU3gDZR4MYAFlazFUAo8BBAAyKCkAMygrABwADfEfHSgpAB5IAdkG
15=HygpACAoKQAhKCkAIigpACMoKQAkKCkAJSgpACYoKQAnKCkAKEgBfSACfiANAGoBAwBWWg
16=0AJx8EDQCi/iANAJB3ZT8NjBRRAC5ECFgAaQAvSAF9IAF+IA0Aj0cEADFUAoxHfCDZBgRc
17=RicpADRABHgHV0QbAA7pIhwoKQAdSAHBBB4oKQAfKCkAICgpACEoKQAiKCkAIygpACQoKQ
18=AlKCkAJigpACcoKQAoSQFEZA92Iw4AaAFJISpUAoyUfmIOACeVCA5kBW0ALUAEfABNAC4o
19=KQAvSQExSAJZHDBIAYQIdyMOAKdQClUCMlQCwSUzSAFoBVUCNCgpADUoKwAaAA/hJRsoKQ
20=AcSAHZBh0oKQAeKCkAHygpACAoKQAhKCkAIigpACMoKQAkKCkAJSgpACYoKQAnKCkAKCgp
21=AClIAW0mBH2kD5gnVWUrVAKAqW2JD5gVUQAtVAKDRgAALkgBnyAAAC9IAWwmRYwwyAFFjD
22=FIAWStVSMySAGQCWRK0QkEXJMnKQA1QARYC2FyNigrABkAEPknGigpABtIAc0FHCgpAB0o
23=KQAeKCkAHygpACAoKQAhKCkAIigpACMoKQAkKCkAJSgpACZIAZAfIuUoEKetBAAoVALZES
24=lJAUBsAWYpEABoAU1GK1QCcAJNACwoKQAtSAHRdy5IAYjoZSkQWASJADBUAnAqTTExSAFk
25=KV0rMsgBXSszSQFXaAVkKdsGBAA1VAJwAlUuNigpADcoKwAYABHxKhkoKQAaSAHZBhsoKQ
26=AcKCkAHSgpAB4oKQAfKCkAICgpACEoKQAiKCkAIygpACQoKQAlKCkAJkgB3W0nSAGcmX0r
27=EektKVQCcSoCfSsRnCtZoCtVAq5cLFkXLEgBWABpAC1IAYhOZVURZAJtAC9UAnwATQAwKC
28=kAMSgpADJIAWgtVS4zSQFQQAVdpDRIAUQBeVM1KCkANigpADcoKQA4KCsAFwAS6S0YKCkA
29=GUgB0QkaKCkAGygpABwoKQAdKCkAHigpAB8oKQAgKCkAISgpACIoKQAjKCkAJCgpACUoKQ
30=AmKCkAJ0gBjFJ1LhKopm+qEgA/YBZ0LqgBVS0rTAXdKyxJAY1gBGfOEgCHqQEuVAKkAV2D
31=EsYBADAoVQAxSQFMXAJdKzJIAWgtQTszyAFBXDRIAVwDtC7HCAQANihVADcoKQA4KCkAOS
32=grABYAE+EwFygpABhIAd0KGSgpABooKQAbKCkAHCgpAB0oKQAeKCkAHygpACAoKQAhKCkA
33=IigpACNIAYdVBAAkSAHNECUoKQAmKCkAJ0gBJy4GEwCcg20xE4wxQSUqQAR4MoZgEwDBMC
34=xVAoOCCwAtSQGGqQEuSAGkAU0xE8QBTjETAGAwUQkxQARpAQN0/8AEbLUnKQA0QAScBmSM
35=J1UANihVADcoKQA4KCkAOSgpADooKwAVABT5MhYoKQAXSAHJDBgoKQAZKCkAGigpABsoKQ
36=AcKCkAHSgpAB4oKQAfKCkAICgpACFIAdG5IkkBpEhaSaYjSAHJLSRIAdkRJSgpACZIASX9
37=NidIAc0FKEkBO3AFZjQUAGgBXQkqVAKbPQAAK0kBjGAEd+kUAIOpAS1UAieFBhSsAmzAJy
38=kAMEEEVXwCIgUiFCapJjJVAqZcC10VM0gBfANJATQoKQA1KCkANigpADcoKQA4KCkAOSgp
39=ADooKQA7KCsAFAAV8TUVKCkAFkgBwQ8XKCkAGCgpABkoKQAaKCkAGygpABwoKQAdKCkAHi
40=gpAB8oKQAgKCkAIUgB3WIiSAHBMCNIASVpNCRJATVrEwQAJcgBRYwmSQE2tQInyAFVAihI
41=AXA1QespSAGAOyJdLRW8bX42FQAn3gYVACffBhUAhnAJb8sVAKxsMX82FQCmqQEwUAl8Nk
42=kMMUgB0doySQGnYARmaxUAJe0/NFQCmAZlaxW0CnScJykAN0AEmwIEADgoKQA5KCkAOkgB
43=jRAERk8VAMlZPFQCIx0wBEFvFuo4FAAnKQAVSAHdChYoKQAXKCkAGCgpABkoKQAaKCkAGy
44=gpABwoKQAdKCkAHigpAB8oKQAgKCkAIUgBl8gEACJIAck4I0kBPIgTXqQWAHQ5RTQlVAJo
45=AUGeJkgBdDlVAifIAVUCKEgB3W0pSAHFoipJAYWxCStJAYipASxIASc3BxYAhrUCLlQCkE
46=t1ORbxQDBVAjJgBHRwuBFdbTJUAngRTTwzSAEikDlVAjRIAcEaNUgBdAZVAjZIAcU0N0gB
47=2TI4SAHBBDlIAZdPBAA6SAHVRDtIAcFcPEgBIsA/UQk9yAFHSRIAF+E7EygpABRIAd0KFS
48=gpABYoKQAXKCkAGCgpABkoKQAaKCkAGygpABwoKQAdKCkAHigpAB8oKQAgKCkAISgpACJI
49=ASLwOlUYI8gBVRgkSAGVIwBFdhe/YgAAJlQCi1kAACdJAahABVEaKEgBiyIAAClJAYxIAk
50=kAKkgByTgrSAFEAmkALEgBwQQtSAHBBC5JAa2xCS9IAWAFTQAwSAFsPEEDMUgBYDtRSzLI
51=AVFLM0gBbDxVAjTJAQNmdhcAIrgoQRo2VALFPzdIAclZOEgBZFVBBDnIAUFGOkkBN1QOVQ
52=I7yAFVAjxIAWw8SQw9SQGsTBFNBD5JAaarAREAGPk9EigpABMoKQAUSAFIBiLFJBUoKQAW
53=KCkAFygpABgoKQAZKCkAGigpABsoKQAcKCkAHSgpAB4oKQAfKCkAICgpACEoKQAiSAFkPw
54=ECBAAjyAFRKiRIAYwmZz8YAI+MF0Y/GADVAidBBI21AihIAd14KUkBg7UCKkkBhqkBK0gB
55=pgEALEkBkK0BLUkBiqkBLkgBJ3UPGP1MMFQC0UsxSQGmqS0ySAG2BgAzSQGytQI0SAFyQA
56=UAUZIYhD9RNTZUAnBAAQMEADdJAT29BjhIAWQ/QQQ5yAFFHjpIAWQ/VQI7yAFVAjxIAdk9
57=PUkBorUNPkgBh4EAAD9JAaq3AhAAGfFAESgpABJIAZwOdb0ZhAFRSxQoVQAVKCkAFigpAB
58=coKQAYKCkAGSgpABooKQAbKCkAHEgBh60EAB1IAZsNBAAeKCkAH0gBwQQgSAHBBCEoKQAi
59=SAEiKDdRFCPIAVkbJEgB2T0lSQGDnAZeQRkAxT8nVQKItQIoKCkAKSgpACpJAYqhBCtIAa
60=QBX0EZANxcC1kBLVUC0qkBLkgB3UwvSAFQA2kAMCgpADFIAcEEMkkB97kGM0kB76kBNEkB
61=8akBNUgBhx4AADZIAXxBVUQ3SAHBOzhIAd2ZOSgpADpJAailCDsoKQA8SAHFPz1IAcGePk
62=gBzRA/SAHNEEBIAc8QDwAa6UMQKCkAEUgBYBtJLRIoKQATKCkAFCgpABUoKQAWKCkAFygp
63=ABgoKQAZKCkAGkkBsHcYBAAbSAGbHAQAHEgBiFl2RBoAhGt1RBqUEVkRH0AEg3IEACBIAd
64=kGIUgBzQUiSAF1RAJ1hhomwT8kVQKMrQglSAEnlwgaAIa1AidUAsElKEgB1SMpSAG+AwAq
65=SQH5fBUihCfYESJmLhoAwX0tQQTXoQQuSQHQqQEvSAHNRzBJAfu1AjFIAc0xMkkB8rUCMy
66=gpADRJAfC1AjVJAa+pATZIAcU/N0gB2T04SQGioQQ5SAHFPzpIAcEaO0gB1Q08KCkAPSgp
67=AD5JAe2lCD8oKQBASAHNEEFIAd0gDlg1JaFyDygpABBIAYMEBAARKCkAEigpABMoKQAUKC
68=kAFSgpABYoKQAXKCkAGCgpABkoKQAaKCkAG0gBlCNuRxsAiCJsRycpAB5ABI8mBAAfSAHB
69=BCAoKQAhSQGlcB8iPSkbWKZcGGxHqAFBAyRBBJBQAkkAJUkBiFwASQAmSAEn7wgbAPZABV
70=UCKFQCxSkpSAHVLipIAdUCK0gB1QIsSQH1uQYtSAEn7wgbAMe1Ai9UAmgBVQEwSAHZSDFJ
71=AfhIAlUNMkgBWABpADMoKQA0SQH6oQQ1SQHzqQE2SAHVDTdIAWwGTQA4SAHZlTlIAcFGOk
72=gB3RU7KCkAPCgpAD0oKQA+KCkAPygpAEBIASftCBtADYkAQlQCgwEAAA1JfdpnEwQADkgB
73=J0UJHL8DBAAQVAKMAWRKJ1UAEihVABMoKQAUKCkAFSgpABYoKQAXSQGstQ0YSAHVhhlJAa
74=q1AhpIASX5JRtJAThkDwcEABwAHAA3AAAAEQAALBAAIAABAAQAHQAcADcAAAABBAAeABwA
75=NkgBVQIfyAFVAiBJATO1AiFKAbEBTwEEACJJAT9EAQECBAAjyAEBAwAAJEkBrGMEAAAlSQ
76=GqqQEmSQGOTAVJACdJAfa1AihJAfKpASkoKQAqSQHttQIrSQHwqQEsSAFUB2kALUkB27UC
77=LkkBx0gBAQIAAC/IAU0QMEkB0VQCUQUxSAHVDTJJAfW1AjNIAVADaQA0KCkANSgpADYoKQ
78=A3SQH7uQY4SQHzqQE5SAHJFzpIAd0VOygpADwoKQA9KCkAPigpAD8oKQBASAHZHEFIAXgS
79=TQBCKCkAQygpAAxZNdhvEAQADUgBmxwEAA5IAUkGAF02DygpABAoKQARKCkAEigpABNIAZ
80=M1BAAUSQGmvQoVSAHRCRYoKQAXSQGvoQQYSQGpqQEZSQE6cwUEABrIAUEDG0kBOFQCSQEc
81=SAFwS0U0HcgBRTQeSAF8TFUCH8gBVQIgSAF8TFUCIckBA39MHQA8UAlJACNUApwVf0wdAK
82=VcC1UCJVQCWABpACZJAZJjAQAAJ0kB+KEEKEkBsKkBKUgBzVIqSAHJQytIAcEwLEgBoggA
83=LSgpAC5IAclOL0kBFkQUUQQwSQHVvQoxSAHVDTJJAdq1AjNJAf2pATRIAUgGaQA1KCkANi
84=gpADcoKQA4KCkAOSgpADpIAd0VO0gByU48SQF5dwoAAD3IAUEOPkkBgLUCP8gBVQJASAHZ
85=HEFJAY+hBEJIAaYBAEMoKQBEKCkAC1iCyU4MSAGQH3ZPHgAn9QkeowgEAA9ABI8BBAAQKC
86=kAESgpABIoKQATSQGrWRIAd08eAKepARVUAoc0BAAWSQFSdwkEABdJATWpARjIAUGTGUgB
87=dE9ZMRpIAclDG0kBpHEJAFpmHgDJAR1UAp0KAEAB3xUAAB9QAclDIEgBwQQhSAFiUQUAVJ
88=wnrQAjVQKvvQokSAEn9wkeACFnEwAAJlUCIqkBJ0kB+q0FKEgB1YYpKCkAKkgByTgrSQH0
89=rQUsSAGgCFRPJ+EBLlUCrqEEL0kB3akBMEgBwZMxSAHFCDJIAcEEM0kBsq0FNEgB3Qo1KC
90=kANigpADcoKQA4KCkAOSgpADpIASf2CR4AyRc8VAJ0T0EwPcgBXXg+SQGAWA1VAj/IAVUC
91=QEgBJ/cJHgCMQARJAEJVAodcAEkAQ0gBWABpAEQoKQBFKCkAClg1wVELSAHBUQwoKQANSA
92=EnTQofYAmkoicpABBABJsCBAARKCkAEigpABNIAd3bFEgB1U8VSAF9mQBvUh8APogITlIf
93=AGxSWRwYQARoAVkcGUgBvANGoh8Ag1wAABtVAqKtMRxIAZWnAElsH+1HHlQCzUcfSAHFSi
94=BJAQNcC0EKISgpACIoKQAjSAHZBiRIAYgXZ+8fAP61DSZVAgSlCCdIAc1dKEgB3WIpSAHZ
95=XipIAdGYK0gBUA5pACwoKQAtKCkALkgB0WEvSQGotQ0wSAHdCjFIAYPKAAAySAFkCU0AMy
96=gpADQoKQA1KCkANigpADcoKQA4KCkAOSgpADpIASdNCh8oTwofAHtIDUkAPUAEaAFREz5J
97=AX5IAkkAP8gBVQJASAEnTQofKE8KHwCDQAVJAENABNlTREgBRAJpAEUoKQBGKCgAAQkAIA
98=DZUwpIAdlTCygpAAwoKQANSAEnpwogAKxMEVFLD1QCmCd2pyAAmDJmVSAAwVESQAR8TE0F
99=E8gBWaAUSQE9fxIAABVIAWRVXQkWSAGdCgBGVSAAzTEYVAKqBQAZSAHBBBpJAadMBkUDG0
100=gB2VMcSAHBUR1JASVUA0kAHkkBJlwASQAfSAHVAiBIAUcCAAABRlogAJ1MAVSn1BgCAQAj
101=ACBApIkEJEkBAa1SJUgBxQgmSAHdCidIAdVaKEgB1VopSQH3sRQqSAHdNitJAd61AixIAY
102=EMAFWnIFwQkQEuVALVDS9IAd0KMEgB3VcxSAHNczJIAYMwAAAzKCkANEgB2Sc1SAGXCgAA
103=NigpADcoKQA4KCkAOSgpADpIAdnBO0gBJ/UUIIRVSSE9VAJkVUGIPkgBZFVVAj/IAVUCQE
104=gBxR5BSQGQsRBCSQGIqQFDSQGGqQFESAGmAQBFKCkARigpAEcoKQAIWCTRVglIAdFWCigp
105=AAsoKQAMKCkADUgBJ/4KIQCEKXX/ISRQJn5XIQDRVhFMBSUBJxJIAXxXTRsTyAFNGxRIAc
106=FRFUkBqLU5FkgB2TIXKCkAGEgBwQQZSAHFVRpIAcUeG0gB0VYcSAHRSx1JASekBHn1KKgB
107=da+PaQEBQiIhAMEEIUwFwQQiSAGQCX1XIVhZUwUBACRUAs0FJUgBzQUmSAGZ7QFDCSEABk
108=wcVQUoVAJYAGkAKUgB0UAqSAEl+TArSAElWTIsSAFgBU0ALUgBxbguSAHVDS9JASNUA0kA
109=MEgBWABpADFJAa+tJjJIAd14MygpADQoKQA1SQGmrQU2SAF4B00ANygpADgoKQA5KCkAOi
110=gpADtIAdGuPEgB1Rg9KCkAPkgBwVw/KCkAQEgBJ/wKiCpeDgBCVAJ8AE0AQ0gB1VpESQGL
111=SAJJAEVIAVgAaQBGKCkARygpAEhJAVV7AwQAB1wzyVkISAHJWQkoKQAKKCkACygpAAwoKQ
112=ANSAEnVAsBIgD//0ALdloiAIiQd1oiAINYJ1GuEUwFaAFZPBJIAUQFaQATSAHJWRRIASWN
113=KBVIAXQDTQAWSAHRNRdIAd1XGEgBUANpABkoKQAaKCkAG2gBSA1FBBxJAY9cAEWtHUgBya
114=YeSAHNXR9JAZKhBCBJAQW4BnVXHXQCIk0rIkxYTAF1WiJEs4kBJEwFJaEkJUkBJFACSQAm
115=SQEJpQgnSAHVTyhIAVADaQApKCkAKigpACtJAYRjJQAALMgBUQgtSAHRFC5IAckXL0kBha
116=0FMEgBcApNADFJAUtcAEndMsgBVS4zSQFGtQI0yAFFBzVJAatcAEEDNkgBxbg3SAGL6AAA
117=OEgBUANpADkoKQA6KCkAO0kB/KUIPEkBjWQFIkc1IgCHqQE+VALRdz9IAdleQEgBJ1YLIg
118=DZBkJUAtkGQ0gBoggARCgpAEUoKQBGKCkARygpAEhIAXRaRR5JSAGHCAQABkg1wVwHSAHB
119=XAgoKQAJKCkACigpAAsoKQAMKCkADSgpAA5JAdZwH21dI4BcAQQDABBUAmBcAQUDABHIAQ
120=EGAAASyAEBBwAAE0kBr3sGAAAUSAHJWRVIAZ8VAAAWKCkAFygpABgoKQAZKCkAGigpABto
121=AVRFVQgcSQGMXACPXSMAi6kBHlQCZAFVAh9IAdGjIEgB2VMhSAHcV3lbB7EJI1QCyQEkSA
122=HNBSVIAZAJIvw2zAIi9EAnKQAoKIEAKSgpACpIAWBcWdcryQEEbl0jAHQCAQUBAC1UAiMH
123=NwEALigpAC9IAWxdTQUwyAEBBQAAMUgBbF0BAgQAMkgBI683BAAzSQFCaxMEADTIAVUtNU
124=gB1S42SAHVLjdIAWgFTQA4KCkAOSgpADooKQA7SQGRQAVJADxIASWlKz0oKQA+SQGFVANJ
125=AD9IAclZQEgByWRBSAHNtUJJAYZABUkAQ0gBWABpAEQoKQBFKCkARigpAEcoKQBISQFQUA
126=aMXdcuBABKVAJQAiL9NgVQldleBkgB2V4HKCkACCgpAAkoKQAKKCkACygpAAwoKQANSAEn
127=tRckKLUXJIVgCGRgqAFdnxFMBXJhCgFEYLUCC2Rg1ExkYCcpABVMBYgXZGAnVQAXKFUAGC
128=gpABkoKQAaKCkAG2gBsVYcSQGOdwkBAB1IAYfnAQAeSAEjIysBAB9IASWBNyBIASWBLCFJ
129=Ae9URUQHbb3xqQEjVQKTSAJJACRIAVgAaQAlKCkAJkgBYFFRrifIAVkyKEkBR2cFBAApyA
130=FVAipIAWxdAQYEACvKAQcDVb0khmAIAkRgIphEXQYCRGAnKQAvTQWGexEDADDIAVEJMUkB
131=UUgFQQ8ySQGxYQQER2AkAEC1AjRUAmgBQQM1SAHVGDZIAXwDTQA3KCkAOCgpADlJAflMBk
132=EEOkgBWABpADsoKQA8SAGEjHS9QDt7AwAAPlQC3WI/KCkAQEgB0WFBSAGqBQBCSAGHNAAA
133=Q0gB1QJEKCkARUgB0SpGyAFFHkdIAXheTX5IyAEBAwQASUgBhAhkYM9HBABLKFQAAgQAJQ
134=AlYxoEAAUoKQAGKCkABygpAAgoKQAJKCkACigpAAsoKQAMKCkADSgpAA5JAeu1DQ9JARls
135=Un5iJQCJAQJEw8gBfGLIAX9iJQC9eAZ9YiWcGVEAFUQIWABpABYoKQAXKCkAGCgpABkoKQ
136=AaKCkAG2gBbBAiZk8lACWRIx1UAiOsLH1iJUBiRAx+YiUAJ14MJQAlySohTAUlcSoiKCkA
137=I0gByWQkSAFcB2gAQC14AG0AJlQCaDhRNSdJAaxvGwQAKEgBI6whfWIlJKNRBAAqVAIj2C
138=F9YiWRYQp8YqoBCwNfYiUAAnUYA1xiJykAL1gGfWICfWIl9ZExVQKPZBBkwydVADNUAnBh
139=WRE0yAFd0DVIAWgFTQA2SAHFgTdIAcWBOCgpADlIASXhIjpIAUgGaQA7SAHVZTxIAcm8PU
140=kBiHgDfWIlJmVEP1UCg7UCQEgBwQRBSQGJtQJCSQGKqQFDSAGmAQBEKCkARUgB0SpGSAHR
141=KkdIAdEqSEkBqqktSUgBhAh8YsRKfGInKQBMKIIAAwBYNVgGUWwEKCkABSgpAAYoKQAHKC
142=kACCgpAAkoKQAKKCkACygpAAwoKQANKCkADkgBdGVBDw9IAWlkAXVlJpVlAXRlyAF0ZcgB
143=dWUmlGVJFhRYBpgcIiRHJXgsdMgnKQAXKIEAGCgpABkoKQAaKCkAG0gByYgcSAElmTodSA
144=GUAnVlJrTsdmUmACe2DCYAJaUrIUwFJ7UMJiaBTSMoVQAkSAHRSyVIAc1oJkkBqnsYBAAn
145=SQGvQBtduihJAaepASlJAaWpASpIASWdNSsoKQAsKCkALSgpAC4oKQAvKCkAMCgpADFIAZ
146=CCdWUm7WgzVAIleUw0SAFgE00ANSgpADZIAd2DN0gBxR44KCkAOSgpADpIAcUeO0gBzQU8
147=SAHVAj1IAd0gPkgBzWg/SQGGVA5JAEBIAVgAaQBBKCkAQkgBxXZDSAHFCERIAWAFTQBFSQ
148=FUXABFKUZJAau5J0dJAampAUhIAXwDQQRJKCkASigpAEsoKQBMKCkATSgpAAJYNWzLWYoD
149=KCgAcDjVAgUoVQAGKCkABygpAAgoKQAJKCkACigpAAsoKQAMKCkADSgpAA5IAWxoTRAPSA
150=FsaEWiEOgBbWgnmWkCbGjIAW1oJ4xoWaoUTAWcIGxoJWwwbGgnKQAXKIEAGCgpABkoKQAa
151=KCkAGygpABxIAZjMIt1eJ1ABkQweQQEHVA5RAR9IASX9KiBIAUQCaAAiWEnRSyJVAnptAg
152=BabicAaAFJNyRVAlu1AiXIAVUCJkgBbGhIC2wNaQEDZ84nAJZsBWXOJybZTSpsBUwGRT8r
153=SAHZaSwoKQAtKCkALigoAAIvACcA/xEAAMYPACAI/wAAAAQAMAAnAP+qATEAJykAMkkBP1
154=wDAQAEADPIAQEBAAA0SQGTdwIAADVJAftIAlUBNkkB7akBNygpADgoKQA5KCkAOigpADso
155=KQA8KCkAPUkB8LEJPkgBWAtpAD9JAZJjAQAAQEkB96EEQUkB76kBQkgBzRBDSAHFCERIAb
156=YGAEVJAVRMAQEBBABGSQGxewYEAEdIAVACfSBIKCkASSgpAEooKQBLKCkATCgpAE0oKQBO
157=KCgAAgEAKADcqQwCSgEWAlMMBAADKCkABCgpAAUoKQAGKCkABygpAAgoKQAJKCkACigpAA
158=soKQAMKCkADSgpAA5JAdG5EQ9JAYJrAQMAEMgBAQECABHIAQECAQASyAEBAwAAE0gBQBdp
159=ABQoKQAVKCkAFigpABcoKQAYKCkAGSgpABooKQAbKCkAHEkB/nsRAAAdSQEEYyUAAB5JAZ
160=F7DgAAH0kBh6kBIEgBxT8hSAHZPSJJAXpABEUHI8gBSRckSQFbtQIlyAFVAiZJAapWAgQA
161=SjUoAGoBBQBPAigAllQCRQgpUAFoAQEDBAAqSQGYVAJFYCvIAU1HLEkBm7UCLUkBl6kBLk
162=gBzWgvSQGwYxoEADBJAaSpATFJAaqpATJIAWVrAmZrKABoAUUTNFUC+WAEZWsodAptADZV
163=Ava1AjdIAcUeOCgpADkoKQA6KCkAOygpADwoKQA9SAHdYj5IAXwLTQA/SAHRKkBIAckMQS
164=gpAEIoKQBDSAHFCERIAVQHaQBFSQFTYAFka8gXZGsnKQBIQAR8A0UpSSgpAEooKQBLKCkA
165=TCgpAE0oKQBOKCkATygoAAICACkA23QjZmspANFsBFQCyQEFKCkABigpAAdJAdO5BggoKQ
166=AJKCkACigpAAsoKQAMKCkADSgpAA5JAdWxCQ9IAWVrBGZrKQBqAQUDRGuqAQYARGupAQdl
167=aymEIlEAFFgGWABpABUoKQAWKCkAFygpABhIAdVEGUgBbAZNABooKQAbSQH9exEAABxJAS
168=RUA0kAHUkBLlwASQAeSQEiXABJAB9JAY5cAEkAIEgB3UwhSAHRQCJJAWJUA0kAI8gBSQsk
169=SQE+XABVAiXIAVUBJkkBPFwAVQInyAFVAShJAUJcAFUCKUgBZGtdbSpIAWRrXW0ryAFFYC
170=xIAWRrWQUtSAFka0EELsgBQXIvSAFkCFlIMEkBsUAFSQExSQFSXAtJATJJATxpAQBO1ikA
171=1Vo0VALBGjVIAd3FNkgB1QI3KCkAOCgpADkoKQA6KCkAOygpADwoKQA9KCkAPkgByQw/SA
172=HJDEAoKQBBKCkAQkkB8ncYAABDSQH0qQFESAGwGE7WKQBka12ORlUCrmAEZGvPRwQASFQC
173=jwUEAEkoKQBKKCkASygpAEwoKQBNKCkATigpAE8oKQBQKCkAA0Ch0GxsoidlDSr9bQZABM
174=3LB0gB2REIKCkACSgpAApJAay1GAtJAaipAQwoKQANKCkADigpAA9IAdWnEEgBZmsJBEVr
175=KpFsCmVrKpwOUQATQARYAGkAFCgpABUoKQAWKCkAFygpABhIAcVgGUkB8WcTAAAaSAFkCU
176=0AGygpABxIAdVwHUgB0WweSQEjQAVJAB9IASW1IiBIAd0KIUgB3UEiSQFiQAVBXCPIAUVg
177=JEgBZGtVAiXIAVUCJkgBZGtVAifIAVUCKEkBQ7EUKUkBRKkBKkkBQqkBK0gBwQQsSAHBBC
178=1JAUWhBC5IAXBsQXIvSAFka0kMMMgBXW0xSQGtUBSGayoAaAFFBzNVAlp0AiI2KCoAaAFV
179=AjVVAlm1AjbIAVUCN0gBcPBBAzjIAVUCOUkBXEgCSQA6SAFkCEkBO8gBQQQ8SQF/SAJJAD
180=3IAVUCPkgB2Sc/KCkAQCgpAEFIAdXTQkgBVAdpAEMoKQBEKCkARUkBVngDb9YqAKtcC1kc
181=R1QC3UxISAF8A1UCSSgpAEooKQBLKCkATCgpAE0oKQBOKCkATygpAFAoKwAEACv51wVJAR
182=ZUL1UNBigpAAdJAdKlEwhIAcFnCUgBwWcKSQGpoQQLSQE1YxYEAAzIAVWGDUkBNrUCDsgB
183=VQIPSQE4tQIQSQE9aQEAWWkroAF4aScpABNABNkCFCgpABUoKQAWKCkAFygpABhIAdleGU
184=gB3TYaSAHRoxsoKQAcSAHBBB1IAcEEHigpAB8oKQAgSAHNBSEoKQAiSQFjtRQjyAFVIiRJ
185=AXC1AiXIAVUCJkkBabUCJ8gBVQIoSQFqtQIpyAFVAipJAWu1AivIAVUCLEkBbLUCLUkBbq
186=kBLsgBQQQvSQFHXABBAzBIAWRrUWwxSAFsaFk8MsgBXXgzSAFkYFUCNMgBVQI1SAF4aVUC
187=NsgBVQI3SAF4aVUCOMgBVQI5SAF4aUEOOkgB0Qk7yAFBBDxIAXhpWQY9yAFVAj5IAcUpPy
188=gpAEAoKQBBSAEnOQ0rTBmJAENUAoMBAABEKCkARUkBUFgCUUtGSAHJ80dIAVACJHA1xAhg
189=1ScpAEoogQBLKCkATCgpAE0oKQBOKCkATygrAAUALO1oBkgBzWgHSAHJ0ghIAdkRCUkBOX
190=8RBAAKyAFNJgtIAWBnVSMMyAFVIw1IAWBnVQIOyAFVAg9IAWBnWQYQSAFsCU0AEUgB2cES
191=SAFEAmkAEygpABQoKQAVSAElXSIWSAHNXRcoKQAYSAHZMhkoKQAaKCkAGygpABwoKQAdKC
192=kAHigpAB8oKQAgKCkAISgpACJIAWBnWRwjyAFZHCRIAWBnVQIlyAFVAiZIAWBnVQInyAFV
193=AihIAWBnVQIpyAFVAipIAWBnVQIryAFVAixIAWBnWSctSAFgZ0EELsgBQQQvSAFwCV0nMM
194=gBTQUxSAFwCVUCMsgBVQIzSAF4EVUCNMgBVQI1SAHFCDbIAVUCN0gBxQg4yAFVAjlIAXgR
195=RQg6SQFnXABJADvIAUEEPEkBcUgCSQA9yAFVAj5IAcU0PygpAEAoKQBBSAEn4QwsUAeJAE
196=NVAk1lAQRCZywAdGUBAgQARVQCaAFZ7UZIAXwDTcBHKCkASCgpAEkoKQBKKCkASygpAEwo
197=KQBNKCkATigrAAYALfVlB0gBJ4sMLQBSZw8EAAlUAmhkWTIKSAEjHzsAAAtIAZniAE3LLW
198=QFbQANVALJWQ5IAclZDygpABAoKQARSAHNJhJIAc0FEygpABQoKQAVSAHNBRYoKQAXKCkA
199=GCgpABkoKQAaSQGCXBJJFxvIAUVKHEgB0QkdKCkAHigpAB9JAXlYBkkAIMgBTTwhSAFsql
200=UCIkkBYFwASQAjyAFBBCRJAXNIAkkAJcgBVQImSAHVDScoKQAoKCkAKSgpACooKQArKCkA
201=LCgpAC1IAWhkAQQAAC7IAVXIL0gBYFxZHDDIAVkcMUgBYFxVAjLIAVUCM0gBaGRVAjTIAV
202=UCNUgBxQg2yAFVAjdIAcUIOMgBVQI5SAFoZE0bOkgBaGRRCTvIAUEEPEgBaGRVAj3IAVUC
203=PkgB3SA/KCkAQCgpAEFIASeIDCdFCUNVAlVEKkVgREgBJb0jRUkBpkAQVQJGSAF8A0kBRy
204=gpAEgoKQBJKCkASigpAEsoKQBMKCkATSgpAAdFLN2pDAhJAUNsDHJhLgBoAUEDClQCJbFT
205=C0gB3VcMKCkADUgBxR4OKCkAD0gBImhKXQkQyAFRCRFIAdFLEkgBYPZBBBPIAUEEFEgBdP
206=9VAhXIAVUCFkkBgEgCSQAXyAFVAhhIAcEPGSgpABpIAXBhAQsAABvJAQwiRkAuAHUCDSKu
207=TS4A2QYeQATJAR9IAXBhVTkgyAFVOSFIAXwVVQ0iSAFwYUEEI8gBQQQkSAFwYVUCJcgBVQ
208=ImSAHdCicoKQAoKCkAKSgpACooKQArKCkALCgpAC0oKQAuKCkALygpADAoKQAxKCkAMigp
209=ADMoKQA0KCkANSgpADYoKQA3KCkAOCgpADkoKQA6SQFiQDFJADvIAVUjPEkBckgCSQA9yA
210=FVAj5IAd0gPygpAEAoKQBBSAEnMQwuUAeJAENUAnFhAX3FLiaFMkVUAiXFL0ZIAYQFIkRA
211=2AYiREAnKQBJKIEASigpAEsoKQBMKCsACAAvJhFgCUgBeV4EIpkkL4RgXY4LVAIlQS8MSQ
212=GBRA9NGw3IAUU/DsgBRT8PSAF4XlUCEMgBVQIRSAHZSBJIAXheQQQTyAFBBBRIAXheVQIV
213=yAFVAhZIAXheVQIXyAFVAhhIAWhZARIAABnJARMiuT4vgVwUeF6pARV4XqkBFnheqQEXIo
214=hZqQEYIohZqAEBGQAAINAJARoAACFJAW9YHEkAIsgBRR4jSAFkolUCJEkBflwASQAlyAFB
215=BCZIAdk9JygpACgoKQApKCkAKigpACsoKQAsKCkALSgpAC4oKQAvKCkAMCgpADEoKQAyKC
216=kAMygpADQoKQA1KCkANigpADcoKQA4KCkAOSgpADpIAXheTTE7yAFNMTxIAXheVQI9yAFV
217=Aj5IAd0gPygpAEAoKQBBKCkAQkgBJcVFQ0gBIplmAHpeLwAl6S5FVAJYLCIlMUYoKQBHKC
218=kASCgpAEkoKQBKKCkASygrAAkAMCPUXUkMCsgBXTYLSAF1WgYikiMwAGgBAQcAAA3UAgEI
219=AAAOyAEBCQAAD8gBAQoAABDIAUWtEUkBQkQJQRUSSQFDqQETSQE7qQEUyAFVARVIAcEEFk
220=kBdUwGSQAXyAFBBBjIAVEqGUgBbV0cYVwwgVwdYFypAR5gXKkBH2BcqQEgYFypASFgXKkB
221=ImBcqQEjYlwwAGBcSQwiSAxoAV02I0gBYFxNECRIAWBcQQQlyAFBBCZIAcE7JygpACgoKQ
222=ApKCkAKigpACsoKQAsKCkALSgpAC4oKQAvKCkAMCgpADEoKQAyKCkAMygpADQoKQA1KCkA
223=NigpADcoKQA4KCkAOSgpADpJAWNAMUkAO8gBXSA8SQF4SAJJAD3IAVUCPkkBXUgCSQA/yA
224=FVAkBIAdUjQSgpAEJIAcm8Q0gBYVwBYVwwUAdIACIcMCcpAEZABEwCbV1HKCkASCgpAEko
225=KQBKKCsACgAxlFpFNAtJAYFICEn+DMgBSf4NyQEOaVkxgVwPaFmpARBoWakBESIvSDEAOl
226=QZUQgSWAZoAVUBE0gBaFldQRTIAVUNFUgBJXVRFkgBaFlVAhfIAQEEAAAYyAFVyBlIAWlZ
227=JWlZMYlZJmhZqQEnaFmpAShoWakBKWhZqQEqaFmpAStoWakBLGtZMQB0UBVJACJIDGgBXR
228=UjSAHNMSQoKQAlKCkAJigpACdIASUtXigoKQApSAHFCCpIAcEEK0gB1QIsKCkALSgpAC4o
229=KQAvSAHZBjBIAdkGMSgpADIoKQAzKCkANCgpADUoKQA2KCkANygpADgoKQA5KCkAOkgBaF
230=lRNTvIAVgyCjwAMQB4AAAAAgAAPQARAAAhDwAgAAMxAHgAAAADAAA+ADEAXQAAAAIAAD/I
231=AQEDAABASQGAVAJJAEHIAQEBAABCSQHwXABVAkNJAVNcAAEABABESAFkAUkBRSgpAEYoKQ
232=BHKCkASCgpAEkoKAACCwAyAIFICAESAAAMyAEBEwAADcgBARQAAA7IAQEVAAAPyAEBFgAA
233=EMgBARcAABFJATpEE1UYEsgBVRgTSQFEVAJJCxRJAUWpARVJAUapARZIAdUCF0gBaCJNBR
234=jIAU0EGUkBYEgCSQAayAFVAhtJAUFcAFUCHMgBVQEdSQE+XABVAh7IAVUBH0kBcEgCSQAg
235=yAFVAiFJAX1IAkkAIsgBVQIjSQHtXABVAiRJAfKpASVIAdUCJkgBwTAnSAFcBGkAKCgpAC
236=lJAfy5BipIAXQDTQArSQH2tQIsSAHRCS1IAckMLkkB9KEEL0kBrqkBMEgB2QYxSAHZBjIo
237=KQAzKCkANCgpADVIAd0KNigpADdIAcUIOCgpADkoKQA6SQF8UBVJADvIAVkQPEkBbkgCSQ
238=A9yAFVAj5IAXFWBHFWMp1XBXNWMgCAQAVRQEFABGgBUUBCSAHNJkNIAXFWAXFWMkQFSwAE
239=AEVUAkABAgAABABGKCkARygpAEgoKAACDAAzAGqQBVhTqAFZEQ5VAmm1Ag/IAVUCEEkBa7
240=UCEcgBVQISSAHFCBPIAVUCFEkBbK0FFUgBxR4WyAFBBBdIAXhTTRsYyAFNGxlIAXhTVQIa
241=yAFVAhtIAXhTVQIcyAFVAh1IAXhTVQIeyAFVAh9IAXhTVQIgyAFVAiFIAXhTVQIiyAFVAi
242=NIAcUpJEgBuhUAJUkB+kQUWQEmSAHFPydJAfW1AihIAVADaQApKCkAKigpACtIAcUILEgB
243=wVEtSAFsBk0ALkkBk1wASQAvSQGxvQowSAHZBjFIAdFLMigpADNIAdkRNEgB3Qo1SQGwpQ
244=g2SQGmqQE3SAHRCThIAdEJOSgpADpIAXhTSSI7yAFJIjxIAXA1VQI9yAFVAj5JAWhQFUkA
245=P8gBVQxASQF0SAJJAEHIAVUCQkgB0SpDSQGqVANBUURIAWQBSQFFKCkARigpAEcoKwANAD
246=SMUkEPDkgBYFFZEQ/IAVUCEEgBYFFVAhHIAVUCEkgBYFFVAhPIAVUCFEgBYFFFExVIAc0b
247=FsgBQQQXSAFoDFUTGMgBTQUZSAFoDFUCGsgBVQIbSAFoDFUCHMgBVQIdSAHFCB7IAVUCH0
248=kBfkAFSQAgyAFVAiFIAc0xIigpACMoKQAkSQHxQAVZBiVIAVgAaQAmKCkAJygpACgoKQAp
249=KCkAKkkB/aUIK0gByUMsSQGqtQItSQGPdwoAAC5JAbK1Ai9JAZG1AjBJAYupATFIAdlIMk
250=gByU4zSQHYuQY0SQHSqQE1SAHBDzZJAbG1AjdIAc1dOEgB3a85SAHdIDooKQA7KCkAPEgB
251=cDVFoj3IAUWiPkgBYFFNPD/IAUk4QEgBbIlJFkHIAU0PQkkBXEgCSQBDSAFgUVkGRMkBA3
252=+kNACYVANNUkZUAmgBQKkBDgA1AMUeD0gB3W0QKCkAESgpABJIAdUYEygpABQoKQAVSAHV
253=GBbIAVUYF0gBYEZZERjIAVUYGUgBaE5VAhrIAVUCG0gBaE5VAhzIAVUCHUgBxQgeyAFVAh
254=9IAWhOTQUgyAFVAiFIAdEUIigpACMoKQAkSAHFdiVIAd1BJkgBcCNNACdIAdk9KEgB2T0p
255=SAHRSypIAd2OK0gBSAZpACxJAZFjAQAALUkBiqkBLkgBpgEAL0gB3QowSQHQUDZFAzEoKQ
256=AyKCkAM0kBFkAbQQQ0KCkANUgB2RE2SQH7pQg3SQHvqQE4SAHRHzkoKQA6KCkAOygpADwo
257=KQA9KCkAPkkBZFQOSQA/yAFJC0BIAWhORRJByAFJLUJIAWhOQQRDSAFoTl1XRMgBRT9FSA
258=F8TFsGDwA2SAqJABAoKQARKCkAEkgB1WUTSAHVGBRIAc1SFUgB1QIWKCkAFygpABgoKQAZ
259=KCkAGigpABsoKQAcKCkAHSgpAB4oKQAfKCkAICgpACEoKQAiSAHFEyMoKQAkSAHVhiVIAZ
260=8dAAAmKCkAJ0kB10AmRQMoSAHNPClIAcE7KkkBsaEEK0kBvqkBLMgBVQEtyAFRKi5IAUAJ
261=aQAvSAHdCjBIAd0KMSgpADIoKQAzKCkANCgpADVJAdFcC1UJNkgB0Zg3SAHZMjhIAcUeOU
262=gBzTE6KCkAOygpADwoKQA9KCkAPkgBcPBJDD/IAUEOQEgBdHtVAkHIAVUCQkgBZIFVAkPI
263=AVUCREgBdIZXAhAAN1QAiQARKCkAEkgB3RUTSAHBfRRIAYcFAAAVSAHBnhZIAcEaFygpAB
264=hIAc0bGSgpABooKQAbKCkAHEgBxQgdSAHZBh4oKQAfSAHBBCBIAcEEIUgB1UQiSAHRgiNI
265=AdFAJEgBwTAlSAHBBCZIAdWGJ0gBzTwoKCkAKSgpACpIAc0FK0kBJkwnQSAsyAFVAS3IAZ
266=pINwDVDS9UAicaCTcAyQwxVALJATIoKQAzKCkANCgpADVIAScbCTcA90gNQQ83VALFHjhI
267=AUQCaQA5SAHRNTpIAcElOygpADxIAc0mPSgpAD5IAXhISRc/yAFVkUBIAXhIVQJByAFVAk
268=JIAXhIVQJDyAFXAhEAOHwPbQASSAHdQRNIAdEUFEgBJdEgFUgBYAVNABYoKQAXSAHNJhhI
269=AdUYGUgB3RUaKCkAG0gBwVEcSAHdCh1IAcEPHkgBwQ8fSAFEDWkAIEkB+LknIUgB1Q0iSQ
270=HbtQIjSQHTqQEkSQHUqQElSAHRNSYoKQAnKCkAKEkBx60FKcgBVQEqSAHZBitIASfCCDgA
271=aAFBBC3UAkUpLkgB0UsvSAHZBjAoKQAxKCkAMigpADMoKQA0KCkANUgBJ8IIOAAl+Ts3VA
272=JwIE0AOEgB0R85SAHBBDpIAVADaQA7KCkAPEgB0So9SAHFSj5IAdkyPygpAEAoKQBBKCkA
273=QkgBzzESADl4C20AEygpABRJAZBsAm+JOQCFqQEWVQKHqQEXSAGmAQAYSAEnagg5AM0QGl
274=QCyQEbSAEnawg5AI69Bh1UAqYBAB4oKQAfSAEltSIgSAHdICFIAc0FIkkBrkQ1WQEjSQGN
275=XABJACRIAcUTJUgB1XsmSQHFrQUnyAFVAShIAWhDTTwpyAFVZSpIAc08K0gBfEFdCizIAV
276=kGLcgBWQYuSAHNBS8oKQAwKCkAMSgpADIoKQAzKCkANCgpADVIASdrCDkAkVQOSQA3VAIl
277=vS44SAFEAmkAOSgpADpJAd5YElkCO0gBWABpADwoKQA9KCkAPkgBwUY/SAHBRkAoKQBBSA
278=HfQRMAOmAJbQAUKCkAFUgB3UEWSQGGewMAABdIAaQBUUA6JoktGVQCyQwaKCkAG0gByQwc
279=SQGMvQYdSAHRSx5JAYm1Ah9IAdEfIEkBsLkcIUkBqKkBIkkBqakBI0gB0QkkSAElRSolSA
280=EnEgg6AHBAXTYnVAJoAVk9KEgByTgpKCkAKigpACtIAScRCDoofBCoAVEJLkAExQgvKCkA
281=MCgpADEoKQAyKCkAMygpADQoKQA1KCkANkgBxeQ3SAGkIlx1J1kGOShVADooKQA7KCkAPC
282=gpAD0oKQA+KCkAPygpAEAoKwAUADvSDQAVKCkAFkkBkL0CF0kBiakBGCgpABkoKQAaKCkA
283=GygpABxJAYi5Bh1IAcU0HkkBsKk4H0kBqqkBIEgBxWAhSAHRQCJIAaIIACNJAZKtASRIAS
284=XRICVIAc0xJigpACcoKQAoKCkAKSgpACooKQArSQHsrRAsyAFVAS3IAZk9OyalIC9UAtUN
285=MCgpADEoKQAyKCkAMygpADQoKQA1KCkANigpADdIAcXOOCgpADkoKQA6KCkAOygpADxIAc
286=FGPUgBsiMAPigpAD8oKAACFQA8ACVAG1EEFigpABcoKQAYKCkAGSgpABooKQAbKCkAHCgp
287=AB0oKQAeKCkAHygpACAoKQAhKCkAIigpACMoKQAkKCkAJSgpACYoKQAnKCkAKCgpACkoKQ
288=AqSQHruRwrSQEnqQEsyAFVAS3IAYI7PADNBS9UAtUjMCgpADEoKQAyKCkAMygpADQoKQA1
289=KCkANigpADcoKQA4KCkAOSgpADooKQA7KCkAPCgpAD0oKQA+KCsAFgA9lDlBGhcoKQAYKC
290=kAGSgpABooKQAbKCkAHCgpAB0oKQAeKCkAHygpACAoKQAhKCkAIigpACMoKQAkKCkAJSgp
291=ACYoKQAnKCkAKCgpACkoKQAqSAF4Mk0bK0gBaDhZtizJAQQi/kE9AHUCBSLJSz2IOE0FL0
292=EEJVwASQAwKCkAMSgpADIoKQAzKCkANCgpADUoKQA2KCkANygpADgoKQA5KCkAOigpADso
293=KQA8KCkAPSgpABdUc3AUVU8YKCkAGSgpABooKQAbKCkAHCgpAB0oKQAeKCkAHygpACAoKQ
294=AhKCkAIigpACMoKQAkKCkAJSgpACYoKQAnKCkAKCgpACkoKQAqSAFwNUEaK0gBeDIBBgAA
295=LMkBB3E1PpE1CHE1PpA1TQUvQATdIDAoKQAxKCkAMigpADMoKQA0KCkANSgpADYoKQA3KC
296=kAOCgpADkoKQA6KCkAOygpADwoKwAYAD9IpIkAGSgpABooKQAbKCkAHCgpAB0oKQAeKCkA
297=HygpACAoKQAhSAElcUsiSAElgVgjSAGbDgAAJEgBJQ0jJUgBxc4mKCkAJygpACgoKQApKC
298=kAKigpACtIASd+Gz8AaAFJZC3UAk0xLkgByQwvKCkAMCgpADEoKQAyKCkAMygpADQoKQA1
299=KCkANigpADcoKQA4KCkAOSgpADooKQA7SQHVRBRPIRkAQFQAiQAaKCkAGygpABwoKQAdSA
300=ElvVoeSAEngyFAAKaxCSBUAosJAAAhKCkAIkgBJakxI0gBJVUhJEgBySIlKCkAJigpACco
301=KQAoKCkAKSgpACooKQArSQEmrRAsyAFVAS3IAYEwQCiDIUAAzlQDQRUwQARoAVUBMUgB2R
302=EySQHLSAJBBDPIAVUBNEgBwQQ1KCkANigpADcoKQA4KCkAOSgpADpIAdcuGgBBVAuJABtI
303=AcVVHEgBJclsHUgBmwMAAB5JAflAEFkBH0kBsakBIEgBRAJpACEoKQAiKCkAI0gBwVwkSA
304=HIFwclAEEAFgIAAAAAEQAAgQUxCwUAJgBBABYCAGEAJygpACgoKQApKCkAKigpACtKASYB
305=dgYALMgBVQEtyAEBAgAALkkBFlwASQQvSQHOVANVATDIAQEDAAAxSAHBBDJJAcuhBDPIAU
306=EENEgBwQQ1KCkANigpADcoKQA4KCkAOUkB1VAJQw8bAEJUAIkAHCgpAB1JAfuhBB5JAfKp
307=AR9JAfGpASBIAZMGAAAhKCkAIkkB+aEEI0kB26kBJEkB06kBJUgB3RUmKCkAJygpACgoKQ
308=ApKCkAKigpACtIASdSBUIAaAFJCy3UAlknLkgByQwvSQHNVANBFTDIAVUBMUgBwQQySQHM
309=SAJBBDPIAVUBNEgBwQQ1KCkANigpADcoKQA4SAHHKRwAQ1wIiQAdKCkAHigpAB9JAfpcC0
310=kEIEkB76kBISgpACJJAfC1AiNIAVwEaQAkKCkAJUgB0SomSAHRKicoKQAoKCkAKUgB1Rgq
311=SAHNBStIAWwmQQssyAFBDi3IAZonQwDZBi9UAngnVQIwyAFJTjFIAcEEMkgBeCdBBDPIAU
312=EENEgBwQQ1KCkANigpADdIAc8mHQBERBGJAB4oKQAfKCkAIEgBzSYhSQHtUBVVBSIoKQAj
313=SAHFKSRIAdlTJUgBXARpACZIAclZJ0kB9aUIKEkBsqkBKUkB3akBKkgBbAZNACtIASehBE
314=QonAmoAUUeLkAE0SovKCkAMEgB0R8xKCkAMigpADMoKQA0KCkANSgpADZIAdcjHgBFRBGJ
315=AB8oKQAgKCkAIUgB1SMiSAHZdCMoKQAkSQH0rRslSAGJCQBcmSddAScoVQAoKCkAKUkBhF
316=gGSQAqyAFFHitJARhcAFUILMgBQQQtyAFBAy5JAQFcAEEEL0kBhVQDSQAwSAHRVjFIAdUj
317=MigpADMoKQA0KCkANUgB3CACHwBGANxECV0KIEkB1KkBISgpACIoKQAjKCkAJCgpACVJAd
318=a5BiZIAUAJaQAnSQHetQIoSAFkHl1XKcgBAQQAACrIAQEFAQArSAGRHwFSuUYAaAEBAQEA
319=LdYCAgFTuUYAHncKAQAvVAJwH0UIMMkBBXK5RgDdIDJUAs1HMygpADRIAcceIABHRABVCQ
320=RYq6gBAQEEACJNAkdQAgEABAAjyAFVAiTIAVUCJcgBVQImyAFVAifIAVUCKEgBeBwBBgQA
321=KcoBBwNaHEcAdgIIAlkcR44bAAJYHKgBRTotTAVmHgICWRxHuRwCWxxHAIZ7JwMAMEAEaA
322=FJDDFJAUqxFDJIAd0VM8gBQAQDIQBIAP//RARgGicpACNUAoNyBAAkSQGRXANJFyVJAYup
323=ASZJAbB3DQQAJ0kBpKkBKEkBpqkBKUgBdRgKYRpIghoLA0EaSKEaA0AaqgEBA1w2qgECA0
324=IaSABfGgAAA0EaSIAaVQIwUQmuvQoxSAHdFTIoKwAiAEn1GCMoKQAkKCkAJSgpACYoKQAn
325=SQGvvQooSQGnqQEpSAHBGipJAaq1AitIAYmQBEkXSamQBEgXqgECBEoXSQDJIi9NBai5Bj
326=BJAampATFIAcsXIwBK/RUkKCkAJSgpACYoKQAnSQGTtS4oSAHFCClJAbG9CipJAY+hBCtI
327=ASeRAkookAKoAZAUJ+EBL0wF0QkwKCsAJABL5RMlKCkAJigpACcoKQAoSQGNoQ8pSQGJqQ
328=EqSQGGqQErSAEnOQJLKDgCqAGYESe1AS9MBdsRJQBM7RAmKCkAJygpAChJAZKpDClIAdkG
329=KkgB1QIrSAEn4QFMKOABqAGADymJAU32DScAJykAKCgpACkoKQAqKCkAK0gBJ4kBTSiIAa
330=gBSwwnAE79CigoKQApKCkAKigpACtIAScxAU7zCSgAT+UIKSgpACooKQArSAHbBikAUO0F
331=KigoAAEAAAAAEQAA

[Terrain]
40023=TIBTRE01
40029=TREE05
42030=TREE07
38028=TREE08
39031=TREE10
38029=TREE11
38031=TREE12
32025=TREE12
21043=TREE15
27055=TREE11
21045=TREE10
19043=TREE08
21044=TREE07
20045=TREE06
18045=TREE05
22041=TREE04
22042=TREE02
24042=TREE07
25041=TREE08
24039=TREE10
24037=TREE12
27037=TREE08
25036=TREE07
25037=TREE05
25039=TREE19
11043=TREE19
11042=TREE18
12042=TREE17
45012=TREE02
46011=TREE12
45013=TREE17
40030=TREE19
38030=TREE17
36030=TREE07
36031=TREE08
34031=TREE10
34032=TREE11
34033=TREE12
33032=TREE16
36035=TREE17
37040=TREE19
35035=TREE02
33034=TREE04
42031=TREE12
34018=TREE02
58036=TREE02
57036=TREE03
56028=TREE04
55036=TREE05
53045=TREE06
55046=TREE10
54046=TREE18
52048=TREE19
52047=TREE11
37049=TREE11
38048=TREE10
40049=TREE08
40052=TREE07
39052=TREE02
36053=TREE19
30065=TREE15
32066=TREE12
31067=TREE11
33068=TREE08
34066=TREE07
36066=TREE06
34065=TREE05
32065=TREE17
37065=TREE18
37066=TREE16
28065=TREE12
65030=TREE02
67031=TREE04
57022=TREE05
56020=TREE06
58021=TREE07
59023=TREE08
56023=TREE10
59025=TREE11
59026=TREE12
58028=TREE19
59028=TREE17
48044=TIBTRE03
26056=TREE17
25053=TREE15
23038=TREE11
23036=TREE10
64028=TREE03
67033=TREE05
74039=TREE05
75041=TREE06
74042=TREE07
72036=TREE08
72037=TREE10
76040=TREE11
76042=TREE12
52055=TREE13
54054=TREE14
58030=TREE06
58031=TREE07
57032=TREE08
57033=TREE10
59029=TREE16
59032=TREE18
59033=TREE11
68036=TREE11
69041=TREE10
57054=TREE10
57055=TREE17
36063=TREE19
37061=TREE09
59035=TREE07
35063=TREE10
31026=TREE02
36017=TREE03
32016=TREE06
33015=TREE08
42018=TREE10
32015=TREE11
41018=TREE19
40012=LT_GEN02
63042=LT_GEN02
51039=TREE02
52037=TREE17
52039=TREE19

[Units]
0=RedTeam House,CMIN,256,43,66,0,Harvest,None,0,-1,0,-1,1,1

[Infantry]
0=RedTeam House,E1,256,42,51,2,Area Guard,0,None,0,-1,0,0,0
1=RedTeam House,E1,256,54,49,4,Area Guard,0,None,0,-1,0,0,0
2=RedTeam House,E1,256,53,50,2,Area Guard,0,None,0,-1,0,0,0
3=RedTeam House,E1,256,41,53,3,Guard,0,None,0,-1,0,0,0
4=RedTeam House,E1,256,42,55,4,Guard,0,None,0,-1,0,0,0
5=Civilian House,COW,256,63,38,4,Guard,192,None,0,-1,0,1,1
6=Civilian House,COW,256,62,37,2,Guard,128,None,0,-1,0,1,1
7=RedTeam House,E1,256,42,59,4,Area Guard,0,None,0,-1,0,0,0
8=RedTeam House,E1,256,43,59,2,Area Guard,0,None,0,-1,0,0,0
9=RedTeam House,E1,256,48,55,3,Guard,0,None,0,-1,0,0,0

[Structures]
1015231=RedTeam House,GACNST,256,38,55,0,0D9E4BAC,1,0,1,0,0,None,None,None,1,0
1015234=RedTeam House,GAREFN,256,38,64,0,0D9E4BAC,1,0,1,0,0,None,None,None,1,0
1015240=RedTeam House,GAPILE,256,47,57,0,0D9E4BAC,1,0,1,0,0,None,None,None,1,0
1015243=RedTeam House,GAPOWR,256,50,55,0,0D9E4BAC,1,0,1,0,0,None,None,None,0,0
1015246=RedTeam House,GAPOWR,256,32,64,0,0D9E4BAC,1,0,1,0,0,None,None,None,0,0
1015249=RedTeam House,GAPOWR,256,35,64,0,0D9E4BAC,1,0,1,0,0,None,None,None,0,0
1015252=Other1 House,CAMISC02,256,49,52,0,None,0,0,1,0,0,None,None,None,0,0
1015253=Civilian House,CAMISC03,256,46,64,0,None,0,0,1,0,0,None,None,None,0,0
1015254=Civilian House,NEGLAMP,256,48,73,0,None,0,0,1,0,0,None,None,None,0,0
1015255=Civilian House,INYELWLAMP,256,20,36,0,None,0,0,1,0,0,None,None,None,0,0
1015256=Civilian House,CAFARM01,192,59,35,0,07BA8A8C,0,0,1,0,0,None,None,None,0,0
1015257=Civilian House,CAFARM02,204,61,34,0,07EFE840,0,0,1,0,0,None,None,None,0,0
1015258=Civilian House,CAFRMB,256,44,14,0,098A2460,0,0,1,0,0,None,None,None,0,0
1015259=Civilian House,CABHUT,256,52,46,0,None,0,0,1,0,0,None,None,None,0,0
1015260=Civilian House,CAUSFGL,256,14,41,0,None,0,0,1,0,0,None,None,None,0,0
1015263=Civilian House,CAUSFGL,256,14,35,0,None,0,0,1,0,0,None,None,None,0,0
1015266=Civilian House,CAMISC03,256,11,41,0,None,0,0,1,0,0,None,None,None,0,0
1015267=Other1 House,CAMISC01,256,50,52,0,None,0,0,1,0,0,None,None,None,0,0

[OverlayPack]
1=CQAAIIH//v4f/4H/gDYAACCB//4mBv+Bq/4KCv//BgInBoKqqf7UA/+BAv7/Af/QDhaBrP
2=7sAf//EwIOFv7tAf//8gEOHID3AAAggf/KAACBAsgDAIF//vMB/zIAhq7/qKv/f//5ARoA
3=hKr//6kB///0ARoCVfsB/f8BAhkE/voB/wH/EAEwDYep//+v//+s/uwB/wH8gRsAAlAPha
4=2u//+r/u0B/wIAAAFwEIGo/u4B/xX8gRtEAIGx/vMB/0gA1RkIhrD//2BgYP7OAf+BAkAB
5=4BASEAGDVVRU/s4B/8cOAMEXAnAB1PAVg1paWv7OAf9iAA3vxhYG1xkUg2VlZf7OAf90AC
6=vsQfrJHRiEb25mcGANg1tbW/7OAf8iAAnZ1w4cg21scHIVg2JiYv7VAf/AEwTX/RGBZsIW
7=CP/PARkGgGIAACCB/+QAAIF/AAEwBckxAIKorP7pAf8R/BIDAAL+9wH/zC8A/vEB////AS
8=wEyCkIgar+7AH/gQAgAckcCoMA/6n+6wH/QfvaFwz+3AH///8FIgyBrP8TAiIQyDQW/r8J
9=/4H/gBsAACCB//4eAv+Bq/4CAv+BqP79Af+Brf7eGf+B/4AJAAAggf/+/h//gf+ACQAAII
10=H//v4f/4H/gAkAACCB//7+H/+B/4AJAAAggf/+/h//gf+ACQAAIIH//v4f/4H/gAkAACCB
11=//7+H/+B/4AJAAAggf/+/h//gf+ACQAAIIH//v4f/4H/gAkAACCB//7+H/+B/4AJAAAggf
12=/+/h//gf+ACQAAIIH//v4f/4H/gAkAACCB//7+H/+B/4AJAAAggf/+/h//gf+ACQAAIIH/
13=/v4f/4H/gAkAACCB//7+H/+B/4AJAAAggf/+/h//gf+ACQAAIIH//v4f/4H/gAkAACCB//
14=7+H/+B/4AJAAAggf/+/h//gf+ACQAAIIH//v4f/4H/gAkAACCB//7+H/+B/4AJAAAggf/+
15=/h//gf+ACQAAIIH//v4f/4H/gAkAACCB//7+H/+B/4AJAAAggf/+/h//gf+ACQAAIIH//v
16=4f/4H/gAkAACCB//7+H/+B/4A=

[OverlayDataPack]
1=CQAAIIEA/v4fAIEAgBgAACCBAP4NFgCBBP7/AQCBBf7/AQD/8gUOGIDmAAAggQDKAACBBc
2=gDAIED/vMBAMgOAIIHBv7zAQCBAWAKgwYIB/76AQCBBAP9//UBGQJAAYQICwgA//sBGgSH
3=BgoKCAcHBP75AQCGBgoIAwQE//QBGgBAAYQKBwQI//4BGQqDAAYG//oBGg6CCAsIANsYDo
4=IBAv7OAQAJ8xABgQgwDIELEAGBCtryA//PATgSyQ4AgQciCoIHBgAB1hoM/9wBNxSEBAYA
5=CCQJgQfXGQj/3AE3FhIDN/zJHhbAFQbIHRr/0AE3GMcOBNb9BYIIBzIAIAb/0AE3GuH0BY
6=YDBgYABAD/zwEZDIBfAAAggQDkAACJBgoKCAAICAcG/vgBAIIGCCH+gQP++gEAggcH/v4B
7=AP/7ATAC/vwBAAn6GfwgAYECEAyCCgz+7QEAgQXgEQz+3AEA/wAIIgyBAc8aBiwGIAFMGP
8=65CQCBAIAJAAAggQD+/h8AgQCACQAAIIEA/v4fAIEAgAkAACCBAP7+HwCBAIAJAAAggQD+
9=/h8AgQCACQAAIIEA/v4fAIEAgAkAACCBAP7+HwCBAIAJAAAggQD+/h8AgQCACQAAIIEA/v
10=4fAIEAgAkAACCBAP7+HwCBAIAJAAAggQD+/h8AgQCACQAAIIEA/v4fAIEAgAkAACCBAP7+
11=HwCBAIAJAAAggQD+/h8AgQCACQAAIIEA/v4fAIEAgAkAACCBAP7+HwCBAIAJAAAggQD+/h
12=8AgQCACQAAIIEA/v4fAIEAgAkAACCBAP7+HwCBAIAJAAAggQD+/h8AgQCACQAAIIEA/v4f
13=AIEAgAkAACCBAP7+HwCBAIAJAAAggQD+/h8AgQCACQAAIIEA/v4fAIEAgAkAACCBAP7+Hw
14=CBAIAJAAAggQD+/h8AgQCACQAAIIEA/v4fAIEAgAkAACCBAP7+HwCBAIAJAAAggQD+/h8A
15=gQCA

[ScriptTypes]
0=09E7CB7C
1=0A562854
2=07FB21D4
3=0973BDBC
4=0BEB038C
5=09FF245C
6=0868BC9C

[09E7CB7C]
Name=AttackBlueInfantry
0=54,0
1=0,4
2=0,10
3=0,4
4=39,0

[0A562854]
Name=ReturnToBase
0=3,0
1=11,11

[07FB21D4]
Name=GuardBase
0=11,11

[0973BDBC]
Name=AttackBlueBase
0=54,0
1=0,4
2=0,9
3=46,1
4=46,2
5=46,3
6=0,2
7=0,1

[0BEB038C]
Name=DriveOn
0=3,18
1=5,200

[09FF245C]
Name=BarnMustDie
0=3,13
1=46,131158
2=11,11

[0868BC9C]
Name=RepairBridge
0=46,131102

[TaskForces]
0=0AF8B670
1=08F9D250
2=08F9B480
3=07FDD0E4
4=096D3CC4
5=0868F50C

[0AF8B670]
Name=5GIs
0=5,E1
Group=-1

[08F9D250]
Name=2GIs
0=2,E1
Group=-1

[08F9B480]
Name=1GI
0=1,E1
Group=-1

[07FDD0E4]
Name=8GIs
0=8,E1
Group=-1

[096D3CC4]
Name=1MCV
0=1,AMCV
Group=-1

[0868F50C]
Name=1Engineer
0=1,ENGINEER
Group=-1

[TeamTypes]
0=09AB3C8C
1=07FB10F4
2=07FB0284
3=08F9B580
4=08F9B360
5=0973C33C
6=0BEB05FC
7=088CE6EC
8=0868EEFC

[09AB3C8C]
Name=RedAttackTeamA
VeteranLevel=1
Loadable=no
Full=no
Annoyance=no
GuardSlower=no
House=RedTeam
Recruiter=no
Autocreate=no
Prebuild=no
Reinforce=no
Droppod=no
UseTransportOrigin=no
Whiner=no
LooseRecruit=no
Aggressive=no
Suicide=no
Priority=10
Max=1
TechLevel=0
Group=-1
OnTransOnly=no
AvoidThreats=no
IonImmune=no
TransportsReturnOnUnload=no
AreTeamMembersRecruitable=yes
IsBaseDefense=no
OnlyTargetHouseEnemy=yes
Tag=09104210
Waypoint=A
Script=09E7CB7C
TaskForce=0AF8B670

[07FB10F4]
Name=RedTeamRegroup
VeteranLevel=1
Loadable=no
Full=no
Annoyance=no
GuardSlower=no
House=RedTeam
Recruiter=no
Autocreate=no
Prebuild=no
Reinforce=no
Droppod=no
UseTransportOrigin=no
Whiner=no
LooseRecruit=no
Aggressive=no
Suicide=yes
Priority=30
Max=1
TechLevel=0
Group=-1
OnTransOnly=no
AvoidThreats=no
IonImmune=no
TransportsReturnOnUnload=no
AreTeamMembersRecruitable=yes
IsBaseDefense=no
OnlyTargetHouseEnemy=no
Waypoint=A
Script=0A562854
TaskForce=0AF8B670

[07FB0284]
Name=BaseDef1
VeteranLevel=1
Loadable=no
Full=no
Annoyance=no
GuardSlower=no
House=RedTeam
Recruiter=no
Autocreate=no
Prebuild=no
Reinforce=no
Droppod=no
UseTransportOrigin=no
Whiner=no
LooseRecruit=no
Aggressive=no
Suicide=no
Priority=7
Max=1
TechLevel=0
Group=-1
OnTransOnly=no
AvoidThreats=no
IonImmune=no
TransportsReturnOnUnload=no
AreTeamMembersRecruitable=no
IsBaseDefense=yes
OnlyTargetHouseEnemy=no
Waypoint=BA
Script=07FB21D4
TaskForce=08F9D250

[08F9B580]
Name=BaseDef2
VeteranLevel=1
Loadable=no
Full=no
Annoyance=no
GuardSlower=no
House=RedTeam
Recruiter=no
Autocreate=no
Prebuild=no
Reinforce=no
Droppod=no
UseTransportOrigin=no
Whiner=no
LooseRecruit=no
Aggressive=no
Suicide=no
Priority=7
Max=1
TechLevel=0
Group=-1
OnTransOnly=no
AvoidThreats=no
IonImmune=no
TransportsReturnOnUnload=no
AreTeamMembersRecruitable=no
IsBaseDefense=yes
OnlyTargetHouseEnemy=no
Waypoint=BB
Script=07FB21D4
TaskForce=08F9B480

[08F9B360]
Name=BaseDef3
VeteranLevel=1
Loadable=no
Full=no
Annoyance=no
GuardSlower=no
House=RedTeam
Recruiter=no
Autocreate=no
Prebuild=no
Reinforce=no
Droppod=no
UseTransportOrigin=no
Whiner=no
LooseRecruit=no
Aggressive=no
Suicide=no
Priority=7
Max=1
TechLevel=0
Group=-1
OnTransOnly=no
AvoidThreats=no
IonImmune=no
TransportsReturnOnUnload=no
AreTeamMembersRecruitable=no
IsBaseDefense=yes
OnlyTargetHouseEnemy=no
Waypoint=BC
Script=07FB21D4
TaskForce=08F9D250

[0973C33C]
Name=RedAttackTeamB
VeteranLevel=1
Loadable=no
Full=no
Annoyance=no
GuardSlower=no
House=RedTeam
Recruiter=no
Autocreate=no
Prebuild=no
Reinforce=no
Droppod=no
UseTransportOrigin=no
Whiner=no
LooseRecruit=no
Aggressive=no
Suicide=no
Priority=40
Max=1
TechLevel=0
Group=-1
OnTransOnly=no
AvoidThreats=no
IonImmune=no
TransportsReturnOnUnload=no
AreTeamMembersRecruitable=yes
IsBaseDefense=no
OnlyTargetHouseEnemy=no
Tag=09E06490
Waypoint=A
Script=0973BDBC
TaskForce=07FDD0E4

[0BEB05FC]
Name=Player_MCV
VeteranLevel=1
Loadable=no
Full=no
Annoyance=no
GuardSlower=no
House=Player
Recruiter=no
Autocreate=no
Prebuild=no
Reinforce=no
Droppod=no
UseTransportOrigin=no
Whiner=no
LooseRecruit=no
Aggressive=no
Suicide=no
Priority=30
Max=1
TechLevel=0
Group=-1
OnTransOnly=no
AvoidThreats=no
IonImmune=no
TransportsReturnOnUnload=no
AreTeamMembersRecruitable=no
IsBaseDefense=no
OnlyTargetHouseEnemy=no
Waypoint=CM
Script=0BEB038C
TaskForce=096D3CC4

[088CE6EC]
Name=BarnHaters
VeteranLevel=1
Loadable=no
Full=no
Annoyance=no
GuardSlower=no
House=RedTeam
Recruiter=no
Autocreate=no
Prebuild=no
Reinforce=no
Droppod=no
UseTransportOrigin=no
Whiner=no
LooseRecruit=no
Aggressive=yes
Suicide=no
Priority=50
Max=1
TechLevel=0
Group=-1
OnTransOnly=no
AvoidThreats=no
IonImmune=no
TransportsReturnOnUnload=no
AreTeamMembersRecruitable=no
IsBaseDefense=no
OnlyTargetHouseEnemy=no
Tag=07BA884C
Waypoint=BH
Script=09FF245C
TaskForce=08F9D250

[0868EEFC]
Name=EngineerBridge
VeteranLevel=1
Loadable=no
Full=no
Annoyance=no
GuardSlower=no
House=RedTeam
Recruiter=no
Autocreate=no
Prebuild=no
Reinforce=no
Droppod=no
UseTransportOrigin=no
Whiner=no
LooseRecruit=no
Aggressive=no
Suicide=yes
Priority=7
Max=1
TechLevel=0
Group=-1
OnTransOnly=no
AvoidThreats=no
IonImmune=no
TransportsReturnOnUnload=no
AreTeamMembersRecruitable=no
IsBaseDefense=no
OnlyTargetHouseEnemy=no
Script=0868BC9C
TaskForce=0868F50C

[AITriggerTypesEnable]
09A9AEEC-G=yes
09A9ADAC-G=yes
09A9AC6C-G=yes
09A9AB2C-G=yes
09D69C6C-G=yes
09D69B2C-G=yes
09D699EC-G=yes
09D698AC-G=yes
09D6976C-G=yes
09D6962C-G=yes
09D694EC-G=yes
09D693AC-G=yes
09D6926C-G=yes
09D6912C-G=yes
09D68EEC-G=yes
09D68DAC-G=yes
09D68C6C-G=yes
09D68B2C-G=yes
09D689EC-G=yes
09D688AC-G=yes
09D6876C-G=yes
09D6862C-G=yes
09D684EC-G=yes
0822C53C-G=yes
09D6826C-G=yes
09D6812C-G=yes
09D77EEC-G=yes
09D77DAC-G=yes
09D77C6C-G=yes
082A321C-G=yes
09D779EC-G=yes
09D778AC-G=yes
09D7776C-G=yes
09D7762C-G=yes
09D774EC-G=yes
09D773AC-G=yes
09D7726C-G=yes
09D7712C-G=yes
09D76EEC-G=yes
09D76DAC-G=yes
09D76C6C-G=yes
09D76B2C-G=yes
081BC2DC-G=yes
081CB34C-G=yes
081CCEEC-G=yes
081CCDAC-G=yes
081CCC6C-G=yes
081CCB2C-G=yes
081CC9EC-G=yes
081CC8AC-G=yes
09D75EEC-G=yes
09D75DAC-G=yes
0ABD04EC-G=yes
0ABD03AC-G=yes
0ABD026C-G=yes
0829E6CC-G=yes
0ABD1EEC-G=yes
0ABD1DAC-G=yes
0ABD1C6C-G=yes
0ABD1B2C-G=yes
0ABD19EC-G=yes
0ABD18AC-G=yes
0ABD176C-G=yes
0ABD162C-G=yes
09D74C6C-G=yes
0AD4A34C-G=yes
0AD46C8C-G=yes
0ABD112C-G=yes
09CB082C-G=yes
09CB2D5C-G=yes
09CB29DC-G=yes
09CB265C-G=yes
09CB251C-G=yes
09CB219C-G=yes
09CB3DDC-G=yes
09CB3A5C-G=yes
09CB360C-G=yes
09CB328C-G=yes
09CB4EEC-G=yes
09CB4B6C-G=yes
09CB47EC-G=yes
09CB446C-G=yes
09CB5C7C-G=yes
09CB587C-G=yes
09CB04AC-G=yes
09CB166C-G=yes
0AC28EEC-G=yes
0AC2933C-G=yes
0AC2AEEC-G=yes
0AC2A73C-G=yes
09D6CACC-G=yes
09D6C0FC-G=yes
09D6F9FC-G=yes
09D6F8BC-G=yes
09D6F1CC-G=yes
09D6F08C-G=yes
09D689BC-G=yes
09D6887C-G=yes
09D6873C-G=yes
09D6BEAC-G=yes
09D6B83C-G=yes
09D69EEC-G=yes
09D698BC-G=yes
09D6977C-G=yes
09D6963C-G=yes
09D73EEC-G=yes
09D73DAC-G=yes
09D73C6C-G=yes
0829FBDC-G=yes
082B641C-G=yes
0829F4CC-G=yes
0829F38C-G=yes
0839004C-G=yes
08395C7C-G=yes
083974AC-G=yes
0A7D2EEC-G=yes
081DAE4C-G=yes
081DAD0C-G=yes
081DABCC-G=yes
081DA4CC-G=yes
081DA38C-G=yes
081DBEEC-G=yes
081DBDAC-G=yes
081DB5EC-G=yes
081DB4AC-G=yes
081DB36C-G=yes
081DB22C-G=yes
081EAEEC-G=yes
081EADAC-G=yes
081EAC6C-G=yes
081EAB2C-G=yes
09EC1C6C-G=yes
09EC1B2C-G=yes
09EC19EC-G=yes
081E245C-G=yes
081E231C-G=yes
081E3B3C-G=yes
081E39FC-G=yes
09EC13AC-G=yes
09EC126C-G=yes
09EC112C-G=yes
09EC0EEC-G=yes
09EC0DAC-G=yes
09EC0C6C-G=yes
09EC0B2C-G=yes
0A7DDEEC-G=yes
0A7DDAEC-G=yes
0A7DE8CC-G=yes
0A7DE78C-G=yes
0A7DE64C-G=yes
0A7DE50C-G=yes
0820474C-G=yes
08205EEC-G=yes
0820567C-G=yes
08206EEC-G=yes
08207D1C-G=yes
0820773C-G=yes
0820715C-G=yes
07A0D95C-G=yes
0A7D8BCC-G=yes
082023CC-G=yes
08203B8C-G=yes
081E28EC-G=yes
0821096C-G=yes
09CD912C-G=yes
081C36AC-G=yes
081C55FC-G=yes
081C54BC-G=yes
081C4BBC-G=yes
081C4A7C-G=yes
081CD93C-G=yes
081CE6EC-G=yes
081CCBBC-G=yes
081CC55C-G=yes
081C990C-G=yes
081C879C-G=yes
081CBEEC-G=yes
081CB6CC-G=yes
081CFB7C-G=yes
081CF51C-G=yes
0818746C-G=yes
081CEE0C-G=yes
081C45AC-G=yes
08187A5C-G=yes
08383E4C-G=yes
083041AC-G=yes
08382CEC-G=yes
08382BAC-G=yes
0837C0EC-G=yes
083790CC-G=yes
09ECCDAC-G=yes
083CEB8C-G=yes
083CEA4C-G=yes
083A423C-G=yes
08338EEC-G=yes
0833ABFC-G=yes
0833AABC-G=yes
0833A97C-G=yes
08339B5C-G=yes
08339A1C-G=yes
083398DC-G=yes
0832E3AC-G=yes
0832E26C-G=yes
0832E12C-G=yes
0832F46C-G=yes
0834105C-G=yes
08342E0C-G=yes
083426CC-G=yes
0834258C-G=yes
0834244C-G=yes
0834382C-G=yes
08326AFC-G=yes
083269BC-G=yes
0832687C-G=yes
083260FC-G=yes
08327EEC-G=yes
0ADED91C-G=yes
0ADED7DC-G=yes
0ADEEE2C-G=yes
0ADEECEC-G=yes
0ADEEBAC-G=yes
0ADEE69C-G=yes
0ADEFEEC-G=yes
0ADEFDAC-G=yes
0ADEFC6C-G=yes
0ADEFB2C-G=yes
0ADEF53C-G=yes
0ADEF3FC-G=yes
0ADEF2BC-G=yes
0ADEF17C-G=yes
0ADEB66C-G=yes
0ADEEA6C-G=yes
0ADEE92C-G=yes
0832430C-G=yes
08325DDC-G=yes
08325C9C-G=yes
083256BC-G=yes
0832557C-G=yes
0AE054FC-G=yes
0AE06B6C-G=yes
0AE061CC-G=yes
0AE07DDC-G=yes
0AE0772C-G=yes
0AE075EC-G=yes
0AE074AC-G=yes
0AE0736C-G=yes
0AE1585C-G=yes
0956409C-G=yes
09E21EEC-G=yes
09E23BDC-G=yes
09E232BC-G=yes
09F4320C-G=yes
09F4740C-G=yes
09F444EC-G=yes
09F443AC-G=yes
0828194C-G=yes
082815FC-G=yes
0828138C-G=yes
0828111C-G=yes
08282DBC-G=yes
08282B4C-G=yes
082825CC-G=yes
0828228C-G=yes
08475AFC-G=yes
0847577C-G=yes
0847772C-G=yes
084775EC-G=yes
08473BBC-G=yes
08473A7C-G=yes
0847338C-G=yes
084727BC-G=yes
0847267C-G=yes
08474A1C-G=yes
0847EC4C-G=yes
0847EA2C-G=yes
0847E8EC-G=yes
0847BD7C-G=yes
0847D86C-G=yes
0847D72C-G=yes
0847FC6C-G=yes
0847FB2C-G=yes
0847F2BC-G=yes
0847CEEC-G=yes
0847CDAC-G=yes
0847CC6C-G=yes
0847C64C-G=yes
0847C50C-G=yes
0847C3CC-G=yes
0847EEEC-G=yes
08479D8C-G=yes
084722FC-G=yes
084C08DC-G=yes
08312EEC-G=yes
08312DAC-G=yes
0831262C-G=yes
083124EC-G=yes
083123AC-G=yes
08313BFC-G=yes
0831387C-G=yes
0831319C-G=yes
08310CAC-G=yes
08310B6C-G=yes
08310A2C-G=yes
0831104C-G=yes
08311EEC-G=yes
083E873C-G=yes
083EA80C-G=yes
083EA6CC-G=yes
083EA58C-G=yes
083EBE2C-G=yes
083E3B5C-G=yes
083E329C-G=yes
083E4E2C-G=yes
083E4BBC-G=yes
083E45CC-G=yes
083E435C-G=yes
085314BC-G=yes
0853660C-G=yes
0853628C-G=yes
08532EEC-G=yes
0848A11C-G=yes
0848F64C-G=yes
0AFCC56C-G=yes
0AFCE64C-G=yes
0AFCF76C-G=yes
0AFCF0CC-G=yes
08531B4C-G=yes
0AFCEEEC-G=yes
0AFCEDAC-G=yes
085343AC-G=yes
09A45EEC-G=yes
09A45DAC-G=yes
08534DBC-G=yes
0853426C-G=yes
0AFD0EEC-G=yes
0AFD2EEC-G=yes
0AFD26CC-G=yes
0AFD258C-G=yes
0AFD3DEC-G=yes
0AFD3CAC-G=yes
0AFD392C-G=yes
0AFD31DC-G=yes
0AFD49EC-G=yes
0AFD48AC-G=yes
083689AC-G=yes
0836886C-G=yes
0836A8BC-G=yes
0ABE9B2C-G=yes
0ABE99EC-G=yes
0ABE98AC-G=yes
0ABE976C-G=yes
0836B84C-G=yes
0836B3CC-G=yes
0836B15C-G=yes
0836C54C-G=yes
0836DEAC-G=yes
0A34B5AC-G=yes
0836EC7C-G=yes
083BDEEC-G=yes
083BD62C-G=yes
083BEE2C-G=yes
083BE53C-G=yes
0823C4EC-G=yes
085887CC-G=yes
0858868C-G=yes
0858DC1C-G=yes
0858D6FC-G=yes
0858D37C-G=yes
0858D23C-G=yes
0858F51C-G=yes
0858A8DC-G=yes
0858A13C-G=yes
0858CEEC-G=yes
0858CB6C-G=yes
0858CA2C-G=yes
0858C8EC-G=yes
0858C2BC-G=yes
0858E15C-G=yes
0858B85C-G=yes
0858B25C-G=yes
0858B11C-G=yes
0858647C-G=yes
083BE69C-G=yes
083BFAAC-G=yes
083BF72C-G=yes
083BF5EC-G=yes
083BF4AC-G=yes
083BF12C-G=yes
0858D9AC-G=yes
08588C5C-G=yes
083BEB7C-G=yes
08589EEC-G=yes
08589DAC-G=yes
08589C6C-G=yes
083BEA3C-G=yes
083CAEAC-G=yes
083CA6EC-G=yes
083CA5AC-G=yes
083CBE2C-G=yes
083CBCEC-G=yes
083CCE6C-G=yes
083CC73C-G=yes
083CC5FC-G=yes
083CC27C-G=yes
083CD9FC-G=yes
083CD67C-G=yes
083CD1BC-G=yes
083CEEEC-G=yes
0834618C-G=yes
08347EEC-G=yes
08347C7C-G=yes
0835F97C-G=yes
0834633C-G=yes
0835FAFC-G=yes
083C876C-G=yes
083C841C-G=yes
0835F13C-G=yes
08402EEC-G=yes
08402C7C-G=yes
08427E4C-G=yes
0842768C-G=yes
0840115C-G=yes
0840192C-G=yes
08425EBC-G=yes
08425C9C-G=yes
084000AC-G=yes
084267AC-G=yes
08426EEC-G=yes
0840065C-G=yes
0840051C-G=yes
084003DC-G=yes
0841467C-G=yes
0A53C15C-G=yes
0A53DDCC-G=yes
0A53D60C-G=yes
0A53D4CC-G=yes
0A53F1CC-G=yes
0A53F08C-G=yes
0A545C5C-G=yes
0A54549C-G=yes
0A54535C-G=yes
0A542AFC-G=yes
0A544EEC-G=yes
0A54489C-G=yes
0A54449C-G=yes
0A546BFC-G=yes
0A54644C-G=yes
0855374C-G=yes
08554E2C-G=yes
08554CEC-G=yes
0855AEAC-G=yes
0855A7BC-G=yes
0855A54C-G=yes
0855A40C-G=yes
0855A2CC-G=yes
0855A18C-G=yes
0855B97C-G=yes
0855B60C-G=yes
0855CC7C-G=yes
0855C52C-G=yes
0855DEAC-G=yes
0855DC3C-G=yes
0855D59C-G=yes
0855D32C-G=yes
0855EC7C-G=yes
0855EA0C-G=yes
0855E60C-G=yes
0855E28C-G=yes
0855FBFC-G=yes
0855F98C-G=yes
0855F71C-G=yes
0855F4AC-G=yes
0854F03C-G=yes
08559C7C-G=yes
085528DC-G=yes
085513DC-G=yes
0A54247C-G=yes
08360EEC-G=yes
086258FC-G=yes
086256AC-G=yes
08623BBC-G=yes
08623A7C-G=yes
086233CC-G=yes
08622EEC-G=yes
086227AC-G=yes
0862266C-G=yes
083A461C-G=yes
083A5EAC-G=yes
083A5D6C-G=yes
083A561C-G=yes
083A54DC-G=yes
083A504C-G=yes
083A6EEC-G=yes
083A67EC-G=yes
083A66AC-G=yes
084B8EEC-G=yes
084B941C-G=yes
083BFDCC-G=yes
083BFB5C-G=yes
083BF55C-G=yes
083BF2EC-G=yes
083C636C-G=yes
083C622C-G=yes
083C60EC-G=yes
083AD20C-G=yes
083AD0CC-G=yes
083AD6AC-G=yes
083B72DC-G=yes
083E470C-G=yes
083AC71C-G=yes
083CF0EC-G=yes

[Triggers]
0907B430=Player,<none>,1Speech,0,1,1,1,0
09078F40=Player,<none>,1Text,1,1,1,1,0
094C6984=Player,<none>,1!MCVFlash,1,1,1,1,0
07F8CD3C=Player,<none>,1EnableArrowMoveOut,1,1,1,1,0
07F8B04C=Player,<none>,Arrow - MoveOut,1,1,1,1,0
09078860=Player,<none>,1Complete(OpenGround),0,1,1,1,0
0907AF40=Player,<none>,2Speech,1,1,1,1,0
0907ACF0=Player,<none>,2Text,1,1,1,1,0
0907A900=Player,<none>,2Complete(ConYard),0,1,1,1,0
07DCAB60=Player,<none>,3Speech,1,1,1,1,0
07DCA9B0=Player,<none>,3Text,1,1,1,1,0
07DCA4B0=Player,<none>,3Complete(Power),0,1,1,1,0
07DCDF40=Player,<none>,4Speech,1,1,1,1,0
07DCDC50=Player,<none>,4Text,1,1,1,1,0
03F6A0A0=Player,<none>,4Complete(Refinery),0,1,1,1,0
0B30B27C=Player,<none>,4Complete2(Miner Hint),1,1,1,1,0
08FA9940=Player,<none>,5Speech,1,1,1,1,0
08FAED70=Player,<none>,5Text,1,1,1,1,0
08FAEA00=Player,<none>,6Text,1,1,1,1,0
08FAE4A0=Player,<none>,7Text,1,1,1,1,0
08FA95F0=Player,<none>,6Speech,1,1,1,1,0
08FADE60=Player,<none>,5Complete(Barracks),0,1,1,1,0
07D47630=Player,<none>,6Complete(GIBuilt),0,1,1,1,0
098925C0=RedTeam,<none>,RedTeamA-Create,1,1,1,1,0
0909F130=Player,<none>,RedTeamA-Won,1,1,1,1,0
098A0B80=RedTeam,<none>,RedTeamB-Create,1,1,1,1,0
091050B0=RedTeam,<none>,RedTeamA-Destroyed,0,1,1,1,0
09E06A00=Player,<none>,DestroyRedBase,1,1,1,1,0
096D1994=Player,<none>,Ping Map,1,1,1,1,0
0B09C8CC=Player,<none>,Arrow - GoToRedBase,1,1,1,1,0
098A71F0=Player,<none>,EnteredPotty,0,1,1,1,0
094D2984=Player,098A71F0,EvictPottyBoy,1,1,1,1,0
07EF1C00=Player,<none>,DiscoverBarn,0,1,1,1,0
09E06560=RedTeam,<none>,RedTeamB-Destroyed,0,1,1,1,0
09E02EA0=Player,<none>,PlayerLose,1,1,1,1,0
09E02BF0=Player,<none>,PlayerWin,0,1,1,1,0
0975F6C4=Player,<none>,CreateMCVTeam,0,1,1,1,0
07BA8B6C=Player,<none>,RedAttackBarn,0,1,1,1,0
07BA892C=Player,<none>,BarnHatersDestroyed,0,1,1,1,0
07D66E1C=Player,<none>,HintCrate,0,1,1,1,0
09F9C49C=Player,<none>,AmbientSounds/Crate,0,1,1,1,0
0868B9AC=Player,<none>,RedTeamRepairBridge,0,1,1,1,0
0BBDB55C=Player,<none>,Disable MoveOutArrow,0,1,1,1,0
0B09C52C=Player,<none>,Disable RedBaseArrow,0,1,1,1,0
0D9E7F3C=Player,<none>,RevealRedBase,0,1,1,1,0

[Events]
0907B430=1,47,0,15
09078F40=1,13,0,100
094C6984=1,13,0,13
07F8CD3C=1,13,0,22
07F8B04C=1,13,0,2
09078860=1,26,0,13
0907AF40=1,13,0,6
0907ACF0=1,13,0,100
0907A900=1,32,0,2
07DCAB60=1,13,0,8
07DCA9B0=1,13,0,100
07DCA4B0=1,32,0,0
07DCDF40=1,13,0,7
07DCDC50=1,13,0,100
03F6A0A0=1,32,0,1
0B30B27C=1,13,0,6
08FA9940=1,13,0,11
08FAED70=1,13,0,100
08FAEA00=1,13,0,100
08FAE4A0=1,13,0,100
08FA95F0=1,13,0,12
08FADE60=1,32,0,3
07D47630=1,21,0,0
098925C0=1,13,0,75
0909F130=1,36,0,0
098A0B80=1,13,0,60
091050B0=1,48,0,0
09E06A00=1,13,0,5
096D1994=1,13,0,12
0B09C8CC=1,13,0,2
098A71F0=1,1,0,13
094D2984=1,13,0,3
07EF1C00=2,4,0,0,21,0,0
09E06560=1,48,0,0
09E02EA0=1,11,0,13
09E02BF0=1,10,0,14
0975F6C4=1,47,0,0
07BA8B6C=1,1,0,13
07BA892C=1,48,0,0
07D66E1C=1,1,0,13
09F9C49C=1,47,0,1
0868B9AC=1,19,0,2
0BBDB55C=1,26,0,13
0B09C52C=1,1,0,13
0D9E7F3C=1,4,0,0

[Actions]
0907B430=4,53,2,09078F40,0,0,0,0,A,21,6,Mis_T2_DrillSearg01,0,0,0,0,A,53,2,094C6984,0,0,0,0,A,53,2,07F8CD3C,0,0,0,0,A
09078F40=2,11,4,MISSION:TRN02a,0,0,0,0,A,55,0,1,0,0,0,0,O
094C6984=5,104,5,0BEB05FC,0,0,0,0,120,11,4,MISSION:TRN02a,0,0,0,0,A,55,0,1,0,0,0,0,O,17,0,14,0,0,0,0,O,17,0,4,0,0,0,0,E
07F8CD3C=1,53,2,07F8B04C,0,0,0,0,A
07F8B04C=1,41,0,477,0,0,0,0,P
09078860=2,54,2,09078F40,0,0,0,0,A,53,2,0907AF40,0,0,0,0,A
0907AF40=3,11,4,MISSION:TRN02b,0,0,0,0,A,53,2,0907ACF0,0,0,0,0,A,21,6,Mis_T2_DrillSearg02,0,0,0,0,A
0907ACF0=1,11,4,MISSION:TRN02b,0,0,0,0,A
0907A900=4,12,2,0907ACF0,0,0,0,0,A,53,2,07DCAB60,0,0,0,0,A,12,2,09078860,0,0,0,0,A,12,2,09078F40,0,0,0,0,A
07DCAB60=4,11,4,MISSION:TRN02c,0,0,0,0,A,53,2,07DCA9B0,0,0,0,0,A,21,6,Mis_T2_DrillSearg03,0,0,0,0,A,115,9,0,0,0,0,0,150
07DCA9B0=1,11,4,MISSION:TRN02c,0,0,0,0,A
07DCA4B0=2,54,2,07DCA9B0,0,0,0,0,A,53,2,07DCDF40,0,0,0,0,A
07DCDF40=5,11,4,MISSION:TRN02d,0,0,0,0,A,53,2,07DCDC50,0,0,0,0,A,21,6,Mis_T2_DrillSearg04,0,0,0,0,A,115,9,1,0,0,0,0,150,114,0,0,0,0,0,0,A
07DCDC50=1,11,4,MISSION:TRN02d,0,0,0,0,A
03F6A0A0=2,54,2,07DCDC50,0,0,0,0,A,53,2,0B30B27C,0,0,0,0,A
0B30B27C=2,21,6,Mis_T2_DrillSearg12,0,0,0,0,A,53,2,08FA9940,0,0,0,0,A
08FA9940=4,11,4,MISSION:TRN02f,0,0,0,0,A,53,2,08FAED70,0,0,0,0,A,21,6,Mis_T2_DrillSearg05,0,0,0,0,A,115,9,3,0,0,0,0,150
08FAED70=1,11,4,MISSION:TRN02f,0,0,0,0,A
08FAEA00=1,11,4,MISSION:TRN02g,0,0,0,0,A
08FAE4A0=1,11,4,MISSION:TRN02i,0,0,0,0,A
08FA95F0=5,11,4,MISSION:TRN02g,0,0,0,0,A,53,2,08FAEA00,0,0,0,0,A,21,6,Mis_T2_DrillSearg06,0,0,0,0,A,114,0,2,0,0,0,0,A,115,9,364,0,0,0,0,150
08FADE60=3,12,2,08FA9940,0,0,0,0,A,53,2,08FA95F0,0,0,0,0,A,54,2,08FAED70,0,0,0,0,A
07D47630=4,54,2,08FAEA00,0,0,0,0,A,53,2,098925C0,0,0,0,0,A,53,2,0909F130,0,0,0,0,A,11,4,MISSION:TRN02_Hint1,0,0,0,0,A
098925C0=5,4,1,09AB3C8C,0,0,0,0,A,11,4,MISSION:TRN02h,0,0,0,0,A,38,0,13,0,0,0,0,A,3,0,14,0,0,0,0,A,21,6,Mis_T2_DrillSearg07,0,0,0,0,A
0909F130=3,4,1,07FB10F4,0,0,0,0,A,53,2,098A0B80,0,0,0,0,A,21,6,Mis_T2_DrillSearg10,0,0,0,0,A
098A0B80=3,4,1,0973C33C,0,0,0,0,A,11,4,MISSION:TRN02hAlt,0,0,0,0,A,21,6,Mis_T2_DrillSearg19,0,0,0,0,A
091050B0=1,53,2,09E06A00,0,0,0,0,A
09E06A00=4,11,4,MISSION:TRN02i,0,0,0,0,A,21,6,Mis_T2_DrillSearg09,0,0,0,0,A,53,2,096D1994,0,0,0,0,A,53,2,08FAE4A0,0,0,0,0,A
096D1994=2,55,0,5,0,0,0,0,R,53,2,0B09C8CC,0,0,0,0,A
0B09C8CC=1,41,0,473,0,0,0,0,Q
098A71F0=2,53,2,094D2984,0,0,0,0,A,21,6,Mis_T2_DrillSearg17,0,0,0,0,A
094D2984=2,111,0,0,0,0,0,0,A,54,2,094D2984,0,0,0,0,A
07EF1C00=2,17,0,2,0,0,0,0,C,21,6,Mis_T2_DrillSearg21,0,0,0,0,A
09E06560=1,53,2,09E06A00,0,0,0,0,A
09E02EA0=1,2,0,13,0,0,0,0,A
09E02BF0=4,1,0,13,0,0,0,0,A,21,6,Mis_T2_DrillSearg11,0,0,0,0,A,54,2,08FAE4A0,0,0,0,0,A,113,0,13,0,0,0,0,A
0975F6C4=4,7,1,0BEB05FC,0,0,0,0,A,53,2,09E02EA0,0,0,0,0,A,17,0,98,0,0,0,0,CU,17,0,3,0,0,0,0,D
07BA8B6C=1,7,1,088CE6EC,0,0,0,0,A
07BA892C=1,21,6,Mis_T2_DrillSearg23,0,0,0,0,A
07D66E1C=1,21,6,Mis_T2_DrillSearg20,0,0,0,0,A
09F9C49C=10,99,7,_Amb_River,0,0,0,0,F,99,7,_Amb_River,0,0,0,0,G,99,7,_Amb_River,0,0,0,0,H,99,7,_Amb_River,0,0,0,0,I,99,7,_Amb_BirdsTemperate2,0,0,0,0,K,99,7,_Amb_BirdsPark,0,0,0,0,J,99,7,_Amb_BirdsPark,0,0,0,0,L,99,7,_Amb_BirdsTemperate1,0,0,0,0,M,99,7,_Amb_UrbanMurmur2,0,0,0,0,CM,108,0,0,0,0,0,0,CC
0868B9AC=1,80,1,0868EEFC,0,0,0,0,R
0BBDB55C=1,54,2,07F8B04C,0,0,0,0,A
0B09C52C=1,54,2,0B09C8CC,0,0,0,0,A
0D9E7F3C=4,17,0,19,0,0,0,0,T,17,0,54,0,0,0,0,BC,17,0,20,0,0,0,0,U,17,0,21,0,0,0,0,V

[Tags]
09104210=1,RedTeamA-Destroyed,091050B0
09E06490=1,RedTeamB-Destroyed,09E06560
07BA884C=1,HintBarnExit,07BA892C
0907B1E0=0,1!Speech,0907B430
09078CB0=2,1Text,09078F40
09078730=0,1Complete(OpenGround),09078860
0907ADD0=0,2!Speech,0907AF40
0907AB20=2,2Text,0907ACF0
0907A7D0=0,2Complete(ConYard),0907A900
07DCAA90=0,3!Speech,07DCAB60
07DCA840=2,3Text,07DCA9B0
07DCA3E0=0,3Complete(Power),07DCA4B0
07DCDE70=0,4!Speech,07DCDF40
07DCDB20=2,4Text,07DCDC50
03F68190=0,4Complete1(Refinery),03F6A0A0
08FAEAE0=2,5Text,08FAED70
08FAE830=2,6Text,08FAEA00
08FA9EB0=2,7Text(DestroyRedBase),08FAE4A0
08FA9810=0,5!Speech,08FA9940
08FA83D0=0,6!Speech,08FA95F0
08FA9D40=0,5Complete(Barracks),08FADE60
07D47440=0,6Complete(GIBuilt),07D47630
090B34D0=0,RedTeamA-Won,0909F130
098924F0=0,RedTeamA-Create,098925C0
098A2460=2,Port-O-Potty,094D2984
07EFE840=0,HintBarnDiscover,07EF1C00
098A0700=0,RedTeamB-Create,098A0B80
09E06930=0,DestroyRedBase,09E06A00
09E02CD0=0,PlayerLose,09E02EA0
09E02A20=0,PlayerWin,09E02BF0
096D2734=0,DestroyRedBase(PingMap),096D1994
094C6234=0,1!MCVFlash,094C6984
0975D424=0,1!MCVCreateTeam,0975F6C4
07BA8A8C=0,RedAttackBarn,07BA8B6C
07D66D3C=0,HintCrate,07D66E1C
09F9C34C=0,0!Setup,09F9C49C
0B30B19C=0,4Complete2(Miner Hint),0B30B27C
0868B46C=0,RedTeamRepairBridge,0868B9AC
07F8CF4C=2,Arrow - MoveOut,07F8B04C
07F8CB3C=0,1!tEnableArrowMoveOut,07F8CD3C
0BBDB1BC=0,Disable MoveOutArrow,0BBDB55C
0B09C6CC=2,Arrow - GoToRedBase,0B09C8CC
0B09C32C=0,Disable RedBaseArrow,0B09C52C
0D9E4BAC=0,RevealRedBase,0D9E7F3C

[Digest]
1=HvqP0TYSMcxzWEH9+bQMM1b6Efc=
