[General]
AIAutoDeployFrameDelay=10000,10000,10000

[HARV]
Storage=20

[CMIN]
Storage=10

[Tiberiums]
0=Riparius
1=Cruentus
2=Vinifera
3=Aboreus

[Riparius]
Value=50

[Cruentus]
Value=100

[Vinifera]
Value=50

[Aboreus]
Value=50

[NASAM]
Name=Patriot Missile
Sight=7

[GAWEAP]
Name=Allied War Factory
Sight=15

[CAFRMB]
Name=RA2 Outhouse
CanBeOccupied=yes
MaxNumberOccupants=1

[GACNST]
Name=Allied Construction Yard
Points=0
Capturable=false
Crewed=no

[M60]
Damage=25
ROF=20
Range=6

[Para]
Damage=15
ROF=10
Range=8
Projectile=InvisibleLow
Speed=100
Warhead=SSA
Report=GIAttackDeployed

[COW]
UIName=Name:COW
Name=Cow
Category=Soldier
Strength=150
Armor=none
TechLevel=-1
Crushable=no
Insignificant=no
Occupier=yes
Sight=4
Speed=4
Owner=British,French,Germans,Americans,Alliance,Russians,Confederation,Africans,Arabs
AllowedToStartInMultiplayer=yes
Cost=10
Soylent=2000
Points=1
Fraidycat=yes
Civilian=no
Nominal=no
Pip=green
VoiceSelect=CowSelect
VoiceMove=CowMove
VoiceAttack=CowMove
VoiceFeedback=CowFear
VoiceDie=CowDie
Locomotor={4A582744-9839-11d1-B709-00A024DDAFD1}
PhysicalSize=1
MovementZone=Infantry
ThreatPosed=0
ImmuneToVeins=yes
Size=1

[SpecialFlags]
TiberiumGrows=no
TiberiumSpreads=yes
TiberiumExplosive=no
DestroyableBridges=yes
MCVDeploy=no
InitialVeteran=no
FixedAlliance=no
HarvesterImmune=no
FogOfWar=no
Inert=no
IonStorms=no
Meteorites=no
Visceroids=no

[Countries]
0=Player
1=BadGuy1
2=BadGuy2
3=BadGuy3
4=Civilian1
5=Other1
6=Other2
7=Other3

[Player]
ParentCountry=Americans
Name=Player
Suffix=Allied
Prefix=G
Color=DarkBlue
Side=GDI
SmartAI=yes
CostUnitsMult=1

[BadGuy1]
ParentCountry=Russians
Name=BadGuy1
Suffix=Soviet
Prefix=B
Color=DarkRed
Side=Nod
SmartAI=yes
MultiplayPassive=true
CostUnitsMult=1

[BadGuy2]
ParentCountry=Russians
Name=BadGuy2
Suffix=Soviet
Prefix=B
Color=DarkRed
Side=Nod
SmartAI=yes
CostUnitsMult=1

[BadGuy3]
ParentCountry=Russians
Name=BadGuy3
Suffix=Soviet
Prefix=B
Color=DarkRed
Side=Nod
SmartAI=yes
CostUnitsMult=1

[Civilian1]
ParentCountry=Neutral
Name=Civilian1
Suffix=CIV
Prefix=C
Color=LightGold
MultiplayPassive=true
SmartAI=yes
Side=Civilian

[Other1]
ParentCountry=Germans
Name=Other1
Suffix=Allied
Prefix=G
Color=Grey
Side=GDI
SmartAI=yes

[Other2]
ParentCountry=Germans
Name=Other2
Suffix=Allied
Prefix=G
Color=Grey
Side=GDI
SmartAI=yes

[Other3]
ParentCountry=Germans
Name=Other3
Suffix=Allied
Prefix=G
Color=Grey
Side=GDI
MultiplayPassive=true
SmartAI=yes

[Ranking]
ParTimeEasy=00:01:00
ParTimeMedium=00:01:00
ParTimeHard=00:01:00
UnderParTitle=GUI:NoUnderParTitle
UnderParMessage=GUI:NoUnderParMessage
OverParTitle=GUI:NoOverParTitle
OverParMessage=GUI:NoOverParMessage

[Basic]
Briefing=Brief:TRN01
NextScenario=GDI2A.map
AltNextScenario=GDI9C.MAP
NewINIFormat=4
CarryOverCap=0
EndOfGame=no
SkipScore=yes
OneTimeOnly=no
SkipMapSelect=no
Official=yes
IgnoreGlobalAITriggers=no
TruckCrate=no
TrainCrate=no
Percent=0
Theme=Motorized
Player=Player House
Intro=<none>
Brief=<none>
Win=<none>
Lose=<none>
Action=<none>
PostScore=<none>
PreMapSelect=<none>
CarryOverMoney=0.000000
TimerInherit=no
FillSilos=no
StartingDropships=0
HomeCell=98
AltHomeCell=98
MultiplayerOnly=0
TiberiumGrowthEnabled=no
VeinGrowthEnabled=no
IceGrowthEnabled=no
TiberiumDeathToVisceroid=no
FreeRadar=yes
InitTime=10000

[VariableNames]
0=Engineer Landed,0
1=Helicopter Leaves,0
2=Annoyed,0
3=Annoyed_Again,0
4=Near Target,0
5=Far Target,0

[Lighting]
Ambient=1.000000
Red=1.000000
Green=1.000000
Blue=1.000000
Ground=0.000000
Level=0.000000
IonAmbient=0.870000
IonRed=0.300000
IonGreen=0.400000
IonBlue=0.750000
IonGround=0.000000
IonLevel=0.000000

[Houses]
0=Player House
1=BadGuy1 House
2=BadGuy2 House
3=BadGuy3 House
4=Civie1 House
5=Other1 House
6=Other2 House
7=Other3 House

[Player House]
Country=Player
TechLevel=10
Credits=0
IQ=0
Edge=South
PlayerControl=yes
Color=DarkBlue
Allies=Player House,BadGuy2 House,BadGuy3 House,Civie1 House,Other1 House,Other2 House,Other3 House
PercentBuilt=0
NodeCount=0

[BadGuy1 House]
Country=BadGuy1
TechLevel=10
Credits=100
IQ=0
Edge=North
PlayerControl=no
Color=DarkRed
Allies=BadGuy1 House
PercentBuilt=0
NodeCount=0

[BadGuy2 House]
Country=BadGuy2
TechLevel=10
Credits=0
IQ=0
Edge=North
PlayerControl=no
Color=DarkBlue
Allies=BadGuy2 House,Other1 House
PercentBuilt=0
NodeCount=0

[BadGuy3 House]
Country=BadGuy3
TechLevel=10
Credits=0
IQ=0
Edge=North
PlayerControl=no
Color=DarkRed
Allies=Player House,BadGuy3 House
PercentBuilt=0
NodeCount=0

[Civie1 House]
Country=Civilian1
TechLevel=1
Credits=0
IQ=0
Edge=South
PlayerControl=no
Color=Grey
Allies=Player House,Civie1 House
PercentBuilt=0
NodeCount=0

[Other1 House]
Country=Other1
TechLevel=10
Credits=20
IQ=0
Edge=South
PlayerControl=no
Color=DarkBlue
Allies=Player House,BadGuy2 House,Other1 House,Other2 House
PercentBuilt=0
NodeCount=0

[Other2 House]
Country=Other2
TechLevel=1
Credits=0
IQ=0
Edge=South
PlayerControl=no
Color=DarkBlue
Allies=Other1 House,Other2 House
PercentBuilt=0
NodeCount=0

[Other3 House]
Country=Other3
TechLevel=10
Credits=0
IQ=0
Edge=South
PlayerControl=yes
Color=DarkBlue
Allies=Player House,Other3 House
PercentBuilt=0
NodeCount=0

[Map]
Theater=TEMPERATE
Size=0,0,56,69
LocalSize=3,19,50,44

[Waypoints]
0=26055
1=67072
2=66077
3=58077
4=49077
5=74112
6=95071
7=47065
8=24053
9=34067
10=35068
11=32065
12=93069
13=36043
14=41043
15=47043
16=40071
17=65036
18=17061
19=80048
20=59020
21=63038
22=91060
23=96086
24=85092
25=72090
26=59086
27=47068
28=37063
29=39053
30=39035
31=36026
32=49031
33=67029
34=73024
35=51093
36=73101
37=59099
38=104072
39=84073
40=74076
41=59050
42=58060
43=70057
44=81040
45=63078
46=89071
47=87055
48=45073
49=57024
50=42076
51=43072
98=88057

[CellTags]
24065=07B4960C
25065=07B4960C
25066=07B4960C
26065=07B4960C
26066=07B4960C
27066=07B4960C
28066=07B4960C
28067=07B4960C
29064=07B4960C
29065=07B4960C
29066=07B4960C
29067=07B4960C
30063=07B4960C
30064=07B4960C
30065=07B4960C
30066=07B4960C
31062=07B4960C
31063=07B4960C
32061=07B4960C
32062=07B4960C
32063=07B4960C
33061=07B4960C
33062=07B4960C
33063=07B4960C
34061=07B4960C
34062=07B4960C
35061=07B4960C
43045=0C0CB0DC
43046=0C0CB0DC
44040=0C0CB0DC
44041=0C0CB0DC
44045=0C0CB0DC
44046=0C0CB0DC
45040=0C0CB0DC
45041=0C0CB0DC
45045=0C0CB0DC
45046=0C0CB0DC
46040=0C0CB0DC
46041=0C0CB0DC
46045=0C0CB0DC
46046=0C0CB0DC
46074=08FA91FC
46075=08FA91FC
46076=08FA91FC
46077=08FA91FC
46078=08FA91FC
46079=08FA91FC
46080=08FA91FC
47040=0C0CB0DC
47041=0C0CB0DC
47042=0C0CB0DC
47043=0C0CB0DC
47044=0C0CB0DC
47045=0C0CB0DC
47046=0C0CB0DC
47074=08FA91FC
47075=08FA91FC
47076=08FA91FC
47077=08FA91FC
47078=08FA91FC
47079=08FA91FC
47080=08FA91FC
48040=0C0CB0DC
48041=0C0CB0DC
48042=0C0CB0DC
48043=0C0CB0DC
48044=0C0CB0DC
48045=0C0CB0DC
48046=0C0CB0DC
48074=08FA91FC
48075=08FA91FC
48079=08FA91FC
48080=08FA91FC
49074=08FA91FC
49075=08FA91FC
49079=08FA91FC
49080=08FA91FC
50074=08FA91FC
50075=08FA91FC
50079=08FA91FC
50080=08FA91FC
51079=08FA91FC
51080=08FA91FC
52080=08FA91FC
64069=075100AC
64070=075100AC
65069=075100AC
65070=075100AC
66070=075100AC
66071=075100AC
66083=075100AC
66084=075100AC
66085=075100AC
66086=075100AC
67071=075100AC
67072=075100AC
67082=075100AC
67083=075100AC
67084=075100AC
67085=075100AC
67086=075100AC
68072=075100AC
68073=075100AC
68074=075100AC
68075=075100AC
68076=075100AC
68077=075100AC
68078=075100AC
68079=075100AC
68080=075100AC
68081=075100AC
68082=075100AC
69073=075100AC
69074=075100AC
69075=075100AC
69076=075100AC
69077=075100AC
69078=075100AC
69079=075100AC
69080=075100AC
69081=075100AC

[IsoMapPack5]
1=/w0AIA84AAEA+QEAAAAGADcAAgD3AQBpAThJAe2pATlJAfGrATYAA+EEN0gBwQQ4KCkAOS
2=gpADpIAdsGNQAE+QY2SAHZBjcoKQA4KCkAOSgpADooKQA7SAHTCTQABfEJNUgB0Qk2KCkA
3=NygpADgoKQA5KCkAOigpADsoKQA8SAHJDDNMId0gNEgByQw1KCkANigpADcoKQA4KCkAOS
4=gpADooKQA7KCkAPCgpAD1IAcMPMgAH7RszSAHBDzQoKQA1KCkANigpADcoKQA4KCkAOSgp
5=ADooKQA7KCkAPCgpAD0oKQA+SAHbETEACPkRMkgB2REzKCkANCgpADUoKQA2KCkAN0kB8q
6=1HOCgpADkoKQA6KCkAO0gByQw8KCkAPSgpAD4oKQA/SAHTFDAACfEUMUgBxQgyKCkAMygp
7=ADQoKQA1KCkANkkB8LEUN0kBuqkBOMgBAQEGADnIAQECBgA6yAEBAwYAO0kB9q0FPEgBwQ
8=89KCkAPigpAD8oKQBASAHLFy8ACukXMEgBxQgxKCkAMigpADMoKQA0KCkANSgpADZIAScW
9=AwoAdBgBBAYAOFQCaQEFdBi1AgZ0GKkBB3YYCgAnFgMKAM0QPVgGyQE+KCkAPygpAEAoKQ
10=BBSAHDGi4AC+EaL0gBxQgwKCkAMSgpADIoKQAzKCkANCgpADUoKQA2SAEnbQMLjRsIbBup
11=AQlsG6kBCmwbqQELbRsLKG0DCyhsAycpAD5cCtEUPygpAEAoKQBBKCkAQkgB2xwtAAz5HC
12=5IAcUILygpADAoKQAxKCkAMigpADMoKQA0KCkANSgpADZIASfFAwyFHgxkHqkBDWQeqQEO
13=ZB6pAQ9lHgwoxQMMKMQDJykAPl0K7bFWPygpAEAoKQBBKCkAQigpAENIAdMfLAAN8R8tSA
14=HRCS4oKQAvKCkAMCgpADEoKQAyKCkAMygpADQoKQA1KCkANkgBJx0EDZ0gEHwgqQERfCCp
15=ARJ8IKkBE30gDSgdBA0oHAQnKQA+XArJFz8oKQBAKCkAQSgpAEIoKQBDKCkAREkB8acpKw
16=AO6SIsSAHdCi0oKQAuKCkALygpADAoKQAxKCkAMigpADMoKQA0KCkANSgpADZJAfCtEDdI
17=AWF9FHUjDoElFXQjqQEWdCOpARd1Iw4odQQOKHQEJykAPlAJ1Rg/KCkAQCgpAEEoKQBCKC
18=kAQygpAEQoKQBFSAHDJSoAD+ElK0gByQwsKCkALSgpAC4oKQAvKCkAMCgpADEoKQAyKCkA
19=MygpADQoKQA1KCkANkgBJ80ED4ElGGwmqQEZbCapARpsJqkBG20mDyjNBA8ozAQnKQA+XA
20=rBGj8oKQBAKCkAQSgpAEIoKQBDKCkARCgpAEUoKQBGSAHbJykAEPknKkgB1Q0rKCkALCgp
21=AC0oKQAuKCkALygpADAoKQAxKCkAMigpADMoKQA0KCkANSgpADYoKQA3SQHvoVE4KCkAOS
22=gpADooKQA7SAHJFzwoKQA9KCkAPigpAD8oKQBAKCkAQSgpAEIoKQBDKCkARCgpAEUoKQBG
23=KCkAR0gB0yooABHxKilIAcUTKigpACsoKQAsKCkALSgpAC4oKQAvKCkAMCgpADEoKQAyKC
24=kAMygpADQoKQA1KCkANigpADcoKQA4KCkAOSgpADooKQA7KCkAPCgpAD0oKQA+KCkAPygp
25=AEAoKQBBKCkAQigpAEMoKQBEKCkARSgpAEYoKQBHKCkASEgByy0nABLpLShIAcktKSgpAC
26=ooKQArKCkALCgpAC0oKQAuKCkALygpADAoKQAxKCkAMigpADMoKQA0KCkANSgpADYoKQA3
27=KCkAOCgpADkoKQA6KCkAOygpADwoKQA9KCkAPigpAD8oKQBAKCkAQSgpAEIoKQBDKCkARC
28=gpAEUoKQBGKCkARygpAEgoKQBJSAHDMCYAE+EwJ0gBwTAoKCkAKSgpACooKQArKCkALCgp
29=AC0oKQAuKCkALygpADAoKQAxSQHyvYMyKCkAMygpADQoKQA1KCkANigpADcoKQA4SAHJFz
30=koKQA6KCkAOygpADwoKQA9KCkAPigpAD8oKQBAKCkAQSgpAEIoKQBDKCkARCgpAEUoKQBG
31=KCkARygpAEgoKQBJKCkASkgB2zIlABT5MiZIAc0bJygpACgoKQApKCkAKigpACsoKQAsKC
32=kALSgpAC4oKQAvKCkAMEkB9LkyMUoBUgBDAAYAMkkBOEQBAQAGADNJATepATTIAQEBBgA1
33=SQE2tQI2yAFVAjdJATS1AjhJAfq9CjlIAcU/OkgBzRs7KCkAPCgpAD0oKQA+KCkAPygpAE
34=AoKQBBKCkAQigpAEMoKQBEKCkARSgpAEYoKQBHKCkASCgpAEkoKQBKKCkAS0gB0zUkABXx
35=NSVIAcEaJigpACcoKQAoKCkAKSgpACooKQArKCkALCgpAC0oKQAuKCkAL0gB0TUwSQE6qS
36=0xygEBAl42FQB8NkkBM1QCfDYBAgIANMoBAwJeNhUAfDZVAjZUAmgBVQI3SAF8NlUCOMkB
37=AyIVJBVUP0wMIhYkFQDVOTtABNU5PCgpAD0oKQA+KCkAPygpAEAoKQBBKCkAQkgB2SdDKC
38=kARCgpAEUoKQBGKCkARygpAEgoKQBJKCkASigpAEsoKQBMSAHLOCMAFuk4JEgBzRAlKCkA
39=JigpACcoKQAoKCkAKSgpACooKQArKCkALCgpAC0oKQAuSAHJOC9IAd1tMEgBdDlBMDFJAf
40=dgZ3c5FgDzqQEzVALJATQoKQA1KCkANigpADdJAfW5BjhIAWA7AQUCADlJATNQOUkMOsgB
41=TTw7SAF0REF9PMgBXXg9SAFoQ1UCPsgBVQI/SQE1RAhVAkDIAVUCQUgBfApVAkJIAdVEQ0
42=gB1URESAHdK0UoKQBGKCkARygpAEgoKQBJKCkASigpAEsoKQBMKCkATUgBwzsiABfhOyNI
43=AcEPJCgpACUoKQAmKCkAJygpACgoKQApKCkAKigpACsoKQAsKCkALUgBwTsuSQE5oSUvyA
44=FBcjBIAcE7MUgBIwAybzwXANixNTNVAtapATRJAaypATVJAaapATZJAdypATdIAc0FOEgB
45=3Qo5SAGfIAIAOkgBeDJFPztIAWw8RT88yAFNfj1IAWw8VQI+yAFVAj9IAWw8VQJAyAFVAk
46=FIAXAJVQJCyAFNR0NIAXBLRT9ESAHFP0VIAcU/RkgBwTBHKCkASCgpAEkoKQBKKCkASygp
47=AEwoKQBNKCkATkgBmBwCBgAhABj5PSJIAdUNIygpACQoKQAlKCkAJigpACcoKQAoKCkAKS
48=gpACooKQArKCkALEgB2T0tSAHdeC5IAWQ/QSUvSAHZMjBIAYcTAgAxSAEn5wcYAN21OTNU
49=Atk9NEkBorUCNSgpADZJAaq1AjdJAfupAThIAYgtdXsYJEA6ZT8Y9YY7QAQjTzYCADxIAc
50=GIPSgpAD5IAcEEP0gBwQRAKCkAQUgBzYlCSAFwQEVKQ0gBZD9ZHETIAV1BRUkBV7leRkkB
51=9nMUBgBHSAGTHwYASCgpAEkoKQBKKCkASygpAEwoKQBNKCkATigpAE9IAdBAAiAAGQBUoQ
52=8hSAHBDyJIAcEPIygpACQoKQAlKCkAJigpACdIAZMqBgAoKCkAKSgpACooKQArSAHRQCxJ
53=ATutEC3IAU1+LkgB0UAvSAGbEQIAMEgBiAx+QRkAyQEyVAKBGgJX7hkAr3gnb/cZAKepAT
54=VBBKmpATZIAdWGN0kB0LUCOEkB0qkBOUkB+KkBOkkB3qkBO0kB/KkBPEkBsKkBPUgBxYw+
55=SAHZBj9IAckMQEgByQxBSAHJDEJIAc0bQ0gByRdESAFoQ1VERUgB2TJGSAHZMkdIAZwgfU
56=EZs1YGAEkoVQBKKCkASygpAEwoKQBNKCkATigpAE8oKQBQSAGYEQUGAB8AGgD//18yAgAg
57=SAF4EU3WIUgB2REiSAHZESMoKQAkKCkAJSgpACZIAdk9J0gBzX4oSAFgqVmgKcgBSQwqSA
58=FgqVUCK8gBVQIsSAF0REFnLUgB2ScuSAGPEAIAL0gBiAx2RBoA0YIxVALFNDJIAck4M0gB
59=xTQ0SAHZwTVJAfmhOzZJAdepATdKARYCnSA4SQHRtQI5SAHRCTpIAd1BO0gB0Y08SQH+VA
60=ZJWT1JAbG5Bj5IASeXCBoA27UCQFUC06kBQUkB1akBQkgBiy0CAENIAdkcREgBhzQCAEVI
61=AdkyRkgBjAV1hhrpQ0hUApgGdEQnVQBKKFUASygpAEwoKQBNKCkATigpAE8oKQBQKCkAUU
62=gBmBECBgAeABvhRh8oKQAgSQExXCBVOSFIAcndIkgBk3cGACMoKQAkKCkAJUgBlzkGACZI
63=AWTDRQgnyAFRKihIAWxHXUEpyAFZ7SpIAWxHVQIryAFVAixIAcFGLUgBiyICAC5IAcHKL0
64=gByTgwSAHVhjFIAdWGMkgBJf0gM0gBxTQ0SAHdCjVIAdEJNkgBwTs3SAHBOzgoKQA5SQHU
65=rTw6SAHRgjtIAWFGBGbOGwBoAUWBPdQCAQYCAD5IAZsnAgA/SAHRz0BIAdnMQUkBrr0KQk
66=gBnEFtRxu/QQIARFQC0RRFSQFVuTJGSAGMBWxHzAVkjCcpAElABI8mBgBKKCkASygpAEwo
67=KQBNKCkATigpAE8oKQBQKCkAUSgpAFJIAdtIHQAc8XceSAHRdx9IASc2EhwAZEpNPCFUAm
68=gBSegiSAF8QVVEI8gBVYYkSAEiACdVAiXIAVUCJkgBZEpFCCdIAck4KEgB2fgpKCkAKigp
69=ACsoKAAFLAAcAO0BAAARAAAIEAAgCAACAC0AHADtAQAASAEBLgAcAMkBL0kB77UCMCgpAD
70=FJAfW1AjJJAaypATNJAaqpATRJAfapATVJAfCpATZIAc0FN0kBprUCOEkB+6kBOUkB8akB
71=OkkB26kBO0kB1qkBPEkB/kwUAQkCAD3IAQEKAgA+yAEBCwIAP0kB/K0FQEkBsKkBQUkBqa
72=kBQkkB+qkBQ0gB2RxESAHRFEVJAVVIDAEBBgBGSAGXGAYAR0gBjwUGAEgoKQBJKCkASigp
73=AEsoKQBMKCkATSgpAE4oKQBPKCkAUCgpAFEoKQBSKCkAU0gBlSMGQwEdAPm0GAIdAB0Ar6
74=kBHkgB2RwfSQH3tQIgSAGbBgIAIUkBMUwbAQUCACJJATZIAQECAgAjyAEBAwIAJEkBN7UC
75=JcgBVQImSAHRCSdIAcElKEgB1TkpSQGktQ0qKCkAK0gBzTwsSAGEKX9MHQDyrQUuVALJAS
76=8oKQAwSAHJDDFIAck4MkkBpbkGM0kB2qkBNEgB3Qo1SAHZBjZIAckiN0kBoq0FOEgB2VM5
77=SAHZBjpIAcFcOygpADxIAc0mPUgBaU4OfkwdAGkBD39MHQABXAoBAQIAQEAEaAFFKUFJAf
78=1UAk1oQkkBsqkBQ0gB1Q1ESAHRFEVIAW0xAH5MHQCMUnxM1CN9TB23cAYASUwF1U9KKCkA
79=SygpAEwoKQBNKCkATigpAE8oKQBQKCkAUSgpAFIoKQBTKCkAVEgBnCAEBgAbAB4AgEhDXU
80=EcSAGZEQJaAx4A2SceVALJAR9IAcEEICgpACFJAfOpIiIoKQAjKCkAJCgpACUoKQAmSAHV
81=RCdIAdknKEgBzTwpSQGnvQoqKCkAK0gB0WEsSQH4oQQtSAHFSi5IAdFWL0gBxVUwSAHNBT
82=FJAd65BjJJAa2pATNJAd2pATRIAcE7NUgBxR42SAGPJgIAN0kBsa0FOEgB0Qk5SAHZBjpI
83=AdkGOygpADwoKQA9SAHRCT5IAXxMUXc/yQEGdU8egFEBBwIAQdQCAQgCAELIAV2kQ0gBk0
84=sCAERIAdknRUgBdE9RVkbJAQN3Tx4AV0w8TVJIVAKYBnVPHuFRSlQCnxUGAEsoKQBMKCkA
85=TSgpAE4oKQBPKCkAUCgpAFEoKQBSKCkAUygpAFQoKQBVSAGcIAQGABoAHwB4cRQCTFKoAV
86=VwHFUCWrUCHcgBVQIeSQF/tQIfyAFVAiBIAd0gIUgB0ZgiSAHdQSNJAai9NiQoKQAlSAHB
87=BCZIAcFGJ0gBgyUCAChIAcVgKSgpACpIAdleKygpACxIAdVaLUgB1ekuSAHVWi9IAcGeME
88=gByQwxSAGfIAIAMkkBq7EUM0gB2RE0SAHRSzVIAZM1AgA2KCkAN0gB0RQ4KCkAOUgBzQU6
89=KCkAOygpADwoKQA9KCkAPkgB2RE/SAF4U1HwQMkBDG1SH5lTDWxSqAFBqUNBBPRYMk0xRE
90=gBzRtFSAHRCUZIAXhTTV1HSQEyTAWPUh8ANKkBSVQCmwYGAEpIAYUpBk1SH+VVTFQCgxoG
91=AE0oKQBOKCkATygpAFAoKQBRKCkAUigpAFMoKQBUKCkAVSgpAFZIAYgXBAYAGQAgAEO5Mh
92=pIAWRVUWwbyAGWpyAAZFVVAh1UAmgBVQIeSQF/TBtVAh/IAVUCIEgBJ6UKIP38IlQCyZsj
93=SAHJ8yRIAY8QAgAlSAHZSCZIAdGjJ0gBweAoSAHVRClIAckMKkgB0aMrSAHNXSwoKQAtSA
94=HdTC5IASUFIi9IAdUNMEgByQwxSAHBqTJIASemCiAAyRc0VALNEDVIAZA1ZVUgqDh0pycp
95=ADgogQA5KCkAOkkBekwmWe07yAFFSjxIAWDVVQI9yAFVAj5IAckMP0gBwSVASAHFHkFIAc
96=kXQkgBeFMBBAIAQ8gBQVFEyAFRrkVIAZdPAgBGSAHRCUdIAWRVVQ1ISAFkVVU5ScgBWatK
97=SQEzfRUGRVUg6f5MVALdV01IAZMUBgBOKCkATygpAFAoKQBRKCkAUigpAFMoKQBUKCkAVS
98=gpAFYoKQBXSAGIFwQGABgAIQA9sVYZyAFVGBpJATxUAlUYG8gBTVIcSQE/tQIdyAFVAh5J
99=AXFtGwJKYSEAaAFFCCBUAoAaIu0pISalICJUAsmQI0gBwQQkKCkAJUgBwQQmKCkAJygpAC
100=hIAdkGKSgpACpIAYMaAgArSAHNUixIAcVgLUgB1U8uSAHVTy9IAdUNMCgpADFIAd1iMkgB
101=2fgzSAHdbTRIAc0QNSgpADYoKQA3SQGBSCJdIDjIAUUpOcgBTSY6SAF8V1UCO8gBVQI8SA
102=F8V1UCPcgBVQI+SAHVDT8oKQBASAHJF0EoKQBCSAHdIENIAWlZCXb/IQBoAQEKAgBF1AJN
103=tUZIAclZR0gBwdVISAHFCElIAWhZRWBKSAF8V0UTS8gBVVpMSAEl0SBNSAGQKn1XIb94Bg
104=BPVAKLFwYAUCgpAFEoKQBSKCkAUygpAFQoKQBVKCkAVigpAFcoKQBYSAGfFQYAFyFpM0JY
105=U1l/GEgBdFpdFRnIAUUpGkkBO6EEG8gBRTQcSQE+tQIdyAFVAh5IAWhZRQgfyAFFCCBIAY
106=AadVoiuBwiRzUiAF5YPUEPI0AEaAFFCCRIAWi8VQIlyAFVAiZJAVutBSfIAVUCKEgBZD9N
107=BSnIAVUCKkgB1Q0rSAHZPSwoKQAtKCkALkgBzQUvKCkAMCgpADEoKQAySAHRCTNIAdkGNC
108=gpADUoKQA2SAFoWU2fN8gBAQcCADjIAQEIAgA5yAFdTDrIAV1MO8gBXUw8SAFs4U0bPcgB
109=TRs+SQFZvSA/SQFdqQFAyAFBBEEoKQBCSAHRFENIAZg9dVoilVoOdFqpAQ93siIAAlQ5RA
110=gCRwAiAK5IAUEPSEgBm1MCAElIAdEfSkgB0QlLSAFgXE1dTEgBIgUiACL9ICLttU5UAs21
111=T0gBmBF0WtNABgBRKFUAUigpAFMoKQBUKCkAVSgpAFYoKQBXKCkAWCgpAFlIAZMUBgAWIc
112=A+dLJBGhfIAVkcGEgBdLJVAhnIAVUCGkgBbF1dVxvIAV1XHEgBbF1VAh3IAVUCHkkBd6Ew
113=H8gBRQggSAHdVyHIAVUCIkgBYFxFCCPIAUUIJEgBbAVVAiXIAVUCJkgBbF1VAifIAVUCKE
114=gBbF1VAinIAVUCKkgBkCpluCPlaywoVQAtKCkALigpAC8oKQAwKCkAMSgpADIoKQAzKCkA
115=NCgpADUoKQA2SAFtXQwiBiIjAGkBDWxdqAFdTDnABF1MOsgBARACADvIAQERAgA8SAFsXU
116=0bPcgBTRs+SAFsXVUCP0gBbF1JAUDIAUEEQcgBSThCyAFJLUNIAckiREgBkEBuXSMAYFxZ
117=BkZUAmgBAQQCAEdIAcHVSEgBJ6wLJyUFSlQC0QlLSAHRCUxIAWxdWRFNyAFduk5IAWC/RW
118=BPSAGQxG1dIyT4Rmxd3woGAFJABJ8KBgBTKCkAVCgpAFUoKQBWKCkAVygpAFgoKQBZKCkA
119=WkgBkxQGABUhcUo6XHhJIhZIAWRgXRUXyAFdIBhIAWRgVQIZyAFVAhpIAXgGUSobyAFFCB
120=xIAWTDVQIdyAFVAh5IAWRgRQgfyAFFCCBIAdVaIcgBVQIiSAFkYFUuI8gBVYYkSAHdCiXI
121=AV0KJkgBfG1VDSfIAVUCKEgBdERVAinIAVUCKkgBdGVVAivIAVUCLEgBbEdVAi3IAVUCLk
122=gBZBNVAi/IAVUCMEgBxQgxyAFVAjJIAWhOTQUzyAFVAjRIAZ82AgA1KCkANkgBeV4SZWAk
123=hWATZGCpARR0vagBARUCADrNBRZkYLUCF2VgJCY9KT1ABGgiVQ0+SAHJ8z9IAXgRWSdAyA
124=FZJ0HIAUEwQsgBSS1DSAFohUkXRMgBUQlFSAF4XknSRsgBSdJHyAEBCAIASEgBJwUMJO2J
125=SlQCh7gCAEsoKQBMSAElCT5NSAFwYVkRTkgBZGBZEU/IAV1iUEgBcMRdYlFIAd1iUkgBnA
126=pkYNcNBgBUVAKfKwYAVSgpAFYoKQBXKCkAWCgpAFkoKQBaKCkAW0gB0GEBFAAlAHRaRRMV
127=yAFBJRZIAXS9QSUXyAFBJRhIAdVPGcgBVQIaSAHFCBvIAUUIHEgBcDVdCh3IAVUCHsgBXQ
128=ofyAFFCCBIAd0KIcgBVQIiSAF0cE0FI8gBVQIkSAHdCiXIAV0KJkgBZAhVDSfIAVUCKEgB
129=fGJVAinIAVUCKkgBdFpVAivIAVUCLEgBfGJVAi3IAVUCLkgBfGJVAi/IAVUCMEgBxQgxyA
130=FVAjJIAWBRTQUzyAFVAjRIAWwFVRg1yAFVGDZJAV+l5DfIAVUCOEgB1Vo5SQFGTJRZBjpI
131=AdUCO0gB1QI8SAHdID3IAVUNPkgBfCBZBj/IAV0KQEkBRLEJQUgBcBRVZULIAVlTQ0gBfG
132=JJF0TIAVEJRUgBlEQiFSQlkcQKZMOpAQt9YiUkOCMiFiQlACWNM0pYBiUlPEtIASX1S0xI
133=ASVRPE1IASWZZk5IAckMT0gBaGRZEVBIAXxiWRFRyAFVZVJIAWAEVWVTSAHVZVRIAdVlVS
134=gpAFZIAdVlVygpAFgoKQBZKCkAWigpAFsoKQBcSAGEEwIGABMAJoiQRSkUSAHdYhXIAVUC
135=FsgBXRUXyAFZJxhIAWwxVQIZyAFVAhpIAWTORTQbyAFFCBxIAc1dHcgBVQIeSAHNPB/IAU
136=UIIEgB3QohyAFVAiJIAWQIVQ0jyAFVAiRIAWxzVQ0lyAFdCiZIAdUYJ8gBVQIoSAHFEynI
137=AVUCKkgBbBBFCCvIAVUCLEgBbBBVAi3IAVUCLkgBzQUvyAFVAjBIAc0FMcgBVQIySAHBUT
138=PIAUU/NEgBdGVVGDXIAVUYNkgBdGVVAjfIAVUCOEgB1Q05yAFdCjpIAdUNO8gBVQI8SAF0
139=I10VPUkBcKlvPsgBQQQ/SQFutQJAyAFVAkFJAUWhZ0JIAclvQ0kBda0FRMgBTQVFyAFRFE
140=ZIAWHKDXVlJoFnDnVlJib5MElABMHKSkgB3cVLSQHYtQ1MSQHQqQFNSQHSqQFOSAGbXgIA
141=T0gBJdUxUEgBh1UCAFFIAWBnRSlSSAF0ZVkRU8gBTWhUSQE4aBd1yCYmhV5WVAKZEQZFAi
142=a/2wYAWFQCzWhZKCkAWigpAFsoKQBcKCkAXUgBmBECBgASACeAZ00QE8gBXTYUSAF0T1UC
143=FcgBVQIWSAHVTxfIAVEqGEgB3TYZyAFVAhpIAWwFRQgbyAFFCBxIAWwFVQIdyAFVAh5IAc
144=VgH8gBRQggSAFsEF1BIcgBVQIiSAF8ClUCI8gBVQIkSAFkCF0KJcgBXQomSAFkCFUCJ8gB
145=VQIoSAFkCFUCKcgBVQIqSAFkVVUCK8gBVQIsSAFkVVUCLcgBVQIuSAHNBS/IAVUCMEgBzQ
146=UxyAFVAjJIAcUeM8gBVQI0SAHNBTXIAVUCNkgBzQU3yAFVAjhIAdUNOcgBVQI6SAHFCDvI
147=AVUCPEgBxQg9SAFsaEkXPsgBBQMCAD8AJwBuEQAAlxAAIAgAAAACAgBAACcAbkgBBQMCAE
148=EAJwBoSAEBAAIAQsgBAQECAENJAXVUAkEERMgBAQQCAEXIAQEFAgBGSgHxAUcEAgBHSQGw
149=qQFISQGlqQFJSQH8qQFKSQHYqQFLSgEWApkGTCgpAE0oKQBOSQHSrQVPSQH2qQFQSQHyqQ
150=FRSQHzqQFSSAHNEFNJATRYCkUTVEkBOEgBVRhVSQFWSAEBAAYAVkgBkwkGAFdJAe1nCAYA
151=WCgpAFkoKQBaKCkAWygpAFwoKQBdKCkAXkgBjBAEBgARACgAOlwKQQ8SyAFRKhPIAVUCFE
152=kBPEAEVQIVyAFVAhbIAQECAgAXyAFVLhhJAT9MBVUCGcgBVQIaSQE7VAJFCBvIAUUIHEkB
153=PrUCHcgBVQIeSAF4EUUIH8gBRQggSAFkCFUCIcgBVQIiSAFkE1UCI8gBVQIkSQE9vQolyA
154=FdCiZIAdUNJ8gBVQIoSAF8FUUTKcgBVQIqSAFsEFUCK8gBVQIsSAFsEFUCLcgBVQIuSAHN
155=BS/IAVUCMEgBzQUxyAFVAjJIAXwVRQgzyAFVAjRIAc0FNcgBVQI2SAHNBTfIAVUCOEgB1Q
156=05yAFVAjpIAcUIO8gBVQI8SQF2e0gCAD3IAVUCPsgBTSY/SAF4aUlkQMgBQVFBSAFka0EE
157=QsgBUSpDSQFGsSpESQFxvQpFyAFdCkZIAc1dR0kB9a0FSEkBsakBSUgB2WlKSQHTtQJLSQ
158=EW5msoAMkBTShVAE5JAdWtBU9JAfipAVBIAdF3UUkBprUCUkgBl2UCAFNJAe+1AlRIAY9d
159=AgBVSQFVaBdmaygAjAVmaygAJ2QNJykAWUwF1QJaKCkAWygpAFwoKQBdKCkAXigpAF9IAY
160=APAgYAEAApkGxRKhHIAVEqEsgBVQITyAFVAhRIAWQ/VQIVyAFVAhZIAc08F8gBVS4YSAHV
161=WhnIAVUCGkgBbAVFCBvIAUUIHEgBbAVVAh3IAVUCHkgB1WUfyAFFCCBIAWwFRVUhyAFVAi
162=JIAdVlI8gBVQIkSAFkCF0KJcgBXQomSAFkCFUCJ8gBVQIoSAFkCFUCKcgBVQIqSAF0WlUC
163=K8gBVQIsSAHVGC3IAVUCLkgBzQUvyAFVAjBIAc0FMcgBVQIySAHFKTPIAVUCNEgBzQU1yA
164=FVAjZIAc0FN8gBVQI4SAHVDTnIAVUCOkgBxQg7yAFVAjxIAXxtSQE9yAFFaz7IAUVrP0gB
165=h0oCAEBIAdVlQUkBYmxSZtkpAGgBUSpDVQJFvVdESAF8bVUjRcgBSQxGSQGyoQRHSQHaqQ
166=FISQH5qQFJSQHdqQFKSAHVAktJAdu1AkxIASe+DSkA0WxOVQL3oQRPSAHdFVBIAcl6UUgB
167=yXpSSAGMaH1tKa9oAgBUVQLwpQhVSAF9bQF9bSkovA3MBWTZJykAWUwFlw0GAFooKQBbKC
168=kAXCgpAF0oKQBeKCkAXygpAGBIAchvAg8AKgBIfCt0cKgBWRERVQJHtQISyAFVAhNJAai1
169=AhTIAU0xFUkBRKEaFkgBxT8XyAFNMRhIAc1dGcgBVQIaSAFsR01oG8gBUQkcSAF0ZVUCHc
170=gBVQIeyAFNPB/IAUUIIEgB3QohyAFVAiJIAc1oI8gBVQIkSAHVDSXIAV0KJkgBfBVVDSfI
171=AVUCKEgBbF1VAinIAVUCKkkBQ7kcK0kBQqkBLEgBwb8tSAHNUi5IAckiL0kBbW8mAgAwyA
172=FRCTFJAWu1AjLIAVUCM8gBQQ80yAFVAjVJAUtvBQYANsgBTTE3SAHdNjjIAVUCOUkBqa0F
173=OsgBRQg7SAHFEzxIAXRlSQw9yAFBBD5IAZNLAgA/SAHZU0BIAcnSQUgBJQEnQkkBYkgMUS
174=pDSAHZHERJAXJUAl0KRUgB2QZGSQHQoSVHSQHRqQFISAHB1UlJAa61AkpJAfqpAUtIAZtT
175=AgBMSAHZdE1JAfuhBE5IAd0VT0gB3RVQSAHNflFIAc0FUkgBzQVTKCkAVEgB2QZVSQFUaB
176=d1cCooFQ4qpHZ2cCoAl5EGAFlMBckBWigpAFsoKQBcKCkAXSgpAF5IAY8QBgBfKCkAYCgp
177=AGFIAYQeAwYADgArAIeMBgAPSAGU9G5zKwDJAREoVQASKCkAE0gBxQgUSAF4dAEEBgAVyA
178=FZqxZIAcVgF8gBRT8YSAHdbRnIAVUCGkgBbAVdbRvIAVk9HEgBbAVVAh3IAVUCHkgBbAVF
179=Px/IAUUIIEgBxWshyAFVAiJIAcVrI8gBVQIkSAFkCF0KJcgBXQomSAFkCFUCJ8gBVQIoSA
180=FkCFUCKcgBVQIqSAHBUStIAd1tLMgBSQwtSAHdbS7IAQEBAgAvSAFtBQJucysAaAFRCTFU
181=AmwFVQIyyAFVAjPIAVUCNMgBVQI1SAFtcwJscyfdBjdUApvBBgA4SQFSsUs5SQGsawECAD
182=rIAU0QO8gBXQo8SAFsc0kBPcgBSQw+SAGMR25zKwDRVkBVAtexYUFIAcVrQkkBYUgMXQpD
183=SAHZlURIAWxzXQpFSAHZBkZIAd3bR0gBxQhISAEnbw4rAK+pDEpUAiURKUtIAcEETEgBJZ
184=UpTUgBwQROSAHV3k9IAckXUEgBm1MCAFFIAc1+UkgBzX5TSAHNBVRIAdkcVUgBbHNJm1ZI
185=AZwKIkcqKwD0ZBNucysA3StZQQSaUR8AZuQrAGgBWQZbVQKZtQJcyAFVAl1JAZe1Al5IAY
186=wQbXMr4X1gVAKbEQYAYSgpAGJIAZQYAgYADQAs+XQOSAHNBQ8oKQAQKCkAESgpABIoKQAT
187=SAGbHAYAFEkBprkRFcgBSTgWSAHdYhfIAV1BGEgB1XAZyAFVAhpIAXxiVXAbyAFFCBxIAW
188=zhVQIdyAFVAh5IAd0KH8gBRQggSAHdbSHIAVUCIkgBfApNRyPIAVUCJEkBRmMwAgAlSQFF
189=qQEmSAFsaFUNJ8gBVQ0oSAF4aVUCKcgBVQIqSQFsZR4CSSosiG9JDCxUAmQISQwtSAF4Bl
190=UCLsgBVQIvSAFhBARkdrgGAQUCADFUAmwJSQwyKCkAMygpADRJAUxEBEU/NUkBUUgBVUQ2
191=SAGLWQYAN0gB2Ug4SQE8YwQCADlIAYixZ3YsAHu1AjtUAmgBVRg8SQF9tQI9yAFVAj5IAZ
192=xBZXYsKMYOLAAlaSlBQAQlPSlCSQFhRAhNG0NJAUKlKURJAXRUAkEaRUgB2QZGSAElXThH
193=SAEnxQ4sr9YCAElUAptTAgBKSAElGSpLSAGAXHbpLADBBE1UAsEETkgBh2sCAE9IAckXUE
194=gBkGxldizlgVJVAqqxFFNIAdkGVEgBiFkiDTksXDFMF3bpLAAjsEhldiz5dFhNBZ9cA00b
195=WUgBeHRNPFrIAV0gW0gBZHZVAlzIAVUCXUgBZHZVAl7JAQNndiwAlnMJBgBgVAKYHGV2LP
196=14YlQCgxoGAGNIAZAfAgYADAAt8XcNSAHBBA4oKQAPKCkAECgpABEoKQASKCkAEygpABRI
197=AckMFUgBaHpR8BbIAUVVF0kBQ7knGEgBfG1dIBnIAU1HGkgB3W0byAFRHxxIAXx4UR8dyA
198=FVAh5IAWwFRQgfyAFFCCBIAXR7VQIhyAFVAiJIAWQIVQIjyAFVAiRJAXB4J354LQBoAVUC
199=JlQCcGxVDSfIAVUNKEgBwXIpyAFVAipIAXx4WQYrSAF4Bk1zLMgBRR4tSAGfKwIALigpAC
200=8oKQAwSAEjSCV+eC0AJRVQMlQCi+gCADNIAXB3Tew0yAFFPzVIAYxzZe8tsGx/eC0AQWAa
201=ZO+pAQF9eC3pZDpYBnB3TRs7yAFVGDxIAXx4VQI9yAFVAj5IAckXPygpAEBIASMkJiKVVS
202=0jQDpRKkJVAmJAD1UNQ0gBwTBESQF4VAJBBEXIAUEERkkBgLUCR0gBJXkrSEgB2WlJSAHJ
203=IkpIAYdKAgBLSAHd5kxIAY9dAgBNSAHZEU5IAd0VT0gBwXJQSAHZBlFIASdVLC0kPCkibT
204=otJKQrImw6xCl9eC2ceEkiVlkGMVwVVS5XSAElDSNYyAFBGlnIAU0FWkgB3UxbyAFBBFxI
205=ASKkNl0gXcgBVQJeSAFoelVEX0gBfHhFCGDIAVUNYUkBV0APTbViSAGUI3x43xUGAGRUAp
206=cjBgALWEvdQQxIAZwgdfQurBsiXC0nKQAPKIEAECgpABEoKQASSAGDMAYAE0gB0QkUSAGQ
207=KiJfLS4Ap6UTFlQCaAFBGhdJAUT2ey4AdHtBGhlUAmgBRUoayAFdIBvIAVkGHEgB1SMdyA
208=FVAh5IAXR7RQgfyAFFCCBIAXBLVQIhyAFVAiJIAXQuVQIjyAFVAiRIAWh6VQIlyAFVAiZI
209=Adl0J8gBQTAoSAGbHAIAKSgpACooKQArKCkALCgpAC0oKQAuSAGMJiJdLS6gcnX0LnkkAE
210=UeMUAEjwECADJJAYdAJVkcM8gBlnsuAJtTBgA1VAKYEXR70Al1ey6Ue00FOEEEQVQJQRo5
211=SAGIQ3T0zzwCADtUAocIAgA8KCkAPSgpAD4oKQA/KCkAQCgpAEFIAWh6WSdCyAFVDUNIAc
212=EwREgBdHtBBEXIAUEERkgBdHtVAkfIAVUCSEgBjEd29C4AJZk6SlQCIwQidXsu7exMVALN
213=7E1IAc0bTkgBwRpPSAHRCVBJAatEKV0rUUgBJQ0uUkgB3YNTSAHZBlQoKQBVSAGDZwIAVk
214=gBdHtRQFdIAY9oAgBYSAFwH10KWcgBAQECAFpIAd1MW8gBTRtcSAF8V0UeXcgBVQJeSAEi
215=nCpFCF/IAUUIYEgBYH1VDWFJAZRIOJZ7LgCcFXV7Lu33ZEAEh0oGAGVIAZvBBgAKIdg2kB
216=Rtfi/1ewxUApgcbH4nVQAOKFUADygpABAoKQARSAEjkyMGABJIAZgybX4vvMUiZC4nMQEV
217=QASPJgYAFkkBp0gXUfsXyAFBGhhIAWR2RR4ZyAFFHhpIAXh/VSMbyAFVIxxIAc0mHcgBVQ
218=IeSAFsBUUIH8gBRQggSAF0LlUCIcgBVQIiSAHdKyPIAVUCJEkBcUQTTQUlyAFVAiZIAZcj
219=AgAnKCkAKCgpACkoKQAqKCkAKygpACwoKQAtSAHVTy5JAQ61Ty9IASOwJ21+L2QQr34vAI
220=dBBARsfqgBQSUzTAV0AgEGBQA0ygEHBUx+J9UFNlQCiAxvfi8ARHgJZPqoAUEaOUAEgEZs
221=fsQ0bH4nKQA8QATFHj0oKQA+KCkAPygpAEAoKQBBSQF8dA0itlkvAGgBVQ1DVQJotQJEyA
222=FVAkVIAWg4SS1GSAEiYHVJAUfIAUEESMgBRT9JSAHV9EpIAcUTS0gB1QJMKCkATUgBwQRO
223=KCkAT0gBiyICAFBIASVhPlFJAadcK0EPUkgB1YZTSAHVhlRIAdEJVSgpAFZIAcEPV0gBwQ
224=RYSAFsfl0VWcgBTVJaSAHdTFvIAU0bXEgBzV1dyAFVAl5IAWwFRQhfyAFFCGBIAdniYUgB
225=bH5BBGLIAV38Y0kBmHwrZvovAGkBAW5+LwAiHDBdg2ZABGgBVwIJADAm6S4KSAGIF2WBMC
226=gkECcpAA0ogQAOKCkADygpABBIAdl/EUgBI5gkZIEniQETVALJDBQoKQAVSAGMMWeBMACm
227=qRcXVAJoAV0gGEgBdCNZHBnIAV0gGkgBaMdRNRvIAU0FHEgBbCZVAh3IAVUCHkgBZIFFCB
228=/IAUUIIEgBZIFUAgohADAAPwEAAAMCACIAEQAAbBAAIAgwAD0BAAACAgAjAKgBAQMCACRI
229=AQVxAAAAAgIAJcgBVQImSgHtAXoCACdJAfKpASgoKQApKCkAKkgBzQUrKCkALCgpAC1JAf
230=ClCC5JAQ5IAVUNL8gBVQ0wSAFMDVIQADFJAYdABAEIAgAyyAEBCQMAM8gBAQoEADTIAQEL
231=BQA1SQH2TAUBAAYANkgBjxAGADdJAfG1AjhJAURACwEEBgA5yAEBBQIAOkgBmwYCADtIAZ
232=sGAgA8KCkAPSgpAD4oKQA/KCkAQCgpAEFJAXxIDEEaQsgBQRpDSQFotQJEyAFVAkVJAT5E
233=E00FRkkBdUAEVQJHyAEBBAIASMgBURRJSAHFE0ooKQBLKCkATCgpAE0oKQBOKCkATygpAF
234=BJAe9ADwEAAgBRKCkAUigpAFNIAdUNVEkBXkQTTQVVyAEBAQIAVkkBWbUCV8gBVQJYSQFf
235=tQJZyAFVAlpIAd1MW8gBWRxcSQE8TBBRH13IAVUCXkkBRFQCVQ1fSQFDqQFgSQFCqQFhSA
236=HVAmJJAZRUDVUjY0kBmEgBUQlkyAFRCWVJAZm1AmbIAVUCZ0kBmrUCCFlL938KBgAJSAGH
237=HgYACigpAAsoKQAMKCkADSgpAA4oKQAPSAGXWgYAEEkBrL0KEUkBpakBEkkB+qkBE0gB1Q
238=0UKCkAFSgpABZIAdFWF0kBplwVUVYYyAFFHhlJAUZzCQIAGkkBOkgBUR8byAFZHBxIAdUu
239=HcgBVQIeSAFsBV0rH8gBRTQgSAFsMVUCIcgBVQIiSAF4U1UCI8gBVQIkSQFyWBFVAiXIAV
240=UCJkgBkR8CXYMxeANxdyhUAo8BAgApKCkAKkgBnyACACtIAc2JLCgpAC1JAfRAGkkMLkgB
241=fINRYS/IAVEfMEgB3QoxSQH+rQUySQEdeAJ+gzEAiAF/gzEA/2AEfoMxAIB9foMxAMEwN1
242=gGixcGADhJAUNkCH6DMQBoAU0bOlQC3RU7SAGYBnyDxwgCAD0oVQA+KCkAPygpAEAoKQBB
243=KCkAQigpAENJAWRjDwIARMgBQQ9FSQE9axcCAEbIAVUCR0kBd60FSMgBVQJJSQFbtQJKyA
244=FVAktJAVq1AkzIAVUCTUkBXbUCTsgBVQJPSAHNG1AoKQBRKCkAUkkBerkGU8gBWQZUSAF8
245=g1VPVckBA36DMQB8g1UCV1QCaAFVAlhIAXyDVQJZyAFVAlpIAc1SW8gBXQpcSQE7sR9dyA
246=FVAl5JAUW1Al9IAdUjYMgBQQRhSAHRCWLIAVUCY0gBzQVkyAFVAmVIAc0FZsgBVQJnSAHN
247=BWjIAVUCB1jPyYUISAGAJXWGMvlICihVAAsoKQAMKCkADSgpAA4oKQAPSAHVTxBJAa9vGw
248=YAEUkBp6kBEkkBqqkBE0gB3VcUSAHNEBUoKQAWSAHRCRdJAVhzNQYAGEkBqakBGcgBQRoa
249=SAHZHBvIAVUCHEgB1S4dyAFVAh5IAWAlXTYfyAFdNiBIAXSGVQIhyAFVAiJIAXSGVQIjyA
250=FVAiRIAXSGVQIlyAFVAiZIAZwVdYYyaBS0hicpAClBBIRQH00QKsgBRQgrSAFEAm0FLCgp
251=AC0oKQAuSQFyWAZBiC/IAV0FMEgBWAB5BjFJASV8DSJVITKohXSGyAF1hjIo1hAyAJh/do
252=YyAJiVIlQhJykAOFAJzbU5SQFDXApNtTrIAVmVO0gBhAh0htgGdIYnKQA+QASXOQIAPygp
253=AEAoKQBBKCkAQkkBZUgMTRtDyAFRGkTIAVUjRUgBYDtJAUbIAQEDAgBHSAF0hlUCSMgBVQ
254=JJSAF0hlUCSsgBVQJLSAF0hlUCTMgBVQJNSAF0hlUCTsgBVQJPSQFcuRFQSAFgBEUTUcgB
255=RRNSSAF0hlkGU8gBWQZUSAF0hl26VcgBQSVWSAFoF0UIV8gBRQhYSAF0T1UCWcgBVQJayA
256=FdClvIAV0KXEgBfFdVAl3IAVUCXkgB0eVfSAFoDEEEYMgBQQRhSAFoDFUCYsgBVQJjSAHN
257=BWTIAVUCZUgBzQVmyAFVAmdIAc0FaMgBVQJpSAHMBQEGADMAwYgHSAGbPQYACCgpAAkoKQ
258=AKKCkACygpAAwoKQANKCkADkgBzVIPSAHdChBIASOEJ26JMwDJARIoVQATSAHNBRRIAcUI
259=FSgpABYoKQAXSAHBXBhJAad7PQYAGcgBTTEaSAHRHxvIAVEfHEgBzTEdyAFVAh5IAWwFVT
260=kfyAFFCCBIAWAlVQIhyAFVAiJJAT+9eCPIAVUCJEkBdGwQIoYyMwBoAVUCJlQCJdEgJ0gB
261=fANRCShIAWCIQQ8pyAFJTirIAQEFAwArSQEecwUDACwoKQAtSAFMQQIAAAMALkkBc28QAw
262=AvyAEBAQMAMEkBIrkGMUkBIakBMkgBmIptiTO4im+JMwAkYAQiBCIBMwAIAk8BBQA2TQUJ
263=qQE3SQEoUAIBAAUAOEkB+HQNIgYiMwDFuDpVAkdjBAYAO8gBAQEGADxJAUa1Aj3IAV0gPk
264=gB0Y0/SAGDOwIAQCgpAEEoKQBCSQFlRAhVI0PIAVUjRMgBQXJFSAFovEUpRsgBSQxHSAHZ
265=MkjIAVUCSUgBzQVKyAFVAktIAXg9VSlMyAFVDU1IAWiFVQ1OyAFVDU9IAWyJWQZQSAFgBF
266=kGUcgBWQZSSQFgXBVZEVPIAU0FVEgBaAxVAlXIAVUCVsgBRQhXyAFFCFhIAXxMVQJZyAFV
267=AlpIAcUIW8gBRQhcSAFsBV0KXcgBVQJeSQFFZzQCAF9JAT6pAWDIAUEEYUgBeF5ZBmLIAV
268=UCY0gBzQVkyAFVAmVIAc0FZsgBVQJnSAHNBWjIAVUCaUgBzQVqyAFXAgUANPmKBkgByXoH
269=KCkACCgpAAkoKQAKKCkACygpAAwoKQANSAGbaQYADkkBsnscBgAPSAElBSIQSAGQS2WMNC
270=YVJBJUAs0QE0gBk/sGABRJAbClCBVJAaipARZIASVlIxdIAd0KGEgB0Y0ZSAFwjVXpGsgB
271=VUQbSAHBMBxIAcU0HcgBSSIeSAF0OU08H8gBTTwgSAFsBVUCIcgBVQIiSQFLZ0oGACPIAU
272=VrJEgB3W0lyAFVAiZJAUmtBSfIAVUCKEgBZIwBBgYAKcgBAQcFACrKAQgER4w0AB55BgRG
273=jDQAl4YEAC1BBP19IARHjDQAsqEEL1QCagEBBEeMNAAmdwIDADFUAtmKMkgB2QYzSAGYim
274=eMNAAgbwUEADVUAo2JBEWMNG0CAFmKN1QCXFFpAThIAZyDZ4w0APNvEAYAOlQCyQE7SAHB
275=MDxIAcmQPUkBSHsJBgA+yAFRHz9IAckiQMgBVQJBSQGvrQVCyAFZMkPIAUEwREgB3fFFSA
276=F0hlUCRsgBWTJHSAFkjFUCSMgBVQJJSAHNBUrIAVUCS0kBPncYAgBMyAFVDU1IAdVlTsgB
277=VQJPSQFErQVQSAFkjEmQUcgBUUtSSAFkjEEPU8gBSQxUSAHFSlXIAVUCVkgBwQ9XyAFJDF
278=hIAcEPWcgBVQJaSAHFCFvIAUUIXEgBzVJdyAFVAl5IAdEUX0gBaAxZEWDIAUEEYUgBaAxV
279=AmLIAVUCY0gBzQVkyAFVAmVIAc0FZsgBVQJnSAHNBWjIAVUCaUgBzQVqyAFVAmtIAWgXXE
280=d4SyUMI2zZwX0GUE7JAQcoKQAIKCkACSgpAAooKQALKCkADEgByYUNSQGuZDR/jjUA+6kB
281=D1QC1ZEQSAHVkRFIAclZEkgB1ZETKCkAFEgB1VoVSAElFSQWKCkAF0gByRcYSAHNEBlIAd
282=leGkkBqKlZG8gBVTkcSAHdNh3IAUElHkgBcCpBJR/IAU0FIEgBcCpVAiHIAVUCIkgBfY4C
283=fY415bgkVALRFCUoKQAmKCkAJygpAChIAdl0KUgBaZAKfo41AGoBCwVdjjW9jgVdjjVEkl
284=gYfY416ZAuWAZwjQECBAAvyQEDf441AM5IBUmQMVQC0Y0ySAEjkSMESM/cCn2ONSKeWAAA
285=YkM1AIyUfY41XAdLAAUAN1gGI3RGImcjNQAnUAJVkTlVAgkk6SM6SAGblQUAO0gBzcA8SA
286=HdID0oKQA+KCkAPygpAEAoKQBBSAHJIkJIAWiQScdDyAFVe0RIAcnHRUgB2TJGyAFZMkdI
287=Ac1dSMgBVQJJSAF4PUk4SsgBVQJLSAF4PVVwTMgBUUBNSAF8ClUCTsgBVQJPSAHJelBIAc
288=kMUcgBUQlSSAHJDFPIAVUCVEgBaAxBD1XIAVUCVsgBSQxXyAFJDFhIAcEPWcgBVQJaSAHF
289=CFvIAUUIXEgBbAVdCl3IAVUCXkgBJWlVX0gBfK9BBGDIAUEEYUgBfK9VAmLIAVUCY0gBzQ
290=VkyAFVAmVIAc0FZsgBVQJnSAHNBWjIAVUCaUgBzQVqyAFVAmtIAWAlWRxsyAFBGgNY2siQ
291=ZE3QdyI4LcgBIpQ+yQEHTAXJAQgoKQAJKCkACigpAAsoKQAMSAHFgQ1JAbGpkA5JAbWpAQ
292=/IAUndEMgBXXgRyAEBAwYAEsgBVU8TyQEFIhYkNgBkCAEGBgAVVALFlxZIAdEUFygpABgo
293=KQAZSAHRYRpIAcFcG0gBYJNJDBzIAUFcHUgB3UweSAFkP1knH8gBWScgSAFkP1UCIcgBVQ
294=IiSQFUbHN2kTYA1XAkVALFEyVIAdmrJigpACcoKQAoSAHNBSlIAd0VKkkB9a0mK0gB2X8s
295=SQEjdw0FAC1IAUDwYYguSAHRjS9IAWiQlZE2lJEBBAQAMdQCAQUEADJIASXpIzNIAYCIdZ
296=E2vMVt0zYkzDtiQzYAjCZ1kTYmITY4WAbNEDlIAXQRQZM6aAGhkztIAd0gPEgBzRs9KCkA
297=PigpAD8oKQBAKCkAQUgB2UhCSAEiCF8BAAYAQ8gBQVxESAHRNUVIAdkyRsgBWTJHSAHFYE
298=jIAVUCSUgBaIVJOErIAVUCS0gBxWtMyAFJDE1IAcVrTsgBVQJPSAHZoFBIAckMUcgBUQlS
299=SAHJDFPIAVUCVEgBxUpVyAFVAlZIAcEPV8gBSQxYSAHBD1nIAVUCWkgBxQhbyAFFCFxIAd
300=EfXcgBVQJeSAEljShfSAFoDEUeYMgBQQRhSAFoDFUCYsgBVQJjSAHNBWTIAVUCZUgBzQVm
301=yAFVAmdIAc0FaMgBVQJpSAHNBWrIAVUCa0gBaBdNn2zIAUEabUgBaBdVAgJQ3cGTA0gBwU
302=YEKCgAfE/UAiL4UMkBByiBAAhIAdFsCSgpAApIAc0FCygpAAwoKQANSAGAXCLFJDeFjAci
303=pDapAQgiNGqpAQkipDapAQpslKgBAQsGABNECGGTDGyUtQINbpQ3ACWhJRZABNmVF0kB7a
304=l6GCgpABkoKQAaSAHZXhtIAdleHMgBTSYdSAElMW8eSAFgMFknH8gBQQQgSAFgMFUCIcgB
305=VQIiSAFslFGuI0gBzXMkSAHVDSVIASWROSZJAaixFCdJAaapAShIAdkGKUgB2QYqSAHBky
306=tIAdGCLEgBlJFvlDcABnCCIqc2NwC4bIUixCSpAQEixSQ3jZQHbJSpAQhvlDcAAkAPQQQz
307=UAnZlTRIAdmVNUgBmBFtlDckAD1tRDckTDYixiQ3AJenBQA5TAV8Do6UNwBEIyIpNztUAo
308=QIIixIxwgGAD1UAsU0PkgBxUo/KCgAB0AANwDtAQAAAAYRAABMEAAgCgBBADcA7QEAAAAG
309=AEJLAfEBAGkBQ0kBpkQBAQQGAETIAQEFAgBFSQE6YwQCAEbIAQEBAgBHSQE+tQJIyAFVAk
310=lJATu1AkrIAVUCS0kBP1QCAQICAEzIAQEDAgBNSQE8tQJOyAFVAk9JAURUAgEAAgBQSAHJ
311=DFHIAVEJUkgByQxTyAFVAlRIAWgMWQZVyAFVAlbIAUEPV8gBSQxYSAHBD1nIAVUCWkgBxQ
312=hbyAFFCFxIAWwFXQpdyAFVAl5JAUWxFF9JAT2pAWDIAUEEYUgBzSZiyAFVAmNIAc0FZMgB
313=VQJlSAHNBWbIAVUCZ0gBzQVoyAFVAmlIAc0FasgBVQJrSAFgJVkcbMgBQRptSAFgJVUCbs
314=gBVAICAQA4APt9FQZLGjgA7akBA1QCyQEEKCkABSgpAAYoKQAHSQHwuQYISQGwqQEJSQGm
315=qQEKSQH2qQELSAHdCgwoKQANSAHFCA5JAbVMBQEOBgAPyAEBDwYAEMgBARAGABHIAQERBg
316=ASyAEBEgYAE8gBARMGABTIAQEUBgAVSQH5UAlVWhZJAbKpARdIAdkRGEgB2REZKCkAGigp
317=ABtJAfG5BhxIAdFhHcgBUWEeSAF0RFEqH8gBUSogSAF0RFUCIcgBVQIiSQFWWGlZESNIAc
318=0QJEgBzRAlSQHztQ0mSQH1qQEnSQGtqQEoSAHZBilJAfC1AipIAUgRAgAABQArSQEnawwE
319=ACxKAQkCTwEEAC1JASNEAQEABAAuSQG4SAEBAgQAL8gBAQMEADBIAYMlBAAxSQECXApVAj
320=LIAQEEBAAzSQH9VAJFCDRIAUlFAEkBNUkB+ncCBQA2SAGZEQVLSzgAIUgMWRE4VQIiqQE5
321=SAGHCAUAOkgBhwgFADtIAcEaPEgB3SA9SAGTCQYAPkgBxUo/SAHFSkBIAYEPBkSXJ9EKQl
322=QC2QZDSQGnYA9mlzgAaAFdYkVUAnRlWTJGyAFZMkdIAdVlSMgBVQJJSAHVZUrIAVUCS0gB
323=1XBMyAFdCk1IAXwKURpOyAFVAk9IASfmEjgAyQxRVAJoAVEJUkgByQxTyAFVAlRIAcVKVc
324=gBVQJWSAHBD1fIAUkMWEgBwQ9ZyAFVAlpIAcUIW8gBRQhcSAHNUl3IAVUCXkgB0RRfSAFo
325=DFUjYMgBQQRhSAFoDFUCYsgBVQJjSAHNBWTIAVUCZUgBzQVmyAFVAmdIAc0FaMgBVQJpSA
326=HNBWrIAVUCa0gBaBdFKWzIAUEabUgBaBdVAm7IAVUCb0gBfApUAgECADkA3UEDSAHZSAQo
327=KQAFKCkABigpAAcoKQAISAHBfQlIAd1tCkgB2VMLSAHdCgxJAfJ7XgYADUgByU4OSAFllx
328=VmlzkAaQEWZJepARdkl6kBGGSXqQEZZJepARpkl6kBG2SXJ0EDFl0K77UNF0gBwQ8YKCkA
329=GUgBxRMaKCkAG0kB9LkGHEkBorFhHcgBWSceSQFGYwQCAB8oKQAgSQFLrQUhyAEBAQYAIk
330=kBUbUCI0kB9nsGBgAkSAHRHyVJAay1AiZJAaSpASdJAampAShIAdkGKUgB2QYqSAEn5xI5
331=AAS5lSxVAvt4BmeXOQD1qQEuVQIRqQEvyQEBZ5c5APi1AjFVAgJIAQEGBAAyyQEHZpc5AH
332=QCAQgEADRVAiR3GAQANUkBKKkBNkgBhAhnlzkA/kQIh5c5ACZgBGZHOQBIU3mrOk0FJbUC
333=O0gBwRo8SAHZMj1IAc0xPkgBxUo/SQGvfwoGAEBJAaapAUFIAcUIQkgB2QZDSAHZBkRIAW
334=SXAQQGAEXIAVElRkgBJa0hR0gB1WVIyAFBO0lIAdVlSsgBVQJLSAF0ZV14TMgBURpNSAHV
335=cE7IAVUCT0gByQxQSAHJDFHIAVEJUkgByQxTyAFVAlRIAWgMQXJVyAFVAlbIAUEPV8gBSQ
336=xYSAHBD1nIAVUCWkgBxQhbyAFFCFxIAWwFXQpdyAFVAl5JAUNnKQIAX0gBbKpBBGDIAUEE
337=YUgBeKtVAmLIAVUCY0gBzQVkyAFVAmVIAc0FZsgBVQJnSAHNBWjIAVUCaUgBzQVqyAFVAm
338=tIAWAlWRxsyAFBGm1IAWAlVQJuyAFVAm9IAXgcVQJwyAFVAgNB4/phGgZJ6zomJCZ45clD
339=BkAEyQEHKCkACEgB2WkJSQGxpQgKSAHRCQtIAcEEDEgBJRUkDUgB1U8OSAHFjA8oKQAQKC
340=kAESgpABJIASWJIhNIAdkGFEgB0VYVSgH//09kBgAWSAGHawYAF0gB2fgYSQGqsRQZSAHN
341=EBpIAdEUG0gBxQgcSAFklwECBgAdyAFBJR5IAXgnQTsfyAFBMCBIAWSXTQUhSQH3qQwiSA
342=HRFCNIAdknJEgB1Q0lSAHNcyZJAaW5BidIAcUIKEgB2QYpSAHZBipIAVBxcYIrSAGIhSLO
343=JToASBEibSQtVQIiWCBNOS5IAWSXI84lOgBpAQNmlzoAkB8iziU6AJgnZZc6mZUKZ5c6AM
344=SlCDRECGgBQZ41SAFAH2kMNkgBnCtllzpYsVAFIoouOgCIm2aXOgDVGDpMBd0gO0gBxcM8
345=SQGupR49SAGYESLMJSf1CT9UAoQTZpc6ANFLQVQCzQVCSAHVI0MoKQBESAHZBkVJAahAEw
346=EABgBGyAFFJEdIAdVlSMgBQTtJSAHVZUrIAVUCS0gB1XBMyAFFCE1IAdVwTsgBVQJPSAHR
347=2lBIAckMUcgBUQlSSAHJDFPIAVUCVEgBZEpBclXIAVUCVkgBwQ9XyAFJDFhIAcEPWcgBVQ
348=JaSAHFCFvIAUUIXEgBZJddCl3IAVUCXkgBJ80lOiZhKGBUAnQNQQRhSAFoDFkGYsgBVQJj
349=SAFgBFUCZMgBVQJlSAHNBWbIAVUCZ0gBzQVoyAFVAmlIAc0FasgBVQJrSAFoF1VKbMgBQR
350=ptSAFoF1UCbsgBVQJvSAF8ClUCcMgBVQJxSAF8ClcCBAA7JiUmBUgByUMGKCkABygpAAgo
351=KQAJSAHBRgpIAc1SC0gB3UwMSAHdVw1IAd0KDkgBxe8PKCkAECgpABFIAcV2EkgBzZ8TSA
352=HRoxRIAdFhFUgB3Y4WSAHBDxdIAcEPGCgpABlIAc0QGkgByQwbSAHFCBxJAaO5Xh3IAUEl
353=HkgBaC1JOB/IAUEwIEkBVK0FIUgBwQ8iSAHJDCMoKQAkKCkAJUgBzSYmSAHNcydIAc0bKE
354=gB1SMpSAHRFCpIAZiVIrY4OwBIEXGYLFQCm5UFAC1IAYAEIrU4OyToIyK2ODsAgARllzso
355=5hI7AJgnZJdQCU2JDWWXO4SXQZ40UAlkl0GeNUgBRESkl9REZZc7JIQnZpc7AIAEZJfIDG
356=7eOwDJFztECCWVKTxIAc21PUgBzSY+SAHNJj9IAdEfQEgByThBSAHBBEIoKQBDKCkARCgp
357=AEVIASPsKWaXOwBwmAEEBgBHVAJoAVG/SEgB3XhJSAHFYErIAVk9S0gBdGVNLEzIAVk9TU
358=gBbAVVAk7IAVUCT0gBJ84lOwB0RE0hUVQCaAFRCVJIAcFyU8gBVQJUSAFoDE0FVcgBVQJW
359=yAFJDFfIAUkMWEgBwQ9ZyAFVAlpIAcUIW8gBRQhcSAFsBV0KXcgBVQJeSAHRFF9IAXirQQ
360=RgyAFBBGFIAXirVQJiyAFVAmNIAc0FZMgBVQJlSAHNBWbIAVUCZ0gBzQVoyAFVAmlIAc0F
361=asgBVQJrSAF0I1kcbMgBQRptSAFgJVUCbsgBVQJvSAF4HFUCcMgBVQJxSAF4HFUCcsgBVw
362=IFADzxmAZIAcFGBygpAAgoKQAJSAHZUwpJAbFEYEndC0gBzVIMSAHFCA1IAc0FDkgByVkP
363=SAElSTAQSAHBiBFIAcUIEkgBwX0TSQGyqQwUSAHNBRVIAd38FkgB1Q0XKCkAGCgpABlIAd
364=1iGigpABtIAc1dHEgBZZcCIs4lPABoAUkiHlQC2TIfyAFBMCBIAWSXAQEGACFIAd0VIkgB
365=zRAjKCkAJCgpACUoKQAmSAHNGydJAbCtGyhIAckiKUgB3QoqSAHdeCtIAdkGLEkBBiLgOG
366=WXPCQvUwUALlQCgxoFAC9IAYAEZ5c8APxoDCLNJTxMFlSuZZc8JtUmM00FcqEENMgBI84l
367=PAAj2zcEADZUAiVxSzdIAUQjdac4SAGABGWXPLCjZZc8sKN73zwAq3wKfkk8ACfkEietAD
368=5ECMlDP0kBrq0FQEgB0blBSAHRKkIoKQBDKCkAREgBiLEitzg8AFJIG0FRRlUCrGgBIoZe
369=PABoAV02SNQCWV5JSAHFYErIAVEaS0gB2T1MyAFZBk1IAdVwTsgBVQJPSAHZoFBIAcFyUc
370=gBUQlSSAHBclPIAVUCVEgBwXJVyAFVAlZIAcEPV8gBSQxYSAHBD1nIAVUCWkgBxQhbyAFF
371=CFxIAcEaXcgBVQJeSAElYShfSAFoDFEfYMgBQQRhSAFoDFUCYsgBVQJjSAHNBWTIAVUCZU
372=gBzQVmyAFVAmdIAc0FaMgBVQJpSAHNBWrIAVUCa0gBaBddpGzIAUEabUgBaBdVAm7IAVUC
373=b0gBfApVAnDIAVUCcUgBfApVAnLIAVUCc0gBYDBXAgYAPfGYB0gBzUcIKCkACSgpAApIAc
374=VrC0gBzQUMKCkADUgB2VMOSQGvuVMPSQGnqQEQSQGqqQERSAHFdhJIAdEJE0gByQwUKCkA
375=FUgBwQQWKCkAFygpABhIAcEPGUgBwZ4aKCkAGygpABxJAaRsXWaXPQBoAUkiHlQCeCdBOx
376=/IAUEwIEkBU60FIUgB0WwiSAHRoyMoKQAkSAHRFCUoKQAmKCkAJ0gB1ZEoSAHNwClIAd0g
377=KkgBxQgrSAHBGixIASOgJWaXPQBUEm2JLlQCI6AlZZc9JBBKZZc97ZQxQASQjWWXPbOYBQ
378=AzVQJzYzAFADTIAQEBBQA1SAFAH30KNkgBmAYizSU9Jl04OFQC2TI5SAHFEzpIAcmxO0gB
379=zTw8SQGpaAxpSz31nD5UAtkGP0gB1ZxASAHFuEFIAd0gQkgB3SBDSAHZBkRIAdmVRUkBPX
380=gyImxx0BRnlz0AZrUCSEAEaAFBO0nIAV0bSkkBRmcTAgBLSAHZPUzIAUErTUgBdGVNBU7I
381=AVUCT0gBJQlJUEgB0ZhRSAHVAlJIAdUCU0gB1QJUSQFCtQ1VSAHVAlZIAcEPV8gBSQxYSA
382=HBD1nIAVUCWkgBbAVZdFvIAUEaXEgBbAVVAl3IAVUCXkgBJ80lPSZhKGBUAmB9QQRhSAF4
383=q1kGYsgBVQJjSAFgBFUCZMgBVQJlSAHNBWbIAVUCZ0gBzQVoyAFVAmlIAc0FasgBVQJrSA
384=Fkl0UpbMgBQRptSAFkl1UCbsgBVQJvSAF4HFUCcMgBVQJxSAF4HFUCcsgBVQJzSAFsEFUC
385=dMgBVwIHAD7xmAhIAc1HCSgpAAooKQALKCkADCgpAA0oKQAOSAHNXQ8oKQAQKCkAEUgByQ
386=wSKCkAEygpABQoKQAVKCkAFigpABcoKQAYKCkAGUgBwQ8aSAHJhRtIAd2ZHEgBeJUjzSU+
387=hJdRHx5UAmgtSTgfyAFBMCBJAVNQYSPOJT4A2XQiVAIl1V0jSAHJbyRIAcmbJUgBzRsmKC
388=gABCcAPgDtAQARAADGDwAgCAAABgAoAD4A7wEAaAECKQA+AO2pASooKQArKCkALEgBzQUt
389=SQHxrQUuSgEFAkcIBQAvSQEhRAEBAAUAMEkBArUCMUkBIrUCMkkB/3sGBQAzSQEHawEGAD
390=TIAQEBBgA1SQH3tQI2SQHzqQE3SAHFEzgoKQA5KCkAOkgBzQU7KCkAPEgB3RU9SAHFCD5J
391=AfC9Cj9JAa+pAUBJAampAUFJAfapAUJIAdkGQ0gB2QZESQFAYxoGAEXIAQEBAgBGSAGbBg
392=IAR0kBZkAEAQMCAEjIAQEEAgBJyAFRJUpJAW1ABAEAAgBLyAFFCExJAWu1Ak3IAVUCTkkB
393=arUCT8gBVQJQSAHNBVHIAVUCUkkBaa0FU8gBVQJUSQFotQJVyAFVAlZJAUR7HAIAV0kBQ6
394=kBWEkBQqkBWUgB1QJaSQE/VAJFOlvIAU0bXEkBPLUCXcgBVQJeSAHdCl9JAT2hBGDIAUEE
395=YUkBOrUCYsgBVQJjSAHNBWTIAVUCZUgBzQVmyAFVAmdIAc0FaMgBVQJpSAHNBWrIAVUCa0
396=gBaBdJLWzIAVEfbUgBaBdVAm7IAVUCb0gBfApVAnDIAVUCcUgBfApVAnLIAVUCc0kBPlQY
397=VQJ0yAFVAnVJATu0AgIIAD8A+msBBgAJSAHZSAooKQALKCkADCgpAA0oKQAOKCkADygpAB
398=AoKQARKCkAEigpABMoKQAUKCkAFSgpABZJAfKlExcoKQAYSAHRFBlIAcEEGkgB1QIbSQH1
399=uQYcSQGlZ0oGAB3IAVEfHkgBaCJVRB/IAUEwIEkBVa0FIUkB+aUIIkgByW8jSQGitQIkSQ
400=GmqQElSAHZJyZIAc0QJygpACgoKQApSAHdFSooKQArKCkALEgBxQgtSAHdeC5JASZkE2eX
401=PwAlqQEwVAJkAVGjMUgBwQQySAHBBDNIAWWXAmaXPwBpAQNnlz8A+KkXNkEEsqkBN0gB1R
402=g4SAHNEDlJAfShBDpJAbCpATtIAdEfPEgB2QY9SAHNGz5IAcUIP0gByZtAKCkAQUgBwQRC
403=KCkAQ0gB1Q1ESQFAUBtJF0XIAUU0RkgBJ+USP6zAZ5c/AHxNBQBkl6gBTTxKTAVkl008S8
404=gBRQhMSAF0kVUCTcgBVQJOSAFkl1UCT8gBVQJQSAHNBVHIAVUCUkgBZJdNBVPIAVUCVEgB
405=ZJdVAlXIAVUCVkkBRWwmZJdEIakBWFQCYH1RFFlIAdV7WsgBVQJbSAHBk1xIAcmbXUgBwZ
406=5eSAHVAl9IAWhZUR9gyAFFCGFIAdV7YsgBVQJjSAHNBWTIAVUCZUgBzQVmyAFVAmdIAc0F
407=aMgBVQJpSAHNBWrIAVUCa0gBYBpRH2zIAVEfbUgBbBtVAm7IAVUCb0gBZJdVAnDIAVUCcU
408=gBZJdVAnLIAVUCc0gBbBBVAnTIAVUCdUgBbBBVAnbIAVcCCQBA8ZgKSAHRSwsoKQAMKCkA
409=DSgpAA4oKQAPKCkAECgpABEoKQASKCkAE0gBzV0USAHVDRVIAcV2FkkBrHs9BgAXSQGqqQ
410=EYSAHJbxlIAclvGkgB1QIbSgH//09ZBgAcSQGiRAFVex3IAUktHkgBySIfyAFRHyBIAWSX
411=AQEGACFIAYtkBgAiSAEl6SMjSAHRmCRJAae5ESVIAcUTJkgB2QYnSAHBGihIAcEaKUgB2X
412=8qSQGkpQgrSAHFgSxIAcWBLUgB1SMuSAHZfy8oKQAwKCkAMSgpADJIAd0VM0gBeZUEZZdA
413=hZcFZpdAANEUNkAEzQU3SQGuuRE4SAHFKTlIAd0rOkgB0bk7SAHdIDxIAdUYPUgB1Rg+SA
414=HVGD9IAd0gQCgpAEEoKQBCSAHZlUNJAVKxNURJATxrAQIARUgBI4woIs0lQPmVR1QCnApl
415=l0CEl0lZSVQCcJhVOUpIAWWXBCLOJUAAaAEBBQIATFQC2QZNKCkATigpAE8oKQBQKCkAUS
416=gpAFIoKQBTKCkAVEgBIggoQYhVyAFdTFbIAUUTV0gB1XtYyAFRFFlIAdV7WsgBVQJbSAFs
417=c1EJXMgBUQldSAFwVlUCXsgBVQJfyAFJDGDIAUUIYUgBZAhVAmLIAVUCY0gBZAhVAmTIAV
418=UCZUgBzQVmyAFVAmdIAc0FaMgBVQJpSAHNBWrIAVUCa0gBdJFFE2zIAUUTbUgBdJFVAm7I
419=AVUCb0gBfApVAnDIAVUCcUgBfApVAnLIAVUCc0gBbCZVAnTIAVUCdUgBbCZVAnbIAVUCd0
420=gBzxAKAEHxmAtIAZs9BgAMKCkADSgpAA4oKQAPKCkAECgpABEoKQASSAHdeBNIAdVlFEgB
421=zV0VSAHBBBZJAbG5aRdIAZ9XBgAYSAHZERlIAcl6GkgB2QYbSAEn5hJBAGSXTfcdVAJoAU
422=ktHkgB2ScfyAFRHyBJAVR0ZWWXQfV7IlQC1Q0jSAHVDSQoKQAlKCkAJkgBzQUnKCkAKCgp
423=AClIAcmFKkgB2X8rSAElLScsSAHFgS1IAcWiLkgB0Y0vSAHJDDBIAcmbMUgB1QIySAHdID
424=NIAWWXBmWXQYWXB2SXJ20DNkAEzQU3SQGtqS04SAHNMTlIAcUeOkgByQw7SAHVGDxIAdUY
425=PUgB0bk+SAHJFz9IAckXQEgBxQhBSAHZlUJJATq1LkPIAU0xREgBmD1ll0H5lUZUAoQIIr
426=Y4QQCQH2SXJykASUAE1QJKSAHNBUsoKQBMKCkATSgpAE4oKQBPKCkAUCgpAFEoKQBSKCkA
427=UygpAFRIAWSXUUtVyAFJplbIAUmmV0gBxWtYyAFZHFlIAdV7WsgBVQJbSAF8eEWMXMgBXQ
428=pdSAFwVlUCXsgBVQJfSAHVe2DIAUUIYUgB1XtiyAFVAmNIAc0FZMgBVQJlSAHNBWbIAVUC
429=Z0gBzQVoyAFVAmlIAc0FasgBVQJrSAFsG0UTbMgBRRNtSAFsG1UCbsgBVQJvSAHVGHDIAV
430=UCcUgBxR5yyAFVAnNIAWwQRQh0yAFVAnVIAWwQVQJ2yAFVAndIAc0QeMgBVwILAELxmAxI
431=AZ9BBgANKCkADigpAA8oKQAQKCkAESgpABJIAdVlE0kBq7VlFEgBzV0VSAHNXRZIASVtRR
432=dIAcEPGCgpABlIAYdVBgAaSAHRYRtJAZ2xYRzIAV0rHUgBdCNBGh5IAdknH8gBVQIgSAFk
433=lyPNJUIo5RJCo2cGACNABM0QJCgpACUoKQAmKCkAJygpAChIAdEUKSgpACpIAdl/K0gB2X
434=8sSAElLUgtSAGTdwYALkgBwQ8vSAHZHDBIASVBJDFIAc0mMkgB3SszSQERvSs0yAFNGzVI
435=Ac0FNkgBzQU3SAHNEDhIASXxJDlIAdGYOkgB1Rg7SAHZETxIAcmbPSgpAD4oKQA/SAHNBU
436=BIAckXQUgBJXUlQkgBZJdBUUNIAYceAgBESAGYBmSXwDAiziVCAJwVZpdCACM4LmeXQgCo
437=eBwitjhCAJtIAgBKRAiYHCLMJScFAUxUAt0KTSgpAE4oKQBPKCkAUCgpAFFIAZMfAgBSSA
438=HFCFMoKQBUKCkAVUkBYndPAgBWyAFVT1dIAcVrWMgBSU5ZSAHVe1rIAVUCW0gBbHMBAAIA
439=XMgBRQhdSAF8eFUCXsgBVQJfyAFZJ2DIAUUIYUgBZAhVAmLIAVUCY0gBZAhVAmTIAVUCZU
440=gBzQVmyAFVAmdIAc0FaMgBVQJpSAHNBWrIAVUCa0gBeGlFE2zIAUUTbUgBfG1VAm7IAVUC
441=b0gBfApVAnDIAVUCcUgBfApVAnLIAVUCc0gBbCZVAnTIAVUCdUgBbCZVAnbIAVUCd0gBzR
442=B4yAFVAnlIAc8QDABD8ZgNSAGLOAYADigpAA8oKQAQKCkAESgpABJIAZdPBgATSAElSSUU
443=SAGTVgYAFUgBwVwWSAHNcxdIAYBRIs0lQ79XBgAZVAIldSUaSAHRYRtIAWSXRTQcyAFdKx
444=1IAXQYQRoeSAHZHB/IAVUCIEkBU2hOIs0lQyjlEkMo5RJDv/wGACRMBYtZBgAlSAHdICYo
445=KQAnSAHZHChIASWJOClIAdGCKkgB0YIrSAHZfywoKQAtSAHdCi5IAdEJL0gBJZ0qMEkB+2
446=d2BgAxSAHNBTJIAc0FM0gBZZcCIs4lQwBoASOcSydtAzZABNkGN0gBwak4SAHRmDlIASUJ
447=KDpIAZOCBgA7SAHNMTxIAcUIPSgpAD4oKQA/SAHZEUBIAcU0QUkBPmktAkpLQwCFPwJMAs
448=gtZJcnKQBFXAKIDGSXxD9ml0MAjEdml0MAnCBml0MAiN1klycFAUsoBQFMKCkATUgBizgC
449=AE4oKQBPSAHVDVBIAYsXAgBRSAGULmSX2ycCAFNUAs0FVCgpAFVIAWSXVU9WyAFVT1dIAc
450=lOWMgBSU5ZSAFsUlVwWsgBVQJbSAF8eEUIXMgBRQhdSAFsflUCXsgBVQJfSAHVe2DIAUUI
451=YUgB1XtiyAFVAmNIAXwKVQ1kyAFVAmVIAXwKVQJmyAFVAmdIAd0KaMgBVQJpSAHdCmrIAV
452=UCa0gBbBtFE2zIAUUTbUgBbBtVAm7IAVUCb0gBdA1VAnDIAVUCcUgBZBNVAnLIAVUCc0gB
453=bBBVAnTIAVUCdUgBbBBVAnbIAVUCd0gBzRB4yAFVAnlIAc0QesgBVQINQOPJbw5IAYs4Bg
454=APKCkAECgpABEoKQASKCkAE0gBxXYUSAGURGaXRADZlRZUApRaIp1LRPWGGFQCyZsZSQGe
455=ZGAiziVEAGgBRSkbVALdIBxIAckXHcgBSRceSAHZHB/IAVUCIEgBZZcBZZdEKOUSRP2kI0
456=AEnPxml0QAyZAlVALdICZIAd0gJygpAChIAdGCKUgB0YIqSAHFCCtIAcUILEgBxQgtKCkA
457=LkgB1SMvSAHFCDBIAcUIMUgBxQgySAHFCDNIAd0rNCgpADVIAcEENigpADdIAZ94BgA4SA
458=ElgWM5SAGfgwYAOkgBzTE7SAHFCDwoKQA9SAHFCD5IAcEEP0gByRdASQE/sTVByAFRNUJI
459=AZigZZdEsMRkl9g9IswlJykARkwFnApml0QAkCpml0QAhMNll0QozSVErOwizCUnBQFMRA
460=ibEQIATUkBDGC/ZpdEAGgBWRFPVALZEVBIAc0FUUgBnCBkl8hDZJcnvQJUQATFE1VJAWF4
461=HCLOJUQAaAFdCldUAslOWMgBSU5ZSAHZU1rIAVUCW0gBJ4ZeRAAlLV5dVQJCvRVeSAHVAl
462=9IAdV7YMgBRQhhSAHVe2LIAVUCY0gB3WJkyAFVAmVIAc2JZsgBVQJnSAHdCmjIAVUCaUgB
463=3QpqyAFVAmtIAWQITZ9syAFFHm1IAXQNVQJuyAFVAm9IAWQIVQJwyAFVAnFIAXQNVQJyyA
464=FVAnNIAWwmVQJ0yAFVAnVIAWwmVQJ2yAFVAndIAc0QeMgBVQJ5SAHNEHrIAVUCe0gBCDoB
465=AAAAAgAOAEUAEQAADxAAIAn6AQAAAAYADwBFAO2pARAoKQARKCkAEigpABMoKQAUKCkAFU
466=kB76UIFkkB8KkBF0oB//+JDBhJAVJEAQEABgAZSQGeSAEBAgIAGkkBPEwFAQECABtJATtI
467=AQEAAgAcyAFVAh1JAT61Ah7IAVUCH0kBRrUCIEkBVFAJXQohSQH2dwIGACJIAc0QI0kBq7
468=UCJEkBoqkBJUkBpqkBJkgB3SAnSAHdICgoKQApSQHxrQUqSAHRCStIAcUILEgBxQgtSQHy
469=rQUuSAHRCS9IAcUIMEkBr6EEMUkBqqkBMkgByRczSAHZBjQoKQA1KCkANkgBzRs3SQGspQ
470=g4SAHZETlJAfu1AjpIAdEJOygpADxJAfShBD1JAa6pAT5IAc0QP0gByQxASQE/XCsBAgYA
471=QcgBAQMCAEJIAY8FAgBDSAGPBQIAREkBsHEJAkIBRQCbEQIARlABzQVHSAGbEQIASEgBg0
472=YCAElIAZcjAgBKSAHFCEtIAZcjAgBMSQH4vQpNSQEMSAFNR07IAVkRT0gByQxQSAHJDFFJ
473=AfNMBUVKUkgBmzICAFNIAcEEVCgpAFVJAWF7HAIAVsgBXQpXSQE/pQhYyAFVT1lIAXBWXQ
474=payAFVAltIAc0FXMgBVQJdSAHNBV7IAVUCX0gB1VpgyAFVAmFIAcVgYsgBVQJjSQE6rRBk
475=yAFVAmVJAT21AmbIAVUCZ0gB3QpoyAFVAmlIAd0KasgBVQJrSAF8FUUpbMgBRR5tSAF8FV
476=UCbsgBVQJvSAFsEFUCcMgBVQJxSAFsEFUCcsgBVQJzSAFsEFUCdMgBVQJ1SAFsEFUCdsgB
477=VQJ3SAHNEHjIAVUCeUgBzRB6yAFVAntIAc0QfMgBVQIPWEvJbxBIAYM7BgARKCkAEigpAB
478=MoKQAUKCkAFSgpABZIAd1iF0gB2ZUYSQGfSENZPRlIAcUTGsgBTRAbSAHNGxzIAVUCHUgB
479=3SAeyAFVAh9IASfmEkYAZJcBAQYAIVQCnFdml0YAm2kGACNUAsmFJEkBp3s9BgAlSAHRmC
480=ZIAYtkBgAnSAHFCChIAd0gKUgB0QkqSAHRCStIAdEJLEkBqL0KLUgB0QkuSAHRCS9IAdEJ
481=MEgBh3YGADEoKQAySAHBBDMoKQA0KCkANSgpADZIAdkRN0gB2RE4SAHBGjlIAZeGBgA6SA
482=HBOztIAdkGPEgBn4MGAD1JAaWpFz5IAc0FP0gBzQVASQFBfDZll0ZXlwAAAWaXRgCMG2WX
483=RrTeZpdGAMmQRVkGrXwKZpdGAJ8KAgBHVAKYHGSXJ9kASShVAEpIAZcjAgBLKCkATEgBmx
484=ECAE1IAWSXAQQCAE7IAQEFAgBPSAHJDFBIAZdPAgBRSAGbHAIAUkgBmDJklyfpAlRUAtkR
485=VUkBYnkcAkaXRgBoAVkcV1QCxWtYyAFVT1lIAd1XWsgBVQJbSAHNBVzIAVUCXUgBzQVeyA
486=FVAl9IAdVaYMgBVQJhSAHFYGLIAVUCY0gBxXZkyAFVAmVIAdWGZsgBVQJnSAHdCmjIAVUC
487=aUgB3QpqyAFVAmvIAUFybMgBRR5tSAFkCFUCbsgBVQJvSAFkCFUCcMgBVQJxSAHNBXLIAV
488=UCc0gBfCBNBXTIAVUCdUgBfCBVAnbIAVUCd0gBdBhVAnjIAVUCeUgBZB5VAnrIAVUCe0gB
489=zRB8yAFVAhBMSoQ/eZVHo1EGABJUAoM7BgATKCkAFCgpABVIAZdEBgAWSQGcZz8GABfIAV
490=0KGEgBdBhJARlIAcEPGsgBVQIbSAHRHxzIAVUCHUgBwZMeKCkAH0kBTEgMTZQgSQFRSAEj
491=oSVHrGh4lSfpAiNABIdgBgAkSAGYaXuVRwCxe2kGACZUAiVdIidIAdkcKCgpACkoKQAqSA
492=HRCSsoKQAsKCkALSgpAC5IAdEJLygpADAoKQAxKCkAMigpADMoKQA0KCkANSgpADYoKQA3
493=SAHBGjhIAcWXOUgBwak6SAGbdAYAO0gBh4wGADxIAdkGPUgB2QY+SAHVnD9IASNnIwYAQE
494=kBQVwrI6IlRwBoAU1dQlQCkAl4lcgteZVHsMQioiVHAJwKeZVHJs0lR1gGkEt6lUcAJekj
495=SVQCgCUioCUnMQFLKFUATEgBJ7oSRwB5lQZ4lakBB3qVRwAjwykCAFBMBYQee5VHAPdsPH
496=qVRwCcNniVJ4kBVEwFwQ9VSAFtlAJ5lUeYlVkcV1QC1U9YSAHFa1nIAQEBAgBaSAHFa1vI
497=AVUCXEgBzQVdyAFVAl5JAUS5EV9IAXBhQXJgyAFBBGFIAcl6YsgBVQJjSAHVZWTIAVUCZU
498=gB1WVmyAFVAmdIAd0KaMgBVQJpSAHdCmrIAVUCa0gBfApFHmzIAUUebUgBfApVAm7IAVUC
499=b0gBzQVwyAFVAnFIAc0FcsgBVQJzSAFsEEUIdMgBVQJ1SAFsEFUCdsgBVQJ3SAFgJVUCeM
500=gBVQJ5SAFwKlUCesgBVQJ7SAHPEBEASKDgYZNI7ZQTVAKXOQYAFEgBg0YGABVIASXFJBZI
501=AWCTXQoXSAHRFBjIAUkMGUgByQwayAFVAhtIAdkcHMgBVQIdSAHJQx5JAUypZB/IAQEDBg
502=AgSAGUTyIcJSeRAiJUAtEUIygpACQoKQAlSAHNcyZJAbJgRiIdJUjpmyhUAsUIKSgpACoo
503=KQArKCkALCgpAC0oKQAuSAGLbwYALygpADAoKQAxKCkAMigpADMoKQA0KCkANUgB2RE2KC
504=kANygpADhIAYtvBgA5KCkAOigpADtIAcUIPCgpAD1IAd0gPkgBzbU/SAEnYxJIAENULkG/
505=QVQCaAFVWkJIAcWMQ0gBnApgk8AwYZNIJkklRkAEI9Q8Ih4lSAAjwClik0gAwYhJQATRCU
506=pIAYwmIh0lSOWXTFQClN4iHyVIALN4EWCTqAFZEU9ABIgXYZNI9ZFRVALFE1IoKQBTKCkA
507=VCgpAFVJAWa9ClbIAV0KV8gBSVlYSAHNaFnJAQNik0gAzWhbVAJoAVUCXEgBzQVdyAFVAl
508=5JAUV/TAIAX0gB3WJgyAFBBGFIAdF3YsgBVQJjSAHVZWTIAVUCZUgB1WVmyAFVAmdIAd0K
509=aMgBVQJpSAHdCmrIAVUCa8gBUaNsyAFFHm1IAWQIVQJuyAFVAm9IAWQIVQJwyAFVAnFIAc
510=0FcsgBVQJzSAFwH00FdMgBVQJ1SAF0I1UCdsgBVQJ3SAF0GFUCeMgBVQJ5SAFkHlUCesgB
511=VwISAEn1kRNIAYA7aZBJrOFrkEkAo2g4ImwkqAFZBhdMBckMGMgBVQIZSAHJFxrIAVUCG8
512=gBQQ8cyAFVAh1JAUa9Nh5JAVWpDB9IAd2OIEgB2REhKCkAIigpACMoKQAkKCkAJSgpACZI
513=AdF3J0gB0QkoKCkAKSgpACooKQArKCkALCgpAC1IAZdlBgAuSAHVsi9JATapFzDJAQEiKz
514=dJADi1AjJVAjepATPIAUEENEkBV7UCNUgBIzMiBgA2SAHRFDcoKQA4SAGQd2mQSbB3Iik3
515=SenHOyiBADwoKQA9KCkAPkgB3SA/SAHJDEBIAc2UQUkBQ1gRAQQGAELJAQUibSRJuLZokN
516=QNaJDIQyJuJEkAJVU3R1gGIxgqaZBJ7ZRJVAIlyTVKSAHNlEtIAc2UTEkB2EAPSUNNyAFJ
517=Q05IAXWRAyJtJEn9jlBUAogXImwkJzkCUihVAFMoKQBUKCkAVUkBZkgMUQlWyAEBBAIAV8
518=gBWRxYSAHJWVnIAU0QWkgB1WVbyAFVAlxIAc0FXcgBVQJeSQFGqVlfSAHZdGDIAUEEYUgB
519=2XRiyAFVAmNIAdl/ZMgBVQJlSAHNaGbIAVUCZ0gB3QpoyAFVAmlIAd0KasgBVQJrSAF8Cl
520=mrbMgBUR9tSAF8ClUCbsgBVQJvSAHNBXDIAVUCcUgBzQVyyAFVAnNIAWwQRQh0yAFVAnVI
521=AWwQVQJ2yAFVAndIAWAlVQJ4yAFVAnlIAXAqVwITAEr9jhRIASe9I0qRjQJwjagBWQYXQA
522=TRCRjIAVUCGUgB0RQayAFVAhvIAUkMHMgBVQIdSAHFNB5IAXCNVXAfSAHJbyBIAZBLIr0j
523=SuVrIihVACMoKQAkSAHBciUoKQAmKCkAJygpACgoKQApKCkAKigpACtIAcEPLEgBxYwtSQ
524=E5UVYAco1KAGgBQTsvVAJwjU0bMMgBTRsxSAFwjUEEMkgBcI1BBDPIAUEENEkBU7EJNUgB
525=xR42SAHBDzdIAcEwOEgBhHZxjUok5DNzjUoA/GNcBgA7KIEAPEkBpLUCPUgBJfU1PkgBI9
526=shBgA/SAHJDEBIAckMQUkBQLkRQsgBSRdDSAGEE3CNwDBxjUq80HKNSgAnvCPEE3CNxBMi
527=x1tKAL18CiIgNqgBXQpLXQq5tQJMyAFVAk1IAXyOVSNOSAGEznCNJ+EBUFQCiBdxjUqwri
528=IgNieBAFMogQBUKCkAVSgpAFZJAWOhD1fIAUEPWEgByVlZyAFNEFpIAd1iW8gBVQJcSAHN
529=BV3IAVUCXkgBJ74jSgDBcmBUAmgBQQRhSAHBcmLIAVUCY0gBwX1kyAFVAmVIAc1oZsgBVQ
530=JnSAFwCVlIaMgBVQJpSAHdCmrIAVUCa8gBAQACAGzIAVkcbUgBZAhVAm7IAVUCb0gBZAhV
531=AnDIAVUCcUgBzQVyyAFVAnNIAXAfTQV0yAFVAnVIAWAlVQJ2yAFVAndIAXQYVQJ4yAFXAh
532=QAS/FWFUkBpGwxeopLAGgBQQQXVAJ4BlkcGMgBQRoZSQFDdFoiIm1LAGAEXQobVAJoAVkG
533=HEkBS7EJHcgBTYkeSAElJUcfSAGIWSIZNUvtiSFUAoRKInxHJ1UAI1QCzX4kSAElVSElSA
534=Foell/JkgBbH5JASfIAVUNKEkBNa0QKcgBVQIqSQEztQIrSAHFdixIAd0KLUgBbIlFHi5J
535=Afm5HC9IAXQGWRwwSAHVAjFIAdUCMigpADMoKQA0SAF4ikEPNUgBzX42SAHZHDcoKQA4SA
536=ElrSE5SAEjbEV5iksksDJ6iksAgA8ifUdLJPBFIjpaSwAlFVs+WAbFjD9IAd0rQEgBJ1sR
537=SwBAQBZJx0JUAmgBVTlDSAGMBXiK1C55iksoWBHUDSIaNUsAI+RJeIrEE3mKS5iKTSZKUA
538=lkjF0KS0gBeIpVAkzIAVUCTUgBJRUkTkgBnCB4iifhAVBUApwVeopLACOQcHmKS6zhIn1H
539=S/GNVEwFxQhVKCkAVkkBY3gcIg4jSwBoAUEPWFQCeFMBAAIAWcgBRVVaSAFsflUCW8gBVQ
540=JcSAHNBV3IAVUCXkgBJ35HSwDJb2BUAmgBQQRhSAHJb2LIAVUCY0gByXpkyAFVAmVIAcl6
541=ZsgBVQJnSAFwCVkRaMgBVQJpSAHdCmrIAVUCa0gBfApdK2zIAVkcbUgBfApVAm7IAVUCb0
542=gBzQVwyAFVAnFIAc0FcsgBVQJzSAFsEEUIdMgBVQJ1SAFsEFUCdsgBVQJ3SAFgJVcCFQBM
543=lIZRSxbIAUEEF0gBcAlAGgkYAEwAPgEAAAECABkRAABuEAAgCABMAEMBAAAAAgAaSgE/AU
544=cBAgAbyAEBAwIAHEoBSwBXAgYAHUkB90AEAQAGAB5JAe+pAR9JAe2pASAoKQAhKCkAIkkB
545=8KEEI0kBUlAJRQgkSQE8awECACVJAThIAQEBAgAmSQE2SAEBAgIAJ8gBTRAoSQE1tQIpyA
546=FVAipJATO1AivIAQEDBgAsSQE+VAJBGi1IAWQBSQEuSQH2bxACAC9IAYsXAgAwSAGLFwIA
547=MUgB1QIySQHxrQUzSAHFCDRJATJvAQYANUkBNKkBNkkB+m8FBgA3SQHyqQE4SAGfCgYAOU
548=gBnwoGADooKQA7SAHBBDxIAZcNBgA9SQGvpQg+SQGpqQE/SAGLFwYAQEgBxSlBSQE/rRBC
549=yAFZJ0NIAY8FAgBESAGLDAIARSgpAEZIAZsRAgBHKCkASEgBjxACAElJARJAD1EJSsgBTT
550=FLSQH5VAJFKUxJAbCpAU1JAaapAU5IAZ8gAgBPSAHBD1BIAZ8VAgBRSAGPGwIAUkkBpLkG
551=U0gBxQhUSAHJF1VIAcUIVkkBYnscAgBXyAFFE1hIAcVVWcgBXUFaSQE8XApdFVvIAVUCXE
552=gBzQVdyAFVAl5JAUNMBUEaX0kBPkgBWQZgyAFBBGFJATu1AmLIAVUCY0kBOrUCZMgBVQJl
553=SQE9tQJmyAFVAmdIAd0KaMgBVQJpSAHdCmrIAVUCa8gBWRFsyAFZHG1IAWQIVQJuyAFVAm
554=9IAWQIVQJwyAFVAnFIAc0FcsgBVQJzSAFwH00FdMgBVQJ1SAFgJVUCdsgBVAICFgBNAKJI
555=LUkBF0gBcAlJIhjIAVEUGUkBRFgcWQYaKCkAG0kBTHkGBkmFTVw8TAFqhU0AlDlqhU0Alz
556=kGAB9MBckBICgpACEoKQAiSAGDRgYAI0kBQEwJiYVNSl8AAEUTJVUCjXQCa4VNAImpASdU
557=AskBKEkBh7UCKUgB0VYqSQGTtQIrSAF2hgUCSoVNANEJLVQC2QYuSAHJWS9IAYh6aoVNAM
558=kBMShVADJIAYMaAgAzSAHNaDRJATJUDV0VNUgBaIVFKTbIAU2UN0gBbBBNGzhIAZQNaIXI
559=DGiFJ80EO0AEiwwGADwoKQA9SAGfeAYAPigpAD9IAc0FQEkB9HM1BgBBSAFohQECBgBCyA
560=FVOUNIAYQ0aIXUDWiFJykARkAEkAlohSdVAEhUApwKa4VNABJIDAEEAgBKVAJoAVEqS0gB
561=3QpMSAHJIk1IAdl/TkgBzX5PSAHNBVBIAdUNUUgB2QZSSAHZBlNJAaVUDQEAAgBUSAHZBl
562=VIAdkGVkgBaIVJLVfIAVkcWEkBRbkGWUgBeHRFCFrIAUU0W0gBaHpVAlzIAVUCXUgBzQVe
563=yAFVAl9IAdlpYMgBVQJhSAHZaWLIAVUCY0gB2XRkyAFVAmVIAWRrVQ1myAFVAmdIAd0KaM
564=gBVQJpSAHdCmrIAVUCa0gBfApZHGzIAVkcbUgBfApVAm7IAVUCb0gBzQVwyAFVAnFIAc0F
565=csgBVQJzSAFsEEUIdMgBVQJ1SAFsEFQCARcATgBgBEkXGMgBWREZSAEnUBB2wAAAXUwbVA
566=Jwgk1dHEgBJdEgHUgBjGhxgk64aXCCJykAIEAElzkGACEoKQAiSAEnUxBOAEBEa0kMJFQC
567=aAFRFCVJAY5VAgBzgk4A+7k9J1QC2UgoSAHBBClIAZ9tAgAqSQH1rQUrSQGRpQgsSQGIqQ
568=EtSQGKqQEuSAFkAUkMLygpADAoKQAxKCkAMkgByQwzSAGHHgIANEgB2RE1SAHRCTZIAXyD
569=QWc3SAFwgkktOMgBWSc5SQFXcAVxgk7tqjtUAsElPCgpAD0oKQA+KCkAP0gB2SdASAEl+S
570=VBSQE9fQoCUoJOAIc0AgBDVAKcCnGCTri2cIInKQBGKIEAR0gBxYFISAF5fwZxgk6Rggdw
571=giddAUtABN0gTCgpAE1IAckiTkkBsa0xT0gB1XtQSAHZEVEoKQBSSAHZBlNJAa25BlRIAd
572=kGVUgB2QZWSQFmuRxXyAFRVljIAUktWUgBYH1JAVrIAUVKW0gBcIJVAlzIAVUCXUgBzQVe
573=yAFVAl9IAXxiTQVgyAFVAmFIAcFnYsgBVQJjSAHBcmTIAVUCZUgBwXJmyAFVAmdIAd0KaM
574=gBVQJpSAHdCmrIAVUCa8gBWVNsyAFZHG1IAWQIVQJuyAFVAm9IAWQIVQJwyAFVAnFIAc0F
575=csgBVQJzSAFkHk0FdMgBVwIYAE+EgUEPGUgBJ/sPTwBTay0GABtUAoRKIk4gTwDVTx1VAq
576=xwNXp/TwAjCCh6f08Am8EGACBABIg4eX9Pt08GACJUAsUII0kBQqkMJMgBWRElSQGMdAJ6
577=f08A2fgnVQL4dw0CAChJAZChBClIASWlICpIAc0FK0gBnBUiTiBPANFLLVQCdAZRHy4oKQ
578=AvKCkAMCgpADEoKQAyKCkAMygpADRIAdGCNUkB86UTNkgBm/gCADdIAcEPOEgBZIFRgjlJ
579=ATFwEHp/TwCHCAYAO1QCmGkiTSBP4ak9KFUAPigpAD9IAZh0IvkwT1B9VAkiTCCoAVknQk
580=AElC54f9QueH8nKQBFQATZaUZIAYwxIk8gTwCutRhIVAJ5fwl5f0+Zfwp6f08AwTBLQQSw
581=rQVMSAGZPQJFy0+9mQJKS08A3SBPQATVDVAoKQBRKCkAUkgBzRBTSAHVhlRIAdUYVUgBxQ
582=hWSAF4f0VVV8gBAQQCAFjIAV0rWUgBaG9NPFrIAUkiW0gBeHRVAlzIAVUCXUgBzQVeyAFV
583=Al9IAclkYMgBVQJhSAFgiEUIYsgBVQJjSAHJb2TIAVUCZUgByW9myAFVAmdIAd0KaMgBVQ
584=JpSAHdCmrIAVUCa0gBfAoBAgIAbMgBRR5tSAF8ClUCbsgBVQJvSAHNBXDIAVUCcUgBzQVy
585=yAFVAnNIAWwQRAgBGQBQACehD1CBfQFhfVCoOGF9UCiiD1AAI9QmY31QAKJkP2J9UAAjAC
586=dgfSfZACFcCpA1YH0nBQEjVQJBQFUBAAYAJMkBASKfQFAAkHQCY31QAIapASdABJxiYn1Q
587=AMVrKVQC2WkqSQGOrQUrSAHNBSxIAdlILUgBfANRNS4oKQAvKCkAMCgpADEoKQAyKCkAM0
588=kBrngcffxQjAlRCTVUAo8BAgA2SAHBDzdIAZN3AgA4SAHRFDlIAWB9SS06yAFV/ztIASJk
589=RF0gPEgBImRESQE9yAFBMD5JATdvDAYAP8gBVQJASAElbUVBSAHJm0JIAYgtYX1QuKthfV
590=CgiHz8J1UARkwF1SNHSAHRbEhJAQa5HEnIAVkySkgByW9LSAHBGkxIAdkGTUgBwQROSAHN
591=EE8oKQBQKCkAUSgpAFIoKQBTSAHdg1RIAcUIVSgpAFYoKQBXSQFjaCJifVAAaAFRFFlUAn
592=B3XStayAFBXFtIAWB9VQJcyAFVAl1IAc0FXsgBVQJfSAHRYWDIAVUCYUgBYHJFCGLIAVUC
593=Y0gB0WxkyAFVAmVIAdFsZsgBVQJnSAHdCmjIAVUCaUgB3QpqyAFVAmvIAVFLbMgBTRttSA
594=FkCFUCbsgBVQJvSAFkCFUCcMgBVQJxSAHNBXLIAVcCGgBRIVQ1UCZpelEoSQ9RtEQiPT9R
595=uOJpelH1ex9ZBql8QWh6J9kAIVQChDRpelHxgiNVAkFEDCPqLlEAaAFBGiVUAlECAFEUJk
596=gB2fgnSQGJeAJqelEA1fQpVALByipIAcWBK0kBi60FLEgB3UwtSAHBUS5IAXwDSQwvKCkA
597=MCgpADEoKQAyKCkAM0gBkJhrelEAqnscAgA1VALRCTYoKQA3KCkAOEgBzRA5SAHNEDpIAX
598=R7Rc47SAFoegEBAgA8SAFoek1HPcgBSSI+SAFoelUCP8gBVQJASAHdeEFIAZwrIukuUfF3
599=Q1QCnPxpelHp80VUAt2ORkgB2QZHSAHFE0hIAWh6VQ1JyAFVDUpIAdkGS0gB2QZMSAHUcC
600=KgR9UCTlQCyQFPKCkAUCgpAFEoKQBSSAHNn1NIAdkGVCgpAFUoKQBWKCkAV0gBfHhRFFjI
601=AVEUWUgBeGlBO1rIAVEqW0gBaG9VAlzIAVUCXUgBzQVeyAFVAl9IAWB9TQVgyAFVAmFIAX
602=CCVQJiyAFVAmNIAdlpZMgBVQJlSAHZaWbIAVUCZ0gB3QpoyAFVAmlIAd0KasgBVQJrSAF8
603=Ck0bbMgBTRttSAF8ClUCbsgBVQJvSAHNBXDIAVUCcUgBzwUbAFImjSgcSAGcK3F3Uv14Hl
604=QCiDh98VIkzCVxd1K4SCLgLScpACJMBcUII0gBgEZ/8VIARWtgBgAlVAJoAVUYJkkBknQC
605=It5eUgAl2U0oKFUAKUgBxUoqSAHV9CsoKQAsSAGXDQIALUgB0c8uSAF4Ck0xL0gBJWk/ME
606=gBlBgi3F7XGAIAMihVADMoKQA0SAHVDTVIAdkGNigpADcoKQA4SAHZUzlIAdkROkgBxQg7
607=SAHFCDxIAYsiAgA9SAHRFD5IAdl0P0gBzQVASAHRCUFIAc0bQkkBsLmKQ0kBqKkBREkBp6
608=kBRUkBpqkBRkgB2YpHSAHFCEhIAXF3BCLiLVIAaQEFIuMtUgCyuQZLQATZBkxIAc0QTSgp
609=AE5IAcUeTygpAFBIAc0FUUgB1Q1SSAElkSNTSAHdClRIAc0FVSgpAFYoKQBXSAEiXE5JOF
610=jIAUFGWUgBYHJBXFrIAUlZW0gBcHdVAlzIAVUCXUgBzQVeyAFVAl9IAXBsTQVgyAFVAmFI
611=AXBsVQJiyAFVAmNIAcFnZMgBVQJlSAHBZ2bIAVUCZ0gB3QpoyAFVAmlIAd0KasgBVQJryA
612=FNG2zIAU0bbUgBZAhVAm7IAVUCb0gBZAhVAnDIAVcCHABT5XYdSAGEKW3sU+V2H1QCgDB7
613=dFMArGA7enRTAIhDbOwnBQEjTAXFCCRIAZhTeXRThHYBBAYAJlUCRUlVBXh02AZt7FOz+w
614=IAKUEEkUAEURQqSAHR8CtJAYe1AixIAcU/LUgBlw0CAC5IAZQNInhtIxBAZfowVALNfjFI
615=Ac0FMigpADNIAYwbbOwn2QA1VALJDDZIAdkGN0gBzQU4SAF0EVEUOUkB/GsiAgA6SAHVAj
616=tIAcUIPEgBxQg9SAHBcj5IAdUCP0gBxWBASAHVAkEoKQBCSAHZBkNIAcWBREgBJfFQRUgB
617=JRFKRkgBwQ9HSAHd8UhIAWxzI3pMUwBoASN5TFMm2U1LQATBD0woKQBNSAHFHk5IAYQ/In
618=ltUyYwIiIYNtUNUUAE1Q1SSAHZEVNIAcEwVEgByQxVKCkAVigpAFdIAXh0QWdYyAFBXFlI
619=AWhkSS1ayAFRVltIAXhpVQJcyAFVAl1IAc0FXsgBVQJfSAFwd00FYMgBVQJhSAFgfVUCYs
620=gBVQJjSAHJZGTIAVUCZUgB2WlmyAFVAmdIAd0KaMgBVQJpSAHdCmrIAVUCa0gBfApNG2zI
621=AU0bbUgBfApVAm7IAVUCb0gBzwUdAFTtcx5IAZgnfeZUJk0rIFQCI4woYXJUJqE7IlQCzX
622=MjSAGENHzmJ9kAJVUCRGhVYnJUAGgBURQnVAIljWooSAHdNilIAclOKkgByU4rSQGSZAgi
623=wUpUJLwufeZUtIZgcicpAC9MBc1zMEgBdAYJAAIAMQBUAPYBAAAAEQAADRAAIAABAgAyAF
624=QA7QEAAAACADMAVADwAYkBNEgBQAF1AjVJAfa1AjZJAfKpATdIAc0FOEgBzQU5KCkAOigp
625=ADtIAcUIPEkB7aUIPSgpAD5IAdEJP0kBrqEEQEgB2QZBSAHZBkJIAc0FQ0kBrK0FREkBqK
626=kBRUkBqakBRkkB/KkBR0gB3QpISQEEtQJJyAEBAQIASkgB1Q1LSAHVDUwoKQBNSQH0uQZO
627=SQGxqQFPSQH3qQFQSAHFE1FJAbC1AlJJAaKpAVNJAaqpAVRIAdUNVUgB1Q1WSQFlaykCAF
628=fIAUUTWMgBAQICAFlJAT1ECEkBWsgBAQMCAFtJATq1AlzIAVUCXUgBzQVeyAFVAl9JAT+t
629=BWDIAVUCYUkBPLUCYsgBVQJjSQE7tQJkyAFVAmVJAT61AmbIAVUCZ0gB3QpoyAFVAmlIAd
630=0KasgBVQJryAFJTmzIAVkcbUgBZAhVAm7IAVQCAh4AVQD6VA0BAAYAH0gBgyUGACBJAfG1
631=AiFJAa+pASJIAYc/BgAjSAGfKwYAJEgB2QYlSAHZBiZJAURILQEEBgAnyAEBBQIAKEkBkV
632=QCTRApSQGJqQEqSQGHqQErSAHZPSxIAdFhLSgpAC5IAZcNAgAvKCkAMEkB73MUAgAxSAHB
633=BDIoKQAzKCkANEgBzQU1SAHJTjZIAd1XN0gBjxsCADhIAYMaAgA5SAFsFEkXOigpADtIAc
634=0FPEgBwQ89KCkAPkgB0VY/SQGxsRRASAHZBkFIAdkGQkgBzQVDSQGtrQVESQH7qQFFSAHZ
635=EUZIAcVgR0kBqaEESEgBaG9dV0nIAV1BSkgB1Q1LSAHVDUxIAdEfTUgB0R9OSAHBME9IAc
636=0FUCgpAFFIAc0QUkgBwRpTSAHZBlRIAdkGVSgpAFZIAWhvWRFXyAEBBAIAWMgBSUNZSAF4
637=Xl0rWsgBWVNbSAFoZFUCXMgBVQJdSAHNBV7IAVUCX0gBYHJNBWDIAVUCYUgBcHdVAmLIAV
638=UCY0gBYGdVAmTIAVUCZUgByWRmyAFVAmdIAd0KaMgBVQJpSAHdCmrIAVUCa0gBfApBMGzI
639=AUUebUgBfApXAh8AVv1tIEgBgyUGACFIAY9SBgAiKCkAI0gBwQQkSAGTYQYAJUgBl0QGAC
640=ZJAUNwUnJsVgBoAU0QKFQCcAJNGykoKQAqSQGSewICACtIAdm2LEkBjbUCLUgB1XAuSAGQ
641=gnJsVgCDDwIAMFQCmBFybFYAyQEyKFUAMygpADRIAZMUAgA1SAHFVTZJAaWlVTdIAc1SOE
642=gB0Qk5SAGfIAIAOigpADtIAcEEPCgpAD0oKQA+KCkAP0gBxQhASAHJF0FIAcUIQkgBxRND
643=SQGruRFESQGmqQFFSAHRH0ZIAdEJR0gB2V5ISAFwbF1XSckBBX7bVgDBGktUAskMTEgBye
644=hNSAHRH05IAc0FT0gBxRNQKCkAUSgpAFJIAc0QU0gBzQVUKCkAVSgpAFZJAWS1OVfIAV1B
645=WEkBRK0bWUgBYGdBUVrJAQN+21YAcGxVAlxUAmgBVQJdSAHNBV7IAVUCX0gBcGFNBWDIAV
646=UCYUgBcGFVAmLIAVUCY0gB0WFkyAFVAmVIAdFhZsgBVQJnSAHdCmjIAVUCaUgB3QpqyAFV
647=AmvIAUFcbMgBWRwgTPqcNnlpV7hTeGknKQAjQASYMm7WVwCAnnlpV+FyJkAEjDx5aVeYaV
648=nXKFUCQ1AqTTwpSAFEASLVJiooKQArKCkALEkBjGcEAgAtSQGKqQEuSAFkAV0VLygpADBI
649=AdFAMUgBwTsyKCkAMygpADQoKQA1SAGTFAIANkgB3a83SAHRCThIAdleOSgpADpIAckMO0
650=gBwQQ8SAHVAj0oKQA+KCkAP0gB0cRASAHVGEFIAdUNQkgBkSoCXiVXACOnIAIARFUCp6lO
651=RUkBqqkBRkgB2QZHSAHZBkhIAXhpAQYCAEnJAQd5aVcoOQ1XJtksTEAExXZNSQGlvQpOSA
652=HdCk9IAcEaUCgpAFFJAYJMF1lTUsgBAQMCAFNIAc0FVCgpAFUoKQBWSQFjWAZdNlfIAV1M
653=WEkBQ6EPWUgBaFlBBFrIAUEEW0gBeF5VAlzIAVUCXUgBzQVeyAFVAl9IAXBsTQVgyAFVAm
654=FIAXRwVQJiyAFVAmNIAd0KZMgBVQJlSAHdCmbIAVUCZ0gB3QpoyAFVAmlIAd0KasgBVQJr
655=SAHRbCFE8s1oIkgBlCMisSdYoDBiZ1gAgDBjZ1gApnwgftBYAIDKYWdYQAdTJgYAKEEBSE
656=QBAQAGACnIAQEBBgAqSQFGtQIryAFNECxIAdXTLUgBfANRHy4oKQAvKCkAMEgB2T0xSAGQ
657=FCKdNVisfiKcNScpADQogQA1KCkANkgBzao3SAHBXDhIAcEPOSgpADpJAfh7HAIAO0gBwQ
658=Q8SAGDJQIAPUgBzRA+SAHVWj9IAc0FQCgpAEFIAckXQkgB2QZDSAHZEUQoKQBFKCkARkgB
659=zQVHSAHJDEhJARClE0nIAUUpSkgByQxLSAHNBUxIAc1zTUgBJbkoTkgBzQVPSAHJDFAoKQ
660=BRSAFgZwELAgBSyQEMYmdYAHQCAQ0CAFRUAtkGVSgpAFZJAWNUH11tV8gBXG1hQ0K9FVlU
661=AnBWQQRayAFBBFtIAWBcVQJcyAFVAl1IAc0FXsgBVQJfSAFgXE0FYMgBVQJhSAFgXFUCYs
662=gBVQJjSAHdCmTIAVUCZUgB3QpmyAFVAmdIAd0KaMgBVQJpSAHdCmrIAVcCIgBZ6ccjSAGI
663=LWlkWbiga2RZAKJkHmlkWfVlJ0wFI6wsamRZAIQ/amRZAJy6a2RZAEJYJ0FnK0wFaAFBOy
664=xJAflwCW3LWXgDfdAuVAKMASKoJidVADBUAtlTMUgBxTQyKCkAMygpADQoKQA1KCkANkgB
665=gxoCADdIAckMOCgpADkoKQA6SAEniAwnDQI8VALZBj1IAdkRPkgB2RE/SQH1oRpASAHNBU
666=FIAc1SQkgBzQVDKCkARCgpAEUoKQBGKCkAR0gByXpISAFpZAJuy1kAaAFdNkpUAskMS0gB
667=yQxMSAGPMQIATSgpAE5IAcEET0kBglQUARICAFDIAQETAgBRyQEUamRZAGEEFWhkqQEWaG
668=SoAQEXAgBVzAUBGAIAVskBGSIoQqEEGiI+NFkAIhQkTZ9ZQARoAUU/WkgBYLRVAlvIAVUC
669=XEgBYARVAl3IAVUCXkkBQ7EqX0gBYFxBBGDIAUEEYUgBcGFVAmLIAVUCY0gByQxkyAFVAm
670=VIAckMZsgBVQJnSAHdCmjIAVUCaUgB3wojAFr9YiRIAdVaJUgBiJByYVoAiJB8xSetAChA
671=BCNcInFhWuXOKlUCQ1QukmFaAGgBVQ0sVALFSi1IAYsMAgAuSAFoBU0bLygpADAoKQAxSA
672=HFPzJIAcE7MygpADQoKQA1KCkANigpADdIAdVEOCgpADkoKQA6SAHdCjtIAcFcPEgBxRM9
673=KCkAPkgBn+YCAD9IAcEEQEgBJcE/QUgB0QlCKCkAQygpAEQoKQBFKCkARkgB0XdHSQGyvU
674=FISAFkYCPdMlqRYQUioCXDMAIAS0AEgzACAExIAcEPTSgpAE4oKQBPKCkAUEgBeV4ccWFa
675=hWAdcGGpAR5wYakBH3BhqQEgcGGpASFwYakBInBhqQEjcWFakGFRd1lIDGJRAwJCAVoAZF
676=VVAltQAWgBVQJcSAFgBFUCXcgBVQJeSAEl5TNfSAFwVkEEYMgBQQRhSAFwVlUCYsgBVQJj
677=SAF8ClUCZMgBVQJlSAHJDGbIAVUCZ0gB3QpoyAFXAiQAW+VgJUgBgEZ5XlvpvCdVAqx4Mm
678=3AW+XDKVQClFpswCetACtVAkNMQwEEBgAsyAFdNi1IAc1HLkgBXAN5wS8oKQAwSAGYzCK5
679=PlsmbSQyVALNPDMoKQA0SAHZPTUoKQA2KCkANygpADgoKQA5KCkAOkgByU47aAF/EQIAPM
680=gBRXY9SQHxtQI+yAFVAj9IAXACRXZASgH//1MBAgBBSAGdIAJd4Fsm/UFDVALJF0QoKQBF
681=KCkARkgB1RhHSAHRgkhIAXleBm3AW5heI34xWwAlVUJLQAQjICt5Xlsm1TFNVALRCU4oKQ
682=BPKCkAUEgBeV4leV5bmV4meF6pASd4XqkBKHheqQEpeF6pASp4XqkBK3heqQEsel5bACIE
683=IkkiWUgMaAFBJVpIASIEIlUCW8gBVQJcSAFgBFUCXcgBVQJeSQFFc0sCAF9IAXBWQQRgyA
684=FBBGFIAWBcVQJiyAFVAmNIAckMZMgBVQJlSAHJDGbIAVUCZ0gBbAVLZCUAXO1dJkgBkEB9
685=ulwmFSQoVQKieBF9ulztXSpUAiPTIAYAK0kBREA/SbwsyAFJDC1IAXACURQuSAHFoi9JAf
686=NwCSI9Slz1WjFUAsn+MkgB2QYzKCkANEgBxUo1SAHBOzYoKQA3KCkAOCgpADlIAclOOkgB
687=jBsiHzBcAPBMDFEfPHQCSQEDIh4wXABgXAEEAgA+VAJoAVl0P8gBVU9AyAFVT0FJAelYBk
688=0bQkkB6qkBQ0kB66kBRMgBXSBFyAFVDUZIAdnXR0gB1RhISAGEjGFcXCQ8KXy6WBGhJUtB
689=BK2pAUxIAd0gTUgBxQhOKCkATygpAFBJAWK5EVHIAVkRUkgBzapTSQFDvQpUSQFCqQFVSA
690=HVT1ZJAUa1AldIAdkGWEgBZEpBGlnIAVknWkgBxUpbyAFVAlxIAc0FXcgBVQJeSAHdCl9I
691=AWBcUQlgyAFBBGFIAWBcVQJiyAFVAmNIAckMZMgBVQJlSAHJDGbIAVcCJgBd9VonSAGMiW
692=21XfVaKVQCJQ0jKkgBmDJpWV3pvCxVAkRYJ1m2LcgBXUEuSAFQAq21XYQBUUAwVALRuTFI
693=AZgCIko7XQDZXjNUAo8QAgA0SAHBBDVIAdU5NkgBxVU3SAHBOzhIAdFWOUgBI8hLImlVXS
694=S4PmpZXQAleSA8QATdxT1IAcVKPkgBwQ8/aAFEDwEKAgBAyQELbrVdAGhZSUNCVAJoWUkB
695=Q0gBaFlFKUTIAQEEAgBFyAFdIEZIAY8mAgBHSAHdFUgoKQBJKCkASkgB1RhLSAEjEClttV
696=2siSK9Ll35tk5ABNEJTygpAFBJAWJIF11BUcgBRRNSSAF8QUEwU8gBSRdUSAEiTCBVAlXI
697=AVUCVkgBdERVAlfIAVUCWEgBdP9VAlnIAVUCWkgBxQhbyAFVAlxIAc0FXcgBVQJeSAHVZV
698=9IAckMYMgBQQRhSAHRFGLIAVUCY0gByQxkyAFVAmVIAcsMJwBe/VcoSAGUOX2vXryDIoEh
699=XrSncVZeJrUtLE0FWEAlSbEtSQFFqQEuyAFJDC9IAXACRR4wKCkAMSgpADIoKQAzSAHVWj
700=RIAdkGNSgpADYoKQA3SAHdQThIAdk9OUgB2T06SAElHVE7SAHFVTxIAdk9PSgpAD5IAdFh
701=P0gB3cVAKCkAQUgBiCIigCHIIiIAUycpAEQogQBFKCkARkgB1Q1HKCkASCgpAEkoKAADSg
702=BeAPIBEQAAvA8AIAgAAAACAEsAXgD1AYgBAkwAXgCtqQFNSQH6qQFOSQHtqQFPKCkAUEkB
703=Y1QGRQhRyAEBAQIAUkkBO0wFAQICAFPIAQEDAgBUSQE8tQJVyAFVAlZJAT61AlfIAVUCWE
704=kBP7UCWcgBVQJaSAHFCFvIAVUCXEgBzQVdyAFVAl5JAURECEUTX0gByQxgyAFBBGFIAdEU
705=YsgBVQJjSAHJDGTIAVQCASgAXwCfIAYAKUgBnyAGACooKQArKCkALEkB72MPBgAtSQHxqQ
706=EuSQFFQCUBBAYAL8gBAQUCADBIAVACYTAxKCkAMigpADMoKQA0KCkANSgpADYoKQA3SAGT
707=FAIAOEgBkxQCADlIAZsRAgA6KCkAO0gBwQQ8KCkAPUkB8H8VAgA+SAHFEz8oKQBAKCkAQU
708=kB9q0FQkgB0QlDKCkARCgpAEVJAfKtBUZIAc0FRygpAEhIAcEESUkB9K0FSkkBrKkBS0kB
709=qKkBTEkBp6kBTUkBpqkBTkgB0R9PSAHJDFBIAXhTQVFRyAFVOVJJAUK5BlNJAT2pAVTIAV
710=1XVUkBOrUCVsgBVQJXSAHNBVjIAVUCWUgBzQVayAFVAltIAc0FXMgBVQJdSAHNBV7IAVUC
711=X0gBfFdFVWDIAVUCYUgBYFFVAmLIAVUCY0gB3wopAGDtUipIAYceBgArKCkALEgBkCpiUW
712=AAkyoGAC5VAlhkO2NRYABJqQEwVAJoAQEBBgAxSQFGtQIyyAFBDzNIAXACWRE0KCkANSgp
713=ADYoKQA3KCkAOEgB1UQ5SAGQFGJRYADJATsoVQA8SAGfFQIAPUgBnBVhUWCcDkEPP1UC+7
714=kyQEkB86kBQUgB0QlCKCkAQygpAERIAdVaRUkBrrkGRkgBwUZHSAHBBEhIAclOSUgByU5K
715=SQGpuQZLSQH3qQFMSAGXewIATUkBq7UCTkgBzVJPSAHRH1BJAWZ/GAIAUcgBUSpSyAFZU1
716=NIAWA7SQFUyAFFVVVIAWBGVQJWyAFVAldIAc0FWMgBVQJZSAHNBVrIAVUCW0gBzQVcyAFV
717=Al1IAc0FXsgBVQJfSAFgUVUNYMgBVQJhSAFgUVUCYsgBVwIqAGH1TytIAZsnBgAsSQGwfC
718=BrTmEAqqkBLlQCnDZqTmEAlZEGTp9hAJgna05hAER3IwYAMkwFaAFVIzNIAXACRT80KCkA
719=NSgpADYoKQA3SAHZMjhIAd1BOSgpADpIAdFLO0gBnxUCADxIAckMPSgpAD4oKQA/KCkAQC
720=gpAEFIAcE7QkgB1Q1DKCkAREgByQxFSQGvfyACAEZIAYsiAgBHSQH4tQJISQGxqQFJSAGD
721=JQIASkgBgyUCAEtIAckMTEgB3QpNSAHdCk5IAdlTT0gBxRNQSAFoTlE1UckBBGrzYQB0Al
722=HPU1QCeOJdK1TIAVUuVUgBeOJVAlbIAVUCV0gBzQVYyAFVAllIAc0FWsgBVQJbSAHNBVzI
723=AVUCXUgBzQVeyAFVAl9IAXhTVQ1gyAFVAmFIAXhTVwIrAGL9TCxIAYgicUti7UcuVQKyeC
724=dyS2IAkB9xS2KkjHBLJ60AMk0FRFw9UfAzyAFdIDRIAVACcfA1KCkANigpADdIAcmFOEgB
725=2Ug5SAHNMTpIAcUIO0gBzQU8SAGAXH2ZYpwDQRo+VAKPAQIAPygpAEBIAd1XQUgB2T1CKC
726=kAQ0gBwQ9EKCkARUgBiCJxS2Kka3BL0x8CAEhABCVZJ0lIAYAlcEvAJXBLJ60ATEAEwQ9N
727=SAHdCk4oKQBPSAHBBFAoKQBRSQFkZBpyS2IAaAFJOFNUAnBAVYZUyAFBUVVIAXBAVQJWyA
728=FVAldIAc0FWMgBVQJZSAHNBVrIAVUCW0gBzQVcyAFVAl1IAc0FXsgBVQJfSAFwS1UNYMgB
729=VwIsAGPlSi1IAYAaeeJjuCd5SGPtRzAogQAxSAGYPW+UYwBDZx4GADNUAmgBRR40SAFwAk
730=08NSgpADYoKQA3KCkAOCgpADlIAcFGOkgBwUY7SAHRCTxIAZRaekhjANXePlQCyQE/SAHR
731=NUBIAYMaAgBBKCkAQkgB1elDSAHd20RIAcHVRUgByQxGSAHFCEdIAYQeekhjAN3mSVQCJ4
732=wSwCV4SCcpAExABMUITSgpAE4oKQBPKCkAUCgpAFFIASKoJlknUsgBUSpTSAFo0lUCVMgB
733=VQJVSAFo0lUCVsgBVQJXSAHNBVjIAVUCWUgBzQVayAFVAltIAc0FXMgBVQJdSAHNBV7IAV
734=UCX0gBaE5VDS1YW5A1YUZk9UQvVAKEHnyOJ1UAMShVADJIAYA7YUZkjEdJkDRUAmxHSZA1
735=SAHZPTYoKQA3KCkAOCgpADlIAc0xOkgBmxECADtIAd1BPEgB2T09SAHdCj4oKQA/SAHZBk
736=BIAYgXYkZkANk9QlQCmfgCThVkACW1LURVAqVnrQIARUgBJ8AIxB58jicFAUhABCVBJElI
737=Ad1MSkgB2QZLSAHBD0woKQBNSAHVnE4oKQBPSAHNBVAoKQBRSAFgRlV7UskBAyK+OWQAYD
738=tVAlRUAmgBVQJVSAFgO1UCVsgBVQJXSAFgBFUCWMgBVQJZSAHNBVrIAVUCW0gBzQVcyAFV
739=Al1IAc0FXsgBVwIuAGXljC9IAYgXaUNl4UYxKFUAMkgBlC5qQ2UAJWUuNFUCR2M3BgA1yA
740=EBAQYANkkBRbUCN8gBWVM4SAFwAllTOUgBJU0gOkgBJa0hO0gBwQQ8KCkAPUgBxYE+SAHF
741=ND9IAc0FQEgB0TVBSAGXGAIAQkgB0Y1DSAGXWgIAREgBJclARUgB2QZGSAHZBkdIAZgcbo
742=llANEUSVQCJeEiSkgB2QZLSAHZBkxIAdkGTUgBzVJOSAHdFU9IAdkGUEgB2QZRSQFheBhq
743=0mUAaAFBJVNUAnDEQSVUyAFVAlVIAXDEVQJWyAFVAldIASUFIljIAVUCWUgBzQVayAFVAl
744=tIAc0FXMgBVQJdSAHPBS8AZv1BMEgBkBQiXSJm/UEyKFUAM0gBnysGADQoKQA1KCkANkgB
745=ly4GADdIAXxBTYk4yQEFIsA/InwnVB8inDUnKQA7QARMAiKRIzwoKQA9SQGvqXo+SAHVez
746=9IAcm8QEgBnBV8g9wVcEAnKQBDQATFNERJAa2xCUVIAdkyRkgBxQhHKCkASEgBmxwCAElI
747=AcWXSkgBzQVLKCkATCgpAE1IAZMfAgBOSQGxtQ1PSAHVDVBIAcUIUUgBZD9Ve1LIAU1zU0
748=gBcEBVAlTIAVUCVUgBcDVVAlbIAVUCV0gBYDtVAljIAVUCWUgBzQVayAFVAltIAc0FXMgB
749=VwIwAGflPzFIAYQTIv0gZ+U/M1QCgJ56PWcAyQE1VALNBTZIAZwreT1nQG1TOAYAOFQCIi
750=ArXUw5SAFMAmE7OigpADsoKQA8KCkAPSgpAD5IAdknP0gBxQhASAHFKUFIAYwQeD3cFXnB
751=ZyQgQW5+ZwDFCEVMBdkGRkgB2QZHSAGAGmx+J9kASVUCrr02SkgB2QZLSAHZBkwoKQBNSA
752=HFCE5IAcFGT0gBzQVQKCkAUUgBlF1tfmdKMAAAVSNT1AJJOFRJAUOhD1VIAcX6VsgBTQVX
753=SAFoQ0WBWMgBVQJZSAHNBVrIAVUCW0gBzwUxAGjtPDJIAdE1M0kBsHQNYjtoAJiVcLknrQ
754=A2QASMG2I7aAAjkC5hO2iMPEl6OUAEbDxJejpIAcU0OygpADwoKQA9KCkAPigpAD8oKQBA
755=SAHJLUFIAdknQkgBnBViO2gAJXUwRFQCJS0yRUgBzQVGSAHNBUdIAYwbYztoAKR4HH94aA
756=CpqQFKQATVDUtIAcUITEgBxQhNSAHRQE5IASUxIk9IAYsiAgBQSAHZBlFIAWA7WWlSyQEE
757=ffxojDxVI1RVAkShD1VIAXA1WT1WyAFZBldIAXA1VQJYyAFVAllIAc0FWsgBVwIyAGn1OT
758=NIAZCNaThprNZrOGkAqHQNfPEnKQA3TAWY7Wk4afn4OVQCIlRNAQAGADrIAQEBBgA7SQFI
759=ezkGADzIAVUCPUgBJdlNPsgBXUw/SAEnKRZptIZosScpAEJABMElQ0gByWRESAHFKUVIAc
760=EERkgB1QJHSAGMG2k4aSa5X0lUAtUNSkgB2QZLKCkATEgBJwsHaQCrfCBpsWnxQE9ABIxd
761=aThpJDQ+IshLJ70CUkAEdDlRbFPIAVkcVMgBRTRVSAEioCVBBFbIAUEEV0gBIqAlVQJYyA
762=FVAllIAc8FMwBq/TY0SAGcIHE1aiZVNzYoVQA3KCkAOCgpADkoKQA6KCkAOygpADxIAY8m
763=BgA9SQFDqTg+yAFZET9IAXACURRASAHFYEFIAcUpQigpAENIAcUpREgByW9FSAElWUhGSA
764=HJZEdJAfypLUhIAdUuSUgByS1KSAHNaEtIAc08TEgByQxNSAHd/E5JAaKxCU9IAcV2UEgB
765=3RVRSAHdFVJIAXE1A31tapxtSW9U1AJJb1VIAWAwXTZWyAFNBVdIAXA1VQJYyAFXAjQAa+
766=U0NUgBiAxtaGu0WnigJykAOCiBADkoKQA6SAGMG2xoJ60APFQC0Qk9SAHFND5JAUNQMUGp
767=P8gBXRVASAHBJUFIAZgGfNvQCXmga7DwfdtrrEciuTNrJmk0RlgGxSlHSAGEgW1oayaVNE
768=lUAt0rSkgB0aNLSAGfgwIATEgBzRBNSAGcFW1oa/XpT1QC3a9QSAHRFFEoKQBSKCkAU0gB
769=ZDRJTlTIAUFRVcgBQTBWSAEitCJBBFfIAUMENQBs7TE2SAGIDGEwbO0xOChVADlIAZhIcZ
770=hssMRgMCcFATxABNkyPUgBzQU+SAElNTM/SQFFTDFZoEDIAU0QQUgB3SBCSAElxTpDSAHZ
771=XkRIAc1SRUgBkBQinUts+TJHVAKAfWEwbCRAUH3QbOGTSkAEJU0rS0kB+bleTEgB3W1NSA
772=HJDE5IAdEJT0gB1Q1QKCkAUSgpAFIoKQBTSAFhMAMifXNs6WRV1AIBBQIAVkgBYDBPMTYA
773=bfUuN0gBiAx9xW31LjkoVQA6SAGIQ2otbQCY7X3FbSYpIT1ABJsnBgA+SAGLFwYAP0gB2Q
774=ZASQFFVC5FYEHJAQVsXdAJbV1t4fZEQATdIEVIAYQTaC3EEyJoPycpAEhABIw8aS1tKKgF
775=JzEBS0AE0QlMSAGEEyKIZCcFAU5UAskMTygpAFAoKQBRKCkAUigpAFMoKQBUSAF0LlVaVc
776=gBR0o3AG79KzhIAYsMBgA5KCkAOigpADtIAcElPEgBiHp9um4m0WI+VAKUGHEqbrt/BgBA
777=VQJEUCpJWUHIAUEPQkgB3eZDSAHFHkRIAYwQYYhurDxwKicpAEcogQBISAEnUQVu/fFKVA
778=LFgUtIAdEJTCgpAE0oKQBOKCkATygpAFAoKQBRKCgAC1IAbgDtAQAAAAIAUwBuEQAASgQd
779=CQAGAO0BAAAAAgBUAG4AZgAAAAMCADgAbwD6dwIGADlIAYMEBgA6KCkAOygpADxJAe+tBT
780=0oKQA+SAHZBj8oKQBASQHxrQVBSQFEVA0BBAYAQsgBAQUCAENJAfZjBAIAREgBhwgCAEUo
781=KQBGKCkAR0kB8q0FSEkB9KkBSUkBrakBSkgB0QlLSAHRCUwoKQBNKCkATigpAE8oKQBQKC
782=kAUSgpAFIoKQBTSAHDDzkAcO0mOkgBlw0GADsoKQA8KCkAPSgpAD4oKQA/SAGDGgYAQEkB
783=8HcYBgBBSQFDQSUAYSVwRyQAAAFgJdQNYSVw6ThFTAWDDwIARkgBhwgCAEdJAbBzCQIASE
784=kBqKkBSUkBpakBSkgBJ6AEJzEBTFQC0QlNKCkATigpAE8oKQBQKCkAUSgpAFJIAdcjOgBx
785=9SM7SAGfCgYAPCgpAD0oKQA+SAGLFwYAP0kBrnAUaiJxAJAUaiJxANlIQkAEdCNZSEPIAV
786=lIREgBnFduR3EAkCpoIicpAEdBBPN8CmsicQD1qQFJVQKxqQFKSAGXDQIAS0gBnxUCAEwo
787=KQBNKCkATigpAE8oKQBQKCkAUUgB3yA7AHL9IDxIAZ8KBgA9KCkAPkgBJ/IDcgCYEXEfci
788=jyA3IAwQRCTQVYqUNDSQFIqQFEygEBBkFnclQ/WQIGXEGoAVUCR0EERlACRUpIyAFFSklJ
789=AffxH3LlSktUApAUcB8nVQBNKFUATigpAE8oKQBQSAHHHjwAc+UePUgBkwkGAD4oKQA/SA
790=HBiEBIAcEEQSgpAEJIAcEEQygpAEQoKQBFKCkARkgByUNHSAFoQ5kcc+FnSVQCyUNKSAGU
791=DW08c+UeTChVAE0oKQBOKCkAT0gBzxs9AHTtGz5IAZAJcVZ0sAl8NicpAEEogQBCKCkAQy
792=gpAERIAYRVfTZ0sFZ8NicFAUdABM0bSEgBbBtZXknIAVleSkgBzRtLSAGQCXw20wkCAE0o
793=VQBOSAHXGD4AdfUYP0gB1RhAKCkAQSgpAEIoKQBDSAGFCAZPtXUArGxHaxd1AKapAUZABI
794=1oBlFQdfFWSFQC0VZJSQFKoVFKSQFJqQFLyAFFVUxIAdVaTcgBVwI/AHb9FUBIAd0VQSgp
795=AEJIAclkQ0gBjJ9zFHYAp6UTRVUCqakBRkgBJ5ECdv02SFUC76EESSgpAEooKQBLKCkATE
796=kB9a8FQAB35RNBSQHttQJCKCkAQ0gB3QpEKCkARSgpAEZIAdkGRygpAEgoKQBJKCkASigp
797=AEtJAfS3DUEAeO0QQkgB0QlDKCkARCgpAEUoKQBGKCkARygpAEgoKQBJKCkASkgB1w1CAH
798=n1DUNIAdUNRCgpAEUoKQBGKCkARygpAEgoKQBJSAHfCkMAev0KREgB3QpFKCkARigpAEco
799=KQBISAHHCEQAe+UIRUgBxQhGKCkAR0gBzwVFAHztBUZIAQj0AQAAAAYAAAAAABEAAA==

[Terrain]
101075=TREE28
105069=TREE28
86067=TREE28
80081=TREE28
91077=TREE28
69069=TREE28
73082=TREE28
46083=TREE28
38078=TREE28
32068=TREE28
26061=TREE28
31053=TREE28
23052=TREE28
32045=TREE28
31034=TREE28
29030=TREE28
49054=TREE28
43054=TREE28
55064=TREE28
63063=TREE28
62056=TREE28
77060=TREE28
64045=TREE28
72043=TREE28
55037=TREE28
61036=TREE28
70036=TREE28
52018=TREE28
59012=TREE28
65025=TREE28
81031=TREE28
86036=TREE28
98048=TREE28
107060=TREE28
114063=TREE28
117070=TREE28
67018=TREE28
45019=TREE28
68055=TREE28
47058=TREE28
43087=TREE28
36085=TREE28
33079=TREE28
26072=TREE28
17064=TREE28
18057=TREE28
16050=TREE28
21044=TREE28
27034=TREE28
48064=TREE28

[Units]
0=Other1 House,CMIN,256,48,87,64,Harvest,07C4F3D4,0,-1,0,-1,1,1
1=Civie1 House,SHAD,256,37,66,0,Guard,094BA404,0,-1,0,-1,1,1

[Infantry]
0=Player House,E1,256,57,89,4,Guard,64,0A71735C,0,-1,0,1,0
1=Other2 House,E1,256,70,94,2,Return,0,None,0,-1,0,1,1
2=Other2 House,E1,256,71,95,2,Return,0,None,0,-1,0,1,1
3=Other2 House,E1,256,71,94,2,Return,0,None,0,-1,0,1,1
4=Other2 House,E1,256,70,95,2,Return,0,None,0,-1,0,1,1
5=Civie1 House,COW,256,21,60,2,Area Guard,160,08DAD3F4,0,-1,0,1,1

[Structures]
1019614=Other1 House,GAPILE,256,56,85,0,07C4F3D4,1,0,1,0,0,None,None,None,0,0
1019617=Other1 House,GATECH,256,53,80,0,07C4F3D4,1,0,1,0,0,None,None,None,0,0
1019620=Other1 House,GACNST,256,47,79,0,0972A634,1,0,1,0,0,None,None,None,0,0
1019623=Other1 House,GAREFN,256,46,89,0,07C4F3D4,1,0,1,0,0,None,None,None,0,0
1019629=Other1 House,GAWEAP,256,52,95,0,07C4F3D4,1,0,1,0,0,None,None,None,0,0
1019634=Civie1 House,CABHUT,256,80,65,0,09223EAC,0,0,1,0,0,None,None,None,0,0
1019635=Other1 House,NASAM,256,63,79,0,07C4F3D4,1,0,1,0,0,None,None,None,0,0
1019636=Other1 House,NASAM,256,53,75,0,07C4F3D4,1,0,1,0,0,None,None,None,0,0
1019637=Other1 House,NASAM,256,43,74,0,07C4F3D4,1,0,1,0,0,None,None,None,0,0
1019638=Other1 House,NASAM,256,34,76,0,07C4F3D4,1,0,1,0,0,None,None,None,0,0
1019639=Other1 House,NASAM,256,41,89,0,07C4F3D4,1,0,1,0,0,None,None,None,0,0
1019640=Other1 House,NASAM,256,54,102,0,07C4F3D4,1,0,1,0,0,None,None,None,0,0
1019641=Other1 House,NASAM,256,63,109,0,07C4F3D4,1,0,1,0,0,None,None,None,0,0
1019642=Other1 House,GAPOWR,256,46,76,0,07C4F3D4,1,0,1,0,0,None,None,None,0,0
1019645=Other1 House,GAPOWR,256,48,93,0,07C4F3D4,1,0,1,0,0,None,None,None,0,0
1019648=Other1 House,GAPOWR,256,61,98,0,07C4F3D4,1,0,1,0,0,None,None,None,0,0
1019651=Other1 House,GAPOWR,256,57,82,0,07C4F3D4,1,0,1,0,0,None,None,None,0,0
1019654=Other2 House,ATESLA,256,65,96,0,07C4F3D4,1,0,1,0,0,None,None,None,0,0
1019657=Other2 House,ATESLA,256,65,90,0,07C4F3D4,1,0,1,0,0,None,None,None,0,0
1019660=Civie1 House,CAPARK01,256,71,41,0,None,0,0,1,0,0,None,None,None,0,0
1019661=Civie1 House,CAMISC03,256,70,40,0,None,0,0,1,0,0,None,None,None,0,0
1019662=Other1 House,GAAIRC,256,57,100,0,07C4F3D4,1,0,1,0,0,None,None,None,0,0
1019669=Civie1 House,CAFRMB,256,71,46,0,None,0,0,1,0,0,None,None,None,0,0
1019670=Civie1 House,CABHUT,256,46,34,0,None,0,0,1,0,0,None,None,None,0,0
1019671=Civie1 House,CAFARM01,256,60,14,0,094BCB94,0,0,1,0,0,None,None,None,0,0
1019672=BadGuy1 House,CAMSC12,256,65,44,0,07B784AC,0,0,1,0,0,None,None,None,0,0
1019673=BadGuy1 House,CAMSC13,128,55,26,0,07CFF60C,0,0,1,0,0,None,None,None,0,0
1019674=Civie1 House,CAMSC11,256,61,87,0,None,0,0,1,0,0,None,None,None,0,0
1019675=Civie1 House,CAARMY04,256,71,92,0,043BD15C,0,0,1,0,0,None,None,None,0,0
1019676=Civie1 House,CAARMY01,256,69,96,0,043BD15C,0,0,1,0,0,None,None,None,0,0
1019677=Civie1 House,CAFARM01,256,22,56,0,0A3AFE5C,0,0,1,0,0,None,None,None,0,0
1019678=Civie1 House,CAFARM02,256,24,55,0,0A3AFE5C,0,0,1,0,0,None,None,None,0,0
1019679=BadGuy1 House,CAMSC12,256,65,43,0,0893EAEC,0,0,1,0,0,None,None,None,0,0
1019680=Other1 House,GAPILE,256,75,39,0,07C4F3D4,1,0,1,0,0,None,None,None,0,0

[OverlayPack]
1=CQAAIIH//v4f/4H/gAkAACCB//7+H/+B/4CGAAAggf/+KQb/g2BgYP79Af+DVFVU/v0B/4
2=JWVv//ASwIglVW/v0B/4JWVP/+ASwMg1paWs8YEIGs/uoB/4NlZWXPGBKDAAAAIAb+4wH/
3=g1tbW9AtEv7qAf+DU1ZT//0BLRTMKg6Bqf/wAToWglVT0SwW/+oBQBKDYmJi5QIcg7H/rv
4=6nA/+B/4CMAAAggf/5AACBq8svAINgYGD+/QH/g1ZUVP7yAf+BqnALg1VTVf79Af+CVlb/
5=8wFOAshACIJVU//+AU4Gg1ZVVv79Af+DU1ZT/v0B/4NaWlr+/QH/g2VlZf79Af//AARMEI
6=NbW1v+/QH/glRV//gBTgyBqDIAgVb/+AFOBIGww0cM//8BTQqCVFP/sgFOGIAqAAAggf/+
7=SwD/g2JiYv7WGf+BfxABEAf+9wH/IgAyBP71Af8B+RH9/9QBLByAggAAIIH/4QAAg39/fz
8=AE/vgB/0IBAAbNLwKBAv7mAf9B+//8AS4CEgLPLAL/5wFABNYmBv/rAUAG0hMK/+gBQAhE
9=AYR/f4iE//YBMwop/oWK/4iAgv/6ATMMEAGBg//3ATIKbf/MMgyBAv/tAUAQ0C8K//8BQh
10=L//wFBEv4ABv//wAFAFoAlAAAggf/8AACBAgAC/vwB/4ICAv//AUIA/v8B//8AEkAE/r8H
11=/4H/gAkAACCB//7+H/+B/4AJAAAggf/+/h//gf+ACQAAIIH//v4f/4H/gAkAACCB//7+H/
12=+B/4AJAAAggf/+/h//gf+ACQAAIIH//v4f/4H/gAkAACCB//7+H/+B/4AJAAAggf/+/h//
13=gf+ACQAAIIH//v4f/4H/gAkAACCB//7+H/+B/4AJAAAggf/+/h//gf+ACQAAIIH//v4f/4
14=H/gAkAACCB//7+H/+B/4AJAAAggf/+/h//gf+ACQAAIIH//v4f/4H/gAkAACCB//7+H/+B
15=/4AJAAAggf/+/h//gf+ACQAAIIH//v4f/4H/gAkAACCB//7+H/+B/4AJAAAggf/+/h//gf
16=+ACQAAIIH//v4f/4H/gAkAACCB//7+H/+B/4AJAAAggf/+/h//gf+ACQAAIIH//v4f/4H/
17=gAkAACCB//7+H/+B/4A=

[OverlayDataPack]
1=CQAAIIEA/v4fAIEAgAkAACCBAP7+HwCBAIA8AAAggQD+KgYAggEC/v4BAP8UCisGgwYKCA
2=AGgQIQBf7hAQDRKxKBBf7rAQD/FAQrFIED//8BQBL+wAMAgQCAEwAAIIEA/kwAAIIBAv7+
3=AQD/sx1NAIA6AAAggQD+TAAAggEC/tYZAIkEBwcHBgAABgT+9wEAggcKAAGEBwcIB/73AQ
4=CFBwoACAoABAQE/s8BAIEAgLkAACCBAOEAAIUGCAgACAAEgQf++AEAgQcR/YQGBgYEzhUC
5=zy4C/tUBAIMICggkCc4WBIEF/uYBAIQGCgoIAf2CBAfNLgT/5wFABIYACAsKBwMCCIEGAA
6=X/9AE0BgQB0hMK/+gBQAgD+ocGBAQABAYHy0AC/+kBQAocBgACggoKyzAG/+wBQAwJ/oIG
7=BswtAP/sAUAOP+2BAcsfDoIKDP79AQCBBf/uAT8Qzi4WgwMKCf79BwCBBv+/AUESgCgAAC
8=CBAPwAAIEFAAL+/AEAgwcKCf79AQD//gFCAP8CED4EgQH+vgkAgQCACQAAIIEA/v4fAIEA
9=gAkAACCBAP7+HwCBAIAJAAAggQD+/h8AgQCACQAAIIEA/v4fAIEAgAkAACCBAP7+HwCBAI
10=AJAAAggQD+/h8AgQCACQAAIIEA/v4fAIEAgAkAACCBAP7+HwCBAIAJAAAggQD+/h8AgQCA
11=CQAAIIEA/v4fAIEAgAkAACCBAP7+HwCBAIAJAAAggQD+/h8AgQCACQAAIIEA/v4fAIEAgA
12=kAACCBAP7+HwCBAIAJAAAggQD+/h8AgQCACQAAIIEA/v4fAIEAgAkAACCBAP7+HwCBAIAJ
13=AAAggQD+/h8AgQCACQAAIIEA/v4fAIEAgAkAACCBAP7+HwCBAIAJAAAggQD+/h8AgQCACQ
14=AAIIEA/v4fAIEAgAkAACCBAP7+HwCBAIAJAAAggQD+/h8AgQCACQAAIIEA/v4fAIEAgA==

[ScriptTypes]
0=0D7FA78C
1=0D52190C
2=07B0C37C
3=0C1B345C
4=08CDB21C
5=0AC7532C
6=0D6B1B7C
7=0D6B17DC
8=0B0258EC
9=0D12EDBC
10=0B0708EC
11=0860311C
12=0AD657AC
13=08EE703C
14=094CD06C

[0D7FA78C]
Name=Flash!
0=50,70

[0D52190C]
Name=Drop-off Engineer
0=3,1
1=8,1
2=39,0
3=39,2
4=20,15

[07B0C37C]
Name=Move Flash Give to Player
0=50,70
1=20,13

[0C1B345C]
Name=Blackhawk Change House
0=39,1
1=20,15

[08CDB21C]
Name=Stand up!
0=3,12

[0AC7532C]
Name=Do Nothing
0=11,13

[0D6B1B7C]
Name=Engineer to Player House
0=50,70
1=20,13

[0D6B17DC]
Name=Blackhawk Leaves
0=3,21
1=37,0

[0B0258EC]
Name=Change House
0=20,19
1=50,300

[0D12EDBC]
Name=Change Back
0=20,13

[0B0708EC]
Name=Move and Deploy
0=16,51
1=9,0
2=20,13

[0860311C]
Name=Stand Up!
0=9,0

[0AD657AC]
Name=Change House and Stand Up
0=20,19
1=18,362

[08EE703C]
Name=Change to Other3 House
0=20,20

[094CD06C]
Name=Undeploy and Flash
0=13,4
1=50,70

[TaskForces]
0=07610F1C
1=0751E2BC
2=0761DF1C
3=08F6A94C
4=0761DCEC
5=0986E054
6=0B0B2CBC
7=0A6D3E7C

[07610F1C]
Name=1 GI
0=1,E1
Group=-1

[0751E2BC]
Name=Blackhawk and Engineer
0=1,SHAD
1=1,ENGINEER
Group=-1

[0761DF1C]
Name=4 GI
0=4,E1
Group=-1

[08F6A94C]
Name=1 BlackHawk
0=1,SHAD
Group=-1

[0761DCEC]
Name=5 GI
0=5,E1
Group=-1

[0986E054]
Name=1 Engineer
0=1,ENGINEER
Group=-1

[0B0B2CBC]
Name=5 GIs
0=5,E1
Group=-1

[0A6D3E7C]
Name=1 Veteran GI
0=1,E1
Group=-2

[TeamTypes]
0=0D7FE2AC
1=0D521B7C
2=0B197B7C
3=0D7D821C
4=0AF76B7C
5=0AF766CC
6=0C1046CC
7=0D6E0A4C
8=0AF738EC
9=0AFD1C8C
10=089399CC
11=0B070B5C

[0D7FE2AC]
Name=1 GI
VeteranLevel=1
Loadable=no
Full=no
Annoyance=no
GuardSlower=no
House=Player
Recruiter=no
Autocreate=no
Prebuild=no
Reinforce=no
Droppod=no
UseTransportOrigin=no
Whiner=no
LooseRecruit=no
Aggressive=no
Suicide=no
Priority=7
Max=1
TechLevel=0
Group=-1
OnTransOnly=no
AvoidThreats=no
IonImmune=no
TransportsReturnOnUnload=no
AreTeamMembersRecruitable=no
IsBaseDefense=no
OnlyTargetHouseEnemy=no
Tag=07CABA4C
Waypoint=CU
Script=0D7FA78C
TaskForce=07610F1C

[0D521B7C]
Name=Engineer by Blackhawk
VeteranLevel=1
Loadable=no
Full=yes
Annoyance=no
GuardSlower=no
House=Other1
Recruiter=no
Autocreate=no
Prebuild=no
Reinforce=no
Droppod=no
UseTransportOrigin=no
Whiner=no
LooseRecruit=no
Aggressive=no
Suicide=yes
Priority=7
Max=1
TechLevel=0
Group=-1
OnTransOnly=no
AvoidThreats=no
IonImmune=no
TransportsReturnOnUnload=no
AreTeamMembersRecruitable=no
IsBaseDefense=no
OnlyTargetHouseEnemy=no
Script=0D52190C
TaskForce=0751E2BC

[0B197B7C]
Name=4 GIs
VeteranLevel=1
Loadable=no
Full=no
Annoyance=no
GuardSlower=no
House=Other2
Recruiter=no
Autocreate=no
Prebuild=no
Reinforce=no
Droppod=no
UseTransportOrigin=no
Whiner=no
LooseRecruit=no
Aggressive=no
Suicide=no
Priority=7
Max=1
TechLevel=0
Group=-2
OnTransOnly=no
AvoidThreats=no
IonImmune=no
TransportsReturnOnUnload=no
AreTeamMembersRecruitable=no
IsBaseDefense=no
OnlyTargetHouseEnemy=no
Tag=07CABA4C
Script=07B0C37C
TaskForce=0761DF1C

[0D7D821C]
Name=1 Blackhawk Team
VeteranLevel=1
Loadable=no
Full=no
Annoyance=no
GuardSlower=no
House=Other1
Recruiter=no
Autocreate=no
Prebuild=no
Reinforce=no
Droppod=no
UseTransportOrigin=no
Whiner=no
LooseRecruit=no
Aggressive=no
Suicide=yes
Priority=7
Max=1
TechLevel=0
Group=-1
OnTransOnly=no
AvoidThreats=no
IonImmune=no
TransportsReturnOnUnload=no
AreTeamMembersRecruitable=yes
IsBaseDefense=no
OnlyTargetHouseEnemy=no
Script=0C1B345C
TaskForce=08F6A94C

[0AF76B7C]
Name=Player 5GIs
VeteranLevel=1
Loadable=no
Full=no
Annoyance=no
GuardSlower=no
House=Player
Recruiter=no
Autocreate=no
Prebuild=no
Reinforce=no
Droppod=no
UseTransportOrigin=no
Whiner=no
LooseRecruit=no
Aggressive=no
Suicide=no
Priority=7
Max=2
TechLevel=0
Group=-1
OnTransOnly=no
AvoidThreats=no
IonImmune=no
TransportsReturnOnUnload=no
AreTeamMembersRecruitable=no
IsBaseDefense=no
OnlyTargetHouseEnemy=no
Tag=07CABA4C
Waypoint=G
Script=08CDB21C
TaskForce=0761DCEC

[0AF766CC]
Name=Special Engineer
VeteranLevel=1
Loadable=no
Full=no
Annoyance=no
GuardSlower=no
House=Player
Recruiter=no
Autocreate=no
Prebuild=no
Reinforce=no
Droppod=no
UseTransportOrigin=no
Whiner=no
LooseRecruit=no
Aggressive=no
Suicide=no
Priority=7
Max=1
TechLevel=0
Group=-1
OnTransOnly=no
AvoidThreats=no
IonImmune=no
TransportsReturnOnUnload=no
AreTeamMembersRecruitable=no
IsBaseDefense=no
OnlyTargetHouseEnemy=no
Tag=07CABA4C
Script=0AC7532C
TaskForce=0986E054

[0C1046CC]
Name=1 Engineer
VeteranLevel=1
Loadable=no
Full=no
Annoyance=no
GuardSlower=no
House=Other1
Recruiter=no
Autocreate=no
Prebuild=no
Reinforce=no
Droppod=no
UseTransportOrigin=no
Whiner=no
LooseRecruit=no
Aggressive=no
Suicide=no
Priority=7
Max=1
TechLevel=0
Group=-1
OnTransOnly=no
AvoidThreats=no
IonImmune=no
TransportsReturnOnUnload=no
AreTeamMembersRecruitable=no
IsBaseDefense=no
OnlyTargetHouseEnemy=no
Waypoint=B
Script=0D6B1B7C
TaskForce=0986E054

[0D6E0A4C]
Name=1 Blackhawk BadGuy2
VeteranLevel=1
Loadable=no
Full=no
Annoyance=no
GuardSlower=no
House=BadGuy2
Recruiter=no
Autocreate=no
Prebuild=no
Reinforce=no
Droppod=no
UseTransportOrigin=no
Whiner=no
LooseRecruit=no
Aggressive=no
Suicide=yes
Priority=7
Max=1
TechLevel=0
Group=-1
OnTransOnly=no
AvoidThreats=no
IonImmune=no
TransportsReturnOnUnload=no
AreTeamMembersRecruitable=yes
IsBaseDefense=no
OnlyTargetHouseEnemy=no
Waypoint=B
Script=0D6B17DC
TaskForce=08F6A94C

[0AF738EC]
Name=Players_Engineer
VeteranLevel=1
Loadable=no
Full=no
Annoyance=no
GuardSlower=no
House=Player
Recruiter=no
Autocreate=no
Prebuild=no
Reinforce=no
Droppod=no
UseTransportOrigin=no
Whiner=no
LooseRecruit=no
Aggressive=no
Suicide=no
Priority=7
Max=1
TechLevel=0
Group=-1
OnTransOnly=no
AvoidThreats=no
IonImmune=no
TransportsReturnOnUnload=no
AreTeamMembersRecruitable=no
IsBaseDefense=no
OnlyTargetHouseEnemy=no
Tag=07CABA4C
Waypoint=AO
Script=0AC7532C
TaskForce=0986E054

[0AFD1C8C]
Name=5 GIs
VeteranLevel=1
Loadable=no
Full=no
Annoyance=no
GuardSlower=no
House=Player
Recruiter=no
Autocreate=no
Prebuild=no
Reinforce=no
Droppod=no
UseTransportOrigin=no
Whiner=no
LooseRecruit=no
Aggressive=no
Suicide=no
Priority=7
Max=4
TechLevel=0
Group=-2
OnTransOnly=no
AvoidThreats=no
IonImmune=no
TransportsReturnOnUnload=no
AreTeamMembersRecruitable=no
IsBaseDefense=no
OnlyTargetHouseEnemy=no
Tag=07CABA4C
Script=0B0258EC
TaskForce=0B0B2CBC

[089399CC]
Name=5 GIs to Player
VeteranLevel=1
Loadable=no
Full=no
Annoyance=no
GuardSlower=no
House=Other2
Recruiter=no
Autocreate=no
Prebuild=no
Reinforce=no
Droppod=no
UseTransportOrigin=no
Whiner=no
LooseRecruit=no
Aggressive=no
Suicide=no
Priority=7
Max=5
TechLevel=0
Group=-2
OnTransOnly=no
AvoidThreats=no
IonImmune=no
TransportsReturnOnUnload=no
AreTeamMembersRecruitable=no
IsBaseDefense=no
OnlyTargetHouseEnemy=no
Script=0D12EDBC
TaskForce=0B0B2CBC

[0B070B5C]
Name=Veteran GI
VeteranLevel=2
Loadable=no
Full=no
Annoyance=no
GuardSlower=no
House=Player
Recruiter=no
Autocreate=no
Prebuild=no
Reinforce=no
Droppod=no
UseTransportOrigin=no
Whiner=no
LooseRecruit=no
Aggressive=no
Suicide=no
Priority=7
Max=1
TechLevel=0
Group=-2
OnTransOnly=no
AvoidThreats=no
IonImmune=no
TransportsReturnOnUnload=no
AreTeamMembersRecruitable=no
IsBaseDefense=no
OnlyTargetHouseEnemy=no
Tag=07CABA4C
Script=0B0708EC
TaskForce=0A6D3E7C

[AITriggerTypesEnable]
0CAD0DCC-G=yes
0CAD0C7C-G=yes
0CAD0B2C-G=yes
0CA6621C-G=yes
0CDF8EDC-G=yes
0CDF8D8C-G=yes
0C0C7AEC-G=yes
0D62199C-G=yes
0CDF899C-G=yes
0D6216FC-G=yes
0D6215AC-G=yes
0D62145C-G=yes
0D0803CC-G=yes
0C32599C-G=yes
0CE23AAC-G=yes
0CA1F84C-G=yes
0CE26CAC-G=yes
0CE26B5C-G=yes
0CAD145C-G=yes
0CAD130C-G=yes
0CE2395C-G=yes
0D084B5C-G=yes
0D084A0C-G=yes
0D0848BC-G=yes
0CAD2AEC-G=yes
0D08461C-G=yes
0D0873DC-G=yes
0C8E2C3C-G=yes
0CAD25AC-G=yes
0D087D8C-G=yes
0C8B81BC-G=yes
0CADDEDC-G=yes
0C92C45C-G=yes
0C9565AC-G=yes
0C92C1BC-G=yes
0CADD99C-G=yes
0C9561BC-G=yes
0CE2EA2C-G=yes
0CE2E8DC-G=yes
0C955C3C-G=yes
0C955AEC-G=yes
0C8C71BC-G=yes
0C8C6EDC-G=yes
0D052AEC-G=yes
0CE44D0C-G=yes
0CA5945C-G=yes
0CAD2C3C-G=yes
0D535EDC-G=yes
0AA846FC-G=yes
0AA845AC-G=yes
0C8C645C-G=yes
0AD2BAEC-G=yes
0C96F5AC-G=yes
0C96F45C-G=yes
0CB2CEDC-G=yes
0C91D45C-G=yes
0CAD5AEC-G=yes
0D2C45DC-G=yes
0D2C448C-G=yes
0C8C56FC-G=yes
0D2C41EC-G=yes
0CA6AEDC-G=yes
0C0D251C-G=yes
0C8C51BC-G=yes
0CA24D8C-G=yes
0C8BC5AC-G=yes
0C8C4C3C-G=yes
0D53430C-G=yes
0ECCFCAC-G=yes
0ECCFA7C-G=yes
0C8EEEDC-G=yes
0C0D184C-G=yes
0ECCF68C-G=yes
0C8C430C-G=yes
0C87B99C-G=yes
0ECCF29C-G=yes
0ECCF14C-G=yes
0C8EEAEC-G=yes
0C87B45C-G=yes
0ECCBC3C-G=yes
0C8EE1BC-G=yes
0ECCB7FC-G=yes
0C32D84C-G=yes
0ECCB55C-G=yes
0ECCB40C-G=yes
0ECCB2BC-G=yes
0CA2D99C-G=yes
0CB29EDC-G=yes
0C8C2C3C-G=yes
0C8C2AEC-G=yes
0A31295C-G=yes
0C87E5AC-G=yes
0D022C6C-G=yes
0D022B1C-G=yes
0C1246FC-G=yes
0C1245AC-G=yes
0D0B3B9C-G=yes
0CA2A04C-G=yes
0CA2B06C-G=yes
0CA2FEDC-G=yes
0D53130C-G=yes
0D2769BC-G=yes
0A452E5C-G=yes
0A452C6C-G=yes
0A44F2CC-G=yes
0A44F17C-G=yes
0D53099C-G=yes

[Triggers]
07AD555C=Americans,<none>,Smoke From Tank,1,1,1,1,0
07CFFD8C=Americans,<none>,Tank Dead No Smoke,0,1,1,1,0
07B72F3C=Americans,<none>,Drill Sarge 9,1,1,1,1,0
07AE7BAC=Americans,<none>,Objective 6b Reminder,1,1,1,1,0
07B729DC=Americans,<none>,Mission Complete,1,1,1,1,0
0922E85C=Americans,<none>,Objective 6a Reminder,1,1,1,1,0
07517CFC=Americans,<none>,Extend Local Map Size,1,1,1,1,0
0751023C=Americans,<none>,Broken Bridge Sighted,0,1,1,1,0
08FD02AC=Other1,<none>,Engineer en-route,1,1,1,1,0
07B79E4C=Americans,<none>,Drill Sarge 4,1,1,1,1,0
07BADA9C=Americans,<none>,Text_Objective 3,1,1,1,1,0
0922D40C=Americans,<none>,Objective 2 Reminder,1,1,1,1,0
0922D15C=Americans,<none>,Objective 3 Reminder,1,1,1,1,0
09CA94AC=Americans,<none>,Drill Sarge 3 Text,1,1,1,1,0
0B45896C=Americans,<none>,Point to Bridge,1,1,1,1,0
0B4585CC=Americans,<none>,Point to Bridge Stop,1,1,1,1,0
075109EC=Americans,<none>,075109EC,0,1,1,1,0
0751768C=Americans,<none>,Drill Sarge 1,0,1,1,1,0
07516AFC=Americans,<none>,Create 1GI Team,1,1,1,1,0
0922D5DC=Americans,<none>,Objective 1 Reminder,1,1,1,1,0
09C9503C=Americans,<none>,Reveal Base Gate,1,1,1,1,0
08FABE0C=Americans,<none>,Drill Sarge 2,1,1,1,1,0
086E1C1C=Americans,<none>,Arrow Out of Base,1,1,1,1,0
0A71229C=Americans,<none>,Quick Create 1 GI Team,0,1,1,1,0
0847214C=Americans,<none>,Point at GI,1,1,1,1,0
0848304C=Americans,<none>,Point at GI Stop,1,1,1,1,0
0B45D33C=Americans,<none>,Point Out of Base,1,1,1,1,0
0847B03C=Americans,<none>,Point Out of Base Stop,1,1,1,1,0
043B011C=Other2,<none>,Drill Sarge 3,0,1,1,1,0
08DE3C4C=Other1,<none>,Both Targets Destroyed,0,1,1,1,0
07B7941C=Americans,<none>,Drill Sarge 7,1,1,1,1,0
0922EBFC=Americans,<none>,Objective 4 Reminder,1,1,1,1,0
0922EA2C=Americans,<none>,Objective 5 Reminder,1,1,1,1,0
090C6E1C=Americans,<none>,Drill Sarge 7 Text,1,1,1,1,0
0AB5C41C=Americans,<none>,Drill Sarge 6 Text,1,1,1,1,0
0B3F91BC=Americans,<none>,Point to Tank,1,1,1,1,0
0B3FCF3C=Americans,<none>,Point to Tank Stop,1,1,1,1,0
07B7879C=Player,<none>,Near Target Destroyed,0,1,1,1,0
07B7986C=Americans,<none>,Drill Sarge 6,1,1,1,1,0
0956E23C=Americans,<none>,Drill Sarge 5 Text,1,1,1,1,0
07CAA20C=Player,<none>,Friendly Fire,0,1,1,1,0
08F4EC1C=Other1,<none>,Helicopter Attacked,0,1,1,1,0
08FA96EC=Americans,<none>,Drill Sarge 5,1,1,1,1,0
08FA93FC=Americans,<none>,Target Range Sighted,0,1,1,1,0
086E174C=Americans,<none>,Cross Bridge Reminder,1,1,1,1,0
0B45F65C=Americans,<none>,Point to Range,1,1,1,1,0
0B45F36C=Americans,<none>,Point to Range Stop,1,1,1,1,0
07B499AC=Americans,<none>,Tank Sighted,0,1,1,1,0
07B4951C=Americans,<none>,Drill Sarge 8,1,1,1,1,0
07536F3C=Americans,<none>,Bridge Sighted,0,1,1,1,0
0922739C=Americans,<none>,Engineer Enters Hut,0,1,1,1,0
0B45FC0C=Americans,<none>,Point Across Bridge,1,1,1,1,0
0B45F91C=Americans,<none>,Point Across Bridge Stop,1,1,1,1,0
094B9F34=Americans,<none>,Copter,0,1,1,1,0
094BCE04=Americans,<none>,Farm_Cow,0,1,1,1,0
0AF1F7EC=Americans,<none>,Cow Prize,1,1,1,1,0
0972AA24=Americans,<none>,Con Destroyed,0,1,1,1,0
08DADE24=Americans,<none>,Cow,0,1,1,1,0
0A3AFF3C=Americans,<none>,Bought the Farm,1,1,1,1,0
07C4FB34=Americans,<none>,Friendly Destroyed,0,1,1,1,0
07C57F34=Americans,094BCE04,Farm_Other,0,1,1,1,0
07C412F4=Americans,<none>,Engineer Landed,0,1,1,1,0
0B45830C=Americans,<none>,Point at Bridge Hut,1,1,1,1,0
0B45FE5C=Americans,<none>,Point at Bridge Hut Stop,1,1,1,1,0
07B582D4=BadGuy2,<none>,Helicopter Leaves,0,1,1,1,0
0AF1E1AC=Americans,<none>,Ambient River 1,0,1,1,1,0
0AF0A10C=Americans,<none>,Ambient River 2,0,1,1,1,0
07FEADBC=Americans,<none>,Ambient Wind,0,1,1,1,0
0C0CB4BC=Americans,<none>,Cow Country,0,1,1,1,0
0B08DA1C=Americans,<none>,Heli Preps to Leave,0,1,1,1,0
0C4ABEBC=Americans,<none>,Heli Ready to Leave,1,1,1,1,0
0893EE4C=Americans,<none>,Far Target Destroyed,0,1,1,1,0

[Events]
07AD555C=1,13,0,0
07CFFD8C=1,48,0,0
07B72F3C=1,13,0,0
07AE7BAC=1,13,0,100
07B729DC=1,13,0,45
0922E85C=1,13,0,100
07517CFC=1,13,0,0
0751023C=1,1,0,-1
08FD02AC=1,13,0,5
07B79E4C=1,13,0,0
07BADA9C=1,13,0,25
0922D40C=1,13,0,100
0922D15C=1,13,0,100
09CA94AC=1,13,0,38
0B45896C=1,13,0,2
0B4585CC=1,13,0,7
075109EC=0
0751768C=1,47,0,3
07516AFC=1,13,0,28
0922D5DC=1,13,0,220
09C9503C=1,13,0,35
08FABE0C=1,13,0,85
086E1C1C=1,13,0,15
0A71229C=1,33,0,0
0847214C=1,13,0,2
0848304C=1,13,0,7
0B45D33C=1,13,0,2
0847B03C=1,13,0,7
043B011C=1,4,0,0
08DE3C4C=2,36,0,5,36,0,4
07B7941C=1,13,0,0
0922EBFC=1,13,0,100
0922EA2C=1,13,0,100
090C6E1C=1,13,0,40
0AB5C41C=1,13,0,10
0B3F91BC=1,13,0,2
0B3FCF3C=1,13,0,7
07B7879C=1,7,0,0
07B7986C=1,13,0,0
0956E23C=1,13,0,20
07CAA20C=1,7,0,1
08F4EC1C=1,44,0,13
08FA96EC=1,13,0,0
08FA93FC=1,1,0,13
086E174C=1,13,0,60
0B45F65C=1,13,0,2
0B45F36C=1,13,0,7
07B499AC=1,1,0,13
07B4951C=1,13,0,0
07536F3C=1,1,0,13
0922739C=1,1,0,-1
0B45FC0C=1,13,0,2
0B45F91C=1,13,0,7
094B9F34=1,4,0,0
094BCE04=1,1,0,16
0AF1F7EC=1,13,0,2
0972AA24=1,48,0,0
08DADE24=1,4,0,0
0A3AFF3C=1,13,0,1
07C4FB34=1,48,0,0
07C57F34=1,1,0,13
07C412F4=1,36,0,0
0B45830C=1,13,0,2
0B45FE5C=1,13,0,7
07B582D4=1,36,0,1
0AF1E1AC=1,47,0,0
0AF0A10C=1,47,0,0
07FEADBC=1,47,0,0
0C0CB4BC=1,1,0,13
0B08DA1C=1,36,0,2
0C4ABEBC=1,13,0,1
0893EE4C=1,48,0,4

[Actions]
07AD555C=1,88,0,2,0,0,0,0,A
07CFFD8C=3,89,0,0,0,0,0,0,A,53,2,07B72F3C,0,0,0,0,A,54,2,07AE7BAC,0,0,0,0,A
07B72F3C=4,11,4,MISSION:TRN01j,0,0,0,0,A,53,2,07B729DC,0,0,0,0,A,11,4,MISSION:TRN01k,0,0,0,0,A,21,6,Mis_T1_DrillSearg09,0,0,0,0,A
07AE7BAC=3,11,4,MISSION:TRN01i,0,0,0,0,A,55,0,1,0,0,0,0,A,41,0,479,0,0,0,0,I
07B729DC=1,1,0,13,0,0,0,0,A
0922E85C=3,11,4,MISSION:TRN01h,0,0,0,0,A,55,0,0,0,0,0,0,A,41,0,476,0,0,0,0,L
07517CFC=1,40,0,0,3,4,50,59,A
0751023C=7,17,0,2,0,0,0,0,C,17,0,3,0,0,0,0,D,17,0,4,0,0,0,0,E,19,7,HealCrate,0,0,0,0,A,53,2,08FD02AC,0,0,0,0,A,53,2,07B79E4C,0,0,0,0,A,53,2,07BADA9C,0,0,0,0,A
08FD02AC=1,80,1,0D521B7C,0,0,0,0,F
07B79E4C=5,11,4,MISSION:Objective2,0,0,0,0,A,54,2,0922D40C,0,0,0,0,A,53,2,0922D15C,0,0,0,0,A,21,6,Mis_T1_DrillSearg04,0,0,0,0,A,54,2,09CA94AC,0,0,0,0,A
07BADA9C=1,11,4,MISSION:TRN01c,0,0,0,0,A
0922D40C=3,11,4,MISSION:TRN01b,0,0,0,0,A,55,0,1,0,0,0,0,D,41,0,472,0,0,0,0,AU
0922D15C=1,11,4,MISSION:TRN01c,0,0,0,0,A
09CA94AC=4,11,4,MISSION:TRN01b,0,0,0,0,A,55,0,1,0,0,0,0,D,53,2,0B45896C,0,0,0,0,A,53,2,0B4585CC,0,0,0,0,A
0B45896C=1,41,0,472,0,0,0,0,AU
0B4585CC=1,12,2,0B45896C,0,0,0,0,A
075109EC=0
0751768C=6,53,2,07516AFC,0,0,0,0,A,88,0,2,0,0,0,0,A,53,2,0922D5DC,0,0,0,0,A,21,6,Mis_T1_DrillSearg01,0,0,0,0,A,53,2,09C9503C,0,0,0,0,A,53,2,08FABE0C,0,0,0,0,A
07516AFC=5,4,1,0D7FE2AC,0,0,0,0,A,53,2,086E1C1C,0,0,0,0,A,12,2,0A71229C,0,0,0,0,A,53,2,0847214C,0,0,0,0,A,53,2,0848304C,0,0,0,0,A
0922D5DC=3,11,4,MISSION:TRN01a,0,0,0,0,A,55,0,1,0,0,0,0,G,41,0,474,0,0,0,0,W
09C9503C=3,17,0,22,0,0,0,0,W,11,4,MISSION:TRN01a,0,0,0,0,A,55,0,1,0,0,0,0,G
08FABE0C=4,55,0,1,0,0,0,0,G,21,6,Mis_T1_DrillSearg02,0,0,0,0,A,11,4,MISSION:TRN01a,0,0,0,0,A,41,0,474,0,0,0,0,W
086E1C1C=2,53,2,0B45D33C,0,0,0,0,W,53,2,0847B03C,0,0,0,0,A
0A71229C=5,4,1,0D7FE2AC,0,0,0,0,A,53,2,086E1C1C,0,0,0,0,A,12,2,07516AFC,0,0,0,0,A,53,2,0847214C,0,0,0,0,A,53,2,0848304C,0,0,0,0,A
0847214C=1,41,0,479,0,0,0,0,AV
0848304C=1,12,2,0847214C,0,0,0,0,A
0B45D33C=1,41,0,474,0,0,0,0,W
0847B03C=1,12,2,0B45D33C,0,0,0,0,A
043B011C=10,11,4,MISSION:Objective1,0,0,0,0,A,4,1,0B197B7C,0,0,0,0,A,17,0,6,0,0,0,0,G,19,7,HealCrate,0,0,0,0,A,37,0,13,0,0,0,0,A,54,2,0922D5DC,0,0,0,0,A,53,2,0922D40C,0,0,0,0,A,21,6,Mis_T1_DrillSearg03,0,0,0,0,A,54,2,08FABE0C,0,0,0,0,A,53,2,09CA94AC,0,0,0,0,A
08DE3C4C=7,53,2,07517CFC,0,0,0,0,A,19,7,HealCrate,0,0,0,0,A,53,2,07B7941C,0,0,0,0,A,17,0,9,0,0,0,0,J,17,0,10,0,0,0,0,K,17,0,11,0,0,0,0,L,41,0,476,0,0,0,0,L
07B7941C=8,11,4,MISSION:TRN01e,0,0,0,0,A,54,2,0922EBFC,0,0,0,0,A,54,2,0922EA2C,0,0,0,0,A,53,2,0922E85C,0,0,0,0,A,21,6,Mis_T1_DrillSearg07,0,0,0,0,A,53,2,090C6E1C,0,0,0,0,A,54,2,0AB5C41C,0,0,0,0,A,80,1,0B070B5C,0,0,0,0,AY
0922EBFC=3,11,4,MISSION:TRN01d,0,0,0,0,A,55,0,1,0,0,0,0,Q,41,0,476,0,0,0,0,E
0922EA2C=1,11,4,MISSION:TRN01f,0,0,0,0,A
090C6E1C=4,11,4,MISSION:TRN01h,0,0,0,0,A,55,0,1,0,0,0,0,A,53,2,0B3F91BC,0,0,0,0,L,53,2,0B3FCF3C,0,0,0,0,A
0AB5C41C=1,11,4,MISSION:TRN01f,0,0,0,0,A
0B3F91BC=1,41,0,476,0,0,0,0,J
0B3FCF3C=1,12,2,0B3F91BC,0,0,0,0,A
07B7879C=1,56,0,4,0,0,0,0,A
07B7986C=6,11,4,MISSION:TRN01e,0,0,0,0,A,54,2,0922EBFC,0,0,0,0,A,53,2,0922EA2C,0,0,0,0,A,21,6,Mis_T1_DrillSearg06,0,0,0,0,A,53,2,0AB5C41C,0,0,0,0,A,54,2,0956E23C,0,0,0,0,A
0956E23C=1,11,4,MISSION:TRN01d,0,0,0,0,A
07CAA20C=1,2,0,13,0,0,0,0,A
08F4EC1C=1,4,1,0D7D821C,0,0,0,0,A
08FA96EC=3,53,2,0922EBFC,0,0,0,0,A,21,6,Mis_T1_DrillSearg05,0,0,0,0,A,53,2,0956E23C,0,0,0,0,A
08FA93FC=7,53,2,08FA96EC,0,0,0,0,A,17,0,7,0,0,0,0,H,19,7,HealCrate,0,0,0,0,A,17,0,16,0,0,0,0,Q,54,2,086E174C,0,0,0,0,A,53,2,0B45F65C,0,0,0,0,AW,53,2,0B45F36C,0,0,0,0,A
086E174C=2,11,4,MISSION:TRN01cc,0,0,0,0,A,41,0,472,0,0,0,0,D
0B45F65C=1,41,0,476,0,0,0,0,AW
0B45F36C=1,12,2,0B45F65C,0,0,0,0,A
07B499AC=6,53,2,07B4951C,0,0,0,0,A,17,0,8,0,0,0,0,I,19,7,HealCrate,0,0,0,0,A,53,2,07AD555C,0,0,0,0,A,53,2,07AE7BAC,0,0,0,0,A,54,2,0922E85C,0,0,0,0,A
07B4951C=3,11,4,MISSION:TRN01i,0,0,0,0,A,21,6,Mis_T1_DrillSearg08,0,0,0,0,A,54,2,090C6E1C,0,0,0,0,A
07536F3C=4,17,0,13,0,0,0,0,N,17,0,14,0,0,0,0,O,17,0,15,0,0,0,0,P,19,7,HealCrate,0,0,0,0,A
0922739C=6,11,4,MISSION:Objective3,0,0,0,0,A,54,2,0922D15C,0,0,0,0,A,11,4,MISSION:TRN01cc,0,0,0,0,A,53,2,086E174C,0,0,0,0,A,53,2,0B45FC0C,0,0,0,0,D,53,2,0B45F91C,0,0,0,0,A
0B45FC0C=1,41,0,472,0,0,0,0,D
0B45F91C=1,12,2,0B45FC0C,0,0,0,0,A
094B9F34=4,14,0,13,0,0,0,0,A,19,7,HealCrate,0,0,0,0,A,17,0,17,0,0,0,0,R,19,7,BlackOpsSelect,0,0,0,0,A
094BCE04=3,19,7,CowDie,0,0,0,0,A,11,4,MISSION:All05j,0,0,0,0,A,53,2,0AF1F7EC,0,0,0,0,A
0AF1F7EC=3,19,7,HealCrate,0,0,0,0,A,108,0,8,0,0,0,0,S,21,6,Mis_T2_DrillSearg18,0,0,0,0,A
0972AA24=1,80,1,0AF766CC,0,0,0,0,T
08DADE24=5,14,0,16,0,0,0,0,A,19,7,CowSelect,0,0,0,0,A,17,0,20,0,0,0,0,U,17,0,49,0,0,0,0,AX,53,2,0A3AFF3C,0,0,0,0,A
0A3AFF3C=1,32,0,0,0,0,0,0,A
07C4FB34=1,2,0,13,0,0,0,0,A
07C57F34=1,19,7,CowFear,0,0,0,0,A
07C412F4=3,4,1,0C1046CC,0,0,0,0,A,53,2,0B45830C,0,0,0,0,AT,53,2,0B45FE5C,0,0,0,0,A
0B45830C=1,41,0,479,0,0,0,0,AT
0B45FE5C=1,12,2,0B45830C,0,0,0,0,A
07B582D4=1,4,1,0D6E0A4C,0,0,0,0,A
0AF1E1AC=10,99,7,_Amb_River,0,0,0,0,X,99,7,_Amb_River,0,0,0,0,Y,99,7,_Amb_River,0,0,0,0,Z,99,7,_Amb_River,0,0,0,0,AA,99,7,_Amb_River,0,0,0,0,D,99,7,_Amb_River,0,0,0,0,AB,99,7,_Amb_River,0,0,0,0,AC,99,7,_Amb_River,0,0,0,0,AD,99,7,_Amb_River,0,0,0,0,O,17,0,44,0,0,0,0,AS
0AF0A10C=8,99,7,_Amb_River,0,0,0,0,AE,99,7,_Amb_River,0,0,0,0,AF,99,7,_Amb_River,0,0,0,0,AG,99,7,_Amb_River,0,0,0,0,AH,99,7,_Amb_River,0,0,0,0,AI,99,7,_Amb_River,0,0,0,0,AK,99,7,_Amb_River,0,0,0,0,AL,99,7,_Amb_River,0,0,0,0,AJ
07FEADBC=10,99,7,_Amb_WindPlains,0,0,0,0,AM,99,7,_Amb_WindPlains,0,0,0,0,M,99,7,_Amb_WindPlains,0,0,0,0,AN,99,7,_Amb_WindPlains,0,0,0,0,AO,99,7,_Amb_WindPlains,0,0,0,0,I,99,7,_Amb_WindPlains,0,0,0,0,AP,99,7,_Amb_WindPlains,0,0,0,0,AQ,99,7,_Amb_WindPlains,0,0,0,0,AR,99,7,_Amb_WindPlains,0,0,0,0,V,99,7,_Amb_WindPlains,0,0,0,0,U
0C0CB4BC=2,11,4,MISSION:Sov11e,0,0,0,0,A,19,7,CowDie,0,0,0,0,A
0B08DA1C=1,53,2,0C4ABEBC,0,0,0,0,A
0C4ABEBC=1,56,0,1,0,0,0,0,A
0893EE4C=1,56,0,5,0,0,0,0,A

[Tags]
07CABA4C=0,Friendly Fire,07CAA20C
07C4F3D4=0,Friendly Destroyed,07C4FB34
08F4E85C=0,Helicopter Attacked,08F4EC1C
07AC2BFC=0,Smoke From Tank,07AD555C
07CFF60C=0,Tank Dead No Smoke,07CFFD8C
0751773C=0,Extend Local Map Size,07517CFC
075100AC=0,Broken Bridge Sighted,0751023C
08FD2E9C=0,Engineer en-route,08FD02AC
0751748C=0,Drill Sarge 1,0751768C
07516A1C=0,Create 1GI Team,07516AFC
043BD15C=0,Drill Sarge 3,043B011C
08DE336C=0,Both Targets Destroyed,08DE3C4C
08FAB6DC=0,Drill Sarge 2,08FABE0C
08FA94EC=0,Drill Sarge 5,08FA96EC
08FA91FC=0,Target Range Sighted,08FA93FC
07B784AC=0,Near Target Destroyed,07B7879C
07B79A0C=0,Drill Sarge 4,07B79E4C
07B7966C=0,Drill Sarge 6,07B7986C
07B7921C=0,Drill Sarge 7,07B7941C
07B4960C=0,Tank Sighted,07B499AC
07B4931C=0,Drill Sarge 8,07B4951C
07B72ACC=0,Drill Sarge 9,07B72F3C
07B7272C=0,Mission Complete,07B729DC
0753052C=0,Bridge Sighted,07536F3C
07BAD5BC=0,Text_Objective 3,07BADA9C
09223EAC=0,Engineer Enters Hut,0922739C
0922D4FC=2,Objective 1 Reminder,0922D5DC
0922D24C=2,Objective 2 Reminder,0922D40C
0922EDCC=2,Objective 3 Reminder,0922D15C
0922EB1C=2,Objective 4 Reminder,0922EBFC
0922E94C=2,Objective 5 Reminder,0922EA2C
0922E77C=2,Objective 6a Reminder,0922E85C
07AE78FC=2,Objective 6b Reminder,07AE7BAC
094BA404=0,Copter,094B9F34
094BCB94=0,Farm,07C57F34
0972A634=0,Con Destroyed,0972AA24
08DAD3F4=0,Cow,08DADE24
07C4A934=0,Engineer Landed,07C412F4
07B97B64=0,Helicopter Leaves,07B582D4
09C9704C=0,Reveal Base Gate,09C9503C
09CA93CC=0,Drill Sarge 3 Text,09CA94AC
090C6A1C=0,Drill Sarge 7 Text,090C6E1C
0AB5894C=0,Drill Sarge 6 Text,0AB5C41C
0956E15C=0,Drill Sarge 5 Text,0956E23C
0AF1F39C=0,Cow Prize,0AF1F7EC
0AF1E0CC=0,Ambient River 1,0AF1E1AC
0AF091CC=0,Ambient River 2,0AF0A10C
07FEA2AC=0,Ambient Wind,07FEADBC
086E1A1C=0,Arrow Out of Base,086E1C1C
086E154C=2,Cross Bridge Reminder,086E174C
0A71735C=0,Quick Create 1 GI Team,0A71229C
0847F04C=2,Point at GI,0847214C
0B458D2C=2,Point Out of Base,0B45D33C
0B45876C=2,Point to Bridge,0B45896C
0B45FF4C=2,Point at Bridge Hut,0B45830C
0B45FA0C=2,Point Across Bridge,0B45FC0C
0B45F45C=2,Point to Range,0B45F65C
0B3FB17C=2,Point to Tank,0B3F91BC
084D633C=0,Point Out of Base Stop,0847B03C
084D625C=0,Point at GI Stop,0848304C
084D617C=0,Point to Bridge Stop,0B4585CC
084D609C=0,Point to Tank Stop,0B3FCF3C
084D7F4C=0,Point Across Bridge Stp,0B45F91C
084D7E6C=0,Point at Bridge Hut Stp,0B45FE5C
084D7D8C=0,Point to Range Stop,0B45F36C
0C0CB0DC=0,Cow Country,0C0CB4BC
0A3AFE5C=0,Bought the Farm,0A3AFF3C
0B08ED8C=0,Heli Preps to Leave,0B08DA1C
0C4ABA6C=0,Heli Ready to Leave,0C4ABEBC
0893EAEC=0,Far Target Destroyed,0893EE4C

[Digest]
1=uSFu48PVXGa0gRTRT5lDJ5rB95I=
